[1.240s] Invoking command in '/home/kraken/kraken-nano/ROS/ws/src/kraken': PYTHONPATH=/home/kraken/kraken-nano/build/kraken/prefix_override:/usr/lib/python3/dist-packages/colcon_core/task/python/colcon_distutils_commands:/home/kraken/kraken-nano/install/kraken/lib/python3.10/site-packages:${PYTHONPATH} /usr/bin/python3 -W ignore:setup.py install is deprecated -W ignore:easy_install command is deprecated setup.py egg_info --egg-base ../../../../build/kraken build --build-base /home/kraken/kraken-nano/build/kraken/build install --record /home/kraken/kraken-nano/build/kraken/install.log --single-version-externally-managed install_data
[1.714s] running egg_info
[1.717s] writing ../../../../build/kraken/kraken.egg-info/PKG-INFO
[1.718s] writing dependency_links to ../../../../build/kraken/kraken.egg-info/dependency_links.txt
[1.718s] writing entry points to ../../../../build/kraken/kraken.egg-info/entry_points.txt
[1.718s] writing requirements to ../../../../build/kraken/kraken.egg-info/requires.txt
[1.719s] writing top-level names to ../../../../build/kraken/kraken.egg-info/top_level.txt
[1.723s] reading manifest file '../../../../build/kraken/kraken.egg-info/SOURCES.txt'
[1.723s] adding license file 'LICENSE'
[1.724s] writing manifest file '../../../../build/kraken/kraken.egg-info/SOURCES.txt'
[1.725s] running build
[1.725s] running build_py
[1.725s] copying kraken/planner.py -> /home/kraken/kraken-nano/build/kraken/build/lib/kraken
[1.726s] copying kraken/controller.py -> /home/kraken/kraken-nano/build/kraken/build/lib/kraken
[1.727s] running install
[1.727s] running install_lib
[1.729s] copying /home/kraken/kraken-nano/build/kraken/build/lib/kraken/planner.py -> /home/kraken/kraken-nano/install/kraken/lib/python3.10/site-packages/kraken
[1.729s] copying /home/kraken/kraken-nano/build/kraken/build/lib/kraken/controller.py -> /home/kraken/kraken-nano/install/kraken/lib/python3.10/site-packages/kraken
[1.730s] byte-compiling /home/kraken/kraken-nano/install/kraken/lib/python3.10/site-packages/kraken/planner.py to planner.cpython-310.pyc
[1.734s] byte-compiling /home/kraken/kraken-nano/install/kraken/lib/python3.10/site-packages/kraken/controller.py to controller.cpython-310.pyc
[1.736s] running install_data
[1.737s] running install_egg_info
[1.740s] removing '/home/kraken/kraken-nano/install/kraken/lib/python3.10/site-packages/kraken-0.0.0-py3.10.egg-info' (and everything under it)
[1.741s] Copying ../../../../build/kraken/kraken.egg-info to /home/kraken/kraken-nano/install/kraken/lib/python3.10/site-packages/kraken-0.0.0-py3.10.egg-info
[1.743s] running install_scripts
[1.780s] Installing computer_vision script to /home/kraken/kraken-nano/install/kraken/lib/kraken
[1.780s] Installing controller script to /home/kraken/kraken-nano/install/kraken/lib/kraken
[1.781s] Installing controller_test script to /home/kraken/kraken-nano/install/kraken/lib/kraken
[1.781s] Installing fsm_node script to /home/kraken/kraken-nano/install/kraken/lib/kraken
[1.781s] Installing planner script to /home/kraken/kraken-nano/install/kraken/lib/kraken
[1.782s] Installing planner_test script to /home/kraken/kraken-nano/install/kraken/lib/kraken
[1.782s] Installing spinMotor script to /home/kraken/kraken-nano/install/kraken/lib/kraken
[1.782s] Installing state_estimator script to /home/kraken/kraken-nano/install/kraken/lib/kraken
[1.783s] writing list of installed files to '/home/kraken/kraken-nano/build/kraken/install.log'
[1.851s] Invoked command in '/home/kraken/kraken-nano/ROS/ws/src/kraken' returned '0': PYTHONPATH=/home/kraken/kraken-nano/build/kraken/prefix_override:/usr/lib/python3/dist-packages/colcon_core/task/python/colcon_distutils_commands:/home/kraken/kraken-nano/install/kraken/lib/python3.10/site-packages:${PYTHONPATH} /usr/bin/python3 -W ignore:setup.py install is deprecated -W ignore:easy_install command is deprecated setup.py egg_info --egg-base ../../../../build/kraken build --build-base /home/kraken/kraken-nano/build/kraken/build install --record /home/kraken/kraken-nano/build/kraken/install.log --single-version-externally-managed install_data
