[1.210s] Invoking command in '/home/kraken/kraken-nano/ROS/ws/src/kraken': LD_LIBRARY_PATH=/home/kraken/kraken-nano/install/custom/lib:/opt/ros/humble/opt/rviz_ogre_vendor/lib:/opt/ros/humble/lib/aarch64-linux-gnu:/opt/ros/humble/lib PYTHONPATH=/home/kraken/kraken-nano/build/kraken/prefix_override:/usr/lib/python3/dist-packages/colcon_core/task/python/colcon_distutils_commands:/home/kraken/kraken-nano/install/kraken/lib/python3.10/site-packages:${PYTHONPATH} /usr/bin/python3 -W ignore:setup.py install is deprecated -W ignore:easy_install command is deprecated setup.py egg_info --egg-base ../../../../build/kraken build --build-base /home/kraken/kraken-nano/build/kraken/build install --record /home/kraken/kraken-nano/build/kraken/install.log --single-version-externally-managed install_data
[1.666s] running egg_info
[1.670s] writing ../../../../build/kraken/kraken.egg-info/PKG-INFO
[1.670s] writing dependency_links to ../../../../build/kraken/kraken.egg-info/dependency_links.txt
[1.670s] writing entry points to ../../../../build/kraken/kraken.egg-info/entry_points.txt
[1.671s] writing requirements to ../../../../build/kraken/kraken.egg-info/requires.txt
[1.671s] writing top-level names to ../../../../build/kraken/kraken.egg-info/top_level.txt
[1.675s] reading manifest file '../../../../build/kraken/kraken.egg-info/SOURCES.txt'
[1.675s] adding license file 'LICENSE'
[1.676s] writing manifest file '../../../../build/kraken/kraken.egg-info/SOURCES.txt'
[1.676s] running build
[1.677s] running build_py
[1.678s] running install
[1.678s] running install_lib
[1.681s] running install_data
[1.681s] running install_egg_info
[1.684s] removing '/home/kraken/kraken-nano/install/kraken/lib/python3.10/site-packages/kraken-0.0.0-py3.10.egg-info' (and everything under it)
[1.685s] Copying ../../../../build/kraken/kraken.egg-info to /home/kraken/kraken-nano/install/kraken/lib/python3.10/site-packages/kraken-0.0.0-py3.10.egg-info
[1.687s] running install_scripts
[1.722s] Installing computer_vision script to /home/kraken/kraken-nano/install/kraken/lib/kraken
[1.722s] Installing controller script to /home/kraken/kraken-nano/install/kraken/lib/kraken
[1.723s] Installing controller_test script to /home/kraken/kraken-nano/install/kraken/lib/kraken
[1.723s] Installing fsm_node script to /home/kraken/kraken-nano/install/kraken/lib/kraken
[1.723s] Installing planner script to /home/kraken/kraken-nano/install/kraken/lib/kraken
[1.724s] Installing planner_test script to /home/kraken/kraken-nano/install/kraken/lib/kraken
[1.724s] Installing spinMotor script to /home/kraken/kraken-nano/install/kraken/lib/kraken
[1.724s] Installing state_estimator script to /home/kraken/kraken-nano/install/kraken/lib/kraken
[1.725s] writing list of installed files to '/home/kraken/kraken-nano/build/kraken/install.log'
[1.790s] Invoked command in '/home/kraken/kraken-nano/ROS/ws/src/kraken' returned '0': LD_LIBRARY_PATH=/home/kraken/kraken-nano/install/custom/lib:/opt/ros/humble/opt/rviz_ogre_vendor/lib:/opt/ros/humble/lib/aarch64-linux-gnu:/opt/ros/humble/lib PYTHONPATH=/home/kraken/kraken-nano/build/kraken/prefix_override:/usr/lib/python3/dist-packages/colcon_core/task/python/colcon_distutils_commands:/home/kraken/kraken-nano/install/kraken/lib/python3.10/site-packages:${PYTHONPATH} /usr/bin/python3 -W ignore:setup.py install is deprecated -W ignore:easy_install command is deprecated setup.py egg_info --egg-base ../../../../build/kraken build --build-base /home/kraken/kraken-nano/build/kraken/build install --record /home/kraken/kraken-nano/build/kraken/install.log --single-version-externally-managed install_data
