[0.014s] Invoking command in '/home/kraken/kraken-nano/ROS/ws/build/custom': CMAKE_PREFIX_PATH=${CMAKE_PREFIX_PATH}:/home/kraken/kraken-nano/install/kraken:/opt/ros/humble /usr/bin/cmake /home/kraken/kraken-nano/ROS/ws/src/custom -DCMAKE_INSTALL_PREFIX=/home/kraken/kraken-nano/ROS/ws/install/custom
[0.103s] -- The C compiler identification is GNU 11.4.0
[0.215s] -- The CXX compiler identification is GNU 11.4.0
[0.228s] -- Detecting C compiler ABI info
[0.352s] -- Detecting C compiler ABI info - done
[0.379s] -- Check for working C compiler: /usr/bin/cc - skipped
[0.379s] -- Detecting C compile features
[0.381s] -- Detecting C compile features - done
[0.393s] -- Detecting CXX compiler ABI info
[0.579s] -- Detecting CXX compiler ABI info - done
[0.608s] -- Check for working CXX compiler: /usr/bin/c++ - skipped
[0.609s] -- Detecting CXX compile features
[0.611s] -- Detecting CXX compile features - done
[0.622s] -- Found ament_cmake: 1.3.12 (/opt/ros/humble/share/ament_cmake/cmake)
[0.951s] -- Found Python3: /usr/bin/python3 (found version "3.10.12") found components: Interpreter 
[1.161s] -- Found ament_lint_auto: 0.12.14 (/opt/ros/humble/share/ament_lint_auto/cmake)
[1.328s] -- Found rosidl_default_generators: 1.2.0 (/opt/ros/humble/share/rosidl_default_generators/cmake)
[1.337s] -- Using all available rosidl_typesupport_c: rosidl_typesupport_fastrtps_c;rosidl_typesupport_introspection_c
[1.352s] -- Found rosidl_adapter: 3.1.7 (/opt/ros/humble/share/rosidl_adapter/cmake)
[1.420s] -- Using all available rosidl_typesupport_cpp: rosidl_typesupport_fastrtps_cpp;rosidl_typesupport_introspection_cpp
[1.888s] -- Found ament_cmake_ros: 0.10.0 (/opt/ros/humble/share/ament_cmake_ros/cmake)
[2.339s] -- Using all available rosidl_typesupport_c: rosidl_typesupport_fastrtps_c;rosidl_typesupport_introspection_c
[2.945s] -- Using all available rosidl_typesupport_cpp: rosidl_typesupport_fastrtps_cpp;rosidl_typesupport_introspection_cpp
[3.010s] -- Found PythonInterp: /usr/bin/python3 (found suitable version "3.10.12", minimum required is "3.6") 
[3.014s] -- Found python_cmake_module: 0.10.0 (/opt/ros/humble/share/python_cmake_module/cmake)
[3.096s] -- Found PythonLibs: /usr/lib/aarch64-linux-gnu/libpython3.10.so (found suitable version "3.10.12", minimum required is "3.5") 
[3.097s] -- Using PYTHON_EXECUTABLE: /usr/bin/python3
[3.097s] -- Using PYTHON_INCLUDE_DIRS: /usr/include/python3.10
[3.097s] -- Using PYTHON_LIBRARIES: /usr/lib/aarch64-linux-gnu/libpython3.10.so
[3.149s] -- Found PythonExtra: .so  
[3.256s] -- Added test 'flake8' to check Python code syntax and style conventions
[3.259s] -- Added test 'lint_cmake' to check CMake code style
[3.260s] -- Added test 'pep257' to check Python code against some of the docstring style conventions in PEP 257
[3.266s] -- Added test 'xmllint' to check XML markup files
[3.278s] -- Configuring done
[3.339s] -- Generating done
[3.356s] -- Build files have been written to: /home/kraken/kraken-nano/ROS/ws/build/custom
[3.371s] Invoked command in '/home/kraken/kraken-nano/ROS/ws/build/custom' returned '0': CMAKE_PREFIX_PATH=${CMAKE_PREFIX_PATH}:/home/kraken/kraken-nano/install/kraken:/opt/ros/humble /usr/bin/cmake /home/kraken/kraken-nano/ROS/ws/src/custom -DCMAKE_INSTALL_PREFIX=/home/kraken/kraken-nano/ROS/ws/install/custom
[3.378s] Invoking command in '/home/kraken/kraken-nano/ROS/ws/build/custom': CMAKE_PREFIX_PATH=${CMAKE_PREFIX_PATH}:/home/kraken/kraken-nano/install/kraken:/opt/ros/humble /usr/bin/cmake --build /home/kraken/kraken-nano/ROS/ws/build/custom -- -j6 -l6
[3.472s] [  1%] [34m[1mGenerating C code for ROS interfaces[0m
[3.496s] [  3%] [34m[1mGenerating C++ code for ROS interfaces[0m
[3.506s] [  3%] Built target ament_cmake_python_copy_custom
[4.008s] running egg_info
[4.009s] creating custom.egg-info
[4.011s] writing custom.egg-info/PKG-INFO
[4.012s] writing dependency_links to custom.egg-info/dependency_links.txt
[4.012s] writing top-level names to custom.egg-info/top_level.txt
[4.013s] writing manifest file 'custom.egg-info/SOURCES.txt'
[4.017s] reading manifest file 'custom.egg-info/SOURCES.txt'
[4.017s] writing manifest file 'custom.egg-info/SOURCES.txt'
[4.083s] [  3%] Built target ament_cmake_python_build_custom_egg
[4.270s] [  5%] [32mBuilding C object CMakeFiles/custom__rosidl_generator_c.dir/rosidl_generator_c/custom/msg/detail/task__functions.c.o[0m
[4.295s] [  7%] [32mBuilding C object CMakeFiles/custom__rosidl_generator_c.dir/rosidl_generator_c/custom/msg/detail/pose_e__functions.c.o[0m
[4.310s] [  9%] [32mBuilding C object CMakeFiles/custom__rosidl_generator_c.dir/rosidl_generator_c/custom/msg/detail/point__functions.c.o[0m
[4.310s] [ 10%] [32mBuilding C object CMakeFiles/custom__rosidl_generator_c.dir/rosidl_generator_c/custom/msg/detail/euler__functions.c.o[0m
[4.314s] [ 10%] Built target custom__cpp
[4.334s] [ 12%] [34m[1mGenerating C++ type support for eProsima Fast-RTPS[0m
[4.348s] [ 14%] [34m[1mGenerating C++ type support dispatch for ROS interfaces[0m
[4.368s] [ 16%] [34m[1mGenerating C++ introspection for ROS interfaces[0m
[4.410s] [ 18%] [32m[1mLinking C shared library libcustom__rosidl_generator_c.so[0m
[4.473s] [ 18%] Built target custom__rosidl_generator_c
[4.492s] [ 21%] [34m[1mGenerating C introspection for ROS interfaces[0m
[4.492s] [ 21%] [34m[1mGenerating C type support dispatch for ROS interfaces[0m
[4.492s] [ 23%] [34m[1mGenerating C type support for eProsima Fast-RTPS[0m
[4.900s] [ 25%] [32mBuilding CXX object CMakeFiles/custom__rosidl_typesupport_cpp.dir/rosidl_typesupport_cpp/custom/msg/task__type_support.cpp.o[0m
[5.054s] [ 27%] [32mBuilding CXX object CMakeFiles/custom__rosidl_typesupport_introspection_cpp.dir/rosidl_typesupport_introspection_cpp/custom/msg/detail/task__type_support.cpp.o[0m
[5.076s] [ 29%] [32mBuilding CXX object CMakeFiles/custom__rosidl_typesupport_c.dir/rosidl_typesupport_c/custom/msg/task__type_support.cpp.o[0m
[5.133s] [ 30%] [32mBuilding CXX object CMakeFiles/custom__rosidl_typesupport_c.dir/rosidl_typesupport_c/custom/msg/pose_e__type_support.cpp.o[0m
[5.137s] [ 32%] [32mBuilding CXX object CMakeFiles/custom__rosidl_typesupport_fastrtps_cpp.dir/rosidl_typesupport_fastrtps_cpp/custom/msg/detail/dds_fastrtps/task__type_support.cpp.o[0m
[5.191s] [ 34%] [32mBuilding CXX object CMakeFiles/custom__rosidl_typesupport_c.dir/rosidl_typesupport_c/custom/msg/point__type_support.cpp.o[0m
[5.193s] [ 36%] [32mBuilding C object CMakeFiles/custom__rosidl_typesupport_introspection_c.dir/rosidl_typesupport_introspection_c/custom/msg/detail/task__type_support.c.o[0m
[5.235s] [ 38%] [32mBuilding CXX object CMakeFiles/custom__rosidl_typesupport_fastrtps_c.dir/rosidl_typesupport_fastrtps_c/custom/msg/detail/task__type_support_c.cpp.o[0m
[5.248s] [ 40%] [32mBuilding CXX object CMakeFiles/custom__rosidl_typesupport_c.dir/rosidl_typesupport_c/custom/msg/euler__type_support.cpp.o[0m
[5.270s] [ 41%] [32mBuilding C object CMakeFiles/custom__rosidl_typesupport_introspection_c.dir/rosidl_typesupport_introspection_c/custom/msg/detail/pose_e__type_support.c.o[0m
[5.352s] [ 43%] [32m[1mLinking CXX shared library libcustom__rosidl_typesupport_c.so[0m
[5.360s] [ 45%] [32mBuilding C object CMakeFiles/custom__rosidl_typesupport_introspection_c.dir/rosidl_typesupport_introspection_c/custom/msg/detail/point__type_support.c.o[0m
[5.438s] [ 47%] [32mBuilding C object CMakeFiles/custom__rosidl_typesupport_introspection_c.dir/rosidl_typesupport_introspection_c/custom/msg/detail/euler__type_support.c.o[0m
[5.443s] [ 47%] Built target custom__rosidl_typesupport_c
[5.459s] [ 49%] [32mBuilding CXX object CMakeFiles/custom__rosidl_typesupport_cpp.dir/rosidl_typesupport_cpp/custom/msg/pose_e__type_support.cpp.o[0m
[5.465s] [ 50%] [32mBuilding CXX object CMakeFiles/custom__rosidl_typesupport_cpp.dir/rosidl_typesupport_cpp/custom/msg/point__type_support.cpp.o[0m
[5.503s] [ 52%] [32m[1mLinking C shared library libcustom__rosidl_typesupport_introspection_c.so[0m
[5.567s] [ 52%] Built target custom__rosidl_typesupport_introspection_c
[5.585s] [ 54%] [32mBuilding CXX object CMakeFiles/custom__rosidl_typesupport_cpp.dir/rosidl_typesupport_cpp/custom/msg/euler__type_support.cpp.o[0m
[5.856s] [ 56%] [32mBuilding CXX object CMakeFiles/custom__rosidl_typesupport_introspection_cpp.dir/rosidl_typesupport_introspection_cpp/custom/msg/detail/pose_e__type_support.cpp.o[0m
[5.904s] [ 58%] [32mBuilding CXX object CMakeFiles/custom__rosidl_typesupport_fastrtps_c.dir/rosidl_typesupport_fastrtps_c/custom/msg/detail/pose_e__type_support_c.cpp.o[0m
[5.970s] [ 60%] [32mBuilding CXX object CMakeFiles/custom__rosidl_typesupport_fastrtps_c.dir/rosidl_typesupport_fastrtps_c/custom/msg/detail/point__type_support_c.cpp.o[0m
[6.063s] [ 61%] [32mBuilding CXX object CMakeFiles/custom__rosidl_typesupport_fastrtps_c.dir/rosidl_typesupport_fastrtps_c/custom/msg/detail/euler__type_support_c.cpp.o[0m
[6.069s] [ 63%] [32mBuilding CXX object CMakeFiles/custom__rosidl_typesupport_fastrtps_cpp.dir/rosidl_typesupport_fastrtps_cpp/custom/msg/detail/dds_fastrtps/pose_e__type_support.cpp.o[0m
[6.199s] [ 65%] [32m[1mLinking CXX shared library libcustom__rosidl_typesupport_cpp.so[0m
[6.280s] [ 65%] Built target custom__rosidl_typesupport_cpp
[6.298s] [ 67%] [32mBuilding CXX object CMakeFiles/custom__rosidl_typesupport_fastrtps_cpp.dir/rosidl_typesupport_fastrtps_cpp/custom/msg/detail/dds_fastrtps/point__type_support.cpp.o[0m
[6.552s] [ 69%] [32mBuilding CXX object CMakeFiles/custom__rosidl_typesupport_fastrtps_cpp.dir/rosidl_typesupport_fastrtps_cpp/custom/msg/detail/dds_fastrtps/euler__type_support.cpp.o[0m
[6.632s] [ 70%] [32mBuilding CXX object CMakeFiles/custom__rosidl_typesupport_introspection_cpp.dir/rosidl_typesupport_introspection_cpp/custom/msg/detail/point__type_support.cpp.o[0m
[6.657s] [ 72%] [32mBuilding CXX object CMakeFiles/custom__rosidl_typesupport_introspection_cpp.dir/rosidl_typesupport_introspection_cpp/custom/msg/detail/euler__type_support.cpp.o[0m
[6.801s] [ 74%] [32m[1mLinking CXX shared library libcustom__rosidl_typesupport_fastrtps_c.so[0m
[6.950s] [ 74%] Built target custom__rosidl_typesupport_fastrtps_c
[7.349s] [ 76%] [32m[1mLinking CXX shared library libcustom__rosidl_typesupport_fastrtps_cpp.so[0m
[7.405s] [ 78%] [32m[1mLinking CXX shared library libcustom__rosidl_typesupport_introspection_cpp.so[0m
[7.481s] [ 78%] Built target custom__rosidl_typesupport_fastrtps_cpp
[7.526s] [ 78%] Built target custom__rosidl_typesupport_introspection_cpp
[7.575s] [ 78%] Built target custom
[7.623s] [ 80%] [34m[1mGenerating Python code for ROS interfaces[0m
[8.554s] [ 80%] Built target custom__py
[8.600s] [ 83%] [32mBuilding C object CMakeFiles/custom__rosidl_generator_py.dir/rosidl_generator_py/custom/msg/_euler_s.c.o[0m
[8.600s] [ 83%] [32mBuilding C object CMakeFiles/custom__rosidl_generator_py.dir/rosidl_generator_py/custom/msg/_pose_e_s.c.o[0m
[8.600s] [ 85%] [32mBuilding C object CMakeFiles/custom__rosidl_generator_py.dir/rosidl_generator_py/custom/msg/_task_s.c.o[0m
[8.601s] [ 87%] [32mBuilding C object CMakeFiles/custom__rosidl_generator_py.dir/rosidl_generator_py/custom/msg/_point_s.c.o[0m
[8.798s] [ 89%] [32m[1mLinking C shared library rosidl_generator_py/custom/libcustom__rosidl_generator_py.so[0m
[8.888s] [ 89%] Built target custom__rosidl_generator_py
[8.928s] [ 92%] [32mBuilding C object CMakeFiles/custom__rosidl_typesupport_introspection_c__pyext.dir/rosidl_generator_py/custom/_custom_s.ep.rosidl_typesupport_introspection_c.c.o[0m
[8.928s] [ 92%] [32mBuilding C object CMakeFiles/custom__rosidl_typesupport_fastrtps_c__pyext.dir/rosidl_generator_py/custom/_custom_s.ep.rosidl_typesupport_fastrtps_c.c.o[0m
[8.932s] [ 94%] [32mBuilding C object CMakeFiles/custom__rosidl_typesupport_c__pyext.dir/rosidl_generator_py/custom/_custom_s.ep.rosidl_typesupport_c.c.o[0m
[9.116s] [ 98%] [32m[1mLinking C shared library rosidl_generator_py/custom/custom_s__rosidl_typesupport_introspection_c.cpython-310-aarch64-linux-gnu.so[0m
[9.117s] [ 98%] [32m[1mLinking C shared library rosidl_generator_py/custom/custom_s__rosidl_typesupport_fastrtps_c.cpython-310-aarch64-linux-gnu.so[0m
[9.120s] [100%] [32m[1mLinking C shared library rosidl_generator_py/custom/custom_s__rosidl_typesupport_c.cpython-310-aarch64-linux-gnu.so[0m
[9.188s] [100%] Built target custom__rosidl_typesupport_introspection_c__pyext
[9.189s] [100%] Built target custom__rosidl_typesupport_c__pyext
[9.189s] [100%] Built target custom__rosidl_typesupport_fastrtps_c__pyext
[9.220s] Invoked command in '/home/kraken/kraken-nano/ROS/ws/build/custom' returned '0': CMAKE_PREFIX_PATH=${CMAKE_PREFIX_PATH}:/home/kraken/kraken-nano/install/kraken:/opt/ros/humble /usr/bin/cmake --build /home/kraken/kraken-nano/ROS/ws/build/custom -- -j6 -l6
[9.249s] Invoking command in '/home/kraken/kraken-nano/ROS/ws/build/custom': CMAKE_PREFIX_PATH=${CMAKE_PREFIX_PATH}:/home/kraken/kraken-nano/install/kraken:/opt/ros/humble /usr/bin/cmake --install /home/kraken/kraken-nano/ROS/ws/build/custom
[9.269s] -- Install configuration: ""
[9.270s] -- Installing: /home/kraken/kraken-nano/ROS/ws/install/custom/share/ament_index/resource_index/rosidl_interfaces/custom
[9.270s] -- Installing: /home/kraken/kraken-nano/ROS/ws/install/custom/include/custom/custom
[9.270s] -- Installing: /home/kraken/kraken-nano/ROS/ws/install/custom/include/custom/custom/msg
[9.271s] -- Installing: /home/kraken/kraken-nano/ROS/ws/install/custom/include/custom/custom/msg/rosidl_generator_c__visibility_control.h
[9.271s] -- Installing: /home/kraken/kraken-nano/ROS/ws/install/custom/include/custom/custom/msg/task.h
[9.271s] -- Installing: /home/kraken/kraken-nano/ROS/ws/install/custom/include/custom/custom/msg/detail
[9.272s] -- Installing: /home/kraken/kraken-nano/ROS/ws/install/custom/include/custom/custom/msg/detail/pose_e__functions.c
[9.272s] -- Installing: /home/kraken/kraken-nano/ROS/ws/install/custom/include/custom/custom/msg/detail/task__functions.c
[9.272s] -- Installing: /home/kraken/kraken-nano/ROS/ws/install/custom/include/custom/custom/msg/detail/euler__struct.h
[9.273s] -- Installing: /home/kraken/kraken-nano/ROS/ws/install/custom/include/custom/custom/msg/detail/pose_e__functions.h
[9.273s] -- Installing: /home/kraken/kraken-nano/ROS/ws/install/custom/include/custom/custom/msg/detail/task__type_support.h
[9.273s] -- Installing: /home/kraken/kraken-nano/ROS/ws/install/custom/include/custom/custom/msg/detail/euler__type_support.h
[9.274s] -- Installing: /home/kraken/kraken-nano/ROS/ws/install/custom/include/custom/custom/msg/detail/point__struct.h
[9.274s] -- Installing: /home/kraken/kraken-nano/ROS/ws/install/custom/include/custom/custom/msg/detail/point__type_support.h
[9.274s] -- Installing: /home/kraken/kraken-nano/ROS/ws/install/custom/include/custom/custom/msg/detail/euler__functions.h
[9.274s] -- Installing: /home/kraken/kraken-nano/ROS/ws/install/custom/include/custom/custom/msg/detail/task__functions.h
[9.275s] -- Installing: /home/kraken/kraken-nano/ROS/ws/install/custom/include/custom/custom/msg/detail/point__functions.c
[9.275s] -- Installing: /home/kraken/kraken-nano/ROS/ws/install/custom/include/custom/custom/msg/detail/pose_e__struct.h
[9.275s] -- Installing: /home/kraken/kraken-nano/ROS/ws/install/custom/include/custom/custom/msg/detail/point__functions.h
[9.276s] -- Installing: /home/kraken/kraken-nano/ROS/ws/install/custom/include/custom/custom/msg/detail/task__struct.h
[9.276s] -- Installing: /home/kraken/kraken-nano/ROS/ws/install/custom/include/custom/custom/msg/detail/euler__functions.c
[9.276s] -- Installing: /home/kraken/kraken-nano/ROS/ws/install/custom/include/custom/custom/msg/detail/pose_e__type_support.h
[9.277s] -- Installing: /home/kraken/kraken-nano/ROS/ws/install/custom/include/custom/custom/msg/point.h
[9.277s] -- Installing: /home/kraken/kraken-nano/ROS/ws/install/custom/include/custom/custom/msg/euler.h
[9.277s] -- Installing: /home/kraken/kraken-nano/ROS/ws/install/custom/include/custom/custom/msg/pose_e.h
[9.277s] -- Installing: /home/kraken/kraken-nano/ROS/ws/install/custom/share/custom/environment/library_path.sh
[9.278s] -- Installing: /home/kraken/kraken-nano/ROS/ws/install/custom/share/custom/environment/library_path.dsv
[9.278s] -- Installing: /home/kraken/kraken-nano/ROS/ws/install/custom/lib/libcustom__rosidl_generator_c.so
[9.278s] -- Set runtime path of "/home/kraken/kraken-nano/ROS/ws/install/custom/lib/libcustom__rosidl_generator_c.so" to ""
[9.279s] -- Up-to-date: /home/kraken/kraken-nano/ROS/ws/install/custom/include/custom/custom
[9.279s] -- Up-to-date: /home/kraken/kraken-nano/ROS/ws/install/custom/include/custom/custom/msg
[9.279s] -- Installing: /home/kraken/kraken-nano/ROS/ws/install/custom/include/custom/custom/msg/rosidl_typesupport_fastrtps_c__visibility_control.h
[9.279s] -- Up-to-date: /home/kraken/kraken-nano/ROS/ws/install/custom/include/custom/custom/msg/detail
[9.280s] -- Installing: /home/kraken/kraken-nano/ROS/ws/install/custom/include/custom/custom/msg/detail/point__rosidl_typesupport_fastrtps_c.h
[9.280s] -- Installing: /home/kraken/kraken-nano/ROS/ws/install/custom/include/custom/custom/msg/detail/euler__rosidl_typesupport_fastrtps_c.h
[9.280s] -- Installing: /home/kraken/kraken-nano/ROS/ws/install/custom/include/custom/custom/msg/detail/pose_e__rosidl_typesupport_fastrtps_c.h
[9.280s] -- Installing: /home/kraken/kraken-nano/ROS/ws/install/custom/include/custom/custom/msg/detail/task__rosidl_typesupport_fastrtps_c.h
[9.281s] -- Installing: /home/kraken/kraken-nano/ROS/ws/install/custom/lib/libcustom__rosidl_typesupport_fastrtps_c.so
[9.281s] -- Set runtime path of "/home/kraken/kraken-nano/ROS/ws/install/custom/lib/libcustom__rosidl_typesupport_fastrtps_c.so" to ""
[9.281s] -- Up-to-date: /home/kraken/kraken-nano/ROS/ws/install/custom/include/custom/custom
[9.282s] -- Up-to-date: /home/kraken/kraken-nano/ROS/ws/install/custom/include/custom/custom/msg
[9.282s] -- Installing: /home/kraken/kraken-nano/ROS/ws/install/custom/include/custom/custom/msg/rosidl_typesupport_introspection_c__visibility_control.h
[9.282s] -- Up-to-date: /home/kraken/kraken-nano/ROS/ws/install/custom/include/custom/custom/msg/detail
[9.282s] -- Installing: /home/kraken/kraken-nano/ROS/ws/install/custom/include/custom/custom/msg/detail/euler__type_support.c
[9.283s] -- Installing: /home/kraken/kraken-nano/ROS/ws/install/custom/include/custom/custom/msg/detail/pose_e__rosidl_typesupport_introspection_c.h
[9.283s] -- Installing: /home/kraken/kraken-nano/ROS/ws/install/custom/include/custom/custom/msg/detail/task__type_support.c
[9.283s] -- Installing: /home/kraken/kraken-nano/ROS/ws/install/custom/include/custom/custom/msg/detail/pose_e__type_support.c
[9.284s] -- Installing: /home/kraken/kraken-nano/ROS/ws/install/custom/include/custom/custom/msg/detail/task__rosidl_typesupport_introspection_c.h
[9.284s] -- Installing: /home/kraken/kraken-nano/ROS/ws/install/custom/include/custom/custom/msg/detail/point__rosidl_typesupport_introspection_c.h
[9.284s] -- Installing: /home/kraken/kraken-nano/ROS/ws/install/custom/include/custom/custom/msg/detail/point__type_support.c
[9.284s] -- Installing: /home/kraken/kraken-nano/ROS/ws/install/custom/include/custom/custom/msg/detail/euler__rosidl_typesupport_introspection_c.h
[9.285s] -- Installing: /home/kraken/kraken-nano/ROS/ws/install/custom/lib/libcustom__rosidl_typesupport_introspection_c.so
[9.285s] -- Set runtime path of "/home/kraken/kraken-nano/ROS/ws/install/custom/lib/libcustom__rosidl_typesupport_introspection_c.so" to ""
[9.285s] -- Installing: /home/kraken/kraken-nano/ROS/ws/install/custom/lib/libcustom__rosidl_typesupport_c.so
[9.286s] -- Set runtime path of "/home/kraken/kraken-nano/ROS/ws/install/custom/lib/libcustom__rosidl_typesupport_c.so" to ""
[9.286s] -- Up-to-date: /home/kraken/kraken-nano/ROS/ws/install/custom/include/custom/custom
[9.286s] -- Up-to-date: /home/kraken/kraken-nano/ROS/ws/install/custom/include/custom/custom/msg
[9.287s] -- Installing: /home/kraken/kraken-nano/ROS/ws/install/custom/include/custom/custom/msg/pose_e.hpp
[9.287s] -- Installing: /home/kraken/kraken-nano/ROS/ws/install/custom/include/custom/custom/msg/euler.hpp
[9.287s] -- Installing: /home/kraken/kraken-nano/ROS/ws/install/custom/include/custom/custom/msg/rosidl_generator_cpp__visibility_control.hpp
[9.287s] -- Installing: /home/kraken/kraken-nano/ROS/ws/install/custom/include/custom/custom/msg/point.hpp
[9.288s] -- Up-to-date: /home/kraken/kraken-nano/ROS/ws/install/custom/include/custom/custom/msg/detail
[9.288s] -- Installing: /home/kraken/kraken-nano/ROS/ws/install/custom/include/custom/custom/msg/detail/pose_e__builder.hpp
[9.288s] -- Installing: /home/kraken/kraken-nano/ROS/ws/install/custom/include/custom/custom/msg/detail/euler__struct.hpp
[9.289s] -- Installing: /home/kraken/kraken-nano/ROS/ws/install/custom/include/custom/custom/msg/detail/point__struct.hpp
[9.289s] -- Installing: /home/kraken/kraken-nano/ROS/ws/install/custom/include/custom/custom/msg/detail/euler__type_support.hpp
[9.289s] -- Installing: /home/kraken/kraken-nano/ROS/ws/install/custom/include/custom/custom/msg/detail/task__struct.hpp
[9.290s] -- Installing: /home/kraken/kraken-nano/ROS/ws/install/custom/include/custom/custom/msg/detail/point__builder.hpp
[9.290s] -- Installing: /home/kraken/kraken-nano/ROS/ws/install/custom/include/custom/custom/msg/detail/pose_e__type_support.hpp
[9.290s] -- Installing: /home/kraken/kraken-nano/ROS/ws/install/custom/include/custom/custom/msg/detail/task__traits.hpp
[9.290s] -- Installing: /home/kraken/kraken-nano/ROS/ws/install/custom/include/custom/custom/msg/detail/point__traits.hpp
[9.291s] -- Installing: /home/kraken/kraken-nano/ROS/ws/install/custom/include/custom/custom/msg/detail/task__builder.hpp
[9.291s] -- Installing: /home/kraken/kraken-nano/ROS/ws/install/custom/include/custom/custom/msg/detail/euler__traits.hpp
[9.291s] -- Installing: /home/kraken/kraken-nano/ROS/ws/install/custom/include/custom/custom/msg/detail/task__type_support.hpp
[9.292s] -- Installing: /home/kraken/kraken-nano/ROS/ws/install/custom/include/custom/custom/msg/detail/pose_e__struct.hpp
[9.292s] -- Installing: /home/kraken/kraken-nano/ROS/ws/install/custom/include/custom/custom/msg/detail/point__type_support.hpp
[9.292s] -- Installing: /home/kraken/kraken-nano/ROS/ws/install/custom/include/custom/custom/msg/detail/euler__builder.hpp
[9.292s] -- Installing: /home/kraken/kraken-nano/ROS/ws/install/custom/include/custom/custom/msg/detail/pose_e__traits.hpp
[9.292s] -- Installing: /home/kraken/kraken-nano/ROS/ws/install/custom/include/custom/custom/msg/task.hpp
[9.293s] -- Up-to-date: /home/kraken/kraken-nano/ROS/ws/install/custom/include/custom/custom
[9.293s] -- Up-to-date: /home/kraken/kraken-nano/ROS/ws/install/custom/include/custom/custom/msg
[9.293s] -- Up-to-date: /home/kraken/kraken-nano/ROS/ws/install/custom/include/custom/custom/msg/detail
[9.294s] -- Installing: /home/kraken/kraken-nano/ROS/ws/install/custom/include/custom/custom/msg/detail/task__rosidl_typesupport_fastrtps_cpp.hpp
[9.294s] -- Installing: /home/kraken/kraken-nano/ROS/ws/install/custom/include/custom/custom/msg/detail/pose_e__rosidl_typesupport_fastrtps_cpp.hpp
[9.294s] -- Installing: /home/kraken/kraken-nano/ROS/ws/install/custom/include/custom/custom/msg/detail/point__rosidl_typesupport_fastrtps_cpp.hpp
[9.295s] -- Installing: /home/kraken/kraken-nano/ROS/ws/install/custom/include/custom/custom/msg/detail/euler__rosidl_typesupport_fastrtps_cpp.hpp
[9.295s] -- Installing: /home/kraken/kraken-nano/ROS/ws/install/custom/include/custom/custom/msg/detail/dds_fastrtps
[9.295s] -- Installing: /home/kraken/kraken-nano/ROS/ws/install/custom/include/custom/custom/msg/rosidl_typesupport_fastrtps_cpp__visibility_control.h
[9.295s] -- Installing: /home/kraken/kraken-nano/ROS/ws/install/custom/lib/libcustom__rosidl_typesupport_fastrtps_cpp.so
[9.296s] -- Set runtime path of "/home/kraken/kraken-nano/ROS/ws/install/custom/lib/libcustom__rosidl_typesupport_fastrtps_cpp.so" to ""
[9.296s] -- Up-to-date: /home/kraken/kraken-nano/ROS/ws/install/custom/include/custom/custom
[9.296s] -- Up-to-date: /home/kraken/kraken-nano/ROS/ws/install/custom/include/custom/custom/msg
[9.297s] -- Up-to-date: /home/kraken/kraken-nano/ROS/ws/install/custom/include/custom/custom/msg/detail
[9.297s] -- Installing: /home/kraken/kraken-nano/ROS/ws/install/custom/include/custom/custom/msg/detail/point__type_support.cpp
[9.297s] -- Installing: /home/kraken/kraken-nano/ROS/ws/install/custom/include/custom/custom/msg/detail/task__rosidl_typesupport_introspection_cpp.hpp
[9.298s] -- Installing: /home/kraken/kraken-nano/ROS/ws/install/custom/include/custom/custom/msg/detail/euler__rosidl_typesupport_introspection_cpp.hpp
[9.298s] -- Installing: /home/kraken/kraken-nano/ROS/ws/install/custom/include/custom/custom/msg/detail/point__rosidl_typesupport_introspection_cpp.hpp
[9.298s] -- Installing: /home/kraken/kraken-nano/ROS/ws/install/custom/include/custom/custom/msg/detail/task__type_support.cpp
[9.298s] -- Installing: /home/kraken/kraken-nano/ROS/ws/install/custom/include/custom/custom/msg/detail/euler__type_support.cpp
[9.299s] -- Installing: /home/kraken/kraken-nano/ROS/ws/install/custom/include/custom/custom/msg/detail/pose_e__rosidl_typesupport_introspection_cpp.hpp
[9.299s] -- Installing: /home/kraken/kraken-nano/ROS/ws/install/custom/include/custom/custom/msg/detail/pose_e__type_support.cpp
[9.299s] -- Installing: /home/kraken/kraken-nano/ROS/ws/install/custom/lib/libcustom__rosidl_typesupport_introspection_cpp.so
[9.299s] -- Set runtime path of "/home/kraken/kraken-nano/ROS/ws/install/custom/lib/libcustom__rosidl_typesupport_introspection_cpp.so" to ""
[9.300s] -- Installing: /home/kraken/kraken-nano/ROS/ws/install/custom/lib/libcustom__rosidl_typesupport_cpp.so
[9.300s] -- Set runtime path of "/home/kraken/kraken-nano/ROS/ws/install/custom/lib/libcustom__rosidl_typesupport_cpp.so" to ""
[9.300s] -- Installing: /home/kraken/kraken-nano/ROS/ws/install/custom/share/custom/environment/pythonpath.sh
[9.300s] -- Installing: /home/kraken/kraken-nano/ROS/ws/install/custom/share/custom/environment/pythonpath.dsv
[9.300s] -- Installing: /home/kraken/kraken-nano/ROS/ws/install/custom/local/lib/python3.10/dist-packages/custom-0.0.0-py3.10.egg-info
[9.301s] -- Installing: /home/kraken/kraken-nano/ROS/ws/install/custom/local/lib/python3.10/dist-packages/custom-0.0.0-py3.10.egg-info/SOURCES.txt
[9.301s] -- Installing: /home/kraken/kraken-nano/ROS/ws/install/custom/local/lib/python3.10/dist-packages/custom-0.0.0-py3.10.egg-info/PKG-INFO
[9.301s] -- Installing: /home/kraken/kraken-nano/ROS/ws/install/custom/local/lib/python3.10/dist-packages/custom-0.0.0-py3.10.egg-info/dependency_links.txt
[9.301s] -- Installing: /home/kraken/kraken-nano/ROS/ws/install/custom/local/lib/python3.10/dist-packages/custom-0.0.0-py3.10.egg-info/top_level.txt
[9.302s] -- Installing: /home/kraken/kraken-nano/ROS/ws/install/custom/local/lib/python3.10/dist-packages/custom
[9.302s] -- Installing: /home/kraken/kraken-nano/ROS/ws/install/custom/local/lib/python3.10/dist-packages/custom/libcustom__rosidl_generator_py.so
[9.302s] -- Installing: /home/kraken/kraken-nano/ROS/ws/install/custom/local/lib/python3.10/dist-packages/custom/_custom_s.ep.rosidl_typesupport_c.c
[9.302s] -- Installing: /home/kraken/kraken-nano/ROS/ws/install/custom/local/lib/python3.10/dist-packages/custom/_custom_s.ep.rosidl_typesupport_fastrtps_c.c
[9.302s] -- Installing: /home/kraken/kraken-nano/ROS/ws/install/custom/local/lib/python3.10/dist-packages/custom/msg
[9.303s] -- Installing: /home/kraken/kraken-nano/ROS/ws/install/custom/local/lib/python3.10/dist-packages/custom/msg/_point_s.c
[9.303s] -- Installing: /home/kraken/kraken-nano/ROS/ws/install/custom/local/lib/python3.10/dist-packages/custom/msg/_euler.py
[9.303s] -- Installing: /home/kraken/kraken-nano/ROS/ws/install/custom/local/lib/python3.10/dist-packages/custom/msg/_pose_e.py
[9.303s] -- Installing: /home/kraken/kraken-nano/ROS/ws/install/custom/local/lib/python3.10/dist-packages/custom/msg/_pose_e_s.c
[9.304s] -- Installing: /home/kraken/kraken-nano/ROS/ws/install/custom/local/lib/python3.10/dist-packages/custom/msg/_point.py
[9.304s] -- Installing: /home/kraken/kraken-nano/ROS/ws/install/custom/local/lib/python3.10/dist-packages/custom/msg/_task.py
[9.304s] -- Installing: /home/kraken/kraken-nano/ROS/ws/install/custom/local/lib/python3.10/dist-packages/custom/msg/_euler_s.c
[9.304s] -- Installing: /home/kraken/kraken-nano/ROS/ws/install/custom/local/lib/python3.10/dist-packages/custom/msg/_task_s.c
[9.304s] -- Installing: /home/kraken/kraken-nano/ROS/ws/install/custom/local/lib/python3.10/dist-packages/custom/msg/__init__.py
[9.305s] -- Installing: /home/kraken/kraken-nano/ROS/ws/install/custom/local/lib/python3.10/dist-packages/custom/custom_s__rosidl_typesupport_c.cpython-310-aarch64-linux-gnu.so
[9.305s] -- Installing: /home/kraken/kraken-nano/ROS/ws/install/custom/local/lib/python3.10/dist-packages/custom/custom_s__rosidl_typesupport_introspection_c.cpython-310-aarch64-linux-gnu.so
[9.305s] -- Installing: /home/kraken/kraken-nano/ROS/ws/install/custom/local/lib/python3.10/dist-packages/custom/custom_s__rosidl_typesupport_fastrtps_c.cpython-310-aarch64-linux-gnu.so
[9.305s] -- Installing: /home/kraken/kraken-nano/ROS/ws/install/custom/local/lib/python3.10/dist-packages/custom/__init__.py
[9.305s] -- Installing: /home/kraken/kraken-nano/ROS/ws/install/custom/local/lib/python3.10/dist-packages/custom/_custom_s.ep.rosidl_typesupport_introspection_c.c
[9.370s] Listing '/home/kraken/kraken-nano/ROS/ws/install/custom/local/lib/python3.10/dist-packages/custom'...
[9.370s] Compiling '/home/kraken/kraken-nano/ROS/ws/install/custom/local/lib/python3.10/dist-packages/custom/__init__.py'...
[9.370s] Listing '/home/kraken/kraken-nano/ROS/ws/install/custom/local/lib/python3.10/dist-packages/custom/msg'...
[9.371s] Compiling '/home/kraken/kraken-nano/ROS/ws/install/custom/local/lib/python3.10/dist-packages/custom/msg/__init__.py'...
[9.371s] Compiling '/home/kraken/kraken-nano/ROS/ws/install/custom/local/lib/python3.10/dist-packages/custom/msg/_euler.py'...
[9.371s] Compiling '/home/kraken/kraken-nano/ROS/ws/install/custom/local/lib/python3.10/dist-packages/custom/msg/_point.py'...
[9.371s] Compiling '/home/kraken/kraken-nano/ROS/ws/install/custom/local/lib/python3.10/dist-packages/custom/msg/_pose_e.py'...
[9.372s] Compiling '/home/kraken/kraken-nano/ROS/ws/install/custom/local/lib/python3.10/dist-packages/custom/msg/_task.py'...
[9.380s] -- Installing: /home/kraken/kraken-nano/ROS/ws/install/custom/local/lib/python3.10/dist-packages/custom/custom_s__rosidl_typesupport_fastrtps_c.cpython-310-aarch64-linux-gnu.so
[9.381s] -- Set runtime path of "/home/kraken/kraken-nano/ROS/ws/install/custom/local/lib/python3.10/dist-packages/custom/custom_s__rosidl_typesupport_fastrtps_c.cpython-310-aarch64-linux-gnu.so" to ""
[9.381s] -- Installing: /home/kraken/kraken-nano/ROS/ws/install/custom/local/lib/python3.10/dist-packages/custom/custom_s__rosidl_typesupport_introspection_c.cpython-310-aarch64-linux-gnu.so
[9.382s] -- Set runtime path of "/home/kraken/kraken-nano/ROS/ws/install/custom/local/lib/python3.10/dist-packages/custom/custom_s__rosidl_typesupport_introspection_c.cpython-310-aarch64-linux-gnu.so" to ""
[9.382s] -- Installing: /home/kraken/kraken-nano/ROS/ws/install/custom/local/lib/python3.10/dist-packages/custom/custom_s__rosidl_typesupport_c.cpython-310-aarch64-linux-gnu.so
[9.383s] -- Set runtime path of "/home/kraken/kraken-nano/ROS/ws/install/custom/local/lib/python3.10/dist-packages/custom/custom_s__rosidl_typesupport_c.cpython-310-aarch64-linux-gnu.so" to ""
[9.383s] -- Installing: /home/kraken/kraken-nano/ROS/ws/install/custom/lib/libcustom__rosidl_generator_py.so
[9.384s] -- Set runtime path of "/home/kraken/kraken-nano/ROS/ws/install/custom/lib/libcustom__rosidl_generator_py.so" to ""
[9.384s] -- Installing: /home/kraken/kraken-nano/ROS/ws/install/custom/share/custom/msg/Task.idl
[9.384s] -- Installing: /home/kraken/kraken-nano/ROS/ws/install/custom/share/custom/msg/PoseE.idl
[9.385s] -- Installing: /home/kraken/kraken-nano/ROS/ws/install/custom/share/custom/msg/Point.idl
[9.385s] -- Installing: /home/kraken/kraken-nano/ROS/ws/install/custom/share/custom/msg/Euler.idl
[9.385s] -- Installing: /home/kraken/kraken-nano/ROS/ws/install/custom/share/custom/msg/Task.msg
[9.385s] -- Installing: /home/kraken/kraken-nano/ROS/ws/install/custom/share/custom/msg/PoseE.msg
[9.386s] -- Installing: /home/kraken/kraken-nano/ROS/ws/install/custom/share/custom/msg/Point.msg
[9.386s] -- Installing: /home/kraken/kraken-nano/ROS/ws/install/custom/share/custom/msg/Euler.msg
[9.386s] -- Installing: /home/kraken/kraken-nano/ROS/ws/install/custom/share/ament_index/resource_index/package_run_dependencies/custom
[9.387s] -- Installing: /home/kraken/kraken-nano/ROS/ws/install/custom/share/ament_index/resource_index/parent_prefix_path/custom
[9.387s] -- Installing: /home/kraken/kraken-nano/ROS/ws/install/custom/share/custom/environment/ament_prefix_path.sh
[9.387s] -- Installing: /home/kraken/kraken-nano/ROS/ws/install/custom/share/custom/environment/ament_prefix_path.dsv
[9.387s] -- Installing: /home/kraken/kraken-nano/ROS/ws/install/custom/share/custom/environment/path.sh
[9.388s] -- Installing: /home/kraken/kraken-nano/ROS/ws/install/custom/share/custom/environment/path.dsv
[9.388s] -- Installing: /home/kraken/kraken-nano/ROS/ws/install/custom/share/custom/local_setup.bash
[9.388s] -- Installing: /home/kraken/kraken-nano/ROS/ws/install/custom/share/custom/local_setup.sh
[9.388s] -- Installing: /home/kraken/kraken-nano/ROS/ws/install/custom/share/custom/local_setup.zsh
[9.389s] -- Installing: /home/kraken/kraken-nano/ROS/ws/install/custom/share/custom/local_setup.dsv
[9.389s] -- Installing: /home/kraken/kraken-nano/ROS/ws/install/custom/share/custom/package.dsv
[9.389s] -- Installing: /home/kraken/kraken-nano/ROS/ws/install/custom/share/ament_index/resource_index/packages/custom
[9.390s] -- Installing: /home/kraken/kraken-nano/ROS/ws/install/custom/share/custom/cmake/export_custom__rosidl_generator_cExport.cmake
[9.390s] -- Installing: /home/kraken/kraken-nano/ROS/ws/install/custom/share/custom/cmake/export_custom__rosidl_generator_cExport-noconfig.cmake
[9.390s] -- Installing: /home/kraken/kraken-nano/ROS/ws/install/custom/share/custom/cmake/export_custom__rosidl_typesupport_fastrtps_cExport.cmake
[9.390s] -- Installing: /home/kraken/kraken-nano/ROS/ws/install/custom/share/custom/cmake/export_custom__rosidl_typesupport_fastrtps_cExport-noconfig.cmake
[9.391s] -- Installing: /home/kraken/kraken-nano/ROS/ws/install/custom/share/custom/cmake/custom__rosidl_typesupport_introspection_cExport.cmake
[9.391s] -- Installing: /home/kraken/kraken-nano/ROS/ws/install/custom/share/custom/cmake/custom__rosidl_typesupport_introspection_cExport-noconfig.cmake
[9.391s] -- Installing: /home/kraken/kraken-nano/ROS/ws/install/custom/share/custom/cmake/custom__rosidl_typesupport_cExport.cmake
[9.391s] -- Installing: /home/kraken/kraken-nano/ROS/ws/install/custom/share/custom/cmake/custom__rosidl_typesupport_cExport-noconfig.cmake
[9.392s] -- Installing: /home/kraken/kraken-nano/ROS/ws/install/custom/share/custom/cmake/export_custom__rosidl_generator_cppExport.cmake
[9.392s] -- Installing: /home/kraken/kraken-nano/ROS/ws/install/custom/share/custom/cmake/export_custom__rosidl_typesupport_fastrtps_cppExport.cmake
[9.392s] -- Installing: /home/kraken/kraken-nano/ROS/ws/install/custom/share/custom/cmake/export_custom__rosidl_typesupport_fastrtps_cppExport-noconfig.cmake
[9.393s] -- Installing: /home/kraken/kraken-nano/ROS/ws/install/custom/share/custom/cmake/custom__rosidl_typesupport_introspection_cppExport.cmake
[9.393s] -- Installing: /home/kraken/kraken-nano/ROS/ws/install/custom/share/custom/cmake/custom__rosidl_typesupport_introspection_cppExport-noconfig.cmake
[9.393s] -- Installing: /home/kraken/kraken-nano/ROS/ws/install/custom/share/custom/cmake/custom__rosidl_typesupport_cppExport.cmake
[9.393s] -- Installing: /home/kraken/kraken-nano/ROS/ws/install/custom/share/custom/cmake/custom__rosidl_typesupport_cppExport-noconfig.cmake
[9.394s] -- Installing: /home/kraken/kraken-nano/ROS/ws/install/custom/share/custom/cmake/export_custom__rosidl_generator_pyExport.cmake
[9.394s] -- Installing: /home/kraken/kraken-nano/ROS/ws/install/custom/share/custom/cmake/export_custom__rosidl_generator_pyExport-noconfig.cmake
[9.395s] -- Installing: /home/kraken/kraken-nano/ROS/ws/install/custom/share/custom/cmake/rosidl_cmake-extras.cmake
[9.395s] -- Installing: /home/kraken/kraken-nano/ROS/ws/install/custom/share/custom/cmake/ament_cmake_export_include_directories-extras.cmake
[9.395s] -- Installing: /home/kraken/kraken-nano/ROS/ws/install/custom/share/custom/cmake/ament_cmake_export_libraries-extras.cmake
[9.396s] -- Installing: /home/kraken/kraken-nano/ROS/ws/install/custom/share/custom/cmake/ament_cmake_export_targets-extras.cmake
[9.396s] -- Installing: /home/kraken/kraken-nano/ROS/ws/install/custom/share/custom/cmake/rosidl_cmake_export_typesupport_targets-extras.cmake
[9.396s] -- Installing: /home/kraken/kraken-nano/ROS/ws/install/custom/share/custom/cmake/ament_cmake_export_dependencies-extras.cmake
[9.397s] -- Installing: /home/kraken/kraken-nano/ROS/ws/install/custom/share/custom/cmake/rosidl_cmake_export_typesupport_libraries-extras.cmake
[9.397s] -- Installing: /home/kraken/kraken-nano/ROS/ws/install/custom/share/custom/cmake/customConfig.cmake
[9.397s] -- Installing: /home/kraken/kraken-nano/ROS/ws/install/custom/share/custom/cmake/customConfig-version.cmake
[9.397s] -- Installing: /home/kraken/kraken-nano/ROS/ws/install/custom/share/custom/package.xml
[9.407s] Invoked command in '/home/kraken/kraken-nano/ROS/ws/build/custom' returned '0': CMAKE_PREFIX_PATH=${CMAKE_PREFIX_PATH}:/home/kraken/kraken-nano/install/kraken:/opt/ros/humble /usr/bin/cmake --install /home/kraken/kraken-nano/ROS/ws/build/custom
