[  1%] Built target custom__cpp
[ 12%] Built target custom__rosidl_generator_c
[ 12%] Built target ament_cmake_python_copy_custom
[ 34%] Built target custom__rosidl_typesupport_fastrtps_cpp
[ 34%] Built target custom__rosidl_typesupport_introspection_cpp
[ 45%] Built target custom__rosidl_typesupport_cpp
[ 56%] Built target custom__rosidl_typesupport_introspection_c
[ 67%] Built target custom__rosidl_typesupport_fastrtps_c
[ 78%] Built target custom__rosidl_typesupport_c
[ 78%] Built target custom
[ 80%] Built target custom__py
[ 89%] Built target custom__rosidl_generator_py
[100%] Built target custom__rosidl_typesupport_c__pyext
[100%] Built target custom__rosidl_typesupport_introspection_c__pyext
[100%] Built target custom__rosidl_typesupport_fastrtps_c__pyext
running egg_info
writing custom.egg-info/PKG-INFO
writing dependency_links to custom.egg-info/dependency_links.txt
writing top-level names to custom.egg-info/top_level.txt
reading manifest file 'custom.egg-info/SOURCES.txt'
writing manifest file 'custom.egg-info/SOURCES.txt'
[100%] Built target ament_cmake_python_build_custom_egg
-- Install configuration: ""
-- Up-to-date: /home/kraken/kraken-nano/install/custom/share/ament_index/resource_index/rosidl_interfaces/custom
-- Up-to-date: /home/kraken/kraken-nano/install/custom/include/custom/custom
-- Up-to-date: /home/kraken/kraken-nano/install/custom/include/custom/custom/msg
-- Up-to-date: /home/kraken/kraken-nano/install/custom/include/custom/custom/msg/rosidl_generator_c__visibility_control.h
-- Up-to-date: /home/kraken/kraken-nano/install/custom/include/custom/custom/msg/task.h
-- Up-to-date: /home/kraken/kraken-nano/install/custom/include/custom/custom/msg/detail
-- Up-to-date: /home/kraken/kraken-nano/install/custom/include/custom/custom/msg/detail/pose_e__functions.c
-- Up-to-date: /home/kraken/kraken-nano/install/custom/include/custom/custom/msg/detail/task__functions.c
-- Up-to-date: /home/kraken/kraken-nano/install/custom/include/custom/custom/msg/detail/euler__struct.h
-- Up-to-date: /home/kraken/kraken-nano/install/custom/include/custom/custom/msg/detail/pose_e__functions.h
-- Up-to-date: /home/kraken/kraken-nano/install/custom/include/custom/custom/msg/detail/task__type_support.h
-- Up-to-date: /home/kraken/kraken-nano/install/custom/include/custom/custom/msg/detail/euler__type_support.h
-- Up-to-date: /home/kraken/kraken-nano/install/custom/include/custom/custom/msg/detail/point__struct.h
-- Up-to-date: /home/kraken/kraken-nano/install/custom/include/custom/custom/msg/detail/point__type_support.h
-- Up-to-date: /home/kraken/kraken-nano/install/custom/include/custom/custom/msg/detail/euler__functions.h
-- Up-to-date: /home/kraken/kraken-nano/install/custom/include/custom/custom/msg/detail/task__functions.h
-- Up-to-date: /home/kraken/kraken-nano/install/custom/include/custom/custom/msg/detail/point__functions.c
-- Up-to-date: /home/kraken/kraken-nano/install/custom/include/custom/custom/msg/detail/pose_e__struct.h
-- Up-to-date: /home/kraken/kraken-nano/install/custom/include/custom/custom/msg/detail/point__functions.h
-- Up-to-date: /home/kraken/kraken-nano/install/custom/include/custom/custom/msg/detail/task__struct.h
-- Up-to-date: /home/kraken/kraken-nano/install/custom/include/custom/custom/msg/detail/euler__functions.c
-- Up-to-date: /home/kraken/kraken-nano/install/custom/include/custom/custom/msg/detail/pose_e__type_support.h
-- Up-to-date: /home/kraken/kraken-nano/install/custom/include/custom/custom/msg/point.h
-- Up-to-date: /home/kraken/kraken-nano/install/custom/include/custom/custom/msg/euler.h
-- Up-to-date: /home/kraken/kraken-nano/install/custom/include/custom/custom/msg/pose_e.h
-- Up-to-date: /home/kraken/kraken-nano/install/custom/share/custom/environment/library_path.sh
-- Up-to-date: /home/kraken/kraken-nano/install/custom/share/custom/environment/library_path.dsv
-- Up-to-date: /home/kraken/kraken-nano/install/custom/lib/libcustom__rosidl_generator_c.so
-- Up-to-date: /home/kraken/kraken-nano/install/custom/include/custom/custom
-- Up-to-date: /home/kraken/kraken-nano/install/custom/include/custom/custom/msg
-- Up-to-date: /home/kraken/kraken-nano/install/custom/include/custom/custom/msg/rosidl_typesupport_fastrtps_c__visibility_control.h
-- Up-to-date: /home/kraken/kraken-nano/install/custom/include/custom/custom/msg/detail
-- Up-to-date: /home/kraken/kraken-nano/install/custom/include/custom/custom/msg/detail/point__rosidl_typesupport_fastrtps_c.h
-- Up-to-date: /home/kraken/kraken-nano/install/custom/include/custom/custom/msg/detail/euler__rosidl_typesupport_fastrtps_c.h
-- Up-to-date: /home/kraken/kraken-nano/install/custom/include/custom/custom/msg/detail/pose_e__rosidl_typesupport_fastrtps_c.h
-- Up-to-date: /home/kraken/kraken-nano/install/custom/include/custom/custom/msg/detail/task__rosidl_typesupport_fastrtps_c.h
-- Up-to-date: /home/kraken/kraken-nano/install/custom/lib/libcustom__rosidl_typesupport_fastrtps_c.so
-- Up-to-date: /home/kraken/kraken-nano/install/custom/include/custom/custom
-- Up-to-date: /home/kraken/kraken-nano/install/custom/include/custom/custom/msg
-- Up-to-date: /home/kraken/kraken-nano/install/custom/include/custom/custom/msg/rosidl_typesupport_introspection_c__visibility_control.h
-- Up-to-date: /home/kraken/kraken-nano/install/custom/include/custom/custom/msg/detail
-- Up-to-date: /home/kraken/kraken-nano/install/custom/include/custom/custom/msg/detail/euler__type_support.c
-- Up-to-date: /home/kraken/kraken-nano/install/custom/include/custom/custom/msg/detail/pose_e__rosidl_typesupport_introspection_c.h
-- Up-to-date: /home/kraken/kraken-nano/install/custom/include/custom/custom/msg/detail/task__type_support.c
-- Up-to-date: /home/kraken/kraken-nano/install/custom/include/custom/custom/msg/detail/pose_e__type_support.c
-- Up-to-date: /home/kraken/kraken-nano/install/custom/include/custom/custom/msg/detail/task__rosidl_typesupport_introspection_c.h
-- Up-to-date: /home/kraken/kraken-nano/install/custom/include/custom/custom/msg/detail/point__rosidl_typesupport_introspection_c.h
-- Up-to-date: /home/kraken/kraken-nano/install/custom/include/custom/custom/msg/detail/point__type_support.c
-- Up-to-date: /home/kraken/kraken-nano/install/custom/include/custom/custom/msg/detail/euler__rosidl_typesupport_introspection_c.h
-- Up-to-date: /home/kraken/kraken-nano/install/custom/lib/libcustom__rosidl_typesupport_introspection_c.so
-- Up-to-date: /home/kraken/kraken-nano/install/custom/lib/libcustom__rosidl_typesupport_c.so
-- Up-to-date: /home/kraken/kraken-nano/install/custom/include/custom/custom
-- Up-to-date: /home/kraken/kraken-nano/install/custom/include/custom/custom/msg
-- Up-to-date: /home/kraken/kraken-nano/install/custom/include/custom/custom/msg/pose_e.hpp
-- Up-to-date: /home/kraken/kraken-nano/install/custom/include/custom/custom/msg/euler.hpp
-- Up-to-date: /home/kraken/kraken-nano/install/custom/include/custom/custom/msg/rosidl_generator_cpp__visibility_control.hpp
-- Up-to-date: /home/kraken/kraken-nano/install/custom/include/custom/custom/msg/point.hpp
-- Up-to-date: /home/kraken/kraken-nano/install/custom/include/custom/custom/msg/detail
-- Up-to-date: /home/kraken/kraken-nano/install/custom/include/custom/custom/msg/detail/pose_e__builder.hpp
-- Up-to-date: /home/kraken/kraken-nano/install/custom/include/custom/custom/msg/detail/euler__struct.hpp
-- Up-to-date: /home/kraken/kraken-nano/install/custom/include/custom/custom/msg/detail/point__struct.hpp
-- Up-to-date: /home/kraken/kraken-nano/install/custom/include/custom/custom/msg/detail/euler__type_support.hpp
-- Up-to-date: /home/kraken/kraken-nano/install/custom/include/custom/custom/msg/detail/task__struct.hpp
-- Up-to-date: /home/kraken/kraken-nano/install/custom/include/custom/custom/msg/detail/point__builder.hpp
-- Up-to-date: /home/kraken/kraken-nano/install/custom/include/custom/custom/msg/detail/pose_e__type_support.hpp
-- Up-to-date: /home/kraken/kraken-nano/install/custom/include/custom/custom/msg/detail/task__traits.hpp
-- Up-to-date: /home/kraken/kraken-nano/install/custom/include/custom/custom/msg/detail/point__traits.hpp
-- Up-to-date: /home/kraken/kraken-nano/install/custom/include/custom/custom/msg/detail/task__builder.hpp
-- Up-to-date: /home/kraken/kraken-nano/install/custom/include/custom/custom/msg/detail/euler__traits.hpp
-- Up-to-date: /home/kraken/kraken-nano/install/custom/include/custom/custom/msg/detail/task__type_support.hpp
-- Up-to-date: /home/kraken/kraken-nano/install/custom/include/custom/custom/msg/detail/pose_e__struct.hpp
-- Up-to-date: /home/kraken/kraken-nano/install/custom/include/custom/custom/msg/detail/point__type_support.hpp
-- Up-to-date: /home/kraken/kraken-nano/install/custom/include/custom/custom/msg/detail/euler__builder.hpp
-- Up-to-date: /home/kraken/kraken-nano/install/custom/include/custom/custom/msg/detail/pose_e__traits.hpp
-- Up-to-date: /home/kraken/kraken-nano/install/custom/include/custom/custom/msg/task.hpp
-- Up-to-date: /home/kraken/kraken-nano/install/custom/include/custom/custom
-- Up-to-date: /home/kraken/kraken-nano/install/custom/include/custom/custom/msg
-- Up-to-date: /home/kraken/kraken-nano/install/custom/include/custom/custom/msg/detail
-- Up-to-date: /home/kraken/kraken-nano/install/custom/include/custom/custom/msg/detail/task__rosidl_typesupport_fastrtps_cpp.hpp
-- Up-to-date: /home/kraken/kraken-nano/install/custom/include/custom/custom/msg/detail/pose_e__rosidl_typesupport_fastrtps_cpp.hpp
-- Up-to-date: /home/kraken/kraken-nano/install/custom/include/custom/custom/msg/detail/point__rosidl_typesupport_fastrtps_cpp.hpp
-- Up-to-date: /home/kraken/kraken-nano/install/custom/include/custom/custom/msg/detail/euler__rosidl_typesupport_fastrtps_cpp.hpp
-- Up-to-date: /home/kraken/kraken-nano/install/custom/include/custom/custom/msg/detail/dds_fastrtps
-- Up-to-date: /home/kraken/kraken-nano/install/custom/include/custom/custom/msg/rosidl_typesupport_fastrtps_cpp__visibility_control.h
-- Up-to-date: /home/kraken/kraken-nano/install/custom/lib/libcustom__rosidl_typesupport_fastrtps_cpp.so
-- Up-to-date: /home/kraken/kraken-nano/install/custom/include/custom/custom
-- Up-to-date: /home/kraken/kraken-nano/install/custom/include/custom/custom/msg
-- Up-to-date: /home/kraken/kraken-nano/install/custom/include/custom/custom/msg/detail
-- Up-to-date: /home/kraken/kraken-nano/install/custom/include/custom/custom/msg/detail/point__type_support.cpp
-- Up-to-date: /home/kraken/kraken-nano/install/custom/include/custom/custom/msg/detail/task__rosidl_typesupport_introspection_cpp.hpp
-- Up-to-date: /home/kraken/kraken-nano/install/custom/include/custom/custom/msg/detail/euler__rosidl_typesupport_introspection_cpp.hpp
-- Up-to-date: /home/kraken/kraken-nano/install/custom/include/custom/custom/msg/detail/point__rosidl_typesupport_introspection_cpp.hpp
-- Up-to-date: /home/kraken/kraken-nano/install/custom/include/custom/custom/msg/detail/task__type_support.cpp
-- Up-to-date: /home/kraken/kraken-nano/install/custom/include/custom/custom/msg/detail/euler__type_support.cpp
-- Up-to-date: /home/kraken/kraken-nano/install/custom/include/custom/custom/msg/detail/pose_e__rosidl_typesupport_introspection_cpp.hpp
-- Up-to-date: /home/kraken/kraken-nano/install/custom/include/custom/custom/msg/detail/pose_e__type_support.cpp
-- Up-to-date: /home/kraken/kraken-nano/install/custom/lib/libcustom__rosidl_typesupport_introspection_cpp.so
-- Up-to-date: /home/kraken/kraken-nano/install/custom/lib/libcustom__rosidl_typesupport_cpp.so
-- Up-to-date: /home/kraken/kraken-nano/install/custom/share/custom/environment/pythonpath.sh
-- Up-to-date: /home/kraken/kraken-nano/install/custom/share/custom/environment/pythonpath.dsv
-- Up-to-date: /home/kraken/kraken-nano/install/custom/local/lib/python3.10/dist-packages/custom-0.0.0-py3.10.egg-info
-- Installing: /home/kraken/kraken-nano/install/custom/local/lib/python3.10/dist-packages/custom-0.0.0-py3.10.egg-info/SOURCES.txt
-- Installing: /home/kraken/kraken-nano/install/custom/local/lib/python3.10/dist-packages/custom-0.0.0-py3.10.egg-info/PKG-INFO
-- Installing: /home/kraken/kraken-nano/install/custom/local/lib/python3.10/dist-packages/custom-0.0.0-py3.10.egg-info/dependency_links.txt
-- Installing: /home/kraken/kraken-nano/install/custom/local/lib/python3.10/dist-packages/custom-0.0.0-py3.10.egg-info/top_level.txt
-- Up-to-date: /home/kraken/kraken-nano/install/custom/local/lib/python3.10/dist-packages/custom
-- Up-to-date: /home/kraken/kraken-nano/install/custom/local/lib/python3.10/dist-packages/custom/libcustom__rosidl_generator_py.so
-- Up-to-date: /home/kraken/kraken-nano/install/custom/local/lib/python3.10/dist-packages/custom/_custom_s.ep.rosidl_typesupport_c.c
-- Up-to-date: /home/kraken/kraken-nano/install/custom/local/lib/python3.10/dist-packages/custom/_custom_s.ep.rosidl_typesupport_fastrtps_c.c
-- Up-to-date: /home/kraken/kraken-nano/install/custom/local/lib/python3.10/dist-packages/custom/msg
-- Up-to-date: /home/kraken/kraken-nano/install/custom/local/lib/python3.10/dist-packages/custom/msg/_point_s.c
-- Up-to-date: /home/kraken/kraken-nano/install/custom/local/lib/python3.10/dist-packages/custom/msg/_euler.py
-- Up-to-date: /home/kraken/kraken-nano/install/custom/local/lib/python3.10/dist-packages/custom/msg/_pose_e.py
-- Up-to-date: /home/kraken/kraken-nano/install/custom/local/lib/python3.10/dist-packages/custom/msg/_pose_e_s.c
-- Up-to-date: /home/kraken/kraken-nano/install/custom/local/lib/python3.10/dist-packages/custom/msg/_point.py
-- Up-to-date: /home/kraken/kraken-nano/install/custom/local/lib/python3.10/dist-packages/custom/msg/_task.py
-- Up-to-date: /home/kraken/kraken-nano/install/custom/local/lib/python3.10/dist-packages/custom/msg/_euler_s.c
-- Up-to-date: /home/kraken/kraken-nano/install/custom/local/lib/python3.10/dist-packages/custom/msg/_task_s.c
-- Up-to-date: /home/kraken/kraken-nano/install/custom/local/lib/python3.10/dist-packages/custom/msg/__init__.py
-- Up-to-date: /home/kraken/kraken-nano/install/custom/local/lib/python3.10/dist-packages/custom/custom_s__rosidl_typesupport_c.cpython-310-aarch64-linux-gnu.so
-- Up-to-date: /home/kraken/kraken-nano/install/custom/local/lib/python3.10/dist-packages/custom/custom_s__rosidl_typesupport_introspection_c.cpython-310-aarch64-linux-gnu.so
-- Up-to-date: /home/kraken/kraken-nano/install/custom/local/lib/python3.10/dist-packages/custom/custom_s__rosidl_typesupport_fastrtps_c.cpython-310-aarch64-linux-gnu.so
-- Up-to-date: /home/kraken/kraken-nano/install/custom/local/lib/python3.10/dist-packages/custom/__init__.py
-- Up-to-date: /home/kraken/kraken-nano/install/custom/local/lib/python3.10/dist-packages/custom/_custom_s.ep.rosidl_typesupport_introspection_c.c
Listing '/home/kraken/kraken-nano/install/custom/local/lib/python3.10/dist-packages/custom'...
Listing '/home/kraken/kraken-nano/install/custom/local/lib/python3.10/dist-packages/custom/msg'...
-- Up-to-date: /home/kraken/kraken-nano/install/custom/local/lib/python3.10/dist-packages/custom/custom_s__rosidl_typesupport_fastrtps_c.cpython-310-aarch64-linux-gnu.so
-- Up-to-date: /home/kraken/kraken-nano/install/custom/local/lib/python3.10/dist-packages/custom/custom_s__rosidl_typesupport_introspection_c.cpython-310-aarch64-linux-gnu.so
-- Up-to-date: /home/kraken/kraken-nano/install/custom/local/lib/python3.10/dist-packages/custom/custom_s__rosidl_typesupport_c.cpython-310-aarch64-linux-gnu.so
-- Up-to-date: /home/kraken/kraken-nano/install/custom/lib/libcustom__rosidl_generator_py.so
-- Up-to-date: /home/kraken/kraken-nano/install/custom/share/custom/msg/Task.idl
-- Up-to-date: /home/kraken/kraken-nano/install/custom/share/custom/msg/PoseE.idl
-- Up-to-date: /home/kraken/kraken-nano/install/custom/share/custom/msg/Point.idl
-- Up-to-date: /home/kraken/kraken-nano/install/custom/share/custom/msg/Euler.idl
-- Up-to-date: /home/kraken/kraken-nano/install/custom/share/custom/msg/Task.msg
-- Up-to-date: /home/kraken/kraken-nano/install/custom/share/custom/msg/PoseE.msg
-- Up-to-date: /home/kraken/kraken-nano/install/custom/share/custom/msg/Point.msg
-- Up-to-date: /home/kraken/kraken-nano/install/custom/share/custom/msg/Euler.msg
-- Up-to-date: /home/kraken/kraken-nano/install/custom/share/ament_index/resource_index/package_run_dependencies/custom
-- Up-to-date: /home/kraken/kraken-nano/install/custom/share/ament_index/resource_index/parent_prefix_path/custom
-- Up-to-date: /home/kraken/kraken-nano/install/custom/share/custom/environment/ament_prefix_path.sh
-- Up-to-date: /home/kraken/kraken-nano/install/custom/share/custom/environment/ament_prefix_path.dsv
-- Up-to-date: /home/kraken/kraken-nano/install/custom/share/custom/environment/path.sh
-- Up-to-date: /home/kraken/kraken-nano/install/custom/share/custom/environment/path.dsv
-- Up-to-date: /home/kraken/kraken-nano/install/custom/share/custom/local_setup.bash
-- Up-to-date: /home/kraken/kraken-nano/install/custom/share/custom/local_setup.sh
-- Up-to-date: /home/kraken/kraken-nano/install/custom/share/custom/local_setup.zsh
-- Up-to-date: /home/kraken/kraken-nano/install/custom/share/custom/local_setup.dsv
-- Installing: /home/kraken/kraken-nano/install/custom/share/custom/package.dsv
-- Up-to-date: /home/kraken/kraken-nano/install/custom/share/ament_index/resource_index/packages/custom
-- Up-to-date: /home/kraken/kraken-nano/install/custom/share/custom/cmake/export_custom__rosidl_generator_cExport.cmake
-- Up-to-date: /home/kraken/kraken-nano/install/custom/share/custom/cmake/export_custom__rosidl_generator_cExport-noconfig.cmake
-- Up-to-date: /home/kraken/kraken-nano/install/custom/share/custom/cmake/export_custom__rosidl_typesupport_fastrtps_cExport.cmake
-- Up-to-date: /home/kraken/kraken-nano/install/custom/share/custom/cmake/export_custom__rosidl_typesupport_fastrtps_cExport-noconfig.cmake
-- Up-to-date: /home/kraken/kraken-nano/install/custom/share/custom/cmake/custom__rosidl_typesupport_introspection_cExport.cmake
-- Up-to-date: /home/kraken/kraken-nano/install/custom/share/custom/cmake/custom__rosidl_typesupport_introspection_cExport-noconfig.cmake
-- Up-to-date: /home/kraken/kraken-nano/install/custom/share/custom/cmake/custom__rosidl_typesupport_cExport.cmake
-- Up-to-date: /home/kraken/kraken-nano/install/custom/share/custom/cmake/custom__rosidl_typesupport_cExport-noconfig.cmake
-- Up-to-date: /home/kraken/kraken-nano/install/custom/share/custom/cmake/export_custom__rosidl_generator_cppExport.cmake
-- Up-to-date: /home/kraken/kraken-nano/install/custom/share/custom/cmake/export_custom__rosidl_typesupport_fastrtps_cppExport.cmake
-- Up-to-date: /home/kraken/kraken-nano/install/custom/share/custom/cmake/export_custom__rosidl_typesupport_fastrtps_cppExport-noconfig.cmake
-- Up-to-date: /home/kraken/kraken-nano/install/custom/share/custom/cmake/custom__rosidl_typesupport_introspection_cppExport.cmake
-- Up-to-date: /home/kraken/kraken-nano/install/custom/share/custom/cmake/custom__rosidl_typesupport_introspection_cppExport-noconfig.cmake
-- Up-to-date: /home/kraken/kraken-nano/install/custom/share/custom/cmake/custom__rosidl_typesupport_cppExport.cmake
-- Up-to-date: /home/kraken/kraken-nano/install/custom/share/custom/cmake/custom__rosidl_typesupport_cppExport-noconfig.cmake
-- Up-to-date: /home/kraken/kraken-nano/install/custom/share/custom/cmake/export_custom__rosidl_generator_pyExport.cmake
-- Up-to-date: /home/kraken/kraken-nano/install/custom/share/custom/cmake/export_custom__rosidl_generator_pyExport-noconfig.cmake
-- Up-to-date: /home/kraken/kraken-nano/install/custom/share/custom/cmake/rosidl_cmake-extras.cmake
-- Up-to-date: /home/kraken/kraken-nano/install/custom/share/custom/cmake/ament_cmake_export_include_directories-extras.cmake
-- Up-to-date: /home/kraken/kraken-nano/install/custom/share/custom/cmake/ament_cmake_export_libraries-extras.cmake
-- Up-to-date: /home/kraken/kraken-nano/install/custom/share/custom/cmake/ament_cmake_export_targets-extras.cmake
-- Up-to-date: /home/kraken/kraken-nano/install/custom/share/custom/cmake/rosidl_cmake_export_typesupport_targets-extras.cmake
-- Up-to-date: /home/kraken/kraken-nano/install/custom/share/custom/cmake/ament_cmake_export_dependencies-extras.cmake
-- Up-to-date: /home/kraken/kraken-nano/install/custom/share/custom/cmake/rosidl_cmake_export_typesupport_libraries-extras.cmake
-- Up-to-date: /home/kraken/kraken-nano/install/custom/share/custom/cmake/customConfig.cmake
-- Up-to-date: /home/kraken/kraken-nano/install/custom/share/custom/cmake/customConfig-version.cmake
-- Up-to-date: /home/kraken/kraken-nano/install/custom/share/custom/package.xml
