[0.223s] [34mcolcon[0m [1;30mDEBUG[0m [32mCommand line arguments: ['/usr/bin/colcon', 'build'][0m
[0.224s] [34mcolcon[0m [1;30mDEBUG[0m [32mParsed command line arguments: Namespace(log_base=None, log_level=None, verb_name='build', build_base='build', install_base='install', merge_install=False, symlink_install=False, test_result_base=None, continue_on_error=False, executor='parallel', parallel_workers=6, event_handlers=None, ignore_user_meta=False, metas=['./colcon.meta'], base_paths=['.'], packages_ignore=None, packages_ignore_regex=None, paths=None, packages_up_to=None, packages_up_to_regex=None, packages_above=None, packages_above_and_dependencies=None, packages_above_depth=None, packages_select_by_dep=None, packages_skip_by_dep=None, packages_skip_up_to=None, packages_select_build_failed=False, packages_skip_build_finished=False, packages_select_test_failures=False, packages_skip_test_passed=False, packages_select=None, packages_skip=None, packages_select_regex=None, packages_skip_regex=None, packages_start=None, packages_end=None, allow_overriding=[], cmake_args=None, cmake_target=None, cmake_target_skip_unavailable=False, cmake_clean_cache=False, cmake_clean_first=False, cmake_force_configure=False, ament_cmake_args=None, catkin_cmake_args=None, catkin_skip_building_tests=False, mixin_files=None, mixin=None, verb_parser=<colcon_mixin.mixin.mixin_argument.MixinArgumentDecorator object at 0xffff86b9d510>, verb_extension=<colcon_core.verb.build.BuildVerb object at 0xffff86b9d060>, main=<bound method BuildVerb.main of <colcon_core.verb.build.BuildVerb object at 0xffff86b9d060>>, mixin_verb=('build',))[0m
[0.547s] [34mcolcon.colcon_core.package_discovery[0m [1;30mLevel 1[0m discover_packages(colcon_meta) check parameters
[0.547s] [34mcolcon.colcon_core.package_discovery[0m [1;30mLevel 1[0m discover_packages(recursive) check parameters
[0.548s] [34mcolcon.colcon_core.package_discovery[0m [1;30mLevel 1[0m discover_packages(ignore) check parameters
[0.548s] [34mcolcon.colcon_core.package_discovery[0m [1;30mLevel 1[0m discover_packages(path) check parameters
[0.548s] [34mcolcon.colcon_core.package_discovery[0m [1;30mLevel 1[0m discover_packages(colcon_meta) discover
[0.548s] [34mcolcon.colcon_core.package_discovery[0m [1;30mLevel 1[0m discover_packages(recursive) discover
[0.548s] [34mcolcon.colcon_core.package_discovery[0m [1;30mINFO[0m Crawling recursively for packages in '/home/kraken/kraken-nano/ROS/ws'
[0.548s] [34mcolcon.colcon_core.package_identification[0m [1;30mLevel 1[0m _identify(.) by extensions ['ignore', 'ignore_ament_install']
[0.548s] [34mcolcon.colcon_core.package_identification[0m [1;30mLevel 1[0m _identify(.) by extension 'ignore'
[0.549s] [34mcolcon.colcon_core.package_identification[0m [1;30mLevel 1[0m _identify(.) by extension 'ignore_ament_install'
[0.549s] [34mcolcon.colcon_core.package_identification[0m [1;30mLevel 1[0m _identify(.) by extensions ['colcon_pkg']
[0.549s] [34mcolcon.colcon_core.package_identification[0m [1;30mLevel 1[0m _identify(.) by extension 'colcon_pkg'
[0.549s] [34mcolcon.colcon_core.package_identification[0m [1;30mLevel 1[0m _identify(.) by extensions ['colcon_meta']
[0.549s] [34mcolcon.colcon_core.package_identification[0m [1;30mLevel 1[0m _identify(.) by extension 'colcon_meta'
[0.549s] [34mcolcon.colcon_core.package_identification[0m [1;30mLevel 1[0m _identify(.) by extensions ['ros']
[0.549s] [34mcolcon.colcon_core.package_identification[0m [1;30mLevel 1[0m _identify(.) by extension 'ros'
[0.569s] [34mcolcon.colcon_core.package_identification[0m [1;30mLevel 1[0m _identify(.) by extensions ['cmake', 'python']
[0.569s] [34mcolcon.colcon_core.package_identification[0m [1;30mLevel 1[0m _identify(.) by extension 'cmake'
[0.569s] [34mcolcon.colcon_core.package_identification[0m [1;30mLevel 1[0m _identify(.) by extension 'python'
[0.570s] [34mcolcon.colcon_core.package_identification[0m [1;30mLevel 1[0m _identify(.) by extensions ['python_setup_py']
[0.570s] [34mcolcon.colcon_core.package_identification[0m [1;30mLevel 1[0m _identify(.) by extension 'python_setup_py'
[0.570s] [34mcolcon.colcon_core.package_identification[0m [1;30mLevel 1[0m _identify(build) by extensions ['ignore', 'ignore_ament_install']
[0.570s] [34mcolcon.colcon_core.package_identification[0m [1;30mLevel 1[0m _identify(build) by extension 'ignore'
[0.570s] [34mcolcon.colcon_core.package_identification[0m [1;30mLevel 1[0m _identify(build) ignored
[0.571s] [34mcolcon.colcon_core.package_identification[0m [1;30mLevel 1[0m _identify(install) by extensions ['ignore', 'ignore_ament_install']
[0.571s] [34mcolcon.colcon_core.package_identification[0m [1;30mLevel 1[0m _identify(install) by extension 'ignore'
[0.571s] [34mcolcon.colcon_core.package_identification[0m [1;30mLevel 1[0m _identify(install) ignored
[0.571s] [34mcolcon.colcon_core.package_identification[0m [1;30mLevel 1[0m _identify(log) by extensions ['ignore', 'ignore_ament_install']
[0.571s] [34mcolcon.colcon_core.package_identification[0m [1;30mLevel 1[0m _identify(log) by extension 'ignore'
[0.571s] [34mcolcon.colcon_core.package_identification[0m [1;30mLevel 1[0m _identify(log) ignored
[0.571s] [34mcolcon.colcon_core.package_identification[0m [1;30mLevel 1[0m _identify(src) by extensions ['ignore', 'ignore_ament_install']
[0.572s] [34mcolcon.colcon_core.package_identification[0m [1;30mLevel 1[0m _identify(src) by extension 'ignore'
[0.572s] [34mcolcon.colcon_core.package_identification[0m [1;30mLevel 1[0m _identify(src) by extension 'ignore_ament_install'
[0.572s] [34mcolcon.colcon_core.package_identification[0m [1;30mLevel 1[0m _identify(src) by extensions ['colcon_pkg']
[0.572s] [34mcolcon.colcon_core.package_identification[0m [1;30mLevel 1[0m _identify(src) by extension 'colcon_pkg'
[0.572s] [34mcolcon.colcon_core.package_identification[0m [1;30mLevel 1[0m _identify(src) by extensions ['colcon_meta']
[0.572s] [34mcolcon.colcon_core.package_identification[0m [1;30mLevel 1[0m _identify(src) by extension 'colcon_meta'
[0.572s] [34mcolcon.colcon_core.package_identification[0m [1;30mLevel 1[0m _identify(src) by extensions ['ros']
[0.572s] [34mcolcon.colcon_core.package_identification[0m [1;30mLevel 1[0m _identify(src) by extension 'ros'
[0.572s] [34mcolcon.colcon_core.package_identification[0m [1;30mLevel 1[0m _identify(src) by extensions ['cmake', 'python']
[0.572s] [34mcolcon.colcon_core.package_identification[0m [1;30mLevel 1[0m _identify(src) by extension 'cmake'
[0.572s] [34mcolcon.colcon_core.package_identification[0m [1;30mLevel 1[0m _identify(src) by extension 'python'
[0.573s] [34mcolcon.colcon_core.package_identification[0m [1;30mLevel 1[0m _identify(src) by extensions ['python_setup_py']
[0.573s] [34mcolcon.colcon_core.package_identification[0m [1;30mLevel 1[0m _identify(src) by extension 'python_setup_py'
[0.573s] [34mcolcon.colcon_core.package_identification[0m [1;30mLevel 1[0m _identify(src/build) by extensions ['ignore', 'ignore_ament_install']
[0.573s] [34mcolcon.colcon_core.package_identification[0m [1;30mLevel 1[0m _identify(src/build) by extension 'ignore'
[0.573s] [34mcolcon.colcon_core.package_identification[0m [1;30mLevel 1[0m _identify(src/build) ignored
[0.573s] [34mcolcon.colcon_core.package_identification[0m [1;30mLevel 1[0m _identify(src/custom) by extensions ['ignore', 'ignore_ament_install']
[0.573s] [34mcolcon.colcon_core.package_identification[0m [1;30mLevel 1[0m _identify(src/custom) by extension 'ignore'
[0.573s] [34mcolcon.colcon_core.package_identification[0m [1;30mLevel 1[0m _identify(src/custom) by extension 'ignore_ament_install'
[0.574s] [34mcolcon.colcon_core.package_identification[0m [1;30mLevel 1[0m _identify(src/custom) by extensions ['colcon_pkg']
[0.574s] [34mcolcon.colcon_core.package_identification[0m [1;30mLevel 1[0m _identify(src/custom) by extension 'colcon_pkg'
[0.574s] [34mcolcon.colcon_core.package_identification[0m [1;30mLevel 1[0m _identify(src/custom) by extensions ['colcon_meta']
[0.574s] [34mcolcon.colcon_core.package_identification[0m [1;30mLevel 1[0m _identify(src/custom) by extension 'colcon_meta'
[0.574s] [34mcolcon.colcon_core.package_identification[0m [1;30mLevel 1[0m _identify(src/custom) by extensions ['ros']
[0.574s] [34mcolcon.colcon_core.package_identification[0m [1;30mLevel 1[0m _identify(src/custom) by extension 'ros'
[0.578s] [34mcolcon.colcon_core.package_identification[0m [1;30mDEBUG[0m [32mPackage 'src/custom' with type 'ros.ament_cmake' and name 'custom'[0m
[0.579s] [34mcolcon.colcon_core.package_identification[0m [1;30mLevel 1[0m _identify(src/install) by extensions ['ignore', 'ignore_ament_install']
[0.579s] [34mcolcon.colcon_core.package_identification[0m [1;30mLevel 1[0m _identify(src/install) by extension 'ignore'
[0.579s] [34mcolcon.colcon_core.package_identification[0m [1;30mLevel 1[0m _identify(src/install) ignored
[0.579s] [34mcolcon.colcon_core.package_identification[0m [1;30mLevel 1[0m _identify(src/kraken) by extensions ['ignore', 'ignore_ament_install']
[0.579s] [34mcolcon.colcon_core.package_identification[0m [1;30mLevel 1[0m _identify(src/kraken) by extension 'ignore'
[0.579s] [34mcolcon.colcon_core.package_identification[0m [1;30mLevel 1[0m _identify(src/kraken) by extension 'ignore_ament_install'
[0.579s] [34mcolcon.colcon_core.package_identification[0m [1;30mLevel 1[0m _identify(src/kraken) by extensions ['colcon_pkg']
[0.579s] [34mcolcon.colcon_core.package_identification[0m [1;30mLevel 1[0m _identify(src/kraken) by extension 'colcon_pkg'
[0.580s] [34mcolcon.colcon_core.package_identification[0m [1;30mLevel 1[0m _identify(src/kraken) by extensions ['colcon_meta']
[0.580s] [34mcolcon.colcon_core.package_identification[0m [1;30mLevel 1[0m _identify(src/kraken) by extension 'colcon_meta'
[0.580s] [34mcolcon.colcon_core.package_identification[0m [1;30mLevel 1[0m _identify(src/kraken) by extensions ['ros']
[0.580s] [34mcolcon.colcon_core.package_identification[0m [1;30mLevel 1[0m _identify(src/kraken) by extension 'ros'
[0.581s] [34mcolcon.colcon_core.package_identification[0m [1;30mDEBUG[0m [32mPackage 'src/kraken' with type 'ros.ament_python' and name 'kraken'[0m
[0.581s] [34mcolcon.colcon_core.package_identification[0m [1;30mLevel 1[0m _identify(src/log) by extensions ['ignore', 'ignore_ament_install']
[0.581s] [34mcolcon.colcon_core.package_identification[0m [1;30mLevel 1[0m _identify(src/log) by extension 'ignore'
[0.582s] [34mcolcon.colcon_core.package_identification[0m [1;30mLevel 1[0m _identify(src/log) ignored
[0.582s] [34mcolcon.colcon_core.package_discovery[0m [1;30mLevel 1[0m discover_packages(recursive) using defaults
[0.582s] [34mcolcon.colcon_core.package_discovery[0m [1;30mLevel 1[0m discover_packages(ignore) discover
[0.582s] [34mcolcon.colcon_core.package_discovery[0m [1;30mLevel 1[0m discover_packages(ignore) using defaults
[0.582s] [34mcolcon.colcon_core.package_discovery[0m [1;30mLevel 1[0m discover_packages(path) discover
[0.582s] [34mcolcon.colcon_core.package_discovery[0m [1;30mLevel 1[0m discover_packages(path) using defaults
[0.640s] [34mcolcon.colcon_core.package_discovery[0m [1;30mLevel 1[0m discover_packages(prefix_path) check parameters
[0.640s] [34mcolcon.colcon_core.package_discovery[0m [1;30mLevel 1[0m discover_packages(prefix_path) discover
[0.643s] [34mcolcon.colcon_installed_package_information.package_discovery[0m [1;30mDEBUG[0m [32mFound 2 installed packages in /home/kraken/kraken-nano/ROS/ws/install[0m
[0.644s] [34mcolcon.colcon_installed_package_information.package_discovery[0m [1;30mDEBUG[0m [32mFound 2 installed packages in /home/kraken/kraken-nano/install[0m
[0.647s] [34mcolcon.colcon_installed_package_information.package_discovery[0m [1;30mDEBUG[0m [32mFound 271 installed packages in /opt/ros/humble[0m
[0.649s] [34mcolcon.colcon_core.package_discovery[0m [1;30mLevel 1[0m discover_packages(prefix_path) using defaults
[0.714s] [34mcolcon.colcon_core.verb[0m [1;30mLevel 5[0m set package 'custom' build argument 'cmake_args' from command line to 'None'
[0.714s] [34mcolcon.colcon_core.verb[0m [1;30mLevel 5[0m set package 'custom' build argument 'cmake_target' from command line to 'None'
[0.714s] [34mcolcon.colcon_core.verb[0m [1;30mLevel 5[0m set package 'custom' build argument 'cmake_target_skip_unavailable' from command line to 'False'
[0.714s] [34mcolcon.colcon_core.verb[0m [1;30mLevel 5[0m set package 'custom' build argument 'cmake_clean_cache' from command line to 'False'
[0.714s] [34mcolcon.colcon_core.verb[0m [1;30mLevel 5[0m set package 'custom' build argument 'cmake_clean_first' from command line to 'False'
[0.714s] [34mcolcon.colcon_core.verb[0m [1;30mLevel 5[0m set package 'custom' build argument 'cmake_force_configure' from command line to 'False'
[0.714s] [34mcolcon.colcon_core.verb[0m [1;30mLevel 5[0m set package 'custom' build argument 'ament_cmake_args' from command line to 'None'
[0.714s] [34mcolcon.colcon_core.verb[0m [1;30mLevel 5[0m set package 'custom' build argument 'catkin_cmake_args' from command line to 'None'
[0.714s] [34mcolcon.colcon_core.verb[0m [1;30mLevel 5[0m set package 'custom' build argument 'catkin_skip_building_tests' from command line to 'False'
[0.714s] [34mcolcon.colcon_core.verb[0m [1;30mDEBUG[0m [32mBuilding package 'custom' with the following arguments: {'ament_cmake_args': None, 'build_base': '/home/kraken/kraken-nano/ROS/ws/build/custom', 'catkin_cmake_args': None, 'catkin_skip_building_tests': False, 'cmake_args': None, 'cmake_clean_cache': False, 'cmake_clean_first': False, 'cmake_force_configure': False, 'cmake_target': None, 'cmake_target_skip_unavailable': False, 'install_base': '/home/kraken/kraken-nano/ROS/ws/install/custom', 'merge_install': False, 'path': '/home/kraken/kraken-nano/ROS/ws/src/custom', 'symlink_install': False, 'test_result_base': None}[0m
[0.715s] [34mcolcon.colcon_core.verb[0m [1;30mLevel 5[0m set package 'kraken' build argument 'cmake_args' from command line to 'None'
[0.715s] [34mcolcon.colcon_core.verb[0m [1;30mLevel 5[0m set package 'kraken' build argument 'cmake_target' from command line to 'None'
[0.715s] [34mcolcon.colcon_core.verb[0m [1;30mLevel 5[0m set package 'kraken' build argument 'cmake_target_skip_unavailable' from command line to 'False'
[0.715s] [34mcolcon.colcon_core.verb[0m [1;30mLevel 5[0m set package 'kraken' build argument 'cmake_clean_cache' from command line to 'False'
[0.715s] [34mcolcon.colcon_core.verb[0m [1;30mLevel 5[0m set package 'kraken' build argument 'cmake_clean_first' from command line to 'False'
[0.715s] [34mcolcon.colcon_core.verb[0m [1;30mLevel 5[0m set package 'kraken' build argument 'cmake_force_configure' from command line to 'False'
[0.715s] [34mcolcon.colcon_core.verb[0m [1;30mLevel 5[0m set package 'kraken' build argument 'ament_cmake_args' from command line to 'None'
[0.715s] [34mcolcon.colcon_core.verb[0m [1;30mLevel 5[0m set package 'kraken' build argument 'catkin_cmake_args' from command line to 'None'
[0.715s] [34mcolcon.colcon_core.verb[0m [1;30mLevel 5[0m set package 'kraken' build argument 'catkin_skip_building_tests' from command line to 'False'
[0.715s] [34mcolcon.colcon_core.verb[0m [1;30mDEBUG[0m [32mBuilding package 'kraken' with the following arguments: {'ament_cmake_args': None, 'build_base': '/home/kraken/kraken-nano/ROS/ws/build/kraken', 'catkin_cmake_args': None, 'catkin_skip_building_tests': False, 'cmake_args': None, 'cmake_clean_cache': False, 'cmake_clean_first': False, 'cmake_force_configure': False, 'cmake_target': None, 'cmake_target_skip_unavailable': False, 'install_base': '/home/kraken/kraken-nano/ROS/ws/install/kraken', 'merge_install': False, 'path': '/home/kraken/kraken-nano/ROS/ws/src/kraken', 'symlink_install': False, 'test_result_base': None}[0m
[0.716s] [34mcolcon.colcon_core.executor[0m [1;30mINFO[0m Executing jobs using 'parallel' executor
[0.718s] [34mcolcon.colcon_parallel_executor.executor.parallel[0m [1;30mDEBUG[0m [32mrun_until_complete[0m
[0.718s] [34mcolcon.colcon_ros.task.ament_cmake.build[0m [1;30mINFO[0m Building ROS package in '/home/kraken/kraken-nano/ROS/ws/src/custom' with build type 'ament_cmake'
[0.719s] [34mcolcon.colcon_cmake.task.cmake.build[0m [1;30mINFO[0m Building CMake package in '/home/kraken/kraken-nano/ROS/ws/src/custom'
[0.722s] [34mcolcon.colcon_core.plugin_system[0m [1;30mINFO[0m Skipping extension 'colcon_core.shell.bat': Not used on non-Windows systems
[0.722s] [34mcolcon.colcon_core.shell[0m [1;30mINFO[0m Skip shell extension 'powershell' for command environment: Not usable outside of PowerShell
[0.723s] [34mcolcon.colcon_core.shell[0m [1;30mDEBUG[0m [32mSkip shell extension 'dsv' for command environment[0m
[0.737s] [34mcolcon.colcon_core.event_handler.log_command[0m [1;30mDEBUG[0m [32mInvoking command in '/home/kraken/kraken-nano/ROS/ws/build/custom': CMAKE_PREFIX_PATH=${CMAKE_PREFIX_PATH}:/home/kraken/kraken-nano/ROS/ws/install/kraken:/home/kraken/kraken-nano/install/kraken:/opt/ros/humble /usr/bin/cmake --build /home/kraken/kraken-nano/ROS/ws/build/custom -- -j6 -l6[0m
[1.453s] [34mcolcon.colcon_core.event_handler.log_command[0m [1;30mDEBUG[0m [32mInvoked command in '/home/kraken/kraken-nano/ROS/ws/build/custom' returned '0': CMAKE_PREFIX_PATH=${CMAKE_PREFIX_PATH}:/home/kraken/kraken-nano/ROS/ws/install/kraken:/home/kraken/kraken-nano/install/kraken:/opt/ros/humble /usr/bin/cmake --build /home/kraken/kraken-nano/ROS/ws/build/custom -- -j6 -l6[0m
[1.471s] [34mcolcon.colcon_core.event_handler.log_command[0m [1;30mDEBUG[0m [32mInvoking command in '/home/kraken/kraken-nano/ROS/ws/build/custom': CMAKE_PREFIX_PATH=${CMAKE_PREFIX_PATH}:/home/kraken/kraken-nano/ROS/ws/install/kraken:/home/kraken/kraken-nano/install/kraken:/opt/ros/humble /usr/bin/cmake --install /home/kraken/kraken-nano/ROS/ws/build/custom[0m
[1.573s] [34mcolcon.colcon_core.environment[0m [1;30mLevel 1[0m create_environment_scripts_only(custom)
[1.574s] [34mcolcon.colcon_core.event_handler.log_command[0m [1;30mDEBUG[0m [32mInvoked command in '/home/kraken/kraken-nano/ROS/ws/build/custom' returned '0': CMAKE_PREFIX_PATH=${CMAKE_PREFIX_PATH}:/home/kraken/kraken-nano/ROS/ws/install/kraken:/home/kraken/kraken-nano/install/kraken:/opt/ros/humble /usr/bin/cmake --install /home/kraken/kraken-nano/ROS/ws/build/custom[0m
[1.578s] [34mcolcon.colcon_core.environment[0m [1;30mLevel 1[0m checking '/home/kraken/kraken-nano/ROS/ws/install/custom' for CMake module files
[1.579s] [34mcolcon.colcon_core.environment[0m [1;30mLevel 1[0m checking '/home/kraken/kraken-nano/ROS/ws/install/custom' for CMake config files
[1.581s] [34mcolcon.colcon_core.shell[0m [1;30mLevel 1[0m create_environment_hook('custom', 'cmake_prefix_path')
[1.581s] [34mcolcon.colcon_core.shell[0m [1;30mINFO[0m Creating environment hook '/home/kraken/kraken-nano/ROS/ws/install/custom/share/custom/hook/cmake_prefix_path.ps1'
[1.582s] [34mcolcon.colcon_core.shell[0m [1;30mINFO[0m Creating environment descriptor '/home/kraken/kraken-nano/ROS/ws/install/custom/share/custom/hook/cmake_prefix_path.dsv'
[1.583s] [34mcolcon.colcon_core.shell[0m [1;30mINFO[0m Creating environment hook '/home/kraken/kraken-nano/ROS/ws/install/custom/share/custom/hook/cmake_prefix_path.sh'
[1.585s] [34mcolcon.colcon_core.environment[0m [1;30mLevel 1[0m checking '/home/kraken/kraken-nano/ROS/ws/install/custom/lib'
[1.585s] [34mcolcon.colcon_core.shell[0m [1;30mLevel 1[0m create_environment_hook('custom', 'ld_library_path_lib')
[1.586s] [34mcolcon.colcon_core.shell[0m [1;30mINFO[0m Creating environment hook '/home/kraken/kraken-nano/ROS/ws/install/custom/share/custom/hook/ld_library_path_lib.ps1'
[1.587s] [34mcolcon.colcon_core.shell[0m [1;30mINFO[0m Creating environment descriptor '/home/kraken/kraken-nano/ROS/ws/install/custom/share/custom/hook/ld_library_path_lib.dsv'
[1.587s] [34mcolcon.colcon_core.shell[0m [1;30mINFO[0m Creating environment hook '/home/kraken/kraken-nano/ROS/ws/install/custom/share/custom/hook/ld_library_path_lib.sh'
[1.588s] [34mcolcon.colcon_core.environment[0m [1;30mLevel 1[0m checking '/home/kraken/kraken-nano/ROS/ws/install/custom/bin'
[1.588s] [34mcolcon.colcon_core.environment[0m [1;30mLevel 1[0m checking '/home/kraken/kraken-nano/ROS/ws/install/custom/lib/pkgconfig/custom.pc'
[1.589s] [34mcolcon.colcon_core.environment[0m [1;30mLevel 1[0m checking '/home/kraken/kraken-nano/ROS/ws/install/custom/lib/python3.10/site-packages'
[1.589s] [34mcolcon.colcon_core.environment[0m [1;30mLevel 1[0m checking '/home/kraken/kraken-nano/ROS/ws/install/custom/bin'
[1.590s] [34mcolcon.colcon_core.shell[0m [1;30mINFO[0m Creating package script '/home/kraken/kraken-nano/ROS/ws/install/custom/share/custom/package.ps1'
[1.591s] [34mcolcon.colcon_core.shell[0m [1;30mINFO[0m Creating package descriptor '/home/kraken/kraken-nano/ROS/ws/install/custom/share/custom/package.dsv'
[1.592s] [34mcolcon.colcon_core.shell[0m [1;30mINFO[0m Creating package script '/home/kraken/kraken-nano/ROS/ws/install/custom/share/custom/package.sh'
[1.593s] [34mcolcon.colcon_core.shell[0m [1;30mINFO[0m Creating package script '/home/kraken/kraken-nano/ROS/ws/install/custom/share/custom/package.bash'
[1.595s] [34mcolcon.colcon_core.shell[0m [1;30mINFO[0m Creating package script '/home/kraken/kraken-nano/ROS/ws/install/custom/share/custom/package.zsh'
[1.596s] [34mcolcon.colcon_core.environment[0m [1;30mLevel 1[0m create_file_with_runtime_dependencies(/home/kraken/kraken-nano/ROS/ws/install/custom/share/colcon-core/packages/custom)
[1.597s] [34mcolcon.colcon_core.environment[0m [1;30mLevel 1[0m create_environment_scripts_only(custom)
[1.598s] [34mcolcon.colcon_core.environment[0m [1;30mLevel 1[0m checking '/home/kraken/kraken-nano/ROS/ws/install/custom' for CMake module files
[1.599s] [34mcolcon.colcon_core.environment[0m [1;30mLevel 1[0m checking '/home/kraken/kraken-nano/ROS/ws/install/custom' for CMake config files
[1.600s] [34mcolcon.colcon_core.shell[0m [1;30mLevel 1[0m create_environment_hook('custom', 'cmake_prefix_path')
[1.600s] [34mcolcon.colcon_core.shell[0m [1;30mINFO[0m Creating environment hook '/home/kraken/kraken-nano/ROS/ws/install/custom/share/custom/hook/cmake_prefix_path.ps1'
[1.601s] [34mcolcon.colcon_core.shell[0m [1;30mINFO[0m Creating environment descriptor '/home/kraken/kraken-nano/ROS/ws/install/custom/share/custom/hook/cmake_prefix_path.dsv'
[1.602s] [34mcolcon.colcon_core.shell[0m [1;30mINFO[0m Creating environment hook '/home/kraken/kraken-nano/ROS/ws/install/custom/share/custom/hook/cmake_prefix_path.sh'
[1.603s] [34mcolcon.colcon_core.environment[0m [1;30mLevel 1[0m checking '/home/kraken/kraken-nano/ROS/ws/install/custom/lib'
[1.603s] [34mcolcon.colcon_core.shell[0m [1;30mLevel 1[0m create_environment_hook('custom', 'ld_library_path_lib')
[1.604s] [34mcolcon.colcon_core.shell[0m [1;30mINFO[0m Creating environment hook '/home/kraken/kraken-nano/ROS/ws/install/custom/share/custom/hook/ld_library_path_lib.ps1'
[1.604s] [34mcolcon.colcon_core.shell[0m [1;30mINFO[0m Creating environment descriptor '/home/kraken/kraken-nano/ROS/ws/install/custom/share/custom/hook/ld_library_path_lib.dsv'
[1.605s] [34mcolcon.colcon_core.shell[0m [1;30mINFO[0m Creating environment hook '/home/kraken/kraken-nano/ROS/ws/install/custom/share/custom/hook/ld_library_path_lib.sh'
[1.606s] [34mcolcon.colcon_core.environment[0m [1;30mLevel 1[0m checking '/home/kraken/kraken-nano/ROS/ws/install/custom/bin'
[1.606s] [34mcolcon.colcon_core.environment[0m [1;30mLevel 1[0m checking '/home/kraken/kraken-nano/ROS/ws/install/custom/lib/pkgconfig/custom.pc'
[1.606s] [34mcolcon.colcon_core.environment[0m [1;30mLevel 1[0m checking '/home/kraken/kraken-nano/ROS/ws/install/custom/lib/python3.10/site-packages'
[1.607s] [34mcolcon.colcon_core.environment[0m [1;30mLevel 1[0m checking '/home/kraken/kraken-nano/ROS/ws/install/custom/bin'
[1.607s] [34mcolcon.colcon_core.shell[0m [1;30mINFO[0m Creating package script '/home/kraken/kraken-nano/ROS/ws/install/custom/share/custom/package.ps1'
[1.608s] [34mcolcon.colcon_core.shell[0m [1;30mINFO[0m Creating package descriptor '/home/kraken/kraken-nano/ROS/ws/install/custom/share/custom/package.dsv'
[1.609s] [34mcolcon.colcon_core.shell[0m [1;30mINFO[0m Creating package script '/home/kraken/kraken-nano/ROS/ws/install/custom/share/custom/package.sh'
[1.610s] [34mcolcon.colcon_core.shell[0m [1;30mINFO[0m Creating package script '/home/kraken/kraken-nano/ROS/ws/install/custom/share/custom/package.bash'
[1.611s] [34mcolcon.colcon_core.shell[0m [1;30mINFO[0m Creating package script '/home/kraken/kraken-nano/ROS/ws/install/custom/share/custom/package.zsh'
[1.612s] [34mcolcon.colcon_core.environment[0m [1;30mLevel 1[0m create_file_with_runtime_dependencies(/home/kraken/kraken-nano/ROS/ws/install/custom/share/colcon-core/packages/custom)
[1.613s] [34mcolcon.colcon_ros.task.ament_python.build[0m [1;30mINFO[0m Building ROS package in '/home/kraken/kraken-nano/ROS/ws/src/kraken' with build type 'ament_python'
[1.613s] [34mcolcon.colcon_core.shell[0m [1;30mLevel 1[0m create_environment_hook('kraken', 'ament_prefix_path')
[1.614s] [34mcolcon.colcon_core.shell[0m [1;30mINFO[0m Creating environment hook '/home/kraken/kraken-nano/ROS/ws/install/kraken/share/kraken/hook/ament_prefix_path.ps1'
[1.615s] [34mcolcon.colcon_core.shell[0m [1;30mINFO[0m Creating environment descriptor '/home/kraken/kraken-nano/ROS/ws/install/kraken/share/kraken/hook/ament_prefix_path.dsv'
[1.616s] [34mcolcon.colcon_core.shell[0m [1;30mINFO[0m Creating environment hook '/home/kraken/kraken-nano/ROS/ws/install/kraken/share/kraken/hook/ament_prefix_path.sh'
[1.617s] [34mcolcon.colcon_core.shell[0m [1;30mINFO[0m Skip shell extension 'powershell' for command environment: Not usable outside of PowerShell
[1.617s] [34mcolcon.colcon_core.shell[0m [1;30mDEBUG[0m [32mSkip shell extension 'dsv' for command environment[0m
[2.148s] [34mcolcon.colcon_core.task.python.build[0m [1;30mINFO[0m Building Python package in '/home/kraken/kraken-nano/ROS/ws/src/kraken'
[2.149s] [34mcolcon.colcon_core.shell[0m [1;30mINFO[0m Skip shell extension 'powershell' for command environment: Not usable outside of PowerShell
[2.149s] [34mcolcon.colcon_core.shell[0m [1;30mDEBUG[0m [32mSkip shell extension 'dsv' for command environment[0m
[2.823s] [34mcolcon.colcon_core.event_handler.log_command[0m [1;30mDEBUG[0m [32mInvoking command in '/home/kraken/kraken-nano/ROS/ws/src/kraken': PYTHONPATH=/home/kraken/kraken-nano/ROS/ws/build/kraken/prefix_override:/usr/lib/python3/dist-packages/colcon_core/task/python/colcon_distutils_commands:/home/kraken/kraken-nano/ROS/ws/install/kraken/lib/python3.10/site-packages:${PYTHONPATH} /usr/bin/python3 -W ignore:setup.py install is deprecated -W ignore:easy_install command is deprecated setup.py egg_info --egg-base ../../build/kraken build --build-base /home/kraken/kraken-nano/ROS/ws/build/kraken/build install --record /home/kraken/kraken-nano/ROS/ws/build/kraken/install.log --single-version-externally-managed install_data[0m
[3.420s] [34mcolcon.colcon_core.environment[0m [1;30mLevel 1[0m checking '/home/kraken/kraken-nano/ROS/ws/install/kraken' for CMake module files
[3.421s] [34mcolcon.colcon_core.event_handler.log_command[0m [1;30mDEBUG[0m [32mInvoked command in '/home/kraken/kraken-nano/ROS/ws/src/kraken' returned '0': PYTHONPATH=/home/kraken/kraken-nano/ROS/ws/build/kraken/prefix_override:/usr/lib/python3/dist-packages/colcon_core/task/python/colcon_distutils_commands:/home/kraken/kraken-nano/ROS/ws/install/kraken/lib/python3.10/site-packages:${PYTHONPATH} /usr/bin/python3 -W ignore:setup.py install is deprecated -W ignore:easy_install command is deprecated setup.py egg_info --egg-base ../../build/kraken build --build-base /home/kraken/kraken-nano/ROS/ws/build/kraken/build install --record /home/kraken/kraken-nano/ROS/ws/build/kraken/install.log --single-version-externally-managed install_data[0m
[3.423s] [34mcolcon.colcon_core.environment[0m [1;30mLevel 1[0m checking '/home/kraken/kraken-nano/ROS/ws/install/kraken' for CMake config files
[3.425s] [34mcolcon.colcon_core.environment[0m [1;30mLevel 1[0m checking '/home/kraken/kraken-nano/ROS/ws/install/kraken/lib'
[3.425s] [34mcolcon.colcon_core.environment[0m [1;30mLevel 1[0m checking '/home/kraken/kraken-nano/ROS/ws/install/kraken/bin'
[3.426s] [34mcolcon.colcon_core.environment[0m [1;30mLevel 1[0m checking '/home/kraken/kraken-nano/ROS/ws/install/kraken/lib/pkgconfig/kraken.pc'
[3.427s] [34mcolcon.colcon_core.environment[0m [1;30mLevel 1[0m checking '/home/kraken/kraken-nano/ROS/ws/install/kraken/lib/python3.10/site-packages'
[3.427s] [34mcolcon.colcon_core.shell[0m [1;30mLevel 1[0m create_environment_hook('kraken', 'pythonpath')
[3.428s] [34mcolcon.colcon_core.shell[0m [1;30mINFO[0m Creating environment hook '/home/kraken/kraken-nano/ROS/ws/install/kraken/share/kraken/hook/pythonpath.ps1'
[3.432s] [34mcolcon.colcon_core.shell[0m [1;30mINFO[0m Creating environment descriptor '/home/kraken/kraken-nano/ROS/ws/install/kraken/share/kraken/hook/pythonpath.dsv'
[3.435s] [34mcolcon.colcon_core.shell[0m [1;30mINFO[0m Creating environment hook '/home/kraken/kraken-nano/ROS/ws/install/kraken/share/kraken/hook/pythonpath.sh'
[3.437s] [34mcolcon.colcon_core.environment[0m [1;30mLevel 1[0m checking '/home/kraken/kraken-nano/ROS/ws/install/kraken/bin'
[3.438s] [34mcolcon.colcon_core.environment[0m [1;30mLevel 1[0m create_environment_scripts_only(kraken)
[3.440s] [34mcolcon.colcon_core.shell[0m [1;30mINFO[0m Creating package script '/home/kraken/kraken-nano/ROS/ws/install/kraken/share/kraken/package.ps1'
[3.443s] [34mcolcon.colcon_core.shell[0m [1;30mINFO[0m Creating package descriptor '/home/kraken/kraken-nano/ROS/ws/install/kraken/share/kraken/package.dsv'
[3.445s] [34mcolcon.colcon_core.shell[0m [1;30mINFO[0m Creating package script '/home/kraken/kraken-nano/ROS/ws/install/kraken/share/kraken/package.sh'
[3.447s] [34mcolcon.colcon_core.shell[0m [1;30mINFO[0m Creating package script '/home/kraken/kraken-nano/ROS/ws/install/kraken/share/kraken/package.bash'
[3.449s] [34mcolcon.colcon_core.shell[0m [1;30mINFO[0m Creating package script '/home/kraken/kraken-nano/ROS/ws/install/kraken/share/kraken/package.zsh'
[3.451s] [34mcolcon.colcon_core.environment[0m [1;30mLevel 1[0m create_file_with_runtime_dependencies(/home/kraken/kraken-nano/ROS/ws/install/kraken/share/colcon-core/packages/kraken)
[3.453s] [34mcolcon.colcon_parallel_executor.executor.parallel[0m [1;30mDEBUG[0m [32mclosing loop[0m
[3.454s] [34mcolcon.colcon_parallel_executor.executor.parallel[0m [1;30mDEBUG[0m [32mloop closed[0m
[3.456s] [34mcolcon.colcon_parallel_executor.executor.parallel[0m [1;30mDEBUG[0m [32mrun_until_complete finished with '0'[0m
[3.456s] [34mcolcon.colcon_core.event_reactor[0m [1;30mDEBUG[0m [32mjoining thread[0m
[3.488s] [34mcolcon.colcon_core.plugin_system[0m [1;30mINFO[0m Skipping extension 'colcon_notification.desktop_notification.terminal_notifier': Not used on non-Darwin systems
[3.489s] [34mcolcon.colcon_core.plugin_system[0m [1;30mINFO[0m Skipping extension 'colcon_notification.desktop_notification.win32': Not used on non-Windows systems
[3.489s] [34mcolcon.colcon_notification.desktop_notification[0m [1;30mINFO[0m Sending desktop notification using 'notify2'
[3.529s] [34mcolcon.colcon_notification.desktop_notification.notify2[0m [1;30mDEBUG[0m [32mFailed to initialize notify2: org.freedesktop.DBus.Error.Spawn.ChildExited: Process org.freedesktop.Notifications exited with status 1[0m
[3.529s] [34mcolcon.colcon_core.event_reactor[0m [1;30mDEBUG[0m [32mjoined thread[0m
[3.530s] [34mcolcon.colcon_core.shell[0m [1;30mINFO[0m Creating prefix script '/home/kraken/kraken-nano/ROS/ws/install/local_setup.ps1'
[3.534s] [34mcolcon.colcon_core.shell[0m [1;30mINFO[0m Creating prefix util module '/home/kraken/kraken-nano/ROS/ws/install/_local_setup_util_ps1.py'
[3.541s] [34mcolcon.colcon_core.shell[0m [1;30mINFO[0m Creating prefix chain script '/home/kraken/kraken-nano/ROS/ws/install/setup.ps1'
[3.547s] [34mcolcon.colcon_core.shell[0m [1;30mINFO[0m Creating prefix script '/home/kraken/kraken-nano/ROS/ws/install/local_setup.sh'
[3.550s] [34mcolcon.colcon_core.shell[0m [1;30mINFO[0m Creating prefix util module '/home/kraken/kraken-nano/ROS/ws/install/_local_setup_util_sh.py'
[3.552s] [34mcolcon.colcon_core.shell[0m [1;30mINFO[0m Creating prefix chain script '/home/kraken/kraken-nano/ROS/ws/install/setup.sh'
[3.557s] [34mcolcon.colcon_core.shell[0m [1;30mINFO[0m Creating prefix script '/home/kraken/kraken-nano/ROS/ws/install/local_setup.bash'
[3.559s] [34mcolcon.colcon_core.shell[0m [1;30mINFO[0m Creating prefix chain script '/home/kraken/kraken-nano/ROS/ws/install/setup.bash'
[3.564s] [34mcolcon.colcon_core.shell[0m [1;30mINFO[0m Creating prefix script '/home/kraken/kraken-nano/ROS/ws/install/local_setup.zsh'
[3.566s] [34mcolcon.colcon_core.shell[0m [1;30mINFO[0m Creating prefix chain script '/home/kraken/kraken-nano/ROS/ws/install/setup.zsh'
