[0.219s] [34mcolcon[0m [1;30mDEBUG[0m [32mCommand line arguments: ['/usr/bin/colcon', 'build'][0m
[0.219s] [34mcolcon[0m [1;30mDEBUG[0m [32mParsed command line arguments: Namespace(log_base=None, log_level=None, verb_name='build', build_base='build', install_base='install', merge_install=False, symlink_install=False, test_result_base=None, continue_on_error=False, executor='parallel', parallel_workers=6, event_handlers=None, ignore_user_meta=False, metas=['./colcon.meta'], base_paths=['.'], packages_ignore=None, packages_ignore_regex=None, paths=None, packages_up_to=None, packages_up_to_regex=None, packages_above=None, packages_above_and_dependencies=None, packages_above_depth=None, packages_select_by_dep=None, packages_skip_by_dep=None, packages_skip_up_to=None, packages_select_build_failed=False, packages_skip_build_finished=False, packages_select_test_failures=False, packages_skip_test_passed=False, packages_select=None, packages_skip=None, packages_select_regex=None, packages_skip_regex=None, packages_start=None, packages_end=None, allow_overriding=[], cmake_args=None, cmake_target=None, cmake_target_skip_unavailable=False, cmake_clean_cache=False, cmake_clean_first=False, cmake_force_configure=False, ament_cmake_args=None, catkin_cmake_args=None, catkin_skip_building_tests=False, mixin_files=None, mixin=None, verb_parser=<colcon_mixin.mixin.mixin_argument.MixinArgumentDecorator object at 0xffff86674a00>, verb_extension=<colcon_core.verb.build.BuildVerb object at 0xffff86674550>, main=<bound method BuildVerb.main of <colcon_core.verb.build.BuildVerb object at 0xffff86674550>>, mixin_verb=('build',))[0m
[0.541s] [34mcolcon.colcon_core.package_discovery[0m [1;30mLevel 1[0m discover_packages(colcon_meta) check parameters
[0.542s] [34mcolcon.colcon_core.package_discovery[0m [1;30mLevel 1[0m discover_packages(recursive) check parameters
[0.542s] [34mcolcon.colcon_core.package_discovery[0m [1;30mLevel 1[0m discover_packages(ignore) check parameters
[0.542s] [34mcolcon.colcon_core.package_discovery[0m [1;30mLevel 1[0m discover_packages(path) check parameters
[0.542s] [34mcolcon.colcon_core.package_discovery[0m [1;30mLevel 1[0m discover_packages(colcon_meta) discover
[0.542s] [34mcolcon.colcon_core.package_discovery[0m [1;30mLevel 1[0m discover_packages(recursive) discover
[0.542s] [34mcolcon.colcon_core.package_discovery[0m [1;30mINFO[0m Crawling recursively for packages in '/home/kraken/kraken-nano'
[0.542s] [34mcolcon.colcon_core.package_identification[0m [1;30mLevel 1[0m _identify(.) by extensions ['ignore', 'ignore_ament_install']
[0.542s] [34mcolcon.colcon_core.package_identification[0m [1;30mLevel 1[0m _identify(.) by extension 'ignore'
[0.543s] [34mcolcon.colcon_core.package_identification[0m [1;30mLevel 1[0m _identify(.) by extension 'ignore_ament_install'
[0.543s] [34mcolcon.colcon_core.package_identification[0m [1;30mLevel 1[0m _identify(.) by extensions ['colcon_pkg']
[0.543s] [34mcolcon.colcon_core.package_identification[0m [1;30mLevel 1[0m _identify(.) by extension 'colcon_pkg'
[0.543s] [34mcolcon.colcon_core.package_identification[0m [1;30mLevel 1[0m _identify(.) by extensions ['colcon_meta']
[0.543s] [34mcolcon.colcon_core.package_identification[0m [1;30mLevel 1[0m _identify(.) by extension 'colcon_meta'
[0.543s] [34mcolcon.colcon_core.package_identification[0m [1;30mLevel 1[0m _identify(.) by extensions ['ros']
[0.543s] [34mcolcon.colcon_core.package_identification[0m [1;30mLevel 1[0m _identify(.) by extension 'ros'
[0.563s] [34mcolcon.colcon_core.package_identification[0m [1;30mLevel 1[0m _identify(.) by extensions ['cmake', 'python']
[0.563s] [34mcolcon.colcon_core.package_identification[0m [1;30mLevel 1[0m _identify(.) by extension 'cmake'
[0.563s] [34mcolcon.colcon_core.package_identification[0m [1;30mLevel 1[0m _identify(.) by extension 'python'
[0.563s] [34mcolcon.colcon_core.package_identification[0m [1;30mLevel 1[0m _identify(.) by extensions ['python_setup_py']
[0.563s] [34mcolcon.colcon_core.package_identification[0m [1;30mLevel 1[0m _identify(.) by extension 'python_setup_py'
[0.564s] [34mcolcon.colcon_core.package_identification[0m [1;30mLevel 1[0m _identify(ROS) by extensions ['ignore', 'ignore_ament_install']
[0.564s] [34mcolcon.colcon_core.package_identification[0m [1;30mLevel 1[0m _identify(ROS) by extension 'ignore'
[0.564s] [34mcolcon.colcon_core.package_identification[0m [1;30mLevel 1[0m _identify(ROS) by extension 'ignore_ament_install'
[0.564s] [34mcolcon.colcon_core.package_identification[0m [1;30mLevel 1[0m _identify(ROS) by extensions ['colcon_pkg']
[0.564s] [34mcolcon.colcon_core.package_identification[0m [1;30mLevel 1[0m _identify(ROS) by extension 'colcon_pkg'
[0.564s] [34mcolcon.colcon_core.package_identification[0m [1;30mLevel 1[0m _identify(ROS) by extensions ['colcon_meta']
[0.564s] [34mcolcon.colcon_core.package_identification[0m [1;30mLevel 1[0m _identify(ROS) by extension 'colcon_meta'
[0.565s] [34mcolcon.colcon_core.package_identification[0m [1;30mLevel 1[0m _identify(ROS) by extensions ['ros']
[0.565s] [34mcolcon.colcon_core.package_identification[0m [1;30mLevel 1[0m _identify(ROS) by extension 'ros'
[0.565s] [34mcolcon.colcon_core.package_identification[0m [1;30mLevel 1[0m _identify(ROS) by extensions ['cmake', 'python']
[0.565s] [34mcolcon.colcon_core.package_identification[0m [1;30mLevel 1[0m _identify(ROS) by extension 'cmake'
[0.565s] [34mcolcon.colcon_core.package_identification[0m [1;30mLevel 1[0m _identify(ROS) by extension 'python'
[0.565s] [34mcolcon.colcon_core.package_identification[0m [1;30mLevel 1[0m _identify(ROS) by extensions ['python_setup_py']
[0.565s] [34mcolcon.colcon_core.package_identification[0m [1;30mLevel 1[0m _identify(ROS) by extension 'python_setup_py'
[0.565s] [34mcolcon.colcon_core.package_identification[0m [1;30mLevel 1[0m _identify(ROS/ws) by extensions ['ignore', 'ignore_ament_install']
[0.565s] [34mcolcon.colcon_core.package_identification[0m [1;30mLevel 1[0m _identify(ROS/ws) by extension 'ignore'
[0.565s] [34mcolcon.colcon_core.package_identification[0m [1;30mLevel 1[0m _identify(ROS/ws) by extension 'ignore_ament_install'
[0.566s] [34mcolcon.colcon_core.package_identification[0m [1;30mLevel 1[0m _identify(ROS/ws) by extensions ['colcon_pkg']
[0.566s] [34mcolcon.colcon_core.package_identification[0m [1;30mLevel 1[0m _identify(ROS/ws) by extension 'colcon_pkg'
[0.566s] [34mcolcon.colcon_core.package_identification[0m [1;30mLevel 1[0m _identify(ROS/ws) by extensions ['colcon_meta']
[0.566s] [34mcolcon.colcon_core.package_identification[0m [1;30mLevel 1[0m _identify(ROS/ws) by extension 'colcon_meta'
[0.566s] [34mcolcon.colcon_core.package_identification[0m [1;30mLevel 1[0m _identify(ROS/ws) by extensions ['ros']
[0.566s] [34mcolcon.colcon_core.package_identification[0m [1;30mLevel 1[0m _identify(ROS/ws) by extension 'ros'
[0.566s] [34mcolcon.colcon_core.package_identification[0m [1;30mLevel 1[0m _identify(ROS/ws) by extensions ['cmake', 'python']
[0.566s] [34mcolcon.colcon_core.package_identification[0m [1;30mLevel 1[0m _identify(ROS/ws) by extension 'cmake'
[0.566s] [34mcolcon.colcon_core.package_identification[0m [1;30mLevel 1[0m _identify(ROS/ws) by extension 'python'
[0.566s] [34mcolcon.colcon_core.package_identification[0m [1;30mLevel 1[0m _identify(ROS/ws) by extensions ['python_setup_py']
[0.566s] [34mcolcon.colcon_core.package_identification[0m [1;30mLevel 1[0m _identify(ROS/ws) by extension 'python_setup_py'
[0.567s] [34mcolcon.colcon_core.package_identification[0m [1;30mLevel 1[0m _identify(ROS/ws/build) by extensions ['ignore', 'ignore_ament_install']
[0.567s] [34mcolcon.colcon_core.package_identification[0m [1;30mLevel 1[0m _identify(ROS/ws/build) by extension 'ignore'
[0.567s] [34mcolcon.colcon_core.package_identification[0m [1;30mLevel 1[0m _identify(ROS/ws/build) ignored
[0.567s] [34mcolcon.colcon_core.package_identification[0m [1;30mLevel 1[0m _identify(ROS/ws/install) by extensions ['ignore', 'ignore_ament_install']
[0.567s] [34mcolcon.colcon_core.package_identification[0m [1;30mLevel 1[0m _identify(ROS/ws/install) by extension 'ignore'
[0.567s] [34mcolcon.colcon_core.package_identification[0m [1;30mLevel 1[0m _identify(ROS/ws/install) ignored
[0.568s] [34mcolcon.colcon_core.package_identification[0m [1;30mLevel 1[0m _identify(ROS/ws/log) by extensions ['ignore', 'ignore_ament_install']
[0.568s] [34mcolcon.colcon_core.package_identification[0m [1;30mLevel 1[0m _identify(ROS/ws/log) by extension 'ignore'
[0.568s] [34mcolcon.colcon_core.package_identification[0m [1;30mLevel 1[0m _identify(ROS/ws/log) ignored
[0.568s] [34mcolcon.colcon_core.package_identification[0m [1;30mLevel 1[0m _identify(ROS/ws/src) by extensions ['ignore', 'ignore_ament_install']
[0.568s] [34mcolcon.colcon_core.package_identification[0m [1;30mLevel 1[0m _identify(ROS/ws/src) by extension 'ignore'
[0.568s] [34mcolcon.colcon_core.package_identification[0m [1;30mLevel 1[0m _identify(ROS/ws/src) by extension 'ignore_ament_install'
[0.568s] [34mcolcon.colcon_core.package_identification[0m [1;30mLevel 1[0m _identify(ROS/ws/src) by extensions ['colcon_pkg']
[0.568s] [34mcolcon.colcon_core.package_identification[0m [1;30mLevel 1[0m _identify(ROS/ws/src) by extension 'colcon_pkg'
[0.569s] [34mcolcon.colcon_core.package_identification[0m [1;30mLevel 1[0m _identify(ROS/ws/src) by extensions ['colcon_meta']
[0.569s] [34mcolcon.colcon_core.package_identification[0m [1;30mLevel 1[0m _identify(ROS/ws/src) by extension 'colcon_meta'
[0.569s] [34mcolcon.colcon_core.package_identification[0m [1;30mLevel 1[0m _identify(ROS/ws/src) by extensions ['ros']
[0.569s] [34mcolcon.colcon_core.package_identification[0m [1;30mLevel 1[0m _identify(ROS/ws/src) by extension 'ros'
[0.569s] [34mcolcon.colcon_core.package_identification[0m [1;30mLevel 1[0m _identify(ROS/ws/src) by extensions ['cmake', 'python']
[0.569s] [34mcolcon.colcon_core.package_identification[0m [1;30mLevel 1[0m _identify(ROS/ws/src) by extension 'cmake'
[0.569s] [34mcolcon.colcon_core.package_identification[0m [1;30mLevel 1[0m _identify(ROS/ws/src) by extension 'python'
[0.569s] [34mcolcon.colcon_core.package_identification[0m [1;30mLevel 1[0m _identify(ROS/ws/src) by extensions ['python_setup_py']
[0.569s] [34mcolcon.colcon_core.package_identification[0m [1;30mLevel 1[0m _identify(ROS/ws/src) by extension 'python_setup_py'
[0.569s] [34mcolcon.colcon_core.package_identification[0m [1;30mLevel 1[0m _identify(ROS/ws/src/build) by extensions ['ignore', 'ignore_ament_install']
[0.570s] [34mcolcon.colcon_core.package_identification[0m [1;30mLevel 1[0m _identify(ROS/ws/src/build) by extension 'ignore'
[0.570s] [34mcolcon.colcon_core.package_identification[0m [1;30mLevel 1[0m _identify(ROS/ws/src/build) ignored
[0.570s] [34mcolcon.colcon_core.package_identification[0m [1;30mLevel 1[0m _identify(ROS/ws/src/custom) by extensions ['ignore', 'ignore_ament_install']
[0.570s] [34mcolcon.colcon_core.package_identification[0m [1;30mLevel 1[0m _identify(ROS/ws/src/custom) by extension 'ignore'
[0.570s] [34mcolcon.colcon_core.package_identification[0m [1;30mLevel 1[0m _identify(ROS/ws/src/custom) by extension 'ignore_ament_install'
[0.570s] [34mcolcon.colcon_core.package_identification[0m [1;30mLevel 1[0m _identify(ROS/ws/src/custom) by extensions ['colcon_pkg']
[0.570s] [34mcolcon.colcon_core.package_identification[0m [1;30mLevel 1[0m _identify(ROS/ws/src/custom) by extension 'colcon_pkg'
[0.570s] [34mcolcon.colcon_core.package_identification[0m [1;30mLevel 1[0m _identify(ROS/ws/src/custom) by extensions ['colcon_meta']
[0.570s] [34mcolcon.colcon_core.package_identification[0m [1;30mLevel 1[0m _identify(ROS/ws/src/custom) by extension 'colcon_meta'
[0.570s] [34mcolcon.colcon_core.package_identification[0m [1;30mLevel 1[0m _identify(ROS/ws/src/custom) by extensions ['ros']
[0.571s] [34mcolcon.colcon_core.package_identification[0m [1;30mLevel 1[0m _identify(ROS/ws/src/custom) by extension 'ros'
[0.575s] [34mcolcon.colcon_core.package_identification[0m [1;30mDEBUG[0m [32mPackage 'ROS/ws/src/custom' with type 'ros.ament_cmake' and name 'custom'[0m
[0.575s] [34mcolcon.colcon_core.package_identification[0m [1;30mLevel 1[0m _identify(ROS/ws/src/install) by extensions ['ignore', 'ignore_ament_install']
[0.575s] [34mcolcon.colcon_core.package_identification[0m [1;30mLevel 1[0m _identify(ROS/ws/src/install) by extension 'ignore'
[0.575s] [34mcolcon.colcon_core.package_identification[0m [1;30mLevel 1[0m _identify(ROS/ws/src/install) ignored
[0.576s] [34mcolcon.colcon_core.package_identification[0m [1;30mLevel 1[0m _identify(ROS/ws/src/kraken) by extensions ['ignore', 'ignore_ament_install']
[0.576s] [34mcolcon.colcon_core.package_identification[0m [1;30mLevel 1[0m _identify(ROS/ws/src/kraken) by extension 'ignore'
[0.576s] [34mcolcon.colcon_core.package_identification[0m [1;30mLevel 1[0m _identify(ROS/ws/src/kraken) by extension 'ignore_ament_install'
[0.576s] [34mcolcon.colcon_core.package_identification[0m [1;30mLevel 1[0m _identify(ROS/ws/src/kraken) by extensions ['colcon_pkg']
[0.576s] [34mcolcon.colcon_core.package_identification[0m [1;30mLevel 1[0m _identify(ROS/ws/src/kraken) by extension 'colcon_pkg'
[0.576s] [34mcolcon.colcon_core.package_identification[0m [1;30mLevel 1[0m _identify(ROS/ws/src/kraken) by extensions ['colcon_meta']
[0.576s] [34mcolcon.colcon_core.package_identification[0m [1;30mLevel 1[0m _identify(ROS/ws/src/kraken) by extension 'colcon_meta'
[0.576s] [34mcolcon.colcon_core.package_identification[0m [1;30mLevel 1[0m _identify(ROS/ws/src/kraken) by extensions ['ros']
[0.576s] [34mcolcon.colcon_core.package_identification[0m [1;30mLevel 1[0m _identify(ROS/ws/src/kraken) by extension 'ros'
[0.577s] [34mcolcon.colcon_core.package_identification[0m [1;30mDEBUG[0m [32mPackage 'ROS/ws/src/kraken' with type 'ros.ament_python' and name 'kraken'[0m
[0.578s] [34mcolcon.colcon_core.package_identification[0m [1;30mLevel 1[0m _identify(ROS/ws/src/log) by extensions ['ignore', 'ignore_ament_install']
[0.581s] [34mcolcon.colcon_core.package_identification[0m [1;30mLevel 1[0m _identify(ROS/ws/src/log) by extension 'ignore'
[0.581s] [34mcolcon.colcon_core.package_identification[0m [1;30mLevel 1[0m _identify(ROS/ws/src/log) ignored
[0.581s] [34mcolcon.colcon_core.package_identification[0m [1;30mLevel 1[0m _identify(build) by extensions ['ignore', 'ignore_ament_install']
[0.581s] [34mcolcon.colcon_core.package_identification[0m [1;30mLevel 1[0m _identify(build) by extension 'ignore'
[0.581s] [34mcolcon.colcon_core.package_identification[0m [1;30mLevel 1[0m _identify(build) ignored
[0.582s] [34mcolcon.colcon_core.package_identification[0m [1;30mLevel 1[0m _identify(computerVision) by extensions ['ignore', 'ignore_ament_install']
[0.582s] [34mcolcon.colcon_core.package_identification[0m [1;30mLevel 1[0m _identify(computerVision) by extension 'ignore'
[0.582s] [34mcolcon.colcon_core.package_identification[0m [1;30mLevel 1[0m _identify(computerVision) by extension 'ignore_ament_install'
[0.582s] [34mcolcon.colcon_core.package_identification[0m [1;30mLevel 1[0m _identify(computerVision) by extensions ['colcon_pkg']
[0.582s] [34mcolcon.colcon_core.package_identification[0m [1;30mLevel 1[0m _identify(computerVision) by extension 'colcon_pkg'
[0.582s] [34mcolcon.colcon_core.package_identification[0m [1;30mLevel 1[0m _identify(computerVision) by extensions ['colcon_meta']
[0.582s] [34mcolcon.colcon_core.package_identification[0m [1;30mLevel 1[0m _identify(computerVision) by extension 'colcon_meta'
[0.582s] [34mcolcon.colcon_core.package_identification[0m [1;30mLevel 1[0m _identify(computerVision) by extensions ['ros']
[0.582s] [34mcolcon.colcon_core.package_identification[0m [1;30mLevel 1[0m _identify(computerVision) by extension 'ros'
[0.583s] [34mcolcon.colcon_core.package_identification[0m [1;30mLevel 1[0m _identify(computerVision) by extensions ['cmake', 'python']
[0.583s] [34mcolcon.colcon_core.package_identification[0m [1;30mLevel 1[0m _identify(computerVision) by extension 'cmake'
[0.583s] [34mcolcon.colcon_core.package_identification[0m [1;30mLevel 1[0m _identify(computerVision) by extension 'python'
[0.583s] [34mcolcon.colcon_core.package_identification[0m [1;30mLevel 1[0m _identify(computerVision) by extensions ['python_setup_py']
[0.583s] [34mcolcon.colcon_core.package_identification[0m [1;30mLevel 1[0m _identify(computerVision) by extension 'python_setup_py'
[0.583s] [34mcolcon.colcon_core.package_identification[0m [1;30mLevel 1[0m _identify(install) by extensions ['ignore', 'ignore_ament_install']
[0.583s] [34mcolcon.colcon_core.package_identification[0m [1;30mLevel 1[0m _identify(install) by extension 'ignore'
[0.583s] [34mcolcon.colcon_core.package_identification[0m [1;30mLevel 1[0m _identify(install) ignored
[0.584s] [34mcolcon.colcon_core.package_identification[0m [1;30mLevel 1[0m _identify(log) by extensions ['ignore', 'ignore_ament_install']
[0.584s] [34mcolcon.colcon_core.package_identification[0m [1;30mLevel 1[0m _identify(log) by extension 'ignore'
[0.584s] [34mcolcon.colcon_core.package_identification[0m [1;30mLevel 1[0m _identify(log) ignored
[0.584s] [34mcolcon.colcon_core.package_identification[0m [1;30mLevel 1[0m _identify(planner) by extensions ['ignore', 'ignore_ament_install']
[0.584s] [34mcolcon.colcon_core.package_identification[0m [1;30mLevel 1[0m _identify(planner) by extension 'ignore'
[0.584s] [34mcolcon.colcon_core.package_identification[0m [1;30mLevel 1[0m _identify(planner) by extension 'ignore_ament_install'
[0.584s] [34mcolcon.colcon_core.package_identification[0m [1;30mLevel 1[0m _identify(planner) by extensions ['colcon_pkg']
[0.584s] [34mcolcon.colcon_core.package_identification[0m [1;30mLevel 1[0m _identify(planner) by extension 'colcon_pkg'
[0.584s] [34mcolcon.colcon_core.package_identification[0m [1;30mLevel 1[0m _identify(planner) by extensions ['colcon_meta']
[0.584s] [34mcolcon.colcon_core.package_identification[0m [1;30mLevel 1[0m _identify(planner) by extension 'colcon_meta'
[0.585s] [34mcolcon.colcon_core.package_identification[0m [1;30mLevel 1[0m _identify(planner) by extensions ['ros']
[0.585s] [34mcolcon.colcon_core.package_identification[0m [1;30mLevel 1[0m _identify(planner) by extension 'ros'
[0.585s] [34mcolcon.colcon_core.package_identification[0m [1;30mLevel 1[0m _identify(planner) by extensions ['cmake', 'python']
[0.585s] [34mcolcon.colcon_core.package_identification[0m [1;30mLevel 1[0m _identify(planner) by extension 'cmake'
[0.585s] [34mcolcon.colcon_core.package_identification[0m [1;30mLevel 1[0m _identify(planner) by extension 'python'
[0.585s] [34mcolcon.colcon_core.package_identification[0m [1;30mLevel 1[0m _identify(planner) by extensions ['python_setup_py']
[0.585s] [34mcolcon.colcon_core.package_identification[0m [1;30mLevel 1[0m _identify(planner) by extension 'python_setup_py'
[0.585s] [34mcolcon.colcon_core.package_identification[0m [1;30mLevel 1[0m _identify(planner/__pycache__) by extensions ['ignore', 'ignore_ament_install']
[0.585s] [34mcolcon.colcon_core.package_identification[0m [1;30mLevel 1[0m _identify(planner/__pycache__) by extension 'ignore'
[0.586s] [34mcolcon.colcon_core.package_identification[0m [1;30mLevel 1[0m _identify(planner/__pycache__) by extension 'ignore_ament_install'
[0.586s] [34mcolcon.colcon_core.package_identification[0m [1;30mLevel 1[0m _identify(planner/__pycache__) by extensions ['colcon_pkg']
[0.586s] [34mcolcon.colcon_core.package_identification[0m [1;30mLevel 1[0m _identify(planner/__pycache__) by extension 'colcon_pkg'
[0.586s] [34mcolcon.colcon_core.package_identification[0m [1;30mLevel 1[0m _identify(planner/__pycache__) by extensions ['colcon_meta']
[0.586s] [34mcolcon.colcon_core.package_identification[0m [1;30mLevel 1[0m _identify(planner/__pycache__) by extension 'colcon_meta'
[0.586s] [34mcolcon.colcon_core.package_identification[0m [1;30mLevel 1[0m _identify(planner/__pycache__) by extensions ['ros']
[0.586s] [34mcolcon.colcon_core.package_identification[0m [1;30mLevel 1[0m _identify(planner/__pycache__) by extension 'ros'
[0.586s] [34mcolcon.colcon_core.package_identification[0m [1;30mLevel 1[0m _identify(planner/__pycache__) by extensions ['cmake', 'python']
[0.586s] [34mcolcon.colcon_core.package_identification[0m [1;30mLevel 1[0m _identify(planner/__pycache__) by extension 'cmake'
[0.586s] [34mcolcon.colcon_core.package_identification[0m [1;30mLevel 1[0m _identify(planner/__pycache__) by extension 'python'
[0.586s] [34mcolcon.colcon_core.package_identification[0m [1;30mLevel 1[0m _identify(planner/__pycache__) by extensions ['python_setup_py']
[0.586s] [34mcolcon.colcon_core.package_identification[0m [1;30mLevel 1[0m _identify(planner/__pycache__) by extension 'python_setup_py'
[0.587s] [34mcolcon.colcon_core.package_identification[0m [1;30mLevel 1[0m _identify(venv) by extensions ['ignore', 'ignore_ament_install']
[0.587s] [34mcolcon.colcon_core.package_identification[0m [1;30mLevel 1[0m _identify(venv) by extension 'ignore'
[0.587s] [34mcolcon.colcon_core.package_identification[0m [1;30mLevel 1[0m _identify(venv) by extension 'ignore_ament_install'
[0.587s] [34mcolcon.colcon_core.package_identification[0m [1;30mLevel 1[0m _identify(venv) by extensions ['colcon_pkg']
[0.587s] [34mcolcon.colcon_core.package_identification[0m [1;30mLevel 1[0m _identify(venv) by extension 'colcon_pkg'
[0.587s] [34mcolcon.colcon_core.package_identification[0m [1;30mLevel 1[0m _identify(venv) by extensions ['colcon_meta']
[0.587s] [34mcolcon.colcon_core.package_identification[0m [1;30mLevel 1[0m _identify(venv) by extension 'colcon_meta'
[0.587s] [34mcolcon.colcon_core.package_identification[0m [1;30mLevel 1[0m _identify(venv) by extensions ['ros']
[0.587s] [34mcolcon.colcon_core.package_identification[0m [1;30mLevel 1[0m _identify(venv) by extension 'ros'
[0.588s] [34mcolcon.colcon_core.package_identification[0m [1;30mLevel 1[0m _identify(venv) by extensions ['cmake', 'python']
[0.588s] [34mcolcon.colcon_core.package_identification[0m [1;30mLevel 1[0m _identify(venv) by extension 'cmake'
[0.588s] [34mcolcon.colcon_core.package_identification[0m [1;30mLevel 1[0m _identify(venv) by extension 'python'
[0.588s] [34mcolcon.colcon_core.package_identification[0m [1;30mLevel 1[0m _identify(venv) by extensions ['python_setup_py']
[0.588s] [34mcolcon.colcon_core.package_identification[0m [1;30mLevel 1[0m _identify(venv) by extension 'python_setup_py'
[0.588s] [34mcolcon.colcon_core.package_identification[0m [1;30mLevel 1[0m _identify(venv/bin) by extensions ['ignore', 'ignore_ament_install']
[0.588s] [34mcolcon.colcon_core.package_identification[0m [1;30mLevel 1[0m _identify(venv/bin) by extension 'ignore'
[0.588s] [34mcolcon.colcon_core.package_identification[0m [1;30mLevel 1[0m _identify(venv/bin) by extension 'ignore_ament_install'
[0.588s] [34mcolcon.colcon_core.package_identification[0m [1;30mLevel 1[0m _identify(venv/bin) by extensions ['colcon_pkg']
[0.588s] [34mcolcon.colcon_core.package_identification[0m [1;30mLevel 1[0m _identify(venv/bin) by extension 'colcon_pkg'
[0.589s] [34mcolcon.colcon_core.package_identification[0m [1;30mLevel 1[0m _identify(venv/bin) by extensions ['colcon_meta']
[0.589s] [34mcolcon.colcon_core.package_identification[0m [1;30mLevel 1[0m _identify(venv/bin) by extension 'colcon_meta'
[0.589s] [34mcolcon.colcon_core.package_identification[0m [1;30mLevel 1[0m _identify(venv/bin) by extensions ['ros']
[0.589s] [34mcolcon.colcon_core.package_identification[0m [1;30mLevel 1[0m _identify(venv/bin) by extension 'ros'
[0.589s] [34mcolcon.colcon_core.package_identification[0m [1;30mLevel 1[0m _identify(venv/bin) by extensions ['cmake', 'python']
[0.589s] [34mcolcon.colcon_core.package_identification[0m [1;30mLevel 1[0m _identify(venv/bin) by extension 'cmake'
[0.589s] [34mcolcon.colcon_core.package_identification[0m [1;30mLevel 1[0m _identify(venv/bin) by extension 'python'
[0.589s] [34mcolcon.colcon_core.package_identification[0m [1;30mLevel 1[0m _identify(venv/bin) by extensions ['python_setup_py']
[0.589s] [34mcolcon.colcon_core.package_identification[0m [1;30mLevel 1[0m _identify(venv/bin) by extension 'python_setup_py'
[0.589s] [34mcolcon.colcon_core.package_discovery[0m [1;30mLevel 1[0m discover_packages(recursive) using defaults
[0.589s] [34mcolcon.colcon_core.package_discovery[0m [1;30mLevel 1[0m discover_packages(ignore) discover
[0.589s] [34mcolcon.colcon_core.package_discovery[0m [1;30mLevel 1[0m discover_packages(ignore) using defaults
[0.590s] [34mcolcon.colcon_core.package_discovery[0m [1;30mLevel 1[0m discover_packages(path) discover
[0.590s] [34mcolcon.colcon_core.package_discovery[0m [1;30mLevel 1[0m discover_packages(path) using defaults
[0.645s] [34mcolcon.colcon_core.package_discovery[0m [1;30mLevel 1[0m discover_packages(prefix_path) check parameters
[0.645s] [34mcolcon.colcon_core.package_discovery[0m [1;30mLevel 1[0m discover_packages(prefix_path) discover
[0.648s] [34mcolcon.colcon_installed_package_information.package_discovery[0m [1;30mDEBUG[0m [32mFound 2 installed packages in /home/kraken/kraken-nano/install[0m
[0.650s] [34mcolcon.colcon_installed_package_information.package_discovery[0m [1;30mDEBUG[0m [32mFound 271 installed packages in /opt/ros/humble[0m
[0.653s] [34mcolcon.colcon_core.package_discovery[0m [1;30mLevel 1[0m discover_packages(prefix_path) using defaults
[0.717s] [34mcolcon.colcon_core.verb[0m [1;30mLevel 5[0m set package 'custom' build argument 'cmake_args' from command line to 'None'
[0.718s] [34mcolcon.colcon_core.verb[0m [1;30mLevel 5[0m set package 'custom' build argument 'cmake_target' from command line to 'None'
[0.718s] [34mcolcon.colcon_core.verb[0m [1;30mLevel 5[0m set package 'custom' build argument 'cmake_target_skip_unavailable' from command line to 'False'
[0.718s] [34mcolcon.colcon_core.verb[0m [1;30mLevel 5[0m set package 'custom' build argument 'cmake_clean_cache' from command line to 'False'
[0.718s] [34mcolcon.colcon_core.verb[0m [1;30mLevel 5[0m set package 'custom' build argument 'cmake_clean_first' from command line to 'False'
[0.718s] [34mcolcon.colcon_core.verb[0m [1;30mLevel 5[0m set package 'custom' build argument 'cmake_force_configure' from command line to 'False'
[0.718s] [34mcolcon.colcon_core.verb[0m [1;30mLevel 5[0m set package 'custom' build argument 'ament_cmake_args' from command line to 'None'
[0.718s] [34mcolcon.colcon_core.verb[0m [1;30mLevel 5[0m set package 'custom' build argument 'catkin_cmake_args' from command line to 'None'
[0.718s] [34mcolcon.colcon_core.verb[0m [1;30mLevel 5[0m set package 'custom' build argument 'catkin_skip_building_tests' from command line to 'False'
[0.718s] [34mcolcon.colcon_core.verb[0m [1;30mDEBUG[0m [32mBuilding package 'custom' with the following arguments: {'ament_cmake_args': None, 'build_base': '/home/kraken/kraken-nano/build/custom', 'catkin_cmake_args': None, 'catkin_skip_building_tests': False, 'cmake_args': None, 'cmake_clean_cache': False, 'cmake_clean_first': False, 'cmake_force_configure': False, 'cmake_target': None, 'cmake_target_skip_unavailable': False, 'install_base': '/home/kraken/kraken-nano/install/custom', 'merge_install': False, 'path': '/home/kraken/kraken-nano/ROS/ws/src/custom', 'symlink_install': False, 'test_result_base': None}[0m
[0.719s] [34mcolcon.colcon_core.verb[0m [1;30mLevel 5[0m set package 'kraken' build argument 'cmake_args' from command line to 'None'
[0.719s] [34mcolcon.colcon_core.verb[0m [1;30mLevel 5[0m set package 'kraken' build argument 'cmake_target' from command line to 'None'
[0.719s] [34mcolcon.colcon_core.verb[0m [1;30mLevel 5[0m set package 'kraken' build argument 'cmake_target_skip_unavailable' from command line to 'False'
[0.719s] [34mcolcon.colcon_core.verb[0m [1;30mLevel 5[0m set package 'kraken' build argument 'cmake_clean_cache' from command line to 'False'
[0.719s] [34mcolcon.colcon_core.verb[0m [1;30mLevel 5[0m set package 'kraken' build argument 'cmake_clean_first' from command line to 'False'
[0.719s] [34mcolcon.colcon_core.verb[0m [1;30mLevel 5[0m set package 'kraken' build argument 'cmake_force_configure' from command line to 'False'
[0.719s] [34mcolcon.colcon_core.verb[0m [1;30mLevel 5[0m set package 'kraken' build argument 'ament_cmake_args' from command line to 'None'
[0.719s] [34mcolcon.colcon_core.verb[0m [1;30mLevel 5[0m set package 'kraken' build argument 'catkin_cmake_args' from command line to 'None'
[0.719s] [34mcolcon.colcon_core.verb[0m [1;30mLevel 5[0m set package 'kraken' build argument 'catkin_skip_building_tests' from command line to 'False'
[0.719s] [34mcolcon.colcon_core.verb[0m [1;30mDEBUG[0m [32mBuilding package 'kraken' with the following arguments: {'ament_cmake_args': None, 'build_base': '/home/kraken/kraken-nano/build/kraken', 'catkin_cmake_args': None, 'catkin_skip_building_tests': False, 'cmake_args': None, 'cmake_clean_cache': False, 'cmake_clean_first': False, 'cmake_force_configure': False, 'cmake_target': None, 'cmake_target_skip_unavailable': False, 'install_base': '/home/kraken/kraken-nano/install/kraken', 'merge_install': False, 'path': '/home/kraken/kraken-nano/ROS/ws/src/kraken', 'symlink_install': False, 'test_result_base': None}[0m
[0.719s] [34mcolcon.colcon_core.executor[0m [1;30mINFO[0m Executing jobs using 'parallel' executor
[0.721s] [34mcolcon.colcon_parallel_executor.executor.parallel[0m [1;30mDEBUG[0m [32mrun_until_complete[0m
[0.722s] [34mcolcon.colcon_ros.task.ament_cmake.build[0m [1;30mINFO[0m Building ROS package in '/home/kraken/kraken-nano/ROS/ws/src/custom' with build type 'ament_cmake'
[0.722s] [34mcolcon.colcon_cmake.task.cmake.build[0m [1;30mINFO[0m Building CMake package in '/home/kraken/kraken-nano/ROS/ws/src/custom'
[0.726s] [34mcolcon.colcon_core.plugin_system[0m [1;30mINFO[0m Skipping extension 'colcon_core.shell.bat': Not used on non-Windows systems
[0.726s] [34mcolcon.colcon_core.shell[0m [1;30mINFO[0m Skip shell extension 'powershell' for command environment: Not usable outside of PowerShell
[0.726s] [34mcolcon.colcon_core.shell[0m [1;30mDEBUG[0m [32mSkip shell extension 'dsv' for command environment[0m
[0.740s] [34mcolcon.colcon_core.event_handler.log_command[0m [1;30mDEBUG[0m [32mInvoking command in '/home/kraken/kraken-nano/build/custom': CMAKE_PREFIX_PATH=${CMAKE_PREFIX_PATH}:/home/kraken/kraken-nano/install/kraken:/opt/ros/humble /usr/bin/cmake --build /home/kraken/kraken-nano/build/custom -- -j6 -l6[0m
[1.468s] [34mcolcon.colcon_core.event_handler.log_command[0m [1;30mDEBUG[0m [32mInvoked command in '/home/kraken/kraken-nano/build/custom' returned '0': CMAKE_PREFIX_PATH=${CMAKE_PREFIX_PATH}:/home/kraken/kraken-nano/install/kraken:/opt/ros/humble /usr/bin/cmake --build /home/kraken/kraken-nano/build/custom -- -j6 -l6[0m
[1.494s] [34mcolcon.colcon_core.event_handler.log_command[0m [1;30mDEBUG[0m [32mInvoking command in '/home/kraken/kraken-nano/build/custom': CMAKE_PREFIX_PATH=${CMAKE_PREFIX_PATH}:/home/kraken/kraken-nano/install/kraken:/opt/ros/humble /usr/bin/cmake --install /home/kraken/kraken-nano/build/custom[0m
[1.619s] [34mcolcon.colcon_core.environment[0m [1;30mLevel 1[0m create_environment_scripts_only(custom)
[1.636s] [34mcolcon.colcon_core.event_handler.log_command[0m [1;30mDEBUG[0m [32mInvoked command in '/home/kraken/kraken-nano/build/custom' returned '0': CMAKE_PREFIX_PATH=${CMAKE_PREFIX_PATH}:/home/kraken/kraken-nano/install/kraken:/opt/ros/humble /usr/bin/cmake --install /home/kraken/kraken-nano/build/custom[0m
[1.640s] [34mcolcon.colcon_core.environment[0m [1;30mLevel 1[0m checking '/home/kraken/kraken-nano/install/custom' for CMake module files
[1.643s] [34mcolcon.colcon_core.environment[0m [1;30mLevel 1[0m checking '/home/kraken/kraken-nano/install/custom' for CMake config files
[1.646s] [34mcolcon.colcon_core.shell[0m [1;30mLevel 1[0m create_environment_hook('custom', 'cmake_prefix_path')
[1.647s] [34mcolcon.colcon_core.shell[0m [1;30mINFO[0m Creating environment hook '/home/kraken/kraken-nano/install/custom/share/custom/hook/cmake_prefix_path.ps1'
[1.653s] [34mcolcon.colcon_core.shell[0m [1;30mINFO[0m Creating environment descriptor '/home/kraken/kraken-nano/install/custom/share/custom/hook/cmake_prefix_path.dsv'
[1.654s] [34mcolcon.colcon_core.shell[0m [1;30mINFO[0m Creating environment hook '/home/kraken/kraken-nano/install/custom/share/custom/hook/cmake_prefix_path.sh'
[1.659s] [34mcolcon.colcon_core.environment[0m [1;30mLevel 1[0m checking '/home/kraken/kraken-nano/install/custom/lib'
[1.660s] [34mcolcon.colcon_core.shell[0m [1;30mLevel 1[0m create_environment_hook('custom', 'ld_library_path_lib')
[1.661s] [34mcolcon.colcon_core.shell[0m [1;30mINFO[0m Creating environment hook '/home/kraken/kraken-nano/install/custom/share/custom/hook/ld_library_path_lib.ps1'
[1.663s] [34mcolcon.colcon_core.shell[0m [1;30mINFO[0m Creating environment descriptor '/home/kraken/kraken-nano/install/custom/share/custom/hook/ld_library_path_lib.dsv'
[1.664s] [34mcolcon.colcon_core.shell[0m [1;30mINFO[0m Creating environment hook '/home/kraken/kraken-nano/install/custom/share/custom/hook/ld_library_path_lib.sh'
[1.666s] [34mcolcon.colcon_core.environment[0m [1;30mLevel 1[0m checking '/home/kraken/kraken-nano/install/custom/bin'
[1.667s] [34mcolcon.colcon_core.environment[0m [1;30mLevel 1[0m checking '/home/kraken/kraken-nano/install/custom/lib/pkgconfig/custom.pc'
[1.668s] [34mcolcon.colcon_core.environment[0m [1;30mLevel 1[0m checking '/home/kraken/kraken-nano/install/custom/lib/python3.10/site-packages'
[1.669s] [34mcolcon.colcon_core.environment[0m [1;30mLevel 1[0m checking '/home/kraken/kraken-nano/install/custom/bin'
[1.670s] [34mcolcon.colcon_core.shell[0m [1;30mINFO[0m Creating package script '/home/kraken/kraken-nano/install/custom/share/custom/package.ps1'
[1.674s] [34mcolcon.colcon_core.shell[0m [1;30mINFO[0m Creating package descriptor '/home/kraken/kraken-nano/install/custom/share/custom/package.dsv'
[1.677s] [34mcolcon.colcon_core.shell[0m [1;30mINFO[0m Creating package script '/home/kraken/kraken-nano/install/custom/share/custom/package.sh'
[1.680s] [34mcolcon.colcon_core.shell[0m [1;30mINFO[0m Creating package script '/home/kraken/kraken-nano/install/custom/share/custom/package.bash'
[1.682s] [34mcolcon.colcon_core.shell[0m [1;30mINFO[0m Creating package script '/home/kraken/kraken-nano/install/custom/share/custom/package.zsh'
[1.685s] [34mcolcon.colcon_core.environment[0m [1;30mLevel 1[0m create_file_with_runtime_dependencies(/home/kraken/kraken-nano/install/custom/share/colcon-core/packages/custom)
[1.688s] [34mcolcon.colcon_core.environment[0m [1;30mLevel 1[0m create_environment_scripts_only(custom)
[1.689s] [34mcolcon.colcon_core.environment[0m [1;30mLevel 1[0m checking '/home/kraken/kraken-nano/install/custom' for CMake module files
[1.691s] [34mcolcon.colcon_core.environment[0m [1;30mLevel 1[0m checking '/home/kraken/kraken-nano/install/custom' for CMake config files
[1.694s] [34mcolcon.colcon_core.shell[0m [1;30mLevel 1[0m create_environment_hook('custom', 'cmake_prefix_path')
[1.694s] [34mcolcon.colcon_core.shell[0m [1;30mINFO[0m Creating environment hook '/home/kraken/kraken-nano/install/custom/share/custom/hook/cmake_prefix_path.ps1'
[1.696s] [34mcolcon.colcon_core.shell[0m [1;30mINFO[0m Creating environment descriptor '/home/kraken/kraken-nano/install/custom/share/custom/hook/cmake_prefix_path.dsv'
[1.697s] [34mcolcon.colcon_core.shell[0m [1;30mINFO[0m Creating environment hook '/home/kraken/kraken-nano/install/custom/share/custom/hook/cmake_prefix_path.sh'
[1.699s] [34mcolcon.colcon_core.environment[0m [1;30mLevel 1[0m checking '/home/kraken/kraken-nano/install/custom/lib'
[1.699s] [34mcolcon.colcon_core.shell[0m [1;30mLevel 1[0m create_environment_hook('custom', 'ld_library_path_lib')
[1.700s] [34mcolcon.colcon_core.shell[0m [1;30mINFO[0m Creating environment hook '/home/kraken/kraken-nano/install/custom/share/custom/hook/ld_library_path_lib.ps1'
[1.701s] [34mcolcon.colcon_core.shell[0m [1;30mINFO[0m Creating environment descriptor '/home/kraken/kraken-nano/install/custom/share/custom/hook/ld_library_path_lib.dsv'
[1.702s] [34mcolcon.colcon_core.shell[0m [1;30mINFO[0m Creating environment hook '/home/kraken/kraken-nano/install/custom/share/custom/hook/ld_library_path_lib.sh'
[1.705s] [34mcolcon.colcon_core.environment[0m [1;30mLevel 1[0m checking '/home/kraken/kraken-nano/install/custom/bin'
[1.705s] [34mcolcon.colcon_core.environment[0m [1;30mLevel 1[0m checking '/home/kraken/kraken-nano/install/custom/lib/pkgconfig/custom.pc'
[1.706s] [34mcolcon.colcon_core.environment[0m [1;30mLevel 1[0m checking '/home/kraken/kraken-nano/install/custom/lib/python3.10/site-packages'
[1.706s] [34mcolcon.colcon_core.environment[0m [1;30mLevel 1[0m checking '/home/kraken/kraken-nano/install/custom/bin'
[1.707s] [34mcolcon.colcon_core.shell[0m [1;30mINFO[0m Creating package script '/home/kraken/kraken-nano/install/custom/share/custom/package.ps1'
[1.709s] [34mcolcon.colcon_core.shell[0m [1;30mINFO[0m Creating package descriptor '/home/kraken/kraken-nano/install/custom/share/custom/package.dsv'
[1.710s] [34mcolcon.colcon_core.shell[0m [1;30mINFO[0m Creating package script '/home/kraken/kraken-nano/install/custom/share/custom/package.sh'
[1.712s] [34mcolcon.colcon_core.shell[0m [1;30mINFO[0m Creating package script '/home/kraken/kraken-nano/install/custom/share/custom/package.bash'
[1.713s] [34mcolcon.colcon_core.shell[0m [1;30mINFO[0m Creating package script '/home/kraken/kraken-nano/install/custom/share/custom/package.zsh'
[1.714s] [34mcolcon.colcon_core.environment[0m [1;30mLevel 1[0m create_file_with_runtime_dependencies(/home/kraken/kraken-nano/install/custom/share/colcon-core/packages/custom)
[1.715s] [34mcolcon.colcon_ros.task.ament_python.build[0m [1;30mINFO[0m Building ROS package in '/home/kraken/kraken-nano/ROS/ws/src/kraken' with build type 'ament_python'
[1.715s] [34mcolcon.colcon_core.shell[0m [1;30mLevel 1[0m create_environment_hook('kraken', 'ament_prefix_path')
[1.716s] [34mcolcon.colcon_core.shell[0m [1;30mINFO[0m Creating environment hook '/home/kraken/kraken-nano/install/kraken/share/kraken/hook/ament_prefix_path.ps1'
[1.719s] [34mcolcon.colcon_core.shell[0m [1;30mINFO[0m Creating environment descriptor '/home/kraken/kraken-nano/install/kraken/share/kraken/hook/ament_prefix_path.dsv'
[1.720s] [34mcolcon.colcon_core.shell[0m [1;30mINFO[0m Creating environment hook '/home/kraken/kraken-nano/install/kraken/share/kraken/hook/ament_prefix_path.sh'
[1.723s] [34mcolcon.colcon_core.shell[0m [1;30mINFO[0m Skip shell extension 'powershell' for command environment: Not usable outside of PowerShell
[1.723s] [34mcolcon.colcon_core.shell[0m [1;30mDEBUG[0m [32mSkip shell extension 'dsv' for command environment[0m
[2.252s] [34mcolcon.colcon_core.task.python.build[0m [1;30mINFO[0m Building Python package in '/home/kraken/kraken-nano/ROS/ws/src/kraken'
[2.253s] [34mcolcon.colcon_core.shell[0m [1;30mINFO[0m Skip shell extension 'powershell' for command environment: Not usable outside of PowerShell
[2.253s] [34mcolcon.colcon_core.shell[0m [1;30mDEBUG[0m [32mSkip shell extension 'dsv' for command environment[0m
[2.927s] [34mcolcon.colcon_core.event_handler.log_command[0m [1;30mDEBUG[0m [32mInvoking command in '/home/kraken/kraken-nano/ROS/ws/src/kraken': PYTHONPATH=/home/kraken/kraken-nano/build/kraken/prefix_override:/usr/lib/python3/dist-packages/colcon_core/task/python/colcon_distutils_commands:/home/kraken/kraken-nano/install/kraken/lib/python3.10/site-packages:${PYTHONPATH} /usr/bin/python3 -W ignore:setup.py install is deprecated -W ignore:easy_install command is deprecated setup.py egg_info --egg-base ../../../../build/kraken build --build-base /home/kraken/kraken-nano/build/kraken/build install --record /home/kraken/kraken-nano/build/kraken/install.log --single-version-externally-managed install_data[0m
[3.519s] [34mcolcon.colcon_core.environment[0m [1;30mLevel 1[0m checking '/home/kraken/kraken-nano/install/kraken' for CMake module files
[3.520s] [34mcolcon.colcon_core.event_handler.log_command[0m [1;30mDEBUG[0m [32mInvoked command in '/home/kraken/kraken-nano/ROS/ws/src/kraken' returned '0': PYTHONPATH=/home/kraken/kraken-nano/build/kraken/prefix_override:/usr/lib/python3/dist-packages/colcon_core/task/python/colcon_distutils_commands:/home/kraken/kraken-nano/install/kraken/lib/python3.10/site-packages:${PYTHONPATH} /usr/bin/python3 -W ignore:setup.py install is deprecated -W ignore:easy_install command is deprecated setup.py egg_info --egg-base ../../../../build/kraken build --build-base /home/kraken/kraken-nano/build/kraken/build install --record /home/kraken/kraken-nano/build/kraken/install.log --single-version-externally-managed install_data[0m
[3.522s] [34mcolcon.colcon_core.environment[0m [1;30mLevel 1[0m checking '/home/kraken/kraken-nano/install/kraken' for CMake config files
[3.525s] [34mcolcon.colcon_core.environment[0m [1;30mLevel 1[0m checking '/home/kraken/kraken-nano/install/kraken/lib'
[3.525s] [34mcolcon.colcon_core.environment[0m [1;30mLevel 1[0m checking '/home/kraken/kraken-nano/install/kraken/bin'
[3.526s] [34mcolcon.colcon_core.environment[0m [1;30mLevel 1[0m checking '/home/kraken/kraken-nano/install/kraken/lib/pkgconfig/kraken.pc'
[3.527s] [34mcolcon.colcon_core.environment[0m [1;30mLevel 1[0m checking '/home/kraken/kraken-nano/install/kraken/lib/python3.10/site-packages'
[3.527s] [34mcolcon.colcon_core.shell[0m [1;30mLevel 1[0m create_environment_hook('kraken', 'pythonpath')
[3.528s] [34mcolcon.colcon_core.shell[0m [1;30mINFO[0m Creating environment hook '/home/kraken/kraken-nano/install/kraken/share/kraken/hook/pythonpath.ps1'
[3.532s] [34mcolcon.colcon_core.shell[0m [1;30mINFO[0m Creating environment descriptor '/home/kraken/kraken-nano/install/kraken/share/kraken/hook/pythonpath.dsv'
[3.535s] [34mcolcon.colcon_core.shell[0m [1;30mINFO[0m Creating environment hook '/home/kraken/kraken-nano/install/kraken/share/kraken/hook/pythonpath.sh'
[3.538s] [34mcolcon.colcon_core.environment[0m [1;30mLevel 1[0m checking '/home/kraken/kraken-nano/install/kraken/bin'
[3.538s] [34mcolcon.colcon_core.environment[0m [1;30mLevel 1[0m create_environment_scripts_only(kraken)
[3.539s] [34mcolcon.colcon_core.shell[0m [1;30mINFO[0m Creating package script '/home/kraken/kraken-nano/install/kraken/share/kraken/package.ps1'
[3.542s] [34mcolcon.colcon_core.shell[0m [1;30mINFO[0m Creating package descriptor '/home/kraken/kraken-nano/install/kraken/share/kraken/package.dsv'
[3.544s] [34mcolcon.colcon_core.shell[0m [1;30mINFO[0m Creating package script '/home/kraken/kraken-nano/install/kraken/share/kraken/package.sh'
[3.546s] [34mcolcon.colcon_core.shell[0m [1;30mINFO[0m Creating package script '/home/kraken/kraken-nano/install/kraken/share/kraken/package.bash'
[3.548s] [34mcolcon.colcon_core.shell[0m [1;30mINFO[0m Creating package script '/home/kraken/kraken-nano/install/kraken/share/kraken/package.zsh'
[3.549s] [34mcolcon.colcon_core.environment[0m [1;30mLevel 1[0m create_file_with_runtime_dependencies(/home/kraken/kraken-nano/install/kraken/share/colcon-core/packages/kraken)
[3.551s] [34mcolcon.colcon_parallel_executor.executor.parallel[0m [1;30mDEBUG[0m [32mclosing loop[0m
[3.553s] [34mcolcon.colcon_parallel_executor.executor.parallel[0m [1;30mDEBUG[0m [32mloop closed[0m
[3.553s] [34mcolcon.colcon_parallel_executor.executor.parallel[0m [1;30mDEBUG[0m [32mrun_until_complete finished with '0'[0m
[3.554s] [34mcolcon.colcon_core.event_reactor[0m [1;30mDEBUG[0m [32mjoining thread[0m
[3.586s] [34mcolcon.colcon_core.plugin_system[0m [1;30mINFO[0m Skipping extension 'colcon_notification.desktop_notification.terminal_notifier': Not used on non-Darwin systems
[3.586s] [34mcolcon.colcon_core.plugin_system[0m [1;30mINFO[0m Skipping extension 'colcon_notification.desktop_notification.win32': Not used on non-Windows systems
[3.587s] [34mcolcon.colcon_notification.desktop_notification[0m [1;30mINFO[0m Sending desktop notification using 'notify2'
[3.628s] [34mcolcon.colcon_notification.desktop_notification.notify2[0m [1;30mDEBUG[0m [32mFailed to initialize notify2: org.freedesktop.DBus.Error.Spawn.ChildExited: Process org.freedesktop.Notifications exited with status 1[0m
[3.628s] [34mcolcon.colcon_core.event_reactor[0m [1;30mDEBUG[0m [32mjoined thread[0m
[3.630s] [34mcolcon.colcon_core.shell[0m [1;30mINFO[0m Creating prefix script '/home/kraken/kraken-nano/install/local_setup.ps1'
[3.633s] [34mcolcon.colcon_core.shell[0m [1;30mINFO[0m Creating prefix util module '/home/kraken/kraken-nano/install/_local_setup_util_ps1.py'
[3.639s] [34mcolcon.colcon_core.shell[0m [1;30mINFO[0m Creating prefix chain script '/home/kraken/kraken-nano/install/setup.ps1'
[3.644s] [34mcolcon.colcon_core.shell[0m [1;30mINFO[0m Creating prefix script '/home/kraken/kraken-nano/install/local_setup.sh'
[3.647s] [34mcolcon.colcon_core.shell[0m [1;30mINFO[0m Creating prefix util module '/home/kraken/kraken-nano/install/_local_setup_util_sh.py'
[3.649s] [34mcolcon.colcon_core.shell[0m [1;30mINFO[0m Creating prefix chain script '/home/kraken/kraken-nano/install/setup.sh'
[3.654s] [34mcolcon.colcon_core.shell[0m [1;30mINFO[0m Creating prefix script '/home/kraken/kraken-nano/install/local_setup.bash'
[3.656s] [34mcolcon.colcon_core.shell[0m [1;30mINFO[0m Creating prefix chain script '/home/kraken/kraken-nano/install/setup.bash'
[3.660s] [34mcolcon.colcon_core.shell[0m [1;30mINFO[0m Creating prefix script '/home/kraken/kraken-nano/install/local_setup.zsh'
[3.662s] [34mcolcon.colcon_core.shell[0m [1;30mINFO[0m Creating prefix chain script '/home/kraken/kraken-nano/install/setup.zsh'
