running egg_info
creating ../../../build/kraken/kraken.egg-info
writing ../../../build/kraken/kraken.egg-info/PKG-INFO
writing dependency_links to ../../../build/kraken/kraken.egg-info/dependency_links.txt
writing entry points to ../../../build/kraken/kraken.egg-info/entry_points.txt
writing requirements to ../../../build/kraken/kraken.egg-info/requires.txt
writing top-level names to ../../../build/kraken/kraken.egg-info/top_level.txt
writing manifest file '../../../build/kraken/kraken.egg-info/SOURCES.txt'
reading manifest file '../../../build/kraken/kraken.egg-info/SOURCES.txt'
adding license file 'LICENSE'
writing manifest file '../../../build/kraken/kraken.egg-info/SOURCES.txt'
running build
running build_py
creating /home/kraken/kraken-nano/ROS/build/kraken/build
creating /home/kraken/kraken-nano/ROS/build/kraken/build/lib
creating /home/kraken/kraken-nano/ROS/build/kraken/build/lib/kraken
copying kraken/spinMotor.py -> /home/kraken/kraken-nano/ROS/build/kraken/build/lib/kraken
copying kraken/planner.py -> /home/kraken/kraken-nano/ROS/build/kraken/build/lib/kraken
copying kraken/computer_vision.py -> /home/kraken/kraken-nano/ROS/build/kraken/build/lib/kraken
copying kraken/controller_test.py -> /home/kraken/kraken-nano/ROS/build/kraken/build/lib/kraken
copying kraken/state_estimator.py -> /home/kraken/kraken-nano/ROS/build/kraken/build/lib/kraken
copying kraken/controller.py -> /home/kraken/kraken-nano/ROS/build/kraken/build/lib/kraken
copying kraken/__init__.py -> /home/kraken/kraken-nano/ROS/build/kraken/build/lib/kraken
copying kraken/planner_test.py -> /home/kraken/kraken-nano/ROS/build/kraken/build/lib/kraken
copying kraken/testMotor.py -> /home/kraken/kraken-nano/ROS/build/kraken/build/lib/kraken
running install
running install_lib
creating /home/kraken/kraken-nano/ROS/install/kraken/lib/python3.10/site-packages/kraken
copying /home/kraken/kraken-nano/ROS/build/kraken/build/lib/kraken/spinMotor.py -> /home/kraken/kraken-nano/ROS/install/kraken/lib/python3.10/site-packages/kraken
copying /home/kraken/kraken-nano/ROS/build/kraken/build/lib/kraken/planner.py -> /home/kraken/kraken-nano/ROS/install/kraken/lib/python3.10/site-packages/kraken
copying /home/kraken/kraken-nano/ROS/build/kraken/build/lib/kraken/computer_vision.py -> /home/kraken/kraken-nano/ROS/install/kraken/lib/python3.10/site-packages/kraken
copying /home/kraken/kraken-nano/ROS/build/kraken/build/lib/kraken/controller_test.py -> /home/kraken/kraken-nano/ROS/install/kraken/lib/python3.10/site-packages/kraken
copying /home/kraken/kraken-nano/ROS/build/kraken/build/lib/kraken/state_estimator.py -> /home/kraken/kraken-nano/ROS/install/kraken/lib/python3.10/site-packages/kraken
copying /home/kraken/kraken-nano/ROS/build/kraken/build/lib/kraken/controller.py -> /home/kraken/kraken-nano/ROS/install/kraken/lib/python3.10/site-packages/kraken
copying /home/kraken/kraken-nano/ROS/build/kraken/build/lib/kraken/__init__.py -> /home/kraken/kraken-nano/ROS/install/kraken/lib/python3.10/site-packages/kraken
copying /home/kraken/kraken-nano/ROS/build/kraken/build/lib/kraken/planner_test.py -> /home/kraken/kraken-nano/ROS/install/kraken/lib/python3.10/site-packages/kraken
copying /home/kraken/kraken-nano/ROS/build/kraken/build/lib/kraken/testMotor.py -> /home/kraken/kraken-nano/ROS/install/kraken/lib/python3.10/site-packages/kraken
byte-compiling /home/kraken/kraken-nano/ROS/install/kraken/lib/python3.10/site-packages/kraken/spinMotor.py to spinMotor.cpython-310.pyc
byte-compiling /home/kraken/kraken-nano/ROS/install/kraken/lib/python3.10/site-packages/kraken/planner.py to planner.cpython-310.pyc
byte-compiling /home/kraken/kraken-nano/ROS/install/kraken/lib/python3.10/site-packages/kraken/computer_vision.py to computer_vision.cpython-310.pyc
byte-compiling /home/kraken/kraken-nano/ROS/install/kraken/lib/python3.10/site-packages/kraken/controller_test.py to controller_test.cpython-310.pyc
byte-compiling /home/kraken/kraken-nano/ROS/install/kraken/lib/python3.10/site-packages/kraken/state_estimator.py to state_estimator.cpython-310.pyc
byte-compiling /home/kraken/kraken-nano/ROS/install/kraken/lib/python3.10/site-packages/kraken/controller.py to controller.cpython-310.pyc
byte-compiling /home/kraken/kraken-nano/ROS/install/kraken/lib/python3.10/site-packages/kraken/__init__.py to __init__.cpython-310.pyc
byte-compiling /home/kraken/kraken-nano/ROS/install/kraken/lib/python3.10/site-packages/kraken/planner_test.py to planner_test.cpython-310.pyc
byte-compiling /home/kraken/kraken-nano/ROS/install/kraken/lib/python3.10/site-packages/kraken/testMotor.py to testMotor.cpython-310.pyc
running install_data
creating /home/kraken/kraken-nano/ROS/install/kraken/share/ament_index
creating /home/kraken/kraken-nano/ROS/install/kraken/share/ament_index/resource_index
creating /home/kraken/kraken-nano/ROS/install/kraken/share/ament_index/resource_index/packages
copying resource/kraken -> /home/kraken/kraken-nano/ROS/install/kraken/share/ament_index/resource_index/packages
copying package.xml -> /home/kraken/kraken-nano/ROS/install/kraken/share/kraken
creating /home/kraken/kraken-nano/ROS/install/kraken/share/kraken/launch
copying launch/kraken.launch.py -> /home/kraken/kraken-nano/ROS/install/kraken/share/kraken/launch
copying launch/kraken_system.launch.py -> /home/kraken/kraken-nano/ROS/install/kraken/share/kraken/launch
running install_egg_info
Copying ../../../build/kraken/kraken.egg-info to /home/kraken/kraken-nano/ROS/install/kraken/lib/python3.10/site-packages/kraken-0.0.0-py3.10.egg-info
running install_scripts
Installing computer_vision script to /home/kraken/kraken-nano/ROS/install/kraken/lib/kraken
Installing controller script to /home/kraken/kraken-nano/ROS/install/kraken/lib/kraken
Installing controller_test script to /home/kraken/kraken-nano/ROS/install/kraken/lib/kraken
Installing fsm_node script to /home/kraken/kraken-nano/ROS/install/kraken/lib/kraken
Installing planner script to /home/kraken/kraken-nano/ROS/install/kraken/lib/kraken
Installing planner_test script to /home/kraken/kraken-nano/ROS/install/kraken/lib/kraken
Installing spinMotor script to /home/kraken/kraken-nano/ROS/install/kraken/lib/kraken
Installing state_estimator script to /home/kraken/kraken-nano/ROS/install/kraken/lib/kraken
writing list of installed files to '/home/kraken/kraken-nano/ROS/build/kraken/install.log'
