[1.237s] Invoking command in '/home/kraken/kraken-nano/ROS/ws/src/kraken': AMENT_PREFIX_PATH=/home/kraken/kraken-nano/ROS/install/custom:${AMENT_PREFIX_PATH} CMAKE_PREFIX_PATH=/home/kraken/kraken-nano/ROS/install/custom:${CMAKE_PREFIX_PATH} LD_LIBRARY_PATH=/home/kraken/kraken-nano/ROS/install/custom/lib:${LD_LIBRARY_PATH} PYTHONPATH=/home/kraken/kraken-nano/ROS/build/kraken/prefix_override:/usr/lib/python3/dist-packages/colcon_core/task/python/colcon_distutils_commands:/home/kraken/kraken-nano/ROS/install/kraken/lib/python3.10/site-packages:/home/kraken/kraken-nano/ROS/install/custom/local/lib/python3.10/dist-packages:${PYTHONPATH} /usr/bin/python3 -W ignore:setup.py install is deprecated -W ignore:easy_install command is deprecated setup.py egg_info --egg-base ../../../build/kraken build --build-base /home/kraken/kraken-nano/ROS/build/kraken/build install --record /home/kraken/kraken-nano/ROS/build/kraken/install.log --single-version-externally-managed install_data
[1.695s] running egg_info
[1.698s] creating ../../../build/kraken/kraken.egg-info
[1.698s] writing ../../../build/kraken/kraken.egg-info/PKG-INFO
[1.699s] writing dependency_links to ../../../build/kraken/kraken.egg-info/dependency_links.txt
[1.699s] writing entry points to ../../../build/kraken/kraken.egg-info/entry_points.txt
[1.699s] writing requirements to ../../../build/kraken/kraken.egg-info/requires.txt
[1.699s] writing top-level names to ../../../build/kraken/kraken.egg-info/top_level.txt
[1.700s] writing manifest file '../../../build/kraken/kraken.egg-info/SOURCES.txt'
[1.703s] reading manifest file '../../../build/kraken/kraken.egg-info/SOURCES.txt'
[1.703s] adding license file 'LICENSE'
[1.704s] writing manifest file '../../../build/kraken/kraken.egg-info/SOURCES.txt'
[1.704s] running build
[1.704s] running build_py
[1.705s] creating /home/kraken/kraken-nano/ROS/build/kraken/build
[1.705s] creating /home/kraken/kraken-nano/ROS/build/kraken/build/lib
[1.705s] creating /home/kraken/kraken-nano/ROS/build/kraken/build/lib/kraken
[1.705s] copying kraken/spinMotor.py -> /home/kraken/kraken-nano/ROS/build/kraken/build/lib/kraken
[1.705s] copying kraken/planner.py -> /home/kraken/kraken-nano/ROS/build/kraken/build/lib/kraken
[1.706s] copying kraken/computer_vision.py -> /home/kraken/kraken-nano/ROS/build/kraken/build/lib/kraken
[1.706s] copying kraken/controller_test.py -> /home/kraken/kraken-nano/ROS/build/kraken/build/lib/kraken
[1.706s] copying kraken/state_estimator.py -> /home/kraken/kraken-nano/ROS/build/kraken/build/lib/kraken
[1.706s] copying kraken/controller.py -> /home/kraken/kraken-nano/ROS/build/kraken/build/lib/kraken
[1.707s] copying kraken/__init__.py -> /home/kraken/kraken-nano/ROS/build/kraken/build/lib/kraken
[1.707s] copying kraken/planner_test.py -> /home/kraken/kraken-nano/ROS/build/kraken/build/lib/kraken
[1.707s] copying kraken/testMotor.py -> /home/kraken/kraken-nano/ROS/build/kraken/build/lib/kraken
[1.707s] running install
[1.708s] running install_lib
[1.709s] creating /home/kraken/kraken-nano/ROS/install/kraken/lib/python3.10/site-packages/kraken
[1.709s] copying /home/kraken/kraken-nano/ROS/build/kraken/build/lib/kraken/spinMotor.py -> /home/kraken/kraken-nano/ROS/install/kraken/lib/python3.10/site-packages/kraken
[1.710s] copying /home/kraken/kraken-nano/ROS/build/kraken/build/lib/kraken/planner.py -> /home/kraken/kraken-nano/ROS/install/kraken/lib/python3.10/site-packages/kraken
[1.710s] copying /home/kraken/kraken-nano/ROS/build/kraken/build/lib/kraken/computer_vision.py -> /home/kraken/kraken-nano/ROS/install/kraken/lib/python3.10/site-packages/kraken
[1.710s] copying /home/kraken/kraken-nano/ROS/build/kraken/build/lib/kraken/controller_test.py -> /home/kraken/kraken-nano/ROS/install/kraken/lib/python3.10/site-packages/kraken
[1.711s] copying /home/kraken/kraken-nano/ROS/build/kraken/build/lib/kraken/state_estimator.py -> /home/kraken/kraken-nano/ROS/install/kraken/lib/python3.10/site-packages/kraken
[1.711s] copying /home/kraken/kraken-nano/ROS/build/kraken/build/lib/kraken/controller.py -> /home/kraken/kraken-nano/ROS/install/kraken/lib/python3.10/site-packages/kraken
[1.711s] copying /home/kraken/kraken-nano/ROS/build/kraken/build/lib/kraken/__init__.py -> /home/kraken/kraken-nano/ROS/install/kraken/lib/python3.10/site-packages/kraken
[1.711s] copying /home/kraken/kraken-nano/ROS/build/kraken/build/lib/kraken/planner_test.py -> /home/kraken/kraken-nano/ROS/install/kraken/lib/python3.10/site-packages/kraken
[1.711s] copying /home/kraken/kraken-nano/ROS/build/kraken/build/lib/kraken/testMotor.py -> /home/kraken/kraken-nano/ROS/install/kraken/lib/python3.10/site-packages/kraken
[1.712s] byte-compiling /home/kraken/kraken-nano/ROS/install/kraken/lib/python3.10/site-packages/kraken/spinMotor.py to spinMotor.cpython-310.pyc
[1.713s] byte-compiling /home/kraken/kraken-nano/ROS/install/kraken/lib/python3.10/site-packages/kraken/planner.py to planner.cpython-310.pyc
[1.716s] byte-compiling /home/kraken/kraken-nano/ROS/install/kraken/lib/python3.10/site-packages/kraken/computer_vision.py to computer_vision.cpython-310.pyc
[1.720s] byte-compiling /home/kraken/kraken-nano/ROS/install/kraken/lib/python3.10/site-packages/kraken/controller_test.py to controller_test.cpython-310.pyc
[1.721s] byte-compiling /home/kraken/kraken-nano/ROS/install/kraken/lib/python3.10/site-packages/kraken/state_estimator.py to state_estimator.cpython-310.pyc
[1.722s] byte-compiling /home/kraken/kraken-nano/ROS/install/kraken/lib/python3.10/site-packages/kraken/controller.py to controller.cpython-310.pyc
[1.724s] byte-compiling /home/kraken/kraken-nano/ROS/install/kraken/lib/python3.10/site-packages/kraken/__init__.py to __init__.cpython-310.pyc
[1.724s] byte-compiling /home/kraken/kraken-nano/ROS/install/kraken/lib/python3.10/site-packages/kraken/planner_test.py to planner_test.cpython-310.pyc
[1.726s] byte-compiling /home/kraken/kraken-nano/ROS/install/kraken/lib/python3.10/site-packages/kraken/testMotor.py to testMotor.cpython-310.pyc
[1.726s] running install_data
[1.726s] creating /home/kraken/kraken-nano/ROS/install/kraken/share/ament_index
[1.726s] creating /home/kraken/kraken-nano/ROS/install/kraken/share/ament_index/resource_index
[1.726s] creating /home/kraken/kraken-nano/ROS/install/kraken/share/ament_index/resource_index/packages
[1.727s] copying resource/kraken -> /home/kraken/kraken-nano/ROS/install/kraken/share/ament_index/resource_index/packages
[1.727s] copying package.xml -> /home/kraken/kraken-nano/ROS/install/kraken/share/kraken
[1.727s] creating /home/kraken/kraken-nano/ROS/install/kraken/share/kraken/launch
[1.735s] copying launch/kraken.launch.py -> /home/kraken/kraken-nano/ROS/install/kraken/share/kraken/launch
[1.735s] copying launch/kraken_system.launch.py -> /home/kraken/kraken-nano/ROS/install/kraken/share/kraken/launch
[1.735s] running install_egg_info
[1.735s] Copying ../../../build/kraken/kraken.egg-info to /home/kraken/kraken-nano/ROS/install/kraken/lib/python3.10/site-packages/kraken-0.0.0-py3.10.egg-info
[1.736s] running install_scripts
[1.771s] Installing computer_vision script to /home/kraken/kraken-nano/ROS/install/kraken/lib/kraken
[1.771s] Installing controller script to /home/kraken/kraken-nano/ROS/install/kraken/lib/kraken
[1.771s] Installing controller_test script to /home/kraken/kraken-nano/ROS/install/kraken/lib/kraken
[1.772s] Installing fsm_node script to /home/kraken/kraken-nano/ROS/install/kraken/lib/kraken
[1.772s] Installing planner script to /home/kraken/kraken-nano/ROS/install/kraken/lib/kraken
[1.772s] Installing planner_test script to /home/kraken/kraken-nano/ROS/install/kraken/lib/kraken
[1.772s] Installing spinMotor script to /home/kraken/kraken-nano/ROS/install/kraken/lib/kraken
[1.773s] Installing state_estimator script to /home/kraken/kraken-nano/ROS/install/kraken/lib/kraken
[1.773s] writing list of installed files to '/home/kraken/kraken-nano/ROS/build/kraken/install.log'
[1.843s] Invoked command in '/home/kraken/kraken-nano/ROS/ws/src/kraken' returned '0': AMENT_PREFIX_PATH=/home/kraken/kraken-nano/ROS/install/custom:${AMENT_PREFIX_PATH} CMAKE_PREFIX_PATH=/home/kraken/kraken-nano/ROS/install/custom:${CMAKE_PREFIX_PATH} LD_LIBRARY_PATH=/home/kraken/kraken-nano/ROS/install/custom/lib:${LD_LIBRARY_PATH} PYTHONPATH=/home/kraken/kraken-nano/ROS/build/kraken/prefix_override:/usr/lib/python3/dist-packages/colcon_core/task/python/colcon_distutils_commands:/home/kraken/kraken-nano/ROS/install/kraken/lib/python3.10/site-packages:/home/kraken/kraken-nano/ROS/install/custom/local/lib/python3.10/dist-packages:${PYTHONPATH} /usr/bin/python3 -W ignore:setup.py install is deprecated -W ignore:easy_install command is deprecated setup.py egg_info --egg-base ../../../build/kraken build --build-base /home/kraken/kraken-nano/ROS/build/kraken/build install --record /home/kraken/kraken-nano/ROS/build/kraken/install.log --single-version-externally-managed install_data
