[1.151s] Invoking command in '/home/kraken/kraken-nano/ROS/ws/src/kraken': AMENT_PREFIX_PATH=/home/kraken/kraken-nano/ROS/ws/install/custom:${AMENT_PREFIX_PATH} CMAKE_PREFIX_PATH=/home/kraken/kraken-nano/ROS/ws/install/custom LD_LIBRARY_PATH=/home/kraken/kraken-nano/ROS/ws/install/custom/lib:${LD_LIBRARY_PATH} PYTHONPATH=/home/kraken/kraken-nano/ROS/ws/build/kraken/prefix_override:/usr/lib/python3/dist-packages/colcon_core/task/python/colcon_distutils_commands:/home/kraken/kraken-nano/ROS/ws/install/kraken/lib/python3.10/site-packages:/home/kraken/kraken-nano/ROS/ws/install/custom/local/lib/python3.10/dist-packages:${PYTHONPATH} /usr/bin/python3 -W ignore:setup.py install is deprecated -W ignore:easy_install command is deprecated setup.py egg_info --egg-base ../../build/kraken build --build-base /home/kraken/kraken-nano/ROS/ws/build/kraken/build install --record /home/kraken/kraken-nano/ROS/ws/build/kraken/install.log --single-version-externally-managed install_data
[1.600s] running egg_info
[1.602s] creating ../../build/kraken/kraken.egg-info
[1.602s] writing ../../build/kraken/kraken.egg-info/PKG-INFO
[1.602s] writing dependency_links to ../../build/kraken/kraken.egg-info/dependency_links.txt
[1.602s] writing entry points to ../../build/kraken/kraken.egg-info/entry_points.txt
[1.602s] writing requirements to ../../build/kraken/kraken.egg-info/requires.txt
[1.602s] writing top-level names to ../../build/kraken/kraken.egg-info/top_level.txt
[1.603s] writing manifest file '../../build/kraken/kraken.egg-info/SOURCES.txt'
[1.606s] reading manifest file '../../build/kraken/kraken.egg-info/SOURCES.txt'
[1.606s] adding license file 'LICENSE'
[1.607s] writing manifest file '../../build/kraken/kraken.egg-info/SOURCES.txt'
[1.607s] running build
[1.608s] running build_py
[1.608s] creating /home/kraken/kraken-nano/ROS/ws/build/kraken/build
[1.608s] creating /home/kraken/kraken-nano/ROS/ws/build/kraken/build/lib
[1.608s] creating /home/kraken/kraken-nano/ROS/ws/build/kraken/build/lib/kraken
[1.608s] copying kraken/planner.py -> /home/kraken/kraken-nano/ROS/ws/build/kraken/build/lib/kraken
[1.612s] copying kraken/computer_vision.py -> /home/kraken/kraken-nano/ROS/ws/build/kraken/build/lib/kraken
[1.612s] copying kraken/state_estimator.py -> /home/kraken/kraken-nano/ROS/ws/build/kraken/build/lib/kraken
[1.612s] copying kraken/controller.py -> /home/kraken/kraken-nano/ROS/ws/build/kraken/build/lib/kraken
[1.613s] copying kraken/__init__.py -> /home/kraken/kraken-nano/ROS/ws/build/kraken/build/lib/kraken
[1.613s] running install
[1.614s] running install_lib
[1.615s] creating /home/kraken/kraken-nano/ROS/ws/install/kraken/lib/python3.10/site-packages/kraken
[1.615s] copying /home/kraken/kraken-nano/ROS/ws/build/kraken/build/lib/kraken/planner.py -> /home/kraken/kraken-nano/ROS/ws/install/kraken/lib/python3.10/site-packages/kraken
[1.616s] copying /home/kraken/kraken-nano/ROS/ws/build/kraken/build/lib/kraken/computer_vision.py -> /home/kraken/kraken-nano/ROS/ws/install/kraken/lib/python3.10/site-packages/kraken
[1.616s] copying /home/kraken/kraken-nano/ROS/ws/build/kraken/build/lib/kraken/state_estimator.py -> /home/kraken/kraken-nano/ROS/ws/install/kraken/lib/python3.10/site-packages/kraken
[1.616s] copying /home/kraken/kraken-nano/ROS/ws/build/kraken/build/lib/kraken/controller.py -> /home/kraken/kraken-nano/ROS/ws/install/kraken/lib/python3.10/site-packages/kraken
[1.616s] copying /home/kraken/kraken-nano/ROS/ws/build/kraken/build/lib/kraken/__init__.py -> /home/kraken/kraken-nano/ROS/ws/install/kraken/lib/python3.10/site-packages/kraken
[1.617s] byte-compiling /home/kraken/kraken-nano/ROS/ws/install/kraken/lib/python3.10/site-packages/kraken/planner.py to planner.cpython-310.pyc
[1.618s] byte-compiling /home/kraken/kraken-nano/ROS/ws/install/kraken/lib/python3.10/site-packages/kraken/computer_vision.py to computer_vision.cpython-310.pyc
[1.620s] byte-compiling /home/kraken/kraken-nano/ROS/ws/install/kraken/lib/python3.10/site-packages/kraken/state_estimator.py to state_estimator.cpython-310.pyc
[1.621s] byte-compiling /home/kraken/kraken-nano/ROS/ws/install/kraken/lib/python3.10/site-packages/kraken/controller.py to controller.cpython-310.pyc
[1.622s] byte-compiling /home/kraken/kraken-nano/ROS/ws/install/kraken/lib/python3.10/site-packages/kraken/__init__.py to __init__.cpython-310.pyc
[1.622s] running install_data
[1.623s] creating /home/kraken/kraken-nano/ROS/ws/install/kraken/share/ament_index
[1.623s] creating /home/kraken/kraken-nano/ROS/ws/install/kraken/share/ament_index/resource_index
[1.623s] creating /home/kraken/kraken-nano/ROS/ws/install/kraken/share/ament_index/resource_index/packages
[1.623s] copying resource/kraken -> /home/kraken/kraken-nano/ROS/ws/install/kraken/share/ament_index/resource_index/packages
[1.624s] copying package.xml -> /home/kraken/kraken-nano/ROS/ws/install/kraken/share/kraken
[1.624s] creating /home/kraken/kraken-nano/ROS/ws/install/kraken/share/kraken/launch
[1.624s] copying launch/kraken.launch.py -> /home/kraken/kraken-nano/ROS/ws/install/kraken/share/kraken/launch
[1.624s] running install_egg_info
[1.627s] Copying ../../build/kraken/kraken.egg-info to /home/kraken/kraken-nano/ROS/ws/install/kraken/lib/python3.10/site-packages/kraken-0.0.0-py3.10.egg-info
[1.629s] running install_scripts
[1.667s] Installing computer_vision script to /home/kraken/kraken-nano/ROS/ws/install/kraken/lib/kraken
[1.667s] Installing controller script to /home/kraken/kraken-nano/ROS/ws/install/kraken/lib/kraken
[1.668s] Installing planner script to /home/kraken/kraken-nano/ROS/ws/install/kraken/lib/kraken
[1.668s] Installing state_estimator script to /home/kraken/kraken-nano/ROS/ws/install/kraken/lib/kraken
[1.668s] writing list of installed files to '/home/kraken/kraken-nano/ROS/ws/build/kraken/install.log'
[1.732s] Invoked command in '/home/kraken/kraken-nano/ROS/ws/src/kraken' returned '0': AMENT_PREFIX_PATH=/home/kraken/kraken-nano/ROS/ws/install/custom:${AMENT_PREFIX_PATH} CMAKE_PREFIX_PATH=/home/kraken/kraken-nano/ROS/ws/install/custom LD_LIBRARY_PATH=/home/kraken/kraken-nano/ROS/ws/install/custom/lib:${LD_LIBRARY_PATH} PYTHONPATH=/home/kraken/kraken-nano/ROS/ws/build/kraken/prefix_override:/usr/lib/python3/dist-packages/colcon_core/task/python/colcon_distutils_commands:/home/kraken/kraken-nano/ROS/ws/install/kraken/lib/python3.10/site-packages:/home/kraken/kraken-nano/ROS/ws/install/custom/local/lib/python3.10/dist-packages:${PYTHONPATH} /usr/bin/python3 -W ignore:setup.py install is deprecated -W ignore:easy_install command is deprecated setup.py egg_info --egg-base ../../build/kraken build --build-base /home/kraken/kraken-nano/ROS/ws/build/kraken/build install --record /home/kraken/kraken-nano/ROS/ws/build/kraken/install.log --single-version-externally-managed install_data
