[1.213s] Invoking command in '/home/kraken/kraken-nano/ROS/ws/src/kraken': AMENT_PREFIX_PATH=/home/kraken/kraken-nano/ROS/ws/install/custom:${AMENT_PREFIX_PATH} CMAKE_PREFIX_PATH=/home/kraken/kraken-nano/ROS/ws/install/custom:${CMAKE_PREFIX_PATH} LD_LIBRARY_PATH=/home/kraken/kraken-nano/ROS/ws/install/custom/lib:${LD_LIBRARY_PATH} PYTHONPATH=/home/kraken/kraken-nano/ROS/ws/build/kraken/prefix_override:/usr/lib/python3/dist-packages/colcon_core/task/python/colcon_distutils_commands:/home/kraken/kraken-nano/ROS/ws/install/kraken/lib/python3.10/site-packages:/home/kraken/kraken-nano/ROS/ws/install/custom/local/lib/python3.10/dist-packages:${PYTHONPATH} /usr/bin/python3 -W ignore:setup.py install is deprecated -W ignore:easy_install command is deprecated setup.py egg_info --egg-base ../../build/kraken build --build-base /home/kraken/kraken-nano/ROS/ws/build/kraken/build install --record /home/kraken/kraken-nano/ROS/ws/build/kraken/install.log --single-version-externally-managed install_data
[1.687s] running egg_info
[1.690s] writing ../../build/kraken/kraken.egg-info/PKG-INFO
[1.690s] writing dependency_links to ../../build/kraken/kraken.egg-info/dependency_links.txt
[1.691s] writing entry points to ../../build/kraken/kraken.egg-info/entry_points.txt
[1.691s] writing requirements to ../../build/kraken/kraken.egg-info/requires.txt
[1.691s] writing top-level names to ../../build/kraken/kraken.egg-info/top_level.txt
[1.695s] reading manifest file '../../build/kraken/kraken.egg-info/SOURCES.txt'
[1.695s] adding license file 'LICENSE'
[1.696s] writing manifest file '../../build/kraken/kraken.egg-info/SOURCES.txt'
[1.697s] running build
[1.697s] running build_py
[1.697s] copying kraken/planner.py -> /home/kraken/kraken-nano/ROS/ws/build/kraken/build/lib/kraken
[1.698s] copying kraken/state_estimator.py -> /home/kraken/kraken-nano/ROS/ws/build/kraken/build/lib/kraken
[1.698s] copying kraken/controller.py -> /home/kraken/kraken-nano/ROS/ws/build/kraken/build/lib/kraken
[1.699s] running install
[1.699s] running install_lib
[1.700s] copying /home/kraken/kraken-nano/ROS/ws/build/kraken/build/lib/kraken/planner.py -> /home/kraken/kraken-nano/ROS/ws/install/kraken/lib/python3.10/site-packages/kraken
[1.701s] copying /home/kraken/kraken-nano/ROS/ws/build/kraken/build/lib/kraken/state_estimator.py -> /home/kraken/kraken-nano/ROS/ws/install/kraken/lib/python3.10/site-packages/kraken
[1.701s] copying /home/kraken/kraken-nano/ROS/ws/build/kraken/build/lib/kraken/controller.py -> /home/kraken/kraken-nano/ROS/ws/install/kraken/lib/python3.10/site-packages/kraken
[1.702s] byte-compiling /home/kraken/kraken-nano/ROS/ws/install/kraken/lib/python3.10/site-packages/kraken/planner.py to planner.cpython-310.pyc
[1.706s] byte-compiling /home/kraken/kraken-nano/ROS/ws/install/kraken/lib/python3.10/site-packages/kraken/state_estimator.py to state_estimator.cpython-310.pyc
[1.707s] byte-compiling /home/kraken/kraken-nano/ROS/ws/install/kraken/lib/python3.10/site-packages/kraken/controller.py to controller.cpython-310.pyc
[1.709s] running install_data
[1.710s] running install_egg_info
[1.713s] removing '/home/kraken/kraken-nano/ROS/ws/install/kraken/lib/python3.10/site-packages/kraken-0.0.0-py3.10.egg-info' (and everything under it)
[1.713s] Copying ../../build/kraken/kraken.egg-info to /home/kraken/kraken-nano/ROS/ws/install/kraken/lib/python3.10/site-packages/kraken-0.0.0-py3.10.egg-info
[1.715s] running install_scripts
[1.752s] Installing computer_vision script to /home/kraken/kraken-nano/ROS/ws/install/kraken/lib/kraken
[1.753s] Installing controller script to /home/kraken/kraken-nano/ROS/ws/install/kraken/lib/kraken
[1.753s] Installing controller_test script to /home/kraken/kraken-nano/ROS/ws/install/kraken/lib/kraken
[1.753s] Installing fsm_node script to /home/kraken/kraken-nano/ROS/ws/install/kraken/lib/kraken
[1.754s] Installing planner script to /home/kraken/kraken-nano/ROS/ws/install/kraken/lib/kraken
[1.754s] Installing planner_test script to /home/kraken/kraken-nano/ROS/ws/install/kraken/lib/kraken
[1.754s] Installing spinMotor script to /home/kraken/kraken-nano/ROS/ws/install/kraken/lib/kraken
[1.754s] Installing state_estimator script to /home/kraken/kraken-nano/ROS/ws/install/kraken/lib/kraken
[1.755s] writing list of installed files to '/home/kraken/kraken-nano/ROS/ws/build/kraken/install.log'
[1.818s] Invoked command in '/home/kraken/kraken-nano/ROS/ws/src/kraken' returned '0': AMENT_PREFIX_PATH=/home/kraken/kraken-nano/ROS/ws/install/custom:${AMENT_PREFIX_PATH} CMAKE_PREFIX_PATH=/home/kraken/kraken-nano/ROS/ws/install/custom:${CMAKE_PREFIX_PATH} LD_LIBRARY_PATH=/home/kraken/kraken-nano/ROS/ws/install/custom/lib:${LD_LIBRARY_PATH} PYTHONPATH=/home/kraken/kraken-nano/ROS/ws/build/kraken/prefix_override:/usr/lib/python3/dist-packages/colcon_core/task/python/colcon_distutils_commands:/home/kraken/kraken-nano/ROS/ws/install/kraken/lib/python3.10/site-packages:/home/kraken/kraken-nano/ROS/ws/install/custom/local/lib/python3.10/dist-packages:${PYTHONPATH} /usr/bin/python3 -W ignore:setup.py install is deprecated -W ignore:easy_install command is deprecated setup.py egg_info --egg-base ../../build/kraken build --build-base /home/kraken/kraken-nano/ROS/ws/build/kraken/build install --record /home/kraken/kraken-nano/ROS/ws/build/kraken/install.log --single-version-externally-managed install_data
