[0.015s] Invoking command in '/home/kraken/kraken-nano/ROS/build/custom': CMAKE_PREFIX_PATH=${CMAKE_PREFIX_PATH}:/home/kraken/kraken-nano/install/kraken:/opt/ros/humble /usr/bin/cmake /home/kraken/kraken-nano/ROS/ws/src/custom -DCMAKE_INSTALL_PREFIX=/home/kraken/kraken-nano/ROS/install/custom
[0.105s] -- The C compiler identification is GNU 11.4.0
[0.220s] -- The CXX compiler identification is GNU 11.4.0
[0.241s] -- Detecting C compiler ABI info
[0.390s] -- Detecting C compiler ABI info - done
[0.412s] -- Check for working C compiler: /usr/bin/cc - skipped
[0.413s] -- Detecting C compile features
[0.415s] -- Detecting C compile features - done
[0.427s] -- Detecting CXX compiler ABI info
[0.589s] -- Detecting CXX compiler ABI info - done
[0.616s] -- Check for working CXX compiler: /usr/bin/c++ - skipped
[0.617s] -- Detecting CXX compile features
[0.620s] -- Detecting CXX compile features - done
[0.630s] -- Found ament_cmake: 1.3.12 (/opt/ros/humble/share/ament_cmake/cmake)
[0.981s] -- Found Python3: /usr/bin/python3 (found version "3.10.12") found components: Interpreter 
[1.209s] -- Found ament_lint_auto: 0.12.14 (/opt/ros/humble/share/ament_lint_auto/cmake)
[1.389s] -- Found rosidl_default_generators: 1.2.0 (/opt/ros/humble/share/rosidl_default_generators/cmake)
[1.397s] -- Using all available rosidl_typesupport_c: rosidl_typesupport_fastrtps_c;rosidl_typesupport_introspection_c
[1.414s] -- Found rosidl_adapter: 3.1.7 (/opt/ros/humble/share/rosidl_adapter/cmake)
[1.483s] -- Using all available rosidl_typesupport_cpp: rosidl_typesupport_fastrtps_cpp;rosidl_typesupport_introspection_cpp
[1.967s] -- Found ament_cmake_ros: 0.10.0 (/opt/ros/humble/share/ament_cmake_ros/cmake)
[2.429s] -- Using all available rosidl_typesupport_c: rosidl_typesupport_fastrtps_c;rosidl_typesupport_introspection_c
[3.018s] -- Using all available rosidl_typesupport_cpp: rosidl_typesupport_fastrtps_cpp;rosidl_typesupport_introspection_cpp
[3.080s] -- Found PythonInterp: /usr/bin/python3 (found suitable version "3.10.12", minimum required is "3.6") 
[3.084s] -- Found python_cmake_module: 0.10.0 (/opt/ros/humble/share/python_cmake_module/cmake)
[3.168s] -- Found PythonLibs: /usr/lib/aarch64-linux-gnu/libpython3.10.so (found suitable version "3.10.12", minimum required is "3.5") 
[3.169s] -- Using PYTHON_EXECUTABLE: /usr/bin/python3
[3.169s] -- Using PYTHON_INCLUDE_DIRS: /usr/include/python3.10
[3.170s] -- Using PYTHON_LIBRARIES: /usr/lib/aarch64-linux-gnu/libpython3.10.so
[3.228s] -- Found PythonExtra: .so  
[3.331s] -- Added test 'flake8' to check Python code syntax and style conventions
[3.333s] -- Added test 'lint_cmake' to check CMake code style
[3.335s] -- Added test 'pep257' to check Python code against some of the docstring style conventions in PEP 257
[3.341s] -- Added test 'xmllint' to check XML markup files
[3.353s] -- Configuring done
[3.413s] -- Generating done
[3.431s] -- Build files have been written to: /home/kraken/kraken-nano/ROS/build/custom
[3.447s] Invoked command in '/home/kraken/kraken-nano/ROS/build/custom' returned '0': CMAKE_PREFIX_PATH=${CMAKE_PREFIX_PATH}:/home/kraken/kraken-nano/install/kraken:/opt/ros/humble /usr/bin/cmake /home/kraken/kraken-nano/ROS/ws/src/custom -DCMAKE_INSTALL_PREFIX=/home/kraken/kraken-nano/ROS/install/custom
[3.455s] Invoking command in '/home/kraken/kraken-nano/ROS/build/custom': CMAKE_PREFIX_PATH=${CMAKE_PREFIX_PATH}:/home/kraken/kraken-nano/install/kraken:/opt/ros/humble /usr/bin/cmake --build /home/kraken/kraken-nano/ROS/build/custom -- -j6 -l6
[3.545s] [  1%] [34m[1mGenerating C code for ROS interfaces[0m
[3.567s] [  3%] [34m[1mGenerating C++ code for ROS interfaces[0m
[3.585s] [  3%] Built target ament_cmake_python_copy_custom
[4.066s] running egg_info
[4.067s] creating custom.egg-info
[4.068s] writing custom.egg-info/PKG-INFO
[4.068s] writing dependency_links to custom.egg-info/dependency_links.txt
[4.068s] writing top-level names to custom.egg-info/top_level.txt
[4.069s] writing manifest file 'custom.egg-info/SOURCES.txt'
[4.073s] reading manifest file 'custom.egg-info/SOURCES.txt'
[4.074s] writing manifest file 'custom.egg-info/SOURCES.txt'
[4.143s] [  3%] Built target ament_cmake_python_build_custom_egg
[4.345s] [  3%] Built target custom__cpp
[4.363s] [  7%] [34m[1mGenerating C++ introspection for ROS interfaces[0m
[4.364s] [  7%] [34m[1mGenerating C++ type support dispatch for ROS interfaces[0m
[4.368s] [  9%] [32mBuilding C object CMakeFiles/custom__rosidl_generator_c.dir/rosidl_generator_c/custom/msg/detail/task__functions.c.o[0m
[4.368s] [ 10%] [34m[1mGenerating C++ type support for eProsima Fast-RTPS[0m
[4.369s] [ 12%] [32mBuilding C object CMakeFiles/custom__rosidl_generator_c.dir/rosidl_generator_c/custom/msg/detail/point__functions.c.o[0m
[4.373s] [ 14%] [32mBuilding C object CMakeFiles/custom__rosidl_generator_c.dir/rosidl_generator_c/custom/msg/detail/pose_e__functions.c.o[0m
[4.464s] [ 16%] [32mBuilding C object CMakeFiles/custom__rosidl_generator_c.dir/rosidl_generator_c/custom/msg/detail/euler__functions.c.o[0m
[4.549s] [ 18%] [32m[1mLinking C shared library libcustom__rosidl_generator_c.so[0m
[4.608s] [ 18%] Built target custom__rosidl_generator_c
[4.626s] [ 21%] [34m[1mGenerating C type support dispatch for ROS interfaces[0m
[4.626s] [ 21%] [34m[1mGenerating C type support for eProsima Fast-RTPS[0m
[4.629s] [ 23%] [34m[1mGenerating C introspection for ROS interfaces[0m
[4.901s] [ 25%] [32mBuilding CXX object CMakeFiles/custom__rosidl_typesupport_cpp.dir/rosidl_typesupport_cpp/custom/msg/task__type_support.cpp.o[0m
[5.047s] [ 27%] [32mBuilding CXX object CMakeFiles/custom__rosidl_typesupport_introspection_cpp.dir/rosidl_typesupport_introspection_cpp/custom/msg/detail/task__type_support.cpp.o[0m
[5.092s] [ 29%] [32mBuilding CXX object CMakeFiles/custom__rosidl_typesupport_fastrtps_cpp.dir/rosidl_typesupport_fastrtps_cpp/custom/msg/detail/dds_fastrtps/task__type_support.cpp.o[0m
[5.238s] [ 30%] [32mBuilding CXX object CMakeFiles/custom__rosidl_typesupport_c.dir/rosidl_typesupport_c/custom/msg/task__type_support.cpp.o[0m
[5.297s] [ 32%] [32mBuilding CXX object CMakeFiles/custom__rosidl_typesupport_c.dir/rosidl_typesupport_c/custom/msg/pose_e__type_support.cpp.o[0m
[5.358s] [ 34%] [32mBuilding CXX object CMakeFiles/custom__rosidl_typesupport_c.dir/rosidl_typesupport_c/custom/msg/point__type_support.cpp.o[0m
[5.388s] [ 36%] [32mBuilding CXX object CMakeFiles/custom__rosidl_typesupport_fastrtps_c.dir/rosidl_typesupport_fastrtps_c/custom/msg/detail/task__type_support_c.cpp.o[0m
[5.413s] [ 38%] [32mBuilding CXX object CMakeFiles/custom__rosidl_typesupport_c.dir/rosidl_typesupport_c/custom/msg/euler__type_support.cpp.o[0m
[5.420s] [ 40%] [32mBuilding CXX object CMakeFiles/custom__rosidl_typesupport_cpp.dir/rosidl_typesupport_cpp/custom/msg/pose_e__type_support.cpp.o[0m
[5.421s] [ 41%] [32mBuilding C object CMakeFiles/custom__rosidl_typesupport_introspection_c.dir/rosidl_typesupport_introspection_c/custom/msg/detail/task__type_support.c.o[0m
[5.468s] [ 43%] [32m[1mLinking CXX shared library libcustom__rosidl_typesupport_c.so[0m
[5.485s] [ 45%] [32mBuilding C object CMakeFiles/custom__rosidl_typesupport_introspection_c.dir/rosidl_typesupport_introspection_c/custom/msg/detail/pose_e__type_support.c.o[0m
[5.547s] [ 47%] [32mBuilding C object CMakeFiles/custom__rosidl_typesupport_introspection_c.dir/rosidl_typesupport_introspection_c/custom/msg/detail/point__type_support.c.o[0m
[5.548s] [ 47%] Built target custom__rosidl_typesupport_c
[5.566s] [ 49%] [32mBuilding C object CMakeFiles/custom__rosidl_typesupport_introspection_c.dir/rosidl_typesupport_introspection_c/custom/msg/detail/euler__type_support.c.o[0m
[5.607s] [ 50%] [32mBuilding CXX object CMakeFiles/custom__rosidl_typesupport_introspection_cpp.dir/rosidl_typesupport_introspection_cpp/custom/msg/detail/pose_e__type_support.cpp.o[0m
[5.630s] [ 52%] [32m[1mLinking C shared library libcustom__rosidl_typesupport_introspection_c.so[0m
[5.683s] [ 52%] Built target custom__rosidl_typesupport_introspection_c
[5.699s] [ 54%] [32mBuilding CXX object CMakeFiles/custom__rosidl_typesupport_introspection_cpp.dir/rosidl_typesupport_introspection_cpp/custom/msg/detail/point__type_support.cpp.o[0m
[5.794s] [ 56%] [32mBuilding CXX object CMakeFiles/custom__rosidl_typesupport_introspection_cpp.dir/rosidl_typesupport_introspection_cpp/custom/msg/detail/euler__type_support.cpp.o[0m
[5.961s] [ 58%] [32mBuilding CXX object CMakeFiles/custom__rosidl_typesupport_fastrtps_cpp.dir/rosidl_typesupport_fastrtps_cpp/custom/msg/detail/dds_fastrtps/pose_e__type_support.cpp.o[0m
[5.996s] [ 60%] [32mBuilding CXX object CMakeFiles/custom__rosidl_typesupport_cpp.dir/rosidl_typesupport_cpp/custom/msg/point__type_support.cpp.o[0m
[6.120s] [ 61%] [32mBuilding CXX object CMakeFiles/custom__rosidl_typesupport_fastrtps_c.dir/rosidl_typesupport_fastrtps_c/custom/msg/detail/pose_e__type_support_c.cpp.o[0m
[6.391s] [ 63%] [32mBuilding CXX object CMakeFiles/custom__rosidl_typesupport_fastrtps_c.dir/rosidl_typesupport_fastrtps_c/custom/msg/detail/point__type_support_c.cpp.o[0m
[6.429s] [ 65%] [32mBuilding CXX object CMakeFiles/custom__rosidl_typesupport_fastrtps_c.dir/rosidl_typesupport_fastrtps_c/custom/msg/detail/euler__type_support_c.cpp.o[0m
[6.542s] [ 67%] [32m[1mLinking CXX shared library libcustom__rosidl_typesupport_introspection_cpp.so[0m
[6.570s] [ 69%] [32mBuilding CXX object CMakeFiles/custom__rosidl_typesupport_cpp.dir/rosidl_typesupport_cpp/custom/msg/euler__type_support.cpp.o[0m
[6.705s] [ 69%] Built target custom__rosidl_typesupport_introspection_cpp
[6.723s] [ 70%] [32mBuilding CXX object CMakeFiles/custom__rosidl_typesupport_fastrtps_cpp.dir/rosidl_typesupport_fastrtps_cpp/custom/msg/detail/dds_fastrtps/point__type_support.cpp.o[0m
[6.806s] [ 72%] [32mBuilding CXX object CMakeFiles/custom__rosidl_typesupport_fastrtps_cpp.dir/rosidl_typesupport_fastrtps_cpp/custom/msg/detail/dds_fastrtps/euler__type_support.cpp.o[0m
[7.078s] [ 74%] [32m[1mLinking CXX shared library libcustom__rosidl_typesupport_fastrtps_c.so[0m
[7.079s] [ 76%] [32m[1mLinking CXX shared library libcustom__rosidl_typesupport_cpp.so[0m
[7.151s] [ 76%] Built target custom__rosidl_typesupport_cpp
[7.215s] [ 76%] Built target custom__rosidl_typesupport_fastrtps_c
[7.557s] [ 78%] [32m[1mLinking CXX shared library libcustom__rosidl_typesupport_fastrtps_cpp.so[0m
[7.701s] [ 78%] Built target custom__rosidl_typesupport_fastrtps_cpp
[7.748s] [ 78%] Built target custom
[7.795s] [ 80%] [34m[1mGenerating Python code for ROS interfaces[0m
[8.727s] [ 80%] Built target custom__py
[8.773s] [ 85%] [32mBuilding C object CMakeFiles/custom__rosidl_generator_py.dir/rosidl_generator_py/custom/msg/_task_s.c.o[0m
[8.773s] [ 85%] [32mBuilding C object CMakeFiles/custom__rosidl_generator_py.dir/rosidl_generator_py/custom/msg/_euler_s.c.o[0m
[8.774s] [ 85%] [32mBuilding C object CMakeFiles/custom__rosidl_generator_py.dir/rosidl_generator_py/custom/msg/_pose_e_s.c.o[0m
[8.776s] [ 87%] [32mBuilding C object CMakeFiles/custom__rosidl_generator_py.dir/rosidl_generator_py/custom/msg/_point_s.c.o[0m
[8.975s] [ 89%] [32m[1mLinking C shared library rosidl_generator_py/custom/libcustom__rosidl_generator_py.so[0m
[9.062s] [ 89%] Built target custom__rosidl_generator_py
[9.097s] [ 92%] [32mBuilding C object CMakeFiles/custom__rosidl_typesupport_fastrtps_c__pyext.dir/rosidl_generator_py/custom/_custom_s.ep.rosidl_typesupport_fastrtps_c.c.o[0m
[9.097s] [ 92%] [32mBuilding C object CMakeFiles/custom__rosidl_typesupport_c__pyext.dir/rosidl_generator_py/custom/_custom_s.ep.rosidl_typesupport_c.c.o[0m
[9.098s] [ 94%] [32mBuilding C object CMakeFiles/custom__rosidl_typesupport_introspection_c__pyext.dir/rosidl_generator_py/custom/_custom_s.ep.rosidl_typesupport_introspection_c.c.o[0m
[9.277s] [ 98%] [32m[1mLinking C shared library rosidl_generator_py/custom/custom_s__rosidl_typesupport_c.cpython-310-aarch64-linux-gnu.so[0m
[9.277s] [ 98%] [32m[1mLinking C shared library rosidl_generator_py/custom/custom_s__rosidl_typesupport_introspection_c.cpython-310-aarch64-linux-gnu.so[0m
[9.283s] [100%] [32m[1mLinking C shared library rosidl_generator_py/custom/custom_s__rosidl_typesupport_fastrtps_c.cpython-310-aarch64-linux-gnu.so[0m
[9.346s] [100%] Built target custom__rosidl_typesupport_c__pyext
[9.347s] [100%] Built target custom__rosidl_typesupport_fastrtps_c__pyext
[9.347s] [100%] Built target custom__rosidl_typesupport_introspection_c__pyext
[9.378s] Invoked command in '/home/kraken/kraken-nano/ROS/build/custom' returned '0': CMAKE_PREFIX_PATH=${CMAKE_PREFIX_PATH}:/home/kraken/kraken-nano/install/kraken:/opt/ros/humble /usr/bin/cmake --build /home/kraken/kraken-nano/ROS/build/custom -- -j6 -l6
[9.407s] Invoking command in '/home/kraken/kraken-nano/ROS/build/custom': CMAKE_PREFIX_PATH=${CMAKE_PREFIX_PATH}:/home/kraken/kraken-nano/install/kraken:/opt/ros/humble /usr/bin/cmake --install /home/kraken/kraken-nano/ROS/build/custom
[9.428s] -- Install configuration: ""
[9.428s] -- Installing: /home/kraken/kraken-nano/ROS/install/custom/share/ament_index/resource_index/rosidl_interfaces/custom
[9.429s] -- Installing: /home/kraken/kraken-nano/ROS/install/custom/include/custom/custom
[9.429s] -- Installing: /home/kraken/kraken-nano/ROS/install/custom/include/custom/custom/msg
[9.429s] -- Installing: /home/kraken/kraken-nano/ROS/install/custom/include/custom/custom/msg/rosidl_generator_c__visibility_control.h
[9.429s] -- Installing: /home/kraken/kraken-nano/ROS/install/custom/include/custom/custom/msg/task.h
[9.430s] -- Installing: /home/kraken/kraken-nano/ROS/install/custom/include/custom/custom/msg/detail
[9.430s] -- Installing: /home/kraken/kraken-nano/ROS/install/custom/include/custom/custom/msg/detail/pose_e__functions.c
[9.431s] -- Installing: /home/kraken/kraken-nano/ROS/install/custom/include/custom/custom/msg/detail/task__functions.c
[9.431s] -- Installing: /home/kraken/kraken-nano/ROS/install/custom/include/custom/custom/msg/detail/euler__struct.h
[9.431s] -- Installing: /home/kraken/kraken-nano/ROS/install/custom/include/custom/custom/msg/detail/pose_e__functions.h
[9.431s] -- Installing: /home/kraken/kraken-nano/ROS/install/custom/include/custom/custom/msg/detail/task__type_support.h
[9.432s] -- Installing: /home/kraken/kraken-nano/ROS/install/custom/include/custom/custom/msg/detail/euler__type_support.h
[9.432s] -- Installing: /home/kraken/kraken-nano/ROS/install/custom/include/custom/custom/msg/detail/point__struct.h
[9.432s] -- Installing: /home/kraken/kraken-nano/ROS/install/custom/include/custom/custom/msg/detail/point__type_support.h
[9.433s] -- Installing: /home/kraken/kraken-nano/ROS/install/custom/include/custom/custom/msg/detail/euler__functions.h
[9.433s] -- Installing: /home/kraken/kraken-nano/ROS/install/custom/include/custom/custom/msg/detail/task__functions.h
[9.433s] -- Installing: /home/kraken/kraken-nano/ROS/install/custom/include/custom/custom/msg/detail/point__functions.c
[9.433s] -- Installing: /home/kraken/kraken-nano/ROS/install/custom/include/custom/custom/msg/detail/pose_e__struct.h
[9.434s] -- Installing: /home/kraken/kraken-nano/ROS/install/custom/include/custom/custom/msg/detail/point__functions.h
[9.434s] -- Installing: /home/kraken/kraken-nano/ROS/install/custom/include/custom/custom/msg/detail/task__struct.h
[9.435s] -- Installing: /home/kraken/kraken-nano/ROS/install/custom/include/custom/custom/msg/detail/euler__functions.c
[9.435s] -- Installing: /home/kraken/kraken-nano/ROS/install/custom/include/custom/custom/msg/detail/pose_e__type_support.h
[9.435s] -- Installing: /home/kraken/kraken-nano/ROS/install/custom/include/custom/custom/msg/point.h
[9.435s] -- Installing: /home/kraken/kraken-nano/ROS/install/custom/include/custom/custom/msg/euler.h
[9.435s] -- Installing: /home/kraken/kraken-nano/ROS/install/custom/include/custom/custom/msg/pose_e.h
[9.436s] -- Installing: /home/kraken/kraken-nano/ROS/install/custom/share/custom/environment/library_path.sh
[9.436s] -- Installing: /home/kraken/kraken-nano/ROS/install/custom/share/custom/environment/library_path.dsv
[9.437s] -- Installing: /home/kraken/kraken-nano/ROS/install/custom/lib/libcustom__rosidl_generator_c.so
[9.437s] -- Set runtime path of "/home/kraken/kraken-nano/ROS/install/custom/lib/libcustom__rosidl_generator_c.so" to ""
[9.437s] -- Up-to-date: /home/kraken/kraken-nano/ROS/install/custom/include/custom/custom
[9.438s] -- Up-to-date: /home/kraken/kraken-nano/ROS/install/custom/include/custom/custom/msg
[9.438s] -- Installing: /home/kraken/kraken-nano/ROS/install/custom/include/custom/custom/msg/rosidl_typesupport_fastrtps_c__visibility_control.h
[9.438s] -- Up-to-date: /home/kraken/kraken-nano/ROS/install/custom/include/custom/custom/msg/detail
[9.438s] -- Installing: /home/kraken/kraken-nano/ROS/install/custom/include/custom/custom/msg/detail/point__rosidl_typesupport_fastrtps_c.h
[9.438s] -- Installing: /home/kraken/kraken-nano/ROS/install/custom/include/custom/custom/msg/detail/euler__rosidl_typesupport_fastrtps_c.h
[9.438s] -- Installing: /home/kraken/kraken-nano/ROS/install/custom/include/custom/custom/msg/detail/pose_e__rosidl_typesupport_fastrtps_c.h
[9.439s] -- Installing: /home/kraken/kraken-nano/ROS/install/custom/include/custom/custom/msg/detail/task__rosidl_typesupport_fastrtps_c.h
[9.439s] -- Installing: /home/kraken/kraken-nano/ROS/install/custom/lib/libcustom__rosidl_typesupport_fastrtps_c.so
[9.440s] -- Set runtime path of "/home/kraken/kraken-nano/ROS/install/custom/lib/libcustom__rosidl_typesupport_fastrtps_c.so" to ""
[9.440s] -- Up-to-date: /home/kraken/kraken-nano/ROS/install/custom/include/custom/custom
[9.440s] -- Up-to-date: /home/kraken/kraken-nano/ROS/install/custom/include/custom/custom/msg
[9.440s] -- Installing: /home/kraken/kraken-nano/ROS/install/custom/include/custom/custom/msg/rosidl_typesupport_introspection_c__visibility_control.h
[9.440s] -- Up-to-date: /home/kraken/kraken-nano/ROS/install/custom/include/custom/custom/msg/detail
[9.440s] -- Installing: /home/kraken/kraken-nano/ROS/install/custom/include/custom/custom/msg/detail/euler__type_support.c
[9.440s] -- Installing: /home/kraken/kraken-nano/ROS/install/custom/include/custom/custom/msg/detail/pose_e__rosidl_typesupport_introspection_c.h
[9.441s] -- Installing: /home/kraken/kraken-nano/ROS/install/custom/include/custom/custom/msg/detail/task__type_support.c
[9.441s] -- Installing: /home/kraken/kraken-nano/ROS/install/custom/include/custom/custom/msg/detail/pose_e__type_support.c
[9.441s] -- Installing: /home/kraken/kraken-nano/ROS/install/custom/include/custom/custom/msg/detail/task__rosidl_typesupport_introspection_c.h
[9.441s] -- Installing: /home/kraken/kraken-nano/ROS/install/custom/include/custom/custom/msg/detail/point__rosidl_typesupport_introspection_c.h
[9.441s] -- Installing: /home/kraken/kraken-nano/ROS/install/custom/include/custom/custom/msg/detail/point__type_support.c
[9.442s] -- Installing: /home/kraken/kraken-nano/ROS/install/custom/include/custom/custom/msg/detail/euler__rosidl_typesupport_introspection_c.h
[9.442s] -- Installing: /home/kraken/kraken-nano/ROS/install/custom/lib/libcustom__rosidl_typesupport_introspection_c.so
[9.443s] -- Set runtime path of "/home/kraken/kraken-nano/ROS/install/custom/lib/libcustom__rosidl_typesupport_introspection_c.so" to ""
[9.443s] -- Installing: /home/kraken/kraken-nano/ROS/install/custom/lib/libcustom__rosidl_typesupport_c.so
[9.443s] -- Set runtime path of "/home/kraken/kraken-nano/ROS/install/custom/lib/libcustom__rosidl_typesupport_c.so" to ""
[9.444s] -- Up-to-date: /home/kraken/kraken-nano/ROS/install/custom/include/custom/custom
[9.444s] -- Up-to-date: /home/kraken/kraken-nano/ROS/install/custom/include/custom/custom/msg
[9.445s] -- Installing: /home/kraken/kraken-nano/ROS/install/custom/include/custom/custom/msg/pose_e.hpp
[9.445s] -- Installing: /home/kraken/kraken-nano/ROS/install/custom/include/custom/custom/msg/euler.hpp
[9.445s] -- Installing: /home/kraken/kraken-nano/ROS/install/custom/include/custom/custom/msg/rosidl_generator_cpp__visibility_control.hpp
[9.445s] -- Installing: /home/kraken/kraken-nano/ROS/install/custom/include/custom/custom/msg/point.hpp
[9.445s] -- Up-to-date: /home/kraken/kraken-nano/ROS/install/custom/include/custom/custom/msg/detail
[9.445s] -- Installing: /home/kraken/kraken-nano/ROS/install/custom/include/custom/custom/msg/detail/pose_e__builder.hpp
[9.445s] -- Installing: /home/kraken/kraken-nano/ROS/install/custom/include/custom/custom/msg/detail/euler__struct.hpp
[9.446s] -- Installing: /home/kraken/kraken-nano/ROS/install/custom/include/custom/custom/msg/detail/point__struct.hpp
[9.446s] -- Installing: /home/kraken/kraken-nano/ROS/install/custom/include/custom/custom/msg/detail/euler__type_support.hpp
[9.446s] -- Installing: /home/kraken/kraken-nano/ROS/install/custom/include/custom/custom/msg/detail/task__struct.hpp
[9.446s] -- Installing: /home/kraken/kraken-nano/ROS/install/custom/include/custom/custom/msg/detail/point__builder.hpp
[9.446s] -- Installing: /home/kraken/kraken-nano/ROS/install/custom/include/custom/custom/msg/detail/pose_e__type_support.hpp
[9.447s] -- Installing: /home/kraken/kraken-nano/ROS/install/custom/include/custom/custom/msg/detail/task__traits.hpp
[9.447s] -- Installing: /home/kraken/kraken-nano/ROS/install/custom/include/custom/custom/msg/detail/point__traits.hpp
[9.447s] -- Installing: /home/kraken/kraken-nano/ROS/install/custom/include/custom/custom/msg/detail/task__builder.hpp
[9.447s] -- Installing: /home/kraken/kraken-nano/ROS/install/custom/include/custom/custom/msg/detail/euler__traits.hpp
[9.447s] -- Installing: /home/kraken/kraken-nano/ROS/install/custom/include/custom/custom/msg/detail/task__type_support.hpp
[9.447s] -- Installing: /home/kraken/kraken-nano/ROS/install/custom/include/custom/custom/msg/detail/pose_e__struct.hpp
[9.447s] -- Installing: /home/kraken/kraken-nano/ROS/install/custom/include/custom/custom/msg/detail/point__type_support.hpp
[9.447s] -- Installing: /home/kraken/kraken-nano/ROS/install/custom/include/custom/custom/msg/detail/euler__builder.hpp
[9.448s] -- Installing: /home/kraken/kraken-nano/ROS/install/custom/include/custom/custom/msg/detail/pose_e__traits.hpp
[9.448s] -- Installing: /home/kraken/kraken-nano/ROS/install/custom/include/custom/custom/msg/task.hpp
[9.448s] -- Up-to-date: /home/kraken/kraken-nano/ROS/install/custom/include/custom/custom
[9.448s] -- Up-to-date: /home/kraken/kraken-nano/ROS/install/custom/include/custom/custom/msg
[9.448s] -- Up-to-date: /home/kraken/kraken-nano/ROS/install/custom/include/custom/custom/msg/detail
[9.448s] -- Installing: /home/kraken/kraken-nano/ROS/install/custom/include/custom/custom/msg/detail/task__rosidl_typesupport_fastrtps_cpp.hpp
[9.448s] -- Installing: /home/kraken/kraken-nano/ROS/install/custom/include/custom/custom/msg/detail/pose_e__rosidl_typesupport_fastrtps_cpp.hpp
[9.449s] -- Installing: /home/kraken/kraken-nano/ROS/install/custom/include/custom/custom/msg/detail/point__rosidl_typesupport_fastrtps_cpp.hpp
[9.449s] -- Installing: /home/kraken/kraken-nano/ROS/install/custom/include/custom/custom/msg/detail/euler__rosidl_typesupport_fastrtps_cpp.hpp
[9.449s] -- Installing: /home/kraken/kraken-nano/ROS/install/custom/include/custom/custom/msg/detail/dds_fastrtps
[9.449s] -- Installing: /home/kraken/kraken-nano/ROS/install/custom/include/custom/custom/msg/rosidl_typesupport_fastrtps_cpp__visibility_control.h
[9.449s] -- Installing: /home/kraken/kraken-nano/ROS/install/custom/lib/libcustom__rosidl_typesupport_fastrtps_cpp.so
[9.450s] -- Set runtime path of "/home/kraken/kraken-nano/ROS/install/custom/lib/libcustom__rosidl_typesupport_fastrtps_cpp.so" to ""
[9.450s] -- Up-to-date: /home/kraken/kraken-nano/ROS/install/custom/include/custom/custom
[9.451s] -- Up-to-date: /home/kraken/kraken-nano/ROS/install/custom/include/custom/custom/msg
[9.451s] -- Up-to-date: /home/kraken/kraken-nano/ROS/install/custom/include/custom/custom/msg/detail
[9.451s] -- Installing: /home/kraken/kraken-nano/ROS/install/custom/include/custom/custom/msg/detail/point__type_support.cpp
[9.451s] -- Installing: /home/kraken/kraken-nano/ROS/install/custom/include/custom/custom/msg/detail/task__rosidl_typesupport_introspection_cpp.hpp
[9.451s] -- Installing: /home/kraken/kraken-nano/ROS/install/custom/include/custom/custom/msg/detail/euler__rosidl_typesupport_introspection_cpp.hpp
[9.451s] -- Installing: /home/kraken/kraken-nano/ROS/install/custom/include/custom/custom/msg/detail/point__rosidl_typesupport_introspection_cpp.hpp
[9.451s] -- Installing: /home/kraken/kraken-nano/ROS/install/custom/include/custom/custom/msg/detail/task__type_support.cpp
[9.452s] -- Installing: /home/kraken/kraken-nano/ROS/install/custom/include/custom/custom/msg/detail/euler__type_support.cpp
[9.452s] -- Installing: /home/kraken/kraken-nano/ROS/install/custom/include/custom/custom/msg/detail/pose_e__rosidl_typesupport_introspection_cpp.hpp
[9.452s] -- Installing: /home/kraken/kraken-nano/ROS/install/custom/include/custom/custom/msg/detail/pose_e__type_support.cpp
[9.452s] -- Installing: /home/kraken/kraken-nano/ROS/install/custom/lib/libcustom__rosidl_typesupport_introspection_cpp.so
[9.453s] -- Set runtime path of "/home/kraken/kraken-nano/ROS/install/custom/lib/libcustom__rosidl_typesupport_introspection_cpp.so" to ""
[9.453s] -- Installing: /home/kraken/kraken-nano/ROS/install/custom/lib/libcustom__rosidl_typesupport_cpp.so
[9.454s] -- Set runtime path of "/home/kraken/kraken-nano/ROS/install/custom/lib/libcustom__rosidl_typesupport_cpp.so" to ""
[9.454s] -- Installing: /home/kraken/kraken-nano/ROS/install/custom/share/custom/environment/pythonpath.sh
[9.454s] -- Installing: /home/kraken/kraken-nano/ROS/install/custom/share/custom/environment/pythonpath.dsv
[9.454s] -- Installing: /home/kraken/kraken-nano/ROS/install/custom/local/lib/python3.10/dist-packages/custom-0.0.0-py3.10.egg-info
[9.454s] -- Installing: /home/kraken/kraken-nano/ROS/install/custom/local/lib/python3.10/dist-packages/custom-0.0.0-py3.10.egg-info/SOURCES.txt
[9.455s] -- Installing: /home/kraken/kraken-nano/ROS/install/custom/local/lib/python3.10/dist-packages/custom-0.0.0-py3.10.egg-info/PKG-INFO
[9.455s] -- Installing: /home/kraken/kraken-nano/ROS/install/custom/local/lib/python3.10/dist-packages/custom-0.0.0-py3.10.egg-info/dependency_links.txt
[9.456s] -- Installing: /home/kraken/kraken-nano/ROS/install/custom/local/lib/python3.10/dist-packages/custom-0.0.0-py3.10.egg-info/top_level.txt
[9.456s] -- Installing: /home/kraken/kraken-nano/ROS/install/custom/local/lib/python3.10/dist-packages/custom
[9.456s] -- Installing: /home/kraken/kraken-nano/ROS/install/custom/local/lib/python3.10/dist-packages/custom/libcustom__rosidl_generator_py.so
[9.456s] -- Installing: /home/kraken/kraken-nano/ROS/install/custom/local/lib/python3.10/dist-packages/custom/_custom_s.ep.rosidl_typesupport_c.c
[9.456s] -- Installing: /home/kraken/kraken-nano/ROS/install/custom/local/lib/python3.10/dist-packages/custom/_custom_s.ep.rosidl_typesupport_fastrtps_c.c
[9.456s] -- Installing: /home/kraken/kraken-nano/ROS/install/custom/local/lib/python3.10/dist-packages/custom/msg
[9.456s] -- Installing: /home/kraken/kraken-nano/ROS/install/custom/local/lib/python3.10/dist-packages/custom/msg/_point_s.c
[9.457s] -- Installing: /home/kraken/kraken-nano/ROS/install/custom/local/lib/python3.10/dist-packages/custom/msg/_euler.py
[9.457s] -- Installing: /home/kraken/kraken-nano/ROS/install/custom/local/lib/python3.10/dist-packages/custom/msg/_pose_e.py
[9.457s] -- Installing: /home/kraken/kraken-nano/ROS/install/custom/local/lib/python3.10/dist-packages/custom/msg/_pose_e_s.c
[9.457s] -- Installing: /home/kraken/kraken-nano/ROS/install/custom/local/lib/python3.10/dist-packages/custom/msg/_point.py
[9.457s] -- Installing: /home/kraken/kraken-nano/ROS/install/custom/local/lib/python3.10/dist-packages/custom/msg/_task.py
[9.457s] -- Installing: /home/kraken/kraken-nano/ROS/install/custom/local/lib/python3.10/dist-packages/custom/msg/_euler_s.c
[9.458s] -- Installing: /home/kraken/kraken-nano/ROS/install/custom/local/lib/python3.10/dist-packages/custom/msg/_task_s.c
[9.458s] -- Installing: /home/kraken/kraken-nano/ROS/install/custom/local/lib/python3.10/dist-packages/custom/msg/__init__.py
[9.458s] -- Installing: /home/kraken/kraken-nano/ROS/install/custom/local/lib/python3.10/dist-packages/custom/custom_s__rosidl_typesupport_c.cpython-310-aarch64-linux-gnu.so
[9.458s] -- Installing: /home/kraken/kraken-nano/ROS/install/custom/local/lib/python3.10/dist-packages/custom/custom_s__rosidl_typesupport_introspection_c.cpython-310-aarch64-linux-gnu.so
[9.459s] -- Installing: /home/kraken/kraken-nano/ROS/install/custom/local/lib/python3.10/dist-packages/custom/custom_s__rosidl_typesupport_fastrtps_c.cpython-310-aarch64-linux-gnu.so
[9.459s] -- Installing: /home/kraken/kraken-nano/ROS/install/custom/local/lib/python3.10/dist-packages/custom/__init__.py
[9.459s] -- Installing: /home/kraken/kraken-nano/ROS/install/custom/local/lib/python3.10/dist-packages/custom/_custom_s.ep.rosidl_typesupport_introspection_c.c
[9.530s] Listing '/home/kraken/kraken-nano/ROS/install/custom/local/lib/python3.10/dist-packages/custom'...
[9.530s] Compiling '/home/kraken/kraken-nano/ROS/install/custom/local/lib/python3.10/dist-packages/custom/__init__.py'...
[9.531s] Listing '/home/kraken/kraken-nano/ROS/install/custom/local/lib/python3.10/dist-packages/custom/msg'...
[9.531s] Compiling '/home/kraken/kraken-nano/ROS/install/custom/local/lib/python3.10/dist-packages/custom/msg/__init__.py'...
[9.531s] Compiling '/home/kraken/kraken-nano/ROS/install/custom/local/lib/python3.10/dist-packages/custom/msg/_euler.py'...
[9.531s] Compiling '/home/kraken/kraken-nano/ROS/install/custom/local/lib/python3.10/dist-packages/custom/msg/_point.py'...
[9.531s] Compiling '/home/kraken/kraken-nano/ROS/install/custom/local/lib/python3.10/dist-packages/custom/msg/_pose_e.py'...
[9.531s] Compiling '/home/kraken/kraken-nano/ROS/install/custom/local/lib/python3.10/dist-packages/custom/msg/_task.py'...
[9.541s] -- Installing: /home/kraken/kraken-nano/ROS/install/custom/local/lib/python3.10/dist-packages/custom/custom_s__rosidl_typesupport_fastrtps_c.cpython-310-aarch64-linux-gnu.so
[9.541s] -- Set runtime path of "/home/kraken/kraken-nano/ROS/install/custom/local/lib/python3.10/dist-packages/custom/custom_s__rosidl_typesupport_fastrtps_c.cpython-310-aarch64-linux-gnu.so" to ""
[9.542s] -- Installing: /home/kraken/kraken-nano/ROS/install/custom/local/lib/python3.10/dist-packages/custom/custom_s__rosidl_typesupport_introspection_c.cpython-310-aarch64-linux-gnu.so
[9.543s] -- Set runtime path of "/home/kraken/kraken-nano/ROS/install/custom/local/lib/python3.10/dist-packages/custom/custom_s__rosidl_typesupport_introspection_c.cpython-310-aarch64-linux-gnu.so" to ""
[9.543s] -- Installing: /home/kraken/kraken-nano/ROS/install/custom/local/lib/python3.10/dist-packages/custom/custom_s__rosidl_typesupport_c.cpython-310-aarch64-linux-gnu.so
[9.544s] -- Set runtime path of "/home/kraken/kraken-nano/ROS/install/custom/local/lib/python3.10/dist-packages/custom/custom_s__rosidl_typesupport_c.cpython-310-aarch64-linux-gnu.so" to ""
[9.544s] -- Installing: /home/kraken/kraken-nano/ROS/install/custom/lib/libcustom__rosidl_generator_py.so
[9.544s] -- Set runtime path of "/home/kraken/kraken-nano/ROS/install/custom/lib/libcustom__rosidl_generator_py.so" to ""
[9.545s] -- Installing: /home/kraken/kraken-nano/ROS/install/custom/share/custom/msg/Task.idl
[9.545s] -- Installing: /home/kraken/kraken-nano/ROS/install/custom/share/custom/msg/PoseE.idl
[9.546s] -- Installing: /home/kraken/kraken-nano/ROS/install/custom/share/custom/msg/Point.idl
[9.546s] -- Installing: /home/kraken/kraken-nano/ROS/install/custom/share/custom/msg/Euler.idl
[9.546s] -- Installing: /home/kraken/kraken-nano/ROS/install/custom/share/custom/msg/Task.msg
[9.546s] -- Installing: /home/kraken/kraken-nano/ROS/install/custom/share/custom/msg/PoseE.msg
[9.547s] -- Installing: /home/kraken/kraken-nano/ROS/install/custom/share/custom/msg/Point.msg
[9.547s] -- Installing: /home/kraken/kraken-nano/ROS/install/custom/share/custom/msg/Euler.msg
[9.547s] -- Installing: /home/kraken/kraken-nano/ROS/install/custom/share/ament_index/resource_index/package_run_dependencies/custom
[9.548s] -- Installing: /home/kraken/kraken-nano/ROS/install/custom/share/ament_index/resource_index/parent_prefix_path/custom
[9.548s] -- Installing: /home/kraken/kraken-nano/ROS/install/custom/share/custom/environment/ament_prefix_path.sh
[9.548s] -- Installing: /home/kraken/kraken-nano/ROS/install/custom/share/custom/environment/ament_prefix_path.dsv
[9.549s] -- Installing: /home/kraken/kraken-nano/ROS/install/custom/share/custom/environment/path.sh
[9.549s] -- Installing: /home/kraken/kraken-nano/ROS/install/custom/share/custom/environment/path.dsv
[9.549s] -- Installing: /home/kraken/kraken-nano/ROS/install/custom/share/custom/local_setup.bash
[9.550s] -- Installing: /home/kraken/kraken-nano/ROS/install/custom/share/custom/local_setup.sh
[9.550s] -- Installing: /home/kraken/kraken-nano/ROS/install/custom/share/custom/local_setup.zsh
[9.550s] -- Installing: /home/kraken/kraken-nano/ROS/install/custom/share/custom/local_setup.dsv
[9.551s] -- Installing: /home/kraken/kraken-nano/ROS/install/custom/share/custom/package.dsv
[9.551s] -- Installing: /home/kraken/kraken-nano/ROS/install/custom/share/ament_index/resource_index/packages/custom
[9.552s] -- Installing: /home/kraken/kraken-nano/ROS/install/custom/share/custom/cmake/export_custom__rosidl_generator_cExport.cmake
[9.552s] -- Installing: /home/kraken/kraken-nano/ROS/install/custom/share/custom/cmake/export_custom__rosidl_generator_cExport-noconfig.cmake
[9.552s] -- Installing: /home/kraken/kraken-nano/ROS/install/custom/share/custom/cmake/export_custom__rosidl_typesupport_fastrtps_cExport.cmake
[9.553s] -- Installing: /home/kraken/kraken-nano/ROS/install/custom/share/custom/cmake/export_custom__rosidl_typesupport_fastrtps_cExport-noconfig.cmake
[9.553s] -- Installing: /home/kraken/kraken-nano/ROS/install/custom/share/custom/cmake/custom__rosidl_typesupport_introspection_cExport.cmake
[9.553s] -- Installing: /home/kraken/kraken-nano/ROS/install/custom/share/custom/cmake/custom__rosidl_typesupport_introspection_cExport-noconfig.cmake
[9.554s] -- Installing: /home/kraken/kraken-nano/ROS/install/custom/share/custom/cmake/custom__rosidl_typesupport_cExport.cmake
[9.554s] -- Installing: /home/kraken/kraken-nano/ROS/install/custom/share/custom/cmake/custom__rosidl_typesupport_cExport-noconfig.cmake
[9.554s] -- Installing: /home/kraken/kraken-nano/ROS/install/custom/share/custom/cmake/export_custom__rosidl_generator_cppExport.cmake
[9.555s] -- Installing: /home/kraken/kraken-nano/ROS/install/custom/share/custom/cmake/export_custom__rosidl_typesupport_fastrtps_cppExport.cmake
[9.555s] -- Installing: /home/kraken/kraken-nano/ROS/install/custom/share/custom/cmake/export_custom__rosidl_typesupport_fastrtps_cppExport-noconfig.cmake
[9.555s] -- Installing: /home/kraken/kraken-nano/ROS/install/custom/share/custom/cmake/custom__rosidl_typesupport_introspection_cppExport.cmake
[9.556s] -- Installing: /home/kraken/kraken-nano/ROS/install/custom/share/custom/cmake/custom__rosidl_typesupport_introspection_cppExport-noconfig.cmake
[9.556s] -- Installing: /home/kraken/kraken-nano/ROS/install/custom/share/custom/cmake/custom__rosidl_typesupport_cppExport.cmake
[9.556s] -- Installing: /home/kraken/kraken-nano/ROS/install/custom/share/custom/cmake/custom__rosidl_typesupport_cppExport-noconfig.cmake
[9.557s] -- Installing: /home/kraken/kraken-nano/ROS/install/custom/share/custom/cmake/export_custom__rosidl_generator_pyExport.cmake
[9.557s] -- Installing: /home/kraken/kraken-nano/ROS/install/custom/share/custom/cmake/export_custom__rosidl_generator_pyExport-noconfig.cmake
[9.557s] -- Installing: /home/kraken/kraken-nano/ROS/install/custom/share/custom/cmake/rosidl_cmake-extras.cmake
[9.558s] -- Installing: /home/kraken/kraken-nano/ROS/install/custom/share/custom/cmake/ament_cmake_export_include_directories-extras.cmake
[9.558s] -- Installing: /home/kraken/kraken-nano/ROS/install/custom/share/custom/cmake/ament_cmake_export_libraries-extras.cmake
[9.558s] -- Installing: /home/kraken/kraken-nano/ROS/install/custom/share/custom/cmake/ament_cmake_export_targets-extras.cmake
[9.559s] -- Installing: /home/kraken/kraken-nano/ROS/install/custom/share/custom/cmake/rosidl_cmake_export_typesupport_targets-extras.cmake
[9.559s] -- Installing: /home/kraken/kraken-nano/ROS/install/custom/share/custom/cmake/ament_cmake_export_dependencies-extras.cmake
[9.559s] -- Installing: /home/kraken/kraken-nano/ROS/install/custom/share/custom/cmake/rosidl_cmake_export_typesupport_libraries-extras.cmake
[9.560s] -- Installing: /home/kraken/kraken-nano/ROS/install/custom/share/custom/cmake/customConfig.cmake
[9.560s] -- Installing: /home/kraken/kraken-nano/ROS/install/custom/share/custom/cmake/customConfig-version.cmake
[9.560s] -- Installing: /home/kraken/kraken-nano/ROS/install/custom/share/custom/package.xml
[9.569s] Invoked command in '/home/kraken/kraken-nano/ROS/build/custom' returned '0': CMAKE_PREFIX_PATH=${CMAKE_PREFIX_PATH}:/home/kraken/kraken-nano/install/kraken:/opt/ros/humble /usr/bin/cmake --install /home/kraken/kraken-nano/ROS/build/custom
