[1.016s] Invoking command in '/home/kraken/kraken-nano/ROS/ws/src/kraken': AMENT_PREFIX_PATH=/home/kraken/kraken-nano/install/custom CMAKE_PREFIX_PATH=/home/kraken/kraken-nano/install/custom LD_LIBRARY_PATH=/home/kraken/kraken-nano/install/custom/lib PYTHONPATH=/home/kraken/kraken-nano/build/kraken/prefix_override:/usr/lib/python3/dist-packages/colcon_core/task/python/colcon_distutils_commands:/home/kraken/kraken-nano/install/kraken/lib/python3.10/site-packages:/home/kraken/kraken-nano/install/custom/local/lib/python3.10/dist-packages /usr/bin/python3 -W ignore:setup.py install is deprecated -W ignore:easy_install command is deprecated setup.py egg_info --egg-base ../../../../build/kraken build --build-base /home/kraken/kraken-nano/build/kraken/build install --record /home/kraken/kraken-nano/build/kraken/install.log --single-version-externally-managed install_data
[1.393s] running egg_info
[1.394s] writing ../../../../build/kraken/kraken.egg-info/PKG-INFO
[1.394s] writing dependency_links to ../../../../build/kraken/kraken.egg-info/dependency_links.txt
[1.395s] writing entry points to ../../../../build/kraken/kraken.egg-info/entry_points.txt
[1.395s] writing requirements to ../../../../build/kraken/kraken.egg-info/requires.txt
[1.395s] writing top-level names to ../../../../build/kraken/kraken.egg-info/top_level.txt
[1.399s] reading manifest file '../../../../build/kraken/kraken.egg-info/SOURCES.txt'
[1.399s] adding license file 'LICENSE'
[1.400s] writing manifest file '../../../../build/kraken/kraken.egg-info/SOURCES.txt'
[1.401s] running build
[1.401s] running build_py
[1.401s] copying kraken/controller.py -> /home/kraken/kraken-nano/build/kraken/build/lib/kraken
[1.402s] running install
[1.402s] running install_lib
[1.404s] copying /home/kraken/kraken-nano/build/kraken/build/lib/kraken/controller.py -> /home/kraken/kraken-nano/install/kraken/lib/python3.10/site-packages/kraken
[1.405s] byte-compiling /home/kraken/kraken-nano/install/kraken/lib/python3.10/site-packages/kraken/controller.py to controller.cpython-310.pyc
[1.408s] running install_data
[1.409s] running install_egg_info
[1.412s] removing '/home/kraken/kraken-nano/install/kraken/lib/python3.10/site-packages/kraken-0.0.0-py3.10.egg-info' (and everything under it)
[1.412s] Copying ../../../../build/kraken/kraken.egg-info to /home/kraken/kraken-nano/install/kraken/lib/python3.10/site-packages/kraken-0.0.0-py3.10.egg-info
[1.414s] running install_scripts
[1.450s] Installing computer_vision script to /home/kraken/kraken-nano/install/kraken/lib/kraken
[1.451s] Installing controller script to /home/kraken/kraken-nano/install/kraken/lib/kraken
[1.451s] Installing controller_test script to /home/kraken/kraken-nano/install/kraken/lib/kraken
[1.451s] Installing fsm_node script to /home/kraken/kraken-nano/install/kraken/lib/kraken
[1.452s] Installing planner script to /home/kraken/kraken-nano/install/kraken/lib/kraken
[1.452s] Installing planner_test script to /home/kraken/kraken-nano/install/kraken/lib/kraken
[1.452s] Installing spinMotor script to /home/kraken/kraken-nano/install/kraken/lib/kraken
[1.452s] Installing state_estimator script to /home/kraken/kraken-nano/install/kraken/lib/kraken
[1.453s] writing list of installed files to '/home/kraken/kraken-nano/build/kraken/install.log'
[1.515s] Invoked command in '/home/kraken/kraken-nano/ROS/ws/src/kraken' returned '0': AMENT_PREFIX_PATH=/home/kraken/kraken-nano/install/custom CMAKE_PREFIX_PATH=/home/kraken/kraken-nano/install/custom LD_LIBRARY_PATH=/home/kraken/kraken-nano/install/custom/lib PYTHONPATH=/home/kraken/kraken-nano/build/kraken/prefix_override:/usr/lib/python3/dist-packages/colcon_core/task/python/colcon_distutils_commands:/home/kraken/kraken-nano/install/kraken/lib/python3.10/site-packages:/home/kraken/kraken-nano/install/custom/local/lib/python3.10/dist-packages /usr/bin/python3 -W ignore:setup.py install is deprecated -W ignore:easy_install command is deprecated setup.py egg_info --egg-base ../../../../build/kraken build --build-base /home/kraken/kraken-nano/build/kraken/build install --record /home/kraken/kraken-nano/build/kraken/install.log --single-version-externally-managed install_data
