[0.203s] [34mcolcon[0m [1;30mDEBUG[0m [32mCommand line arguments: ['/usr/bin/colcon', 'build'][0m
[0.203s] [34mcolcon[0m [1;30mDEBUG[0m [32mParsed command line arguments: Namespace(log_base=None, log_level=None, verb_name='build', build_base='build', install_base='install', merge_install=False, symlink_install=False, test_result_base=None, continue_on_error=False, executor='parallel', parallel_workers=6, event_handlers=None, ignore_user_meta=False, metas=['./colcon.meta'], base_paths=['.'], packages_ignore=None, packages_ignore_regex=None, paths=None, packages_up_to=None, packages_up_to_regex=None, packages_above=None, packages_above_and_dependencies=None, packages_above_depth=None, packages_select_by_dep=None, packages_skip_by_dep=None, packages_skip_up_to=None, packages_select_build_failed=False, packages_skip_build_finished=False, packages_select_test_failures=False, packages_skip_test_passed=False, packages_select=None, packages_skip=None, packages_select_regex=None, packages_skip_regex=None, packages_start=None, packages_end=None, allow_overriding=[], cmake_args=None, cmake_target=None, cmake_target_skip_unavailable=False, cmake_clean_cache=False, cmake_clean_first=False, cmake_force_configure=False, ament_cmake_args=None, catkin_cmake_args=None, catkin_skip_building_tests=False, mixin_files=None, mixin=None, verb_parser=<colcon_mixin.mixin.mixin_argument.MixinArgumentDecorator object at 0xffff85e7fa90>, verb_extension=<colcon_core.verb.build.BuildVerb object at 0xffff85e7f5e0>, main=<bound method BuildVerb.main of <colcon_core.verb.build.BuildVerb object at 0xffff85e7f5e0>>, mixin_verb=('build',))[0m
[0.453s] [34mcolcon.colcon_core.package_discovery[0m [1;30mLevel 1[0m discover_packages(colcon_meta) check parameters
[0.453s] [34mcolcon.colcon_core.package_discovery[0m [1;30mLevel 1[0m discover_packages(recursive) check parameters
[0.453s] [34mcolcon.colcon_core.package_discovery[0m [1;30mLevel 1[0m discover_packages(ignore) check parameters
[0.453s] [34mcolcon.colcon_core.package_discovery[0m [1;30mLevel 1[0m discover_packages(path) check parameters
[0.454s] [34mcolcon.colcon_core.package_discovery[0m [1;30mLevel 1[0m discover_packages(colcon_meta) discover
[0.454s] [34mcolcon.colcon_core.package_discovery[0m [1;30mLevel 1[0m discover_packages(recursive) discover
[0.454s] [34mcolcon.colcon_core.package_discovery[0m [1;30mINFO[0m Crawling recursively for packages in '/home/kraken/kraken-nano'
[0.454s] [34mcolcon.colcon_core.package_identification[0m [1;30mLevel 1[0m _identify(.) by extensions ['ignore', 'ignore_ament_install']
[0.454s] [34mcolcon.colcon_core.package_identification[0m [1;30mLevel 1[0m _identify(.) by extension 'ignore'
[0.455s] [34mcolcon.colcon_core.package_identification[0m [1;30mLevel 1[0m _identify(.) by extension 'ignore_ament_install'
[0.455s] [34mcolcon.colcon_core.package_identification[0m [1;30mLevel 1[0m _identify(.) by extensions ['colcon_pkg']
[0.455s] [34mcolcon.colcon_core.package_identification[0m [1;30mLevel 1[0m _identify(.) by extension 'colcon_pkg'
[0.455s] [34mcolcon.colcon_core.package_identification[0m [1;30mLevel 1[0m _identify(.) by extensions ['colcon_meta']
[0.455s] [34mcolcon.colcon_core.package_identification[0m [1;30mLevel 1[0m _identify(.) by extension 'colcon_meta'
[0.455s] [34mcolcon.colcon_core.package_identification[0m [1;30mLevel 1[0m _identify(.) by extensions ['ros']
[0.455s] [34mcolcon.colcon_core.package_identification[0m [1;30mLevel 1[0m _identify(.) by extension 'ros'
[0.477s] [34mcolcon.colcon_core.package_identification[0m [1;30mLevel 1[0m _identify(.) by extensions ['cmake', 'python']
[0.477s] [34mcolcon.colcon_core.package_identification[0m [1;30mLevel 1[0m _identify(.) by extension 'cmake'
[0.477s] [34mcolcon.colcon_core.package_identification[0m [1;30mLevel 1[0m _identify(.) by extension 'python'
[0.477s] [34mcolcon.colcon_core.package_identification[0m [1;30mLevel 1[0m _identify(.) by extensions ['python_setup_py']
[0.477s] [34mcolcon.colcon_core.package_identification[0m [1;30mLevel 1[0m _identify(.) by extension 'python_setup_py'
[0.478s] [34mcolcon.colcon_core.package_identification[0m [1;30mLevel 1[0m _identify(ROS) by extensions ['ignore', 'ignore_ament_install']
[0.478s] [34mcolcon.colcon_core.package_identification[0m [1;30mLevel 1[0m _identify(ROS) by extension 'ignore'
[0.478s] [34mcolcon.colcon_core.package_identification[0m [1;30mLevel 1[0m _identify(ROS) by extension 'ignore_ament_install'
[0.478s] [34mcolcon.colcon_core.package_identification[0m [1;30mLevel 1[0m _identify(ROS) by extensions ['colcon_pkg']
[0.478s] [34mcolcon.colcon_core.package_identification[0m [1;30mLevel 1[0m _identify(ROS) by extension 'colcon_pkg'
[0.478s] [34mcolcon.colcon_core.package_identification[0m [1;30mLevel 1[0m _identify(ROS) by extensions ['colcon_meta']
[0.478s] [34mcolcon.colcon_core.package_identification[0m [1;30mLevel 1[0m _identify(ROS) by extension 'colcon_meta'
[0.478s] [34mcolcon.colcon_core.package_identification[0m [1;30mLevel 1[0m _identify(ROS) by extensions ['ros']
[0.478s] [34mcolcon.colcon_core.package_identification[0m [1;30mLevel 1[0m _identify(ROS) by extension 'ros'
[0.479s] [34mcolcon.colcon_core.package_identification[0m [1;30mLevel 1[0m _identify(ROS) by extensions ['cmake', 'python']
[0.479s] [34mcolcon.colcon_core.package_identification[0m [1;30mLevel 1[0m _identify(ROS) by extension 'cmake'
[0.479s] [34mcolcon.colcon_core.package_identification[0m [1;30mLevel 1[0m _identify(ROS) by extension 'python'
[0.479s] [34mcolcon.colcon_core.package_identification[0m [1;30mLevel 1[0m _identify(ROS) by extensions ['python_setup_py']
[0.479s] [34mcolcon.colcon_core.package_identification[0m [1;30mLevel 1[0m _identify(ROS) by extension 'python_setup_py'
[0.479s] [34mcolcon.colcon_core.package_identification[0m [1;30mLevel 1[0m _identify(ROS/ws) by extensions ['ignore', 'ignore_ament_install']
[0.479s] [34mcolcon.colcon_core.package_identification[0m [1;30mLevel 1[0m _identify(ROS/ws) by extension 'ignore'
[0.479s] [34mcolcon.colcon_core.package_identification[0m [1;30mLevel 1[0m _identify(ROS/ws) by extension 'ignore_ament_install'
[0.480s] [34mcolcon.colcon_core.package_identification[0m [1;30mLevel 1[0m _identify(ROS/ws) by extensions ['colcon_pkg']
[0.480s] [34mcolcon.colcon_core.package_identification[0m [1;30mLevel 1[0m _identify(ROS/ws) by extension 'colcon_pkg'
[0.480s] [34mcolcon.colcon_core.package_identification[0m [1;30mLevel 1[0m _identify(ROS/ws) by extensions ['colcon_meta']
[0.480s] [34mcolcon.colcon_core.package_identification[0m [1;30mLevel 1[0m _identify(ROS/ws) by extension 'colcon_meta'
[0.480s] [34mcolcon.colcon_core.package_identification[0m [1;30mLevel 1[0m _identify(ROS/ws) by extensions ['ros']
[0.480s] [34mcolcon.colcon_core.package_identification[0m [1;30mLevel 1[0m _identify(ROS/ws) by extension 'ros'
[0.480s] [34mcolcon.colcon_core.package_identification[0m [1;30mLevel 1[0m _identify(ROS/ws) by extensions ['cmake', 'python']
[0.480s] [34mcolcon.colcon_core.package_identification[0m [1;30mLevel 1[0m _identify(ROS/ws) by extension 'cmake'
[0.480s] [34mcolcon.colcon_core.package_identification[0m [1;30mLevel 1[0m _identify(ROS/ws) by extension 'python'
[0.480s] [34mcolcon.colcon_core.package_identification[0m [1;30mLevel 1[0m _identify(ROS/ws) by extensions ['python_setup_py']
[0.480s] [34mcolcon.colcon_core.package_identification[0m [1;30mLevel 1[0m _identify(ROS/ws) by extension 'python_setup_py'
[0.481s] [34mcolcon.colcon_core.package_identification[0m [1;30mLevel 1[0m _identify(ROS/ws/build) by extensions ['ignore', 'ignore_ament_install']
[0.481s] [34mcolcon.colcon_core.package_identification[0m [1;30mLevel 1[0m _identify(ROS/ws/build) by extension 'ignore'
[0.481s] [34mcolcon.colcon_core.package_identification[0m [1;30mLevel 1[0m _identify(ROS/ws/build) ignored
[0.481s] [34mcolcon.colcon_core.package_identification[0m [1;30mLevel 1[0m _identify(ROS/ws/install) by extensions ['ignore', 'ignore_ament_install']
[0.481s] [34mcolcon.colcon_core.package_identification[0m [1;30mLevel 1[0m _identify(ROS/ws/install) by extension 'ignore'
[0.481s] [34mcolcon.colcon_core.package_identification[0m [1;30mLevel 1[0m _identify(ROS/ws/install) ignored
[0.482s] [34mcolcon.colcon_core.package_identification[0m [1;30mLevel 1[0m _identify(ROS/ws/log) by extensions ['ignore', 'ignore_ament_install']
[0.482s] [34mcolcon.colcon_core.package_identification[0m [1;30mLevel 1[0m _identify(ROS/ws/log) by extension 'ignore'
[0.482s] [34mcolcon.colcon_core.package_identification[0m [1;30mLevel 1[0m _identify(ROS/ws/log) ignored
[0.482s] [34mcolcon.colcon_core.package_identification[0m [1;30mLevel 1[0m _identify(ROS/ws/src) by extensions ['ignore', 'ignore_ament_install']
[0.482s] [34mcolcon.colcon_core.package_identification[0m [1;30mLevel 1[0m _identify(ROS/ws/src) by extension 'ignore'
[0.482s] [34mcolcon.colcon_core.package_identification[0m [1;30mLevel 1[0m _identify(ROS/ws/src) by extension 'ignore_ament_install'
[0.482s] [34mcolcon.colcon_core.package_identification[0m [1;30mLevel 1[0m _identify(ROS/ws/src) by extensions ['colcon_pkg']
[0.482s] [34mcolcon.colcon_core.package_identification[0m [1;30mLevel 1[0m _identify(ROS/ws/src) by extension 'colcon_pkg'
[0.482s] [34mcolcon.colcon_core.package_identification[0m [1;30mLevel 1[0m _identify(ROS/ws/src) by extensions ['colcon_meta']
[0.483s] [34mcolcon.colcon_core.package_identification[0m [1;30mLevel 1[0m _identify(ROS/ws/src) by extension 'colcon_meta'
[0.483s] [34mcolcon.colcon_core.package_identification[0m [1;30mLevel 1[0m _identify(ROS/ws/src) by extensions ['ros']
[0.483s] [34mcolcon.colcon_core.package_identification[0m [1;30mLevel 1[0m _identify(ROS/ws/src) by extension 'ros'
[0.483s] [34mcolcon.colcon_core.package_identification[0m [1;30mLevel 1[0m _identify(ROS/ws/src) by extensions ['cmake', 'python']
[0.483s] [34mcolcon.colcon_core.package_identification[0m [1;30mLevel 1[0m _identify(ROS/ws/src) by extension 'cmake'
[0.483s] [34mcolcon.colcon_core.package_identification[0m [1;30mLevel 1[0m _identify(ROS/ws/src) by extension 'python'
[0.483s] [34mcolcon.colcon_core.package_identification[0m [1;30mLevel 1[0m _identify(ROS/ws/src) by extensions ['python_setup_py']
[0.483s] [34mcolcon.colcon_core.package_identification[0m [1;30mLevel 1[0m _identify(ROS/ws/src) by extension 'python_setup_py'
[0.483s] [34mcolcon.colcon_core.package_identification[0m [1;30mLevel 1[0m _identify(ROS/ws/src/build) by extensions ['ignore', 'ignore_ament_install']
[0.484s] [34mcolcon.colcon_core.package_identification[0m [1;30mLevel 1[0m _identify(ROS/ws/src/build) by extension 'ignore'
[0.484s] [34mcolcon.colcon_core.package_identification[0m [1;30mLevel 1[0m _identify(ROS/ws/src/build) ignored
[0.484s] [34mcolcon.colcon_core.package_identification[0m [1;30mLevel 1[0m _identify(ROS/ws/src/custom) by extensions ['ignore', 'ignore_ament_install']
[0.484s] [34mcolcon.colcon_core.package_identification[0m [1;30mLevel 1[0m _identify(ROS/ws/src/custom) by extension 'ignore'
[0.484s] [34mcolcon.colcon_core.package_identification[0m [1;30mLevel 1[0m _identify(ROS/ws/src/custom) by extension 'ignore_ament_install'
[0.484s] [34mcolcon.colcon_core.package_identification[0m [1;30mLevel 1[0m _identify(ROS/ws/src/custom) by extensions ['colcon_pkg']
[0.484s] [34mcolcon.colcon_core.package_identification[0m [1;30mLevel 1[0m _identify(ROS/ws/src/custom) by extension 'colcon_pkg'
[0.484s] [34mcolcon.colcon_core.package_identification[0m [1;30mLevel 1[0m _identify(ROS/ws/src/custom) by extensions ['colcon_meta']
[0.484s] [34mcolcon.colcon_core.package_identification[0m [1;30mLevel 1[0m _identify(ROS/ws/src/custom) by extension 'colcon_meta'
[0.484s] [34mcolcon.colcon_core.package_identification[0m [1;30mLevel 1[0m _identify(ROS/ws/src/custom) by extensions ['ros']
[0.485s] [34mcolcon.colcon_core.package_identification[0m [1;30mLevel 1[0m _identify(ROS/ws/src/custom) by extension 'ros'
[0.489s] [34mcolcon.colcon_core.package_identification[0m [1;30mDEBUG[0m [32mPackage 'ROS/ws/src/custom' with type 'ros.ament_cmake' and name 'custom'[0m
[0.489s] [34mcolcon.colcon_core.package_identification[0m [1;30mLevel 1[0m _identify(ROS/ws/src/install) by extensions ['ignore', 'ignore_ament_install']
[0.489s] [34mcolcon.colcon_core.package_identification[0m [1;30mLevel 1[0m _identify(ROS/ws/src/install) by extension 'ignore'
[0.489s] [34mcolcon.colcon_core.package_identification[0m [1;30mLevel 1[0m _identify(ROS/ws/src/install) ignored
[0.490s] [34mcolcon.colcon_core.package_identification[0m [1;30mLevel 1[0m _identify(ROS/ws/src/kraken) by extensions ['ignore', 'ignore_ament_install']
[0.490s] [34mcolcon.colcon_core.package_identification[0m [1;30mLevel 1[0m _identify(ROS/ws/src/kraken) by extension 'ignore'
[0.490s] [34mcolcon.colcon_core.package_identification[0m [1;30mLevel 1[0m _identify(ROS/ws/src/kraken) by extension 'ignore_ament_install'
[0.490s] [34mcolcon.colcon_core.package_identification[0m [1;30mLevel 1[0m _identify(ROS/ws/src/kraken) by extensions ['colcon_pkg']
[0.490s] [34mcolcon.colcon_core.package_identification[0m [1;30mLevel 1[0m _identify(ROS/ws/src/kraken) by extension 'colcon_pkg'
[0.490s] [34mcolcon.colcon_core.package_identification[0m [1;30mLevel 1[0m _identify(ROS/ws/src/kraken) by extensions ['colcon_meta']
[0.490s] [34mcolcon.colcon_core.package_identification[0m [1;30mLevel 1[0m _identify(ROS/ws/src/kraken) by extension 'colcon_meta'
[0.490s] [34mcolcon.colcon_core.package_identification[0m [1;30mLevel 1[0m _identify(ROS/ws/src/kraken) by extensions ['ros']
[0.491s] [34mcolcon.colcon_core.package_identification[0m [1;30mLevel 1[0m _identify(ROS/ws/src/kraken) by extension 'ros'
[0.491s] [34mcolcon.colcon_core.package_identification[0m [1;30mDEBUG[0m [32mPackage 'ROS/ws/src/kraken' with type 'ros.ament_python' and name 'kraken'[0m
[0.492s] [34mcolcon.colcon_core.package_identification[0m [1;30mLevel 1[0m _identify(ROS/ws/src/log) by extensions ['ignore', 'ignore_ament_install']
[0.492s] [34mcolcon.colcon_core.package_identification[0m [1;30mLevel 1[0m _identify(ROS/ws/src/log) by extension 'ignore'
[0.493s] [34mcolcon.colcon_core.package_identification[0m [1;30mLevel 1[0m _identify(ROS/ws/src/log) ignored
[0.493s] [34mcolcon.colcon_core.package_identification[0m [1;30mLevel 1[0m _identify(build) by extensions ['ignore', 'ignore_ament_install']
[0.493s] [34mcolcon.colcon_core.package_identification[0m [1;30mLevel 1[0m _identify(build) by extension 'ignore'
[0.493s] [34mcolcon.colcon_core.package_identification[0m [1;30mLevel 1[0m _identify(build) ignored
[0.493s] [34mcolcon.colcon_core.package_identification[0m [1;30mLevel 1[0m _identify(computerVision) by extensions ['ignore', 'ignore_ament_install']
[0.493s] [34mcolcon.colcon_core.package_identification[0m [1;30mLevel 1[0m _identify(computerVision) by extension 'ignore'
[0.493s] [34mcolcon.colcon_core.package_identification[0m [1;30mLevel 1[0m _identify(computerVision) by extension 'ignore_ament_install'
[0.494s] [34mcolcon.colcon_core.package_identification[0m [1;30mLevel 1[0m _identify(computerVision) by extensions ['colcon_pkg']
[0.494s] [34mcolcon.colcon_core.package_identification[0m [1;30mLevel 1[0m _identify(computerVision) by extension 'colcon_pkg'
[0.494s] [34mcolcon.colcon_core.package_identification[0m [1;30mLevel 1[0m _identify(computerVision) by extensions ['colcon_meta']
[0.494s] [34mcolcon.colcon_core.package_identification[0m [1;30mLevel 1[0m _identify(computerVision) by extension 'colcon_meta'
[0.494s] [34mcolcon.colcon_core.package_identification[0m [1;30mLevel 1[0m _identify(computerVision) by extensions ['ros']
[0.494s] [34mcolcon.colcon_core.package_identification[0m [1;30mLevel 1[0m _identify(computerVision) by extension 'ros'
[0.494s] [34mcolcon.colcon_core.package_identification[0m [1;30mLevel 1[0m _identify(computerVision) by extensions ['cmake', 'python']
[0.494s] [34mcolcon.colcon_core.package_identification[0m [1;30mLevel 1[0m _identify(computerVision) by extension 'cmake'
[0.494s] [34mcolcon.colcon_core.package_identification[0m [1;30mLevel 1[0m _identify(computerVision) by extension 'python'
[0.494s] [34mcolcon.colcon_core.package_identification[0m [1;30mLevel 1[0m _identify(computerVision) by extensions ['python_setup_py']
[0.494s] [34mcolcon.colcon_core.package_identification[0m [1;30mLevel 1[0m _identify(computerVision) by extension 'python_setup_py'
[0.495s] [34mcolcon.colcon_core.package_identification[0m [1;30mLevel 1[0m _identify(install) by extensions ['ignore', 'ignore_ament_install']
[0.495s] [34mcolcon.colcon_core.package_identification[0m [1;30mLevel 1[0m _identify(install) by extension 'ignore'
[0.495s] [34mcolcon.colcon_core.package_identification[0m [1;30mLevel 1[0m _identify(install) ignored
[0.495s] [34mcolcon.colcon_core.package_identification[0m [1;30mLevel 1[0m _identify(log) by extensions ['ignore', 'ignore_ament_install']
[0.495s] [34mcolcon.colcon_core.package_identification[0m [1;30mLevel 1[0m _identify(log) by extension 'ignore'
[0.495s] [34mcolcon.colcon_core.package_identification[0m [1;30mLevel 1[0m _identify(log) ignored
[0.495s] [34mcolcon.colcon_core.package_identification[0m [1;30mLevel 1[0m _identify(planner) by extensions ['ignore', 'ignore_ament_install']
[0.496s] [34mcolcon.colcon_core.package_identification[0m [1;30mLevel 1[0m _identify(planner) by extension 'ignore'
[0.496s] [34mcolcon.colcon_core.package_identification[0m [1;30mLevel 1[0m _identify(planner) by extension 'ignore_ament_install'
[0.496s] [34mcolcon.colcon_core.package_identification[0m [1;30mLevel 1[0m _identify(planner) by extensions ['colcon_pkg']
[0.496s] [34mcolcon.colcon_core.package_identification[0m [1;30mLevel 1[0m _identify(planner) by extension 'colcon_pkg'
[0.496s] [34mcolcon.colcon_core.package_identification[0m [1;30mLevel 1[0m _identify(planner) by extensions ['colcon_meta']
[0.496s] [34mcolcon.colcon_core.package_identification[0m [1;30mLevel 1[0m _identify(planner) by extension 'colcon_meta'
[0.496s] [34mcolcon.colcon_core.package_identification[0m [1;30mLevel 1[0m _identify(planner) by extensions ['ros']
[0.496s] [34mcolcon.colcon_core.package_identification[0m [1;30mLevel 1[0m _identify(planner) by extension 'ros'
[0.496s] [34mcolcon.colcon_core.package_identification[0m [1;30mLevel 1[0m _identify(planner) by extensions ['cmake', 'python']
[0.496s] [34mcolcon.colcon_core.package_identification[0m [1;30mLevel 1[0m _identify(planner) by extension 'cmake'
[0.496s] [34mcolcon.colcon_core.package_identification[0m [1;30mLevel 1[0m _identify(planner) by extension 'python'
[0.497s] [34mcolcon.colcon_core.package_identification[0m [1;30mLevel 1[0m _identify(planner) by extensions ['python_setup_py']
[0.497s] [34mcolcon.colcon_core.package_identification[0m [1;30mLevel 1[0m _identify(planner) by extension 'python_setup_py'
[0.497s] [34mcolcon.colcon_core.package_identification[0m [1;30mLevel 1[0m _identify(planner/__pycache__) by extensions ['ignore', 'ignore_ament_install']
[0.497s] [34mcolcon.colcon_core.package_identification[0m [1;30mLevel 1[0m _identify(planner/__pycache__) by extension 'ignore'
[0.497s] [34mcolcon.colcon_core.package_identification[0m [1;30mLevel 1[0m _identify(planner/__pycache__) by extension 'ignore_ament_install'
[0.497s] [34mcolcon.colcon_core.package_identification[0m [1;30mLevel 1[0m _identify(planner/__pycache__) by extensions ['colcon_pkg']
[0.497s] [34mcolcon.colcon_core.package_identification[0m [1;30mLevel 1[0m _identify(planner/__pycache__) by extension 'colcon_pkg'
[0.497s] [34mcolcon.colcon_core.package_identification[0m [1;30mLevel 1[0m _identify(planner/__pycache__) by extensions ['colcon_meta']
[0.497s] [34mcolcon.colcon_core.package_identification[0m [1;30mLevel 1[0m _identify(planner/__pycache__) by extension 'colcon_meta'
[0.497s] [34mcolcon.colcon_core.package_identification[0m [1;30mLevel 1[0m _identify(planner/__pycache__) by extensions ['ros']
[0.498s] [34mcolcon.colcon_core.package_identification[0m [1;30mLevel 1[0m _identify(planner/__pycache__) by extension 'ros'
[0.498s] [34mcolcon.colcon_core.package_identification[0m [1;30mLevel 1[0m _identify(planner/__pycache__) by extensions ['cmake', 'python']
[0.498s] [34mcolcon.colcon_core.package_identification[0m [1;30mLevel 1[0m _identify(planner/__pycache__) by extension 'cmake'
[0.498s] [34mcolcon.colcon_core.package_identification[0m [1;30mLevel 1[0m _identify(planner/__pycache__) by extension 'python'
[0.498s] [34mcolcon.colcon_core.package_identification[0m [1;30mLevel 1[0m _identify(planner/__pycache__) by extensions ['python_setup_py']
[0.498s] [34mcolcon.colcon_core.package_identification[0m [1;30mLevel 1[0m _identify(planner/__pycache__) by extension 'python_setup_py'
[0.498s] [34mcolcon.colcon_core.package_identification[0m [1;30mLevel 1[0m _identify(venv) by extensions ['ignore', 'ignore_ament_install']
[0.498s] [34mcolcon.colcon_core.package_identification[0m [1;30mLevel 1[0m _identify(venv) by extension 'ignore'
[0.498s] [34mcolcon.colcon_core.package_identification[0m [1;30mLevel 1[0m _identify(venv) by extension 'ignore_ament_install'
[0.499s] [34mcolcon.colcon_core.package_identification[0m [1;30mLevel 1[0m _identify(venv) by extensions ['colcon_pkg']
[0.499s] [34mcolcon.colcon_core.package_identification[0m [1;30mLevel 1[0m _identify(venv) by extension 'colcon_pkg'
[0.499s] [34mcolcon.colcon_core.package_identification[0m [1;30mLevel 1[0m _identify(venv) by extensions ['colcon_meta']
[0.499s] [34mcolcon.colcon_core.package_identification[0m [1;30mLevel 1[0m _identify(venv) by extension 'colcon_meta'
[0.499s] [34mcolcon.colcon_core.package_identification[0m [1;30mLevel 1[0m _identify(venv) by extensions ['ros']
[0.499s] [34mcolcon.colcon_core.package_identification[0m [1;30mLevel 1[0m _identify(venv) by extension 'ros'
[0.499s] [34mcolcon.colcon_core.package_identification[0m [1;30mLevel 1[0m _identify(venv) by extensions ['cmake', 'python']
[0.499s] [34mcolcon.colcon_core.package_identification[0m [1;30mLevel 1[0m _identify(venv) by extension 'cmake'
[0.499s] [34mcolcon.colcon_core.package_identification[0m [1;30mLevel 1[0m _identify(venv) by extension 'python'
[0.499s] [34mcolcon.colcon_core.package_identification[0m [1;30mLevel 1[0m _identify(venv) by extensions ['python_setup_py']
[0.499s] [34mcolcon.colcon_core.package_identification[0m [1;30mLevel 1[0m _identify(venv) by extension 'python_setup_py'
[0.500s] [34mcolcon.colcon_core.package_identification[0m [1;30mLevel 1[0m _identify(venv/bin) by extensions ['ignore', 'ignore_ament_install']
[0.500s] [34mcolcon.colcon_core.package_identification[0m [1;30mLevel 1[0m _identify(venv/bin) by extension 'ignore'
[0.500s] [34mcolcon.colcon_core.package_identification[0m [1;30mLevel 1[0m _identify(venv/bin) by extension 'ignore_ament_install'
[0.500s] [34mcolcon.colcon_core.package_identification[0m [1;30mLevel 1[0m _identify(venv/bin) by extensions ['colcon_pkg']
[0.500s] [34mcolcon.colcon_core.package_identification[0m [1;30mLevel 1[0m _identify(venv/bin) by extension 'colcon_pkg'
[0.500s] [34mcolcon.colcon_core.package_identification[0m [1;30mLevel 1[0m _identify(venv/bin) by extensions ['colcon_meta']
[0.500s] [34mcolcon.colcon_core.package_identification[0m [1;30mLevel 1[0m _identify(venv/bin) by extension 'colcon_meta'
[0.500s] [34mcolcon.colcon_core.package_identification[0m [1;30mLevel 1[0m _identify(venv/bin) by extensions ['ros']
[0.500s] [34mcolcon.colcon_core.package_identification[0m [1;30mLevel 1[0m _identify(venv/bin) by extension 'ros'
[0.500s] [34mcolcon.colcon_core.package_identification[0m [1;30mLevel 1[0m _identify(venv/bin) by extensions ['cmake', 'python']
[0.501s] [34mcolcon.colcon_core.package_identification[0m [1;30mLevel 1[0m _identify(venv/bin) by extension 'cmake'
[0.501s] [34mcolcon.colcon_core.package_identification[0m [1;30mLevel 1[0m _identify(venv/bin) by extension 'python'
[0.501s] [34mcolcon.colcon_core.package_identification[0m [1;30mLevel 1[0m _identify(venv/bin) by extensions ['python_setup_py']
[0.501s] [34mcolcon.colcon_core.package_identification[0m [1;30mLevel 1[0m _identify(venv/bin) by extension 'python_setup_py'
[0.501s] [34mcolcon.colcon_core.package_discovery[0m [1;30mLevel 1[0m discover_packages(recursive) using defaults
[0.501s] [34mcolcon.colcon_core.package_discovery[0m [1;30mLevel 1[0m discover_packages(ignore) discover
[0.501s] [34mcolcon.colcon_core.package_discovery[0m [1;30mLevel 1[0m discover_packages(ignore) using defaults
[0.501s] [34mcolcon.colcon_core.package_discovery[0m [1;30mLevel 1[0m discover_packages(path) discover
[0.501s] [34mcolcon.colcon_core.package_discovery[0m [1;30mLevel 1[0m discover_packages(path) using defaults
[0.528s] [34mcolcon.colcon_core.package_discovery[0m [1;30mLevel 1[0m discover_packages(prefix_path) check parameters
[0.528s] [34mcolcon.colcon_core.package_discovery[0m [1;30mLevel 1[0m discover_packages(prefix_path) discover
[0.530s] [34mcolcon.colcon_core.package_discovery[0m [1;30mLevel 1[0m discover_packages(prefix_path) using defaults
[0.532s] [34mcolcon.colcon_core.verb[0m [1;30mLevel 5[0m set package 'custom' build argument 'cmake_args' from command line to 'None'
[0.532s] [34mcolcon.colcon_core.verb[0m [1;30mLevel 5[0m set package 'custom' build argument 'cmake_target' from command line to 'None'
[0.532s] [34mcolcon.colcon_core.verb[0m [1;30mLevel 5[0m set package 'custom' build argument 'cmake_target_skip_unavailable' from command line to 'False'
[0.532s] [34mcolcon.colcon_core.verb[0m [1;30mLevel 5[0m set package 'custom' build argument 'cmake_clean_cache' from command line to 'False'
[0.532s] [34mcolcon.colcon_core.verb[0m [1;30mLevel 5[0m set package 'custom' build argument 'cmake_clean_first' from command line to 'False'
[0.532s] [34mcolcon.colcon_core.verb[0m [1;30mLevel 5[0m set package 'custom' build argument 'cmake_force_configure' from command line to 'False'
[0.532s] [34mcolcon.colcon_core.verb[0m [1;30mLevel 5[0m set package 'custom' build argument 'ament_cmake_args' from command line to 'None'
[0.532s] [34mcolcon.colcon_core.verb[0m [1;30mLevel 5[0m set package 'custom' build argument 'catkin_cmake_args' from command line to 'None'
[0.532s] [34mcolcon.colcon_core.verb[0m [1;30mLevel 5[0m set package 'custom' build argument 'catkin_skip_building_tests' from command line to 'False'
[0.532s] [34mcolcon.colcon_core.verb[0m [1;30mDEBUG[0m [32mBuilding package 'custom' with the following arguments: {'ament_cmake_args': None, 'build_base': '/home/kraken/kraken-nano/build/custom', 'catkin_cmake_args': None, 'catkin_skip_building_tests': False, 'cmake_args': None, 'cmake_clean_cache': False, 'cmake_clean_first': False, 'cmake_force_configure': False, 'cmake_target': None, 'cmake_target_skip_unavailable': False, 'install_base': '/home/kraken/kraken-nano/install/custom', 'merge_install': False, 'path': '/home/kraken/kraken-nano/ROS/ws/src/custom', 'symlink_install': False, 'test_result_base': None}[0m
[0.533s] [34mcolcon.colcon_core.verb[0m [1;30mLevel 5[0m set package 'kraken' build argument 'cmake_args' from command line to 'None'
[0.533s] [34mcolcon.colcon_core.verb[0m [1;30mLevel 5[0m set package 'kraken' build argument 'cmake_target' from command line to 'None'
[0.533s] [34mcolcon.colcon_core.verb[0m [1;30mLevel 5[0m set package 'kraken' build argument 'cmake_target_skip_unavailable' from command line to 'False'
[0.533s] [34mcolcon.colcon_core.verb[0m [1;30mLevel 5[0m set package 'kraken' build argument 'cmake_clean_cache' from command line to 'False'
[0.533s] [34mcolcon.colcon_core.verb[0m [1;30mLevel 5[0m set package 'kraken' build argument 'cmake_clean_first' from command line to 'False'
[0.533s] [34mcolcon.colcon_core.verb[0m [1;30mLevel 5[0m set package 'kraken' build argument 'cmake_force_configure' from command line to 'False'
[0.533s] [34mcolcon.colcon_core.verb[0m [1;30mLevel 5[0m set package 'kraken' build argument 'ament_cmake_args' from command line to 'None'
[0.533s] [34mcolcon.colcon_core.verb[0m [1;30mLevel 5[0m set package 'kraken' build argument 'catkin_cmake_args' from command line to 'None'
[0.533s] [34mcolcon.colcon_core.verb[0m [1;30mLevel 5[0m set package 'kraken' build argument 'catkin_skip_building_tests' from command line to 'False'
[0.533s] [34mcolcon.colcon_core.verb[0m [1;30mDEBUG[0m [32mBuilding package 'kraken' with the following arguments: {'ament_cmake_args': None, 'build_base': '/home/kraken/kraken-nano/build/kraken', 'catkin_cmake_args': None, 'catkin_skip_building_tests': False, 'cmake_args': None, 'cmake_clean_cache': False, 'cmake_clean_first': False, 'cmake_force_configure': False, 'cmake_target': None, 'cmake_target_skip_unavailable': False, 'install_base': '/home/kraken/kraken-nano/install/kraken', 'merge_install': False, 'path': '/home/kraken/kraken-nano/ROS/ws/src/kraken', 'symlink_install': False, 'test_result_base': None}[0m
[0.534s] [34mcolcon.colcon_core.executor[0m [1;30mINFO[0m Executing jobs using 'parallel' executor
[0.536s] [34mcolcon.colcon_parallel_executor.executor.parallel[0m [1;30mDEBUG[0m [32mrun_until_complete[0m
[0.536s] [34mcolcon.colcon_ros.task.ament_cmake.build[0m [1;30mINFO[0m Building ROS package in '/home/kraken/kraken-nano/ROS/ws/src/custom' with build type 'ament_cmake'
[0.536s] [34mcolcon.colcon_cmake.task.cmake.build[0m [1;30mINFO[0m Building CMake package in '/home/kraken/kraken-nano/ROS/ws/src/custom'
[0.540s] [34mcolcon.colcon_core.plugin_system[0m [1;30mINFO[0m Skipping extension 'colcon_core.shell.bat': Not used on non-Windows systems
[0.540s] [34mcolcon.colcon_core.shell[0m [1;30mINFO[0m Skip shell extension 'powershell' for command environment: Not usable outside of PowerShell
[0.540s] [34mcolcon.colcon_core.shell[0m [1;30mDEBUG[0m [32mSkip shell extension 'dsv' for command environment[0m
[0.553s] [34mcolcon.colcon_core.event_handler.log_command[0m [1;30mDEBUG[0m [32mInvoking command in '/home/kraken/kraken-nano/build/custom': /usr/bin/cmake --build /home/kraken/kraken-nano/build/custom -- -j6 -l6[0m
[1.176s] [34mcolcon.colcon_core.event_handler.log_command[0m [1;30mDEBUG[0m [32mInvoked command in '/home/kraken/kraken-nano/build/custom' returned '0': /usr/bin/cmake --build /home/kraken/kraken-nano/build/custom -- -j6 -l6[0m
[1.210s] [34mcolcon.colcon_core.event_handler.log_command[0m [1;30mDEBUG[0m [32mInvoking command in '/home/kraken/kraken-nano/build/custom': /usr/bin/cmake --install /home/kraken/kraken-nano/build/custom[0m
[1.320s] [34mcolcon.colcon_core.environment[0m [1;30mLevel 1[0m create_environment_scripts_only(custom)
[1.321s] [34mcolcon.colcon_core.event_handler.log_command[0m [1;30mDEBUG[0m [32mInvoked command in '/home/kraken/kraken-nano/build/custom' returned '0': /usr/bin/cmake --install /home/kraken/kraken-nano/build/custom[0m
[1.331s] [34mcolcon.colcon_core.environment[0m [1;30mLevel 1[0m checking '/home/kraken/kraken-nano/install/custom' for CMake module files
[1.334s] [34mcolcon.colcon_core.environment[0m [1;30mLevel 1[0m checking '/home/kraken/kraken-nano/install/custom' for CMake config files
[1.338s] [34mcolcon.colcon_core.shell[0m [1;30mLevel 1[0m create_environment_hook('custom', 'cmake_prefix_path')
[1.339s] [34mcolcon.colcon_core.shell[0m [1;30mINFO[0m Creating environment hook '/home/kraken/kraken-nano/install/custom/share/custom/hook/cmake_prefix_path.ps1'
[1.343s] [34mcolcon.colcon_core.shell[0m [1;30mINFO[0m Creating environment descriptor '/home/kraken/kraken-nano/install/custom/share/custom/hook/cmake_prefix_path.dsv'
[1.345s] [34mcolcon.colcon_core.shell[0m [1;30mINFO[0m Creating environment hook '/home/kraken/kraken-nano/install/custom/share/custom/hook/cmake_prefix_path.sh'
[1.350s] [34mcolcon.colcon_core.environment[0m [1;30mLevel 1[0m checking '/home/kraken/kraken-nano/install/custom/lib'
[1.351s] [34mcolcon.colcon_core.shell[0m [1;30mLevel 1[0m create_environment_hook('custom', 'ld_library_path_lib')
[1.352s] [34mcolcon.colcon_core.shell[0m [1;30mINFO[0m Creating environment hook '/home/kraken/kraken-nano/install/custom/share/custom/hook/ld_library_path_lib.ps1'
[1.435s] [34mcolcon.colcon_core.shell[0m [1;30mINFO[0m Creating environment descriptor '/home/kraken/kraken-nano/install/custom/share/custom/hook/ld_library_path_lib.dsv'
[1.436s] [34mcolcon.colcon_core.shell[0m [1;30mINFO[0m Creating environment hook '/home/kraken/kraken-nano/install/custom/share/custom/hook/ld_library_path_lib.sh'
[1.437s] [34mcolcon.colcon_core.environment[0m [1;30mLevel 1[0m checking '/home/kraken/kraken-nano/install/custom/bin'
[1.438s] [34mcolcon.colcon_core.environment[0m [1;30mLevel 1[0m checking '/home/kraken/kraken-nano/install/custom/lib/pkgconfig/custom.pc'
[1.442s] [34mcolcon.colcon_core.environment[0m [1;30mLevel 1[0m checking '/home/kraken/kraken-nano/install/custom/lib/python3.10/site-packages'
[1.443s] [34mcolcon.colcon_core.environment[0m [1;30mLevel 1[0m checking '/home/kraken/kraken-nano/install/custom/bin'
[1.444s] [34mcolcon.colcon_core.shell[0m [1;30mINFO[0m Creating package script '/home/kraken/kraken-nano/install/custom/share/custom/package.ps1'
[1.449s] [34mcolcon.colcon_core.shell[0m [1;30mINFO[0m Creating package descriptor '/home/kraken/kraken-nano/install/custom/share/custom/package.dsv'
[1.451s] [34mcolcon.colcon_core.shell[0m [1;30mINFO[0m Creating package script '/home/kraken/kraken-nano/install/custom/share/custom/package.sh'
[1.452s] [34mcolcon.colcon_core.shell[0m [1;30mINFO[0m Creating package script '/home/kraken/kraken-nano/install/custom/share/custom/package.bash'
[1.454s] [34mcolcon.colcon_core.shell[0m [1;30mINFO[0m Creating package script '/home/kraken/kraken-nano/install/custom/share/custom/package.zsh'
[1.456s] [34mcolcon.colcon_core.environment[0m [1;30mLevel 1[0m create_file_with_runtime_dependencies(/home/kraken/kraken-nano/install/custom/share/colcon-core/packages/custom)
[1.458s] [34mcolcon.colcon_core.environment[0m [1;30mLevel 1[0m create_environment_scripts_only(custom)
[1.458s] [34mcolcon.colcon_core.environment[0m [1;30mLevel 1[0m checking '/home/kraken/kraken-nano/install/custom' for CMake module files
[1.460s] [34mcolcon.colcon_core.environment[0m [1;30mLevel 1[0m checking '/home/kraken/kraken-nano/install/custom' for CMake config files
[1.461s] [34mcolcon.colcon_core.shell[0m [1;30mLevel 1[0m create_environment_hook('custom', 'cmake_prefix_path')
[1.462s] [34mcolcon.colcon_core.shell[0m [1;30mINFO[0m Creating environment hook '/home/kraken/kraken-nano/install/custom/share/custom/hook/cmake_prefix_path.ps1'
[1.463s] [34mcolcon.colcon_core.shell[0m [1;30mINFO[0m Creating environment descriptor '/home/kraken/kraken-nano/install/custom/share/custom/hook/cmake_prefix_path.dsv'
[1.464s] [34mcolcon.colcon_core.shell[0m [1;30mINFO[0m Creating environment hook '/home/kraken/kraken-nano/install/custom/share/custom/hook/cmake_prefix_path.sh'
[1.465s] [34mcolcon.colcon_core.environment[0m [1;30mLevel 1[0m checking '/home/kraken/kraken-nano/install/custom/lib'
[1.466s] [34mcolcon.colcon_core.shell[0m [1;30mLevel 1[0m create_environment_hook('custom', 'ld_library_path_lib')
[1.466s] [34mcolcon.colcon_core.shell[0m [1;30mINFO[0m Creating environment hook '/home/kraken/kraken-nano/install/custom/share/custom/hook/ld_library_path_lib.ps1'
[1.467s] [34mcolcon.colcon_core.shell[0m [1;30mINFO[0m Creating environment descriptor '/home/kraken/kraken-nano/install/custom/share/custom/hook/ld_library_path_lib.dsv'
[1.468s] [34mcolcon.colcon_core.shell[0m [1;30mINFO[0m Creating environment hook '/home/kraken/kraken-nano/install/custom/share/custom/hook/ld_library_path_lib.sh'
[1.469s] [34mcolcon.colcon_core.environment[0m [1;30mLevel 1[0m checking '/home/kraken/kraken-nano/install/custom/bin'
[1.469s] [34mcolcon.colcon_core.environment[0m [1;30mLevel 1[0m checking '/home/kraken/kraken-nano/install/custom/lib/pkgconfig/custom.pc'
[1.470s] [34mcolcon.colcon_core.environment[0m [1;30mLevel 1[0m checking '/home/kraken/kraken-nano/install/custom/lib/python3.10/site-packages'
[1.470s] [34mcolcon.colcon_core.environment[0m [1;30mLevel 1[0m checking '/home/kraken/kraken-nano/install/custom/bin'
[1.471s] [34mcolcon.colcon_core.shell[0m [1;30mINFO[0m Creating package script '/home/kraken/kraken-nano/install/custom/share/custom/package.ps1'
[1.472s] [34mcolcon.colcon_core.shell[0m [1;30mINFO[0m Creating package descriptor '/home/kraken/kraken-nano/install/custom/share/custom/package.dsv'
[1.474s] [34mcolcon.colcon_core.shell[0m [1;30mINFO[0m Creating package script '/home/kraken/kraken-nano/install/custom/share/custom/package.sh'
[1.475s] [34mcolcon.colcon_core.shell[0m [1;30mINFO[0m Creating package script '/home/kraken/kraken-nano/install/custom/share/custom/package.bash'
[1.476s] [34mcolcon.colcon_core.shell[0m [1;30mINFO[0m Creating package script '/home/kraken/kraken-nano/install/custom/share/custom/package.zsh'
[1.477s] [34mcolcon.colcon_core.environment[0m [1;30mLevel 1[0m create_file_with_runtime_dependencies(/home/kraken/kraken-nano/install/custom/share/colcon-core/packages/custom)
[1.479s] [34mcolcon.colcon_ros.task.ament_python.build[0m [1;30mINFO[0m Building ROS package in '/home/kraken/kraken-nano/ROS/ws/src/kraken' with build type 'ament_python'
[1.479s] [34mcolcon.colcon_core.shell[0m [1;30mLevel 1[0m create_environment_hook('kraken', 'ament_prefix_path')
[1.480s] [34mcolcon.colcon_core.shell[0m [1;30mINFO[0m Creating environment hook '/home/kraken/kraken-nano/install/kraken/share/kraken/hook/ament_prefix_path.ps1'
[1.482s] [34mcolcon.colcon_core.shell[0m [1;30mINFO[0m Creating environment descriptor '/home/kraken/kraken-nano/install/kraken/share/kraken/hook/ament_prefix_path.dsv'
[1.483s] [34mcolcon.colcon_core.shell[0m [1;30mINFO[0m Creating environment hook '/home/kraken/kraken-nano/install/kraken/share/kraken/hook/ament_prefix_path.sh'
[1.484s] [34mcolcon.colcon_core.shell[0m [1;30mINFO[0m Skip shell extension 'powershell' for command environment: Not usable outside of PowerShell
[1.484s] [34mcolcon.colcon_core.shell[0m [1;30mDEBUG[0m [32mSkip shell extension 'dsv' for command environment[0m
[1.919s] [34mcolcon.colcon_core.task.python.build[0m [1;30mINFO[0m Building Python package in '/home/kraken/kraken-nano/ROS/ws/src/kraken'
[1.920s] [34mcolcon.colcon_core.shell[0m [1;30mINFO[0m Skip shell extension 'powershell' for command environment: Not usable outside of PowerShell
[1.920s] [34mcolcon.colcon_core.shell[0m [1;30mDEBUG[0m [32mSkip shell extension 'dsv' for command environment[0m
[2.499s] [34mcolcon.colcon_core.event_handler.log_command[0m [1;30mDEBUG[0m [32mInvoking command in '/home/kraken/kraken-nano/ROS/ws/src/kraken': AMENT_PREFIX_PATH=/home/kraken/kraken-nano/install/custom CMAKE_PREFIX_PATH=/home/kraken/kraken-nano/install/custom LD_LIBRARY_PATH=/home/kraken/kraken-nano/install/custom/lib PYTHONPATH=/home/kraken/kraken-nano/build/kraken/prefix_override:/usr/lib/python3/dist-packages/colcon_core/task/python/colcon_distutils_commands:/home/kraken/kraken-nano/install/kraken/lib/python3.10/site-packages:/home/kraken/kraken-nano/install/custom/local/lib/python3.10/dist-packages /usr/bin/python3 -W ignore:setup.py install is deprecated -W ignore:easy_install command is deprecated setup.py egg_info --egg-base ../../../../build/kraken build --build-base /home/kraken/kraken-nano/build/kraken/build install --record /home/kraken/kraken-nano/build/kraken/install.log --single-version-externally-managed install_data[0m
[2.996s] [34mcolcon.colcon_core.environment[0m [1;30mLevel 1[0m checking '/home/kraken/kraken-nano/install/kraken' for CMake module files
[2.997s] [34mcolcon.colcon_core.event_handler.log_command[0m [1;30mDEBUG[0m [32mInvoked command in '/home/kraken/kraken-nano/ROS/ws/src/kraken' returned '0': AMENT_PREFIX_PATH=/home/kraken/kraken-nano/install/custom CMAKE_PREFIX_PATH=/home/kraken/kraken-nano/install/custom LD_LIBRARY_PATH=/home/kraken/kraken-nano/install/custom/lib PYTHONPATH=/home/kraken/kraken-nano/build/kraken/prefix_override:/usr/lib/python3/dist-packages/colcon_core/task/python/colcon_distutils_commands:/home/kraken/kraken-nano/install/kraken/lib/python3.10/site-packages:/home/kraken/kraken-nano/install/custom/local/lib/python3.10/dist-packages /usr/bin/python3 -W ignore:setup.py install is deprecated -W ignore:easy_install command is deprecated setup.py egg_info --egg-base ../../../../build/kraken build --build-base /home/kraken/kraken-nano/build/kraken/build install --record /home/kraken/kraken-nano/build/kraken/install.log --single-version-externally-managed install_data[0m
[2.998s] [34mcolcon.colcon_core.environment[0m [1;30mLevel 1[0m checking '/home/kraken/kraken-nano/install/kraken' for CMake config files
[2.999s] [34mcolcon.colcon_core.environment[0m [1;30mLevel 1[0m checking '/home/kraken/kraken-nano/install/kraken/lib'
[3.000s] [34mcolcon.colcon_core.environment[0m [1;30mLevel 1[0m checking '/home/kraken/kraken-nano/install/kraken/bin'
[3.000s] [34mcolcon.colcon_core.environment[0m [1;30mLevel 1[0m checking '/home/kraken/kraken-nano/install/kraken/lib/pkgconfig/kraken.pc'
[3.001s] [34mcolcon.colcon_core.environment[0m [1;30mLevel 1[0m checking '/home/kraken/kraken-nano/install/kraken/lib/python3.10/site-packages'
[3.001s] [34mcolcon.colcon_core.shell[0m [1;30mLevel 1[0m create_environment_hook('kraken', 'pythonpath')
[3.002s] [34mcolcon.colcon_core.shell[0m [1;30mINFO[0m Creating environment hook '/home/kraken/kraken-nano/install/kraken/share/kraken/hook/pythonpath.ps1'
[3.004s] [34mcolcon.colcon_core.shell[0m [1;30mINFO[0m Creating environment descriptor '/home/kraken/kraken-nano/install/kraken/share/kraken/hook/pythonpath.dsv'
[3.005s] [34mcolcon.colcon_core.shell[0m [1;30mINFO[0m Creating environment hook '/home/kraken/kraken-nano/install/kraken/share/kraken/hook/pythonpath.sh'
[3.008s] [34mcolcon.colcon_core.environment[0m [1;30mLevel 1[0m checking '/home/kraken/kraken-nano/install/kraken/bin'
[3.008s] [34mcolcon.colcon_core.environment[0m [1;30mLevel 1[0m create_environment_scripts_only(kraken)
[3.010s] [34mcolcon.colcon_core.shell[0m [1;30mINFO[0m Creating package script '/home/kraken/kraken-nano/install/kraken/share/kraken/package.ps1'
[3.012s] [34mcolcon.colcon_core.shell[0m [1;30mINFO[0m Creating package descriptor '/home/kraken/kraken-nano/install/kraken/share/kraken/package.dsv'
[3.014s] [34mcolcon.colcon_core.shell[0m [1;30mINFO[0m Creating package script '/home/kraken/kraken-nano/install/kraken/share/kraken/package.sh'
[3.016s] [34mcolcon.colcon_core.shell[0m [1;30mINFO[0m Creating package script '/home/kraken/kraken-nano/install/kraken/share/kraken/package.bash'
[3.017s] [34mcolcon.colcon_core.shell[0m [1;30mINFO[0m Creating package script '/home/kraken/kraken-nano/install/kraken/share/kraken/package.zsh'
[3.019s] [34mcolcon.colcon_core.environment[0m [1;30mLevel 1[0m create_file_with_runtime_dependencies(/home/kraken/kraken-nano/install/kraken/share/colcon-core/packages/kraken)
[3.020s] [34mcolcon.colcon_parallel_executor.executor.parallel[0m [1;30mDEBUG[0m [32mclosing loop[0m
[3.022s] [34mcolcon.colcon_parallel_executor.executor.parallel[0m [1;30mDEBUG[0m [32mloop closed[0m
[3.023s] [34mcolcon.colcon_parallel_executor.executor.parallel[0m [1;30mDEBUG[0m [32mrun_until_complete finished with '0'[0m
[3.024s] [34mcolcon.colcon_core.event_reactor[0m [1;30mDEBUG[0m [32mjoining thread[0m
[3.051s] [34mcolcon.colcon_core.plugin_system[0m [1;30mINFO[0m Skipping extension 'colcon_notification.desktop_notification.terminal_notifier': Not used on non-Darwin systems
[3.052s] [34mcolcon.colcon_core.plugin_system[0m [1;30mINFO[0m Skipping extension 'colcon_notification.desktop_notification.win32': Not used on non-Windows systems
[3.052s] [34mcolcon.colcon_notification.desktop_notification[0m [1;30mINFO[0m Sending desktop notification using 'notify2'
[3.091s] [34mcolcon.colcon_notification.desktop_notification.notify2[0m [1;30mDEBUG[0m [32mFailed to initialize notify2: org.freedesktop.DBus.Error.Spawn.ChildExited: Process org.freedesktop.Notifications exited with status 1[0m
[3.092s] [34mcolcon.colcon_core.event_reactor[0m [1;30mDEBUG[0m [32mjoined thread[0m
[3.092s] [34mcolcon.colcon_core.shell[0m [1;30mINFO[0m Creating prefix script '/home/kraken/kraken-nano/install/local_setup.ps1'
[3.095s] [34mcolcon.colcon_core.shell[0m [1;30mINFO[0m Creating prefix util module '/home/kraken/kraken-nano/install/_local_setup_util_ps1.py'
[3.099s] [34mcolcon.colcon_core.shell[0m [1;30mINFO[0m Creating prefix chain script '/home/kraken/kraken-nano/install/setup.ps1'
[3.102s] [34mcolcon.colcon_core.shell[0m [1;30mINFO[0m Creating prefix script '/home/kraken/kraken-nano/install/local_setup.sh'
[3.104s] [34mcolcon.colcon_core.shell[0m [1;30mINFO[0m Creating prefix util module '/home/kraken/kraken-nano/install/_local_setup_util_sh.py'
[3.107s] [34mcolcon.colcon_core.shell[0m [1;30mINFO[0m Creating prefix chain script '/home/kraken/kraken-nano/install/setup.sh'
[3.111s] [34mcolcon.colcon_core.shell[0m [1;30mINFO[0m Creating prefix script '/home/kraken/kraken-nano/install/local_setup.bash'
[3.113s] [34mcolcon.colcon_core.shell[0m [1;30mINFO[0m Creating prefix chain script '/home/kraken/kraken-nano/install/setup.bash'
[3.116s] [34mcolcon.colcon_core.shell[0m [1;30mINFO[0m Creating prefix script '/home/kraken/kraken-nano/install/local_setup.zsh'
[3.118s] [34mcolcon.colcon_core.shell[0m [1;30mINFO[0m Creating prefix chain script '/home/kraken/kraken-nano/install/setup.zsh'
