running egg_info
writing ../../build/kraken/kraken.egg-info/PKG-INFO
writing dependency_links to ../../build/kraken/kraken.egg-info/dependency_links.txt
writing entry points to ../../build/kraken/kraken.egg-info/entry_points.txt
writing requirements to ../../build/kraken/kraken.egg-info/requires.txt
writing top-level names to ../../build/kraken/kraken.egg-info/top_level.txt
reading manifest file '../../build/kraken/kraken.egg-info/SOURCES.txt'
adding license file 'LICENSE'
writing manifest file '../../build/kraken/kraken.egg-info/SOURCES.txt'
running build
running build_py
copying kraken/planner.py -> /home/kraken/kraken-nano/ROS/ws/build/kraken/build/lib/kraken
running install
running install_lib
copying /home/kraken/kraken-nano/ROS/ws/build/kraken/build/lib/kraken/planner.py -> /home/kraken/kraken-nano/ROS/ws/install/kraken/lib/python3.10/site-packages/kraken
byte-compiling /home/kraken/kraken-nano/ROS/ws/install/kraken/lib/python3.10/site-packages/kraken/planner.py to planner.cpython-310.pyc
running install_data
running install_egg_info
removing '/home/kraken/kraken-nano/ROS/ws/install/kraken/lib/python3.10/site-packages/kraken-0.0.0-py3.10.egg-info' (and everything under it)
Copying ../../build/kraken/kraken.egg-info to /home/kraken/kraken-nano/ROS/ws/install/kraken/lib/python3.10/site-packages/kraken-0.0.0-py3.10.egg-info
running install_scripts
Installing computer_vision script to /home/kraken/kraken-nano/ROS/ws/install/kraken/lib/kraken
Installing controller script to /home/kraken/kraken-nano/ROS/ws/install/kraken/lib/kraken
Installing controller_test script to /home/kraken/kraken-nano/ROS/ws/install/kraken/lib/kraken
Installing fsm_node script to /home/kraken/kraken-nano/ROS/ws/install/kraken/lib/kraken
Installing planner script to /home/kraken/kraken-nano/ROS/ws/install/kraken/lib/kraken
Installing planner_test script to /home/kraken/kraken-nano/ROS/ws/install/kraken/lib/kraken
Installing spinMotor script to /home/kraken/kraken-nano/ROS/ws/install/kraken/lib/kraken
Installing state_estimator script to /home/kraken/kraken-nano/ROS/ws/install/kraken/lib/kraken
writing list of installed files to '/home/kraken/kraken-nano/ROS/ws/build/kraken/install.log'
