[1.219s] Invoking command in '/home/kraken/kraken-nano/ROS/ws/src/kraken': PYTHONPATH=/home/kraken/kraken-nano/ROS/ws/build/kraken/prefix_override:/usr/lib/python3/dist-packages/colcon_core/task/python/colcon_distutils_commands:/home/kraken/kraken-nano/ROS/ws/install/kraken/lib/python3.10/site-packages:${PYTHONPATH} /usr/bin/python3 -W ignore:setup.py install is deprecated -W ignore:easy_install command is deprecated setup.py egg_info --egg-base ../../build/kraken build --build-base /home/kraken/kraken-nano/ROS/ws/build/kraken/build install --record /home/kraken/kraken-nano/ROS/ws/build/kraken/install.log --single-version-externally-managed install_data
[1.688s] running egg_info
[1.691s] writing ../../build/kraken/kraken.egg-info/PKG-INFO
[1.691s] writing dependency_links to ../../build/kraken/kraken.egg-info/dependency_links.txt
[1.691s] writing entry points to ../../build/kraken/kraken.egg-info/entry_points.txt
[1.692s] writing requirements to ../../build/kraken/kraken.egg-info/requires.txt
[1.692s] writing top-level names to ../../build/kraken/kraken.egg-info/top_level.txt
[1.696s] reading manifest file '../../build/kraken/kraken.egg-info/SOURCES.txt'
[1.696s] adding license file 'LICENSE'
[1.697s] writing manifest file '../../build/kraken/kraken.egg-info/SOURCES.txt'
[1.697s] running build
[1.697s] running build_py
[1.698s] copying kraken/planner.py -> /home/kraken/kraken-nano/ROS/ws/build/kraken/build/lib/kraken
[1.699s] running install
[1.699s] running install_lib
[1.701s] copying /home/kraken/kraken-nano/ROS/ws/build/kraken/build/lib/kraken/planner.py -> /home/kraken/kraken-nano/ROS/ws/install/kraken/lib/python3.10/site-packages/kraken
[1.702s] byte-compiling /home/kraken/kraken-nano/ROS/ws/install/kraken/lib/python3.10/site-packages/kraken/planner.py to planner.cpython-310.pyc
[1.706s] running install_data
[1.706s] running install_egg_info
[1.709s] removing '/home/kraken/kraken-nano/ROS/ws/install/kraken/lib/python3.10/site-packages/kraken-0.0.0-py3.10.egg-info' (and everything under it)
[1.710s] Copying ../../build/kraken/kraken.egg-info to /home/kraken/kraken-nano/ROS/ws/install/kraken/lib/python3.10/site-packages/kraken-0.0.0-py3.10.egg-info
[1.712s] running install_scripts
[1.748s] Installing computer_vision script to /home/kraken/kraken-nano/ROS/ws/install/kraken/lib/kraken
[1.748s] Installing controller script to /home/kraken/kraken-nano/ROS/ws/install/kraken/lib/kraken
[1.749s] Installing controller_test script to /home/kraken/kraken-nano/ROS/ws/install/kraken/lib/kraken
[1.749s] Installing fsm_node script to /home/kraken/kraken-nano/ROS/ws/install/kraken/lib/kraken
[1.749s] Installing planner script to /home/kraken/kraken-nano/ROS/ws/install/kraken/lib/kraken
[1.749s] Installing planner_test script to /home/kraken/kraken-nano/ROS/ws/install/kraken/lib/kraken
[1.750s] Installing spinMotor script to /home/kraken/kraken-nano/ROS/ws/install/kraken/lib/kraken
[1.750s] Installing state_estimator script to /home/kraken/kraken-nano/ROS/ws/install/kraken/lib/kraken
[1.751s] writing list of installed files to '/home/kraken/kraken-nano/ROS/ws/build/kraken/install.log'
[1.814s] Invoked command in '/home/kraken/kraken-nano/ROS/ws/src/kraken' returned '0': PYTHONPATH=/home/kraken/kraken-nano/ROS/ws/build/kraken/prefix_override:/usr/lib/python3/dist-packages/colcon_core/task/python/colcon_distutils_commands:/home/kraken/kraken-nano/ROS/ws/install/kraken/lib/python3.10/site-packages:${PYTHONPATH} /usr/bin/python3 -W ignore:setup.py install is deprecated -W ignore:easy_install command is deprecated setup.py egg_info --egg-base ../../build/kraken build --build-base /home/kraken/kraken-nano/ROS/ws/build/kraken/build install --record /home/kraken/kraken-nano/ROS/ws/build/kraken/install.log --single-version-externally-managed install_data
