[1.208s] Invoking command in '/home/kraken/kraken-nano/ROS/ws/src/kraken': PYTHONPATH=/home/kraken/kraken-nano/build/kraken/prefix_override:/usr/lib/python3/dist-packages/colcon_core/task/python/colcon_distutils_commands:/home/kraken/kraken-nano/install/kraken/lib/python3.10/site-packages:${PYTHONPATH} /usr/bin/python3 -W ignore:setup.py install is deprecated -W ignore:easy_install command is deprecated setup.py egg_info --egg-base ../../../../build/kraken build --build-base /home/kraken/kraken-nano/build/kraken/build install --record /home/kraken/kraken-nano/build/kraken/install.log --single-version-externally-managed install_data
[1.668s] running egg_info
[1.671s] writing ../../../../build/kraken/kraken.egg-info/PKG-INFO
[1.672s] writing dependency_links to ../../../../build/kraken/kraken.egg-info/dependency_links.txt
[1.672s] writing entry points to ../../../../build/kraken/kraken.egg-info/entry_points.txt
[1.672s] writing requirements to ../../../../build/kraken/kraken.egg-info/requires.txt
[1.673s] writing top-level names to ../../../../build/kraken/kraken.egg-info/top_level.txt
[1.676s] reading manifest file '../../../../build/kraken/kraken.egg-info/SOURCES.txt'
[1.677s] adding license file 'LICENSE'
[1.678s] writing manifest file '../../../../build/kraken/kraken.egg-info/SOURCES.txt'
[1.678s] running build
[1.678s] running build_py
[1.679s] copying kraken/planner.py -> /home/kraken/kraken-nano/build/kraken/build/lib/kraken
[1.679s] copying kraken/state_estimator.py -> /home/kraken/kraken-nano/build/kraken/build/lib/kraken
[1.679s] copying kraken/controller.py -> /home/kraken/kraken-nano/build/kraken/build/lib/kraken
[1.680s] running install
[1.681s] running install_lib
[1.682s] copying /home/kraken/kraken-nano/build/kraken/build/lib/kraken/planner.py -> /home/kraken/kraken-nano/install/kraken/lib/python3.10/site-packages/kraken
[1.682s] copying /home/kraken/kraken-nano/build/kraken/build/lib/kraken/state_estimator.py -> /home/kraken/kraken-nano/install/kraken/lib/python3.10/site-packages/kraken
[1.683s] copying /home/kraken/kraken-nano/build/kraken/build/lib/kraken/controller.py -> /home/kraken/kraken-nano/install/kraken/lib/python3.10/site-packages/kraken
[1.684s] byte-compiling /home/kraken/kraken-nano/install/kraken/lib/python3.10/site-packages/kraken/planner.py to planner.cpython-310.pyc
[1.687s] byte-compiling /home/kraken/kraken-nano/install/kraken/lib/python3.10/site-packages/kraken/state_estimator.py to state_estimator.cpython-310.pyc
[1.688s] byte-compiling /home/kraken/kraken-nano/install/kraken/lib/python3.10/site-packages/kraken/controller.py to controller.cpython-310.pyc
[1.691s] running install_data
[1.691s] running install_egg_info
[1.694s] removing '/home/kraken/kraken-nano/install/kraken/lib/python3.10/site-packages/kraken-0.0.0-py3.10.egg-info' (and everything under it)
[1.695s] Copying ../../../../build/kraken/kraken.egg-info to /home/kraken/kraken-nano/install/kraken/lib/python3.10/site-packages/kraken-0.0.0-py3.10.egg-info
[1.697s] running install_scripts
[1.733s] Installing computer_vision script to /home/kraken/kraken-nano/install/kraken/lib/kraken
[1.733s] Installing controller script to /home/kraken/kraken-nano/install/kraken/lib/kraken
[1.734s] Installing controller_test script to /home/kraken/kraken-nano/install/kraken/lib/kraken
[1.734s] Installing fsm_node script to /home/kraken/kraken-nano/install/kraken/lib/kraken
[1.734s] Installing planner script to /home/kraken/kraken-nano/install/kraken/lib/kraken
[1.734s] Installing planner_test script to /home/kraken/kraken-nano/install/kraken/lib/kraken
[1.735s] Installing spinMotor script to /home/kraken/kraken-nano/install/kraken/lib/kraken
[1.735s] Installing state_estimator script to /home/kraken/kraken-nano/install/kraken/lib/kraken
[1.736s] writing list of installed files to '/home/kraken/kraken-nano/build/kraken/install.log'
[1.801s] Invoked command in '/home/kraken/kraken-nano/ROS/ws/src/kraken' returned '0': PYTHONPATH=/home/kraken/kraken-nano/build/kraken/prefix_override:/usr/lib/python3/dist-packages/colcon_core/task/python/colcon_distutils_commands:/home/kraken/kraken-nano/install/kraken/lib/python3.10/site-packages:${PYTHONPATH} /usr/bin/python3 -W ignore:setup.py install is deprecated -W ignore:easy_install command is deprecated setup.py egg_info --egg-base ../../../../build/kraken build --build-base /home/kraken/kraken-nano/build/kraken/build install --record /home/kraken/kraken-nano/build/kraken/install.log --single-version-externally-managed install_data
