[0.016s] Invoking command in '/home/kraken/kraken-nano/build/custom': /usr/bin/cmake --build /home/kraken/kraken-nano/build/custom -- -j6 -l6
[0.075s] [35m[1mConsolidate compiler generated dependencies of target custom__rosidl_generator_c[0m
[0.091s] [  1%] Built target custom__cpp
[0.101s] [ 12%] Built target custom__rosidl_generator_c
[0.105s] [ 12%] Built target ament_cmake_python_copy_custom
[0.107s] [35m[1mConsolidate compiler generated dependencies of target custom__rosidl_typesupport_fastrtps_cpp[0m
[0.108s] [35m[1mConsolidate compiler generated dependencies of target custom__rosidl_typesupport_cpp[0m
[0.111s] [35m[1mConsolidate compiler generated dependencies of target custom__rosidl_typesupport_introspection_cpp[0m
[0.121s] [35m[1mConsolidate compiler generated dependencies of target custom__rosidl_typesupport_introspection_c[0m
[0.121s] [35m[1mConsolidate compiler generated dependencies of target custom__rosidl_typesupport_fastrtps_c[0m
[0.133s] [35m[1mConsolidate compiler generated dependencies of target custom__rosidl_typesupport_c[0m
[0.134s] [ 23%] Built target custom__rosidl_typesupport_cpp
[0.143s] [ 45%] Built target custom__rosidl_typesupport_fastrtps_cpp
[0.143s] [ 45%] Built target custom__rosidl_typesupport_introspection_cpp
[0.148s] [ 56%] Built target custom__rosidl_typesupport_introspection_c
[0.153s] [ 67%] Built target custom__rosidl_typesupport_c
[0.156s] [ 78%] Built target custom__rosidl_typesupport_fastrtps_c
[0.193s] [ 78%] Built target custom
[0.224s] [ 80%] Built target custom__py
[0.241s] [35m[1mConsolidate compiler generated dependencies of target custom__rosidl_generator_py[0m
[0.273s] [ 89%] Built target custom__rosidl_generator_py
[0.292s] [35m[1mConsolidate compiler generated dependencies of target custom__rosidl_typesupport_introspection_c__pyext[0m
[0.298s] [35m[1mConsolidate compiler generated dependencies of target custom__rosidl_typesupport_c__pyext[0m
[0.307s] [35m[1mConsolidate compiler generated dependencies of target custom__rosidl_typesupport_fastrtps_c__pyext[0m
[0.315s] [ 92%] Built target custom__rosidl_typesupport_introspection_c__pyext
[0.319s] [ 96%] Built target custom__rosidl_typesupport_c__pyext
[0.330s] [100%] Built target custom__rosidl_typesupport_fastrtps_c__pyext
[0.525s] running egg_info
[0.527s] writing custom.egg-info/PKG-INFO
[0.527s] writing dependency_links to custom.egg-info/dependency_links.txt
[0.528s] writing top-level names to custom.egg-info/top_level.txt
[0.532s] reading manifest file 'custom.egg-info/SOURCES.txt'
[0.533s] writing manifest file 'custom.egg-info/SOURCES.txt'
[0.608s] [100%] Built target ament_cmake_python_build_custom_egg
[0.639s] Invoked command in '/home/kraken/kraken-nano/build/custom' returned '0': /usr/bin/cmake --build /home/kraken/kraken-nano/build/custom -- -j6 -l6
[0.673s] Invoking command in '/home/kraken/kraken-nano/build/custom': /usr/bin/cmake --install /home/kraken/kraken-nano/build/custom
[0.690s] -- Install configuration: ""
[0.691s] -- Up-to-date: /home/kraken/kraken-nano/install/custom/share/ament_index/resource_index/rosidl_interfaces/custom
[0.691s] -- Up-to-date: /home/kraken/kraken-nano/install/custom/include/custom/custom
[0.691s] -- Up-to-date: /home/kraken/kraken-nano/install/custom/include/custom/custom/msg
[0.691s] -- Up-to-date: /home/kraken/kraken-nano/install/custom/include/custom/custom/msg/rosidl_generator_c__visibility_control.h
[0.692s] -- Up-to-date: /home/kraken/kraken-nano/install/custom/include/custom/custom/msg/task.h
[0.692s] -- Up-to-date: /home/kraken/kraken-nano/install/custom/include/custom/custom/msg/detail
[0.692s] -- Up-to-date: /home/kraken/kraken-nano/install/custom/include/custom/custom/msg/detail/pose_e__functions.c
[0.692s] -- Up-to-date: /home/kraken/kraken-nano/install/custom/include/custom/custom/msg/detail/task__functions.c
[0.692s] -- Up-to-date: /home/kraken/kraken-nano/install/custom/include/custom/custom/msg/detail/euler__struct.h
[0.692s] -- Up-to-date: /home/kraken/kraken-nano/install/custom/include/custom/custom/msg/detail/pose_e__functions.h
[0.693s] -- Up-to-date: /home/kraken/kraken-nano/install/custom/include/custom/custom/msg/detail/task__type_support.h
[0.693s] -- Up-to-date: /home/kraken/kraken-nano/install/custom/include/custom/custom/msg/detail/euler__type_support.h
[0.693s] -- Up-to-date: /home/kraken/kraken-nano/install/custom/include/custom/custom/msg/detail/point__struct.h
[0.693s] -- Up-to-date: /home/kraken/kraken-nano/install/custom/include/custom/custom/msg/detail/point__type_support.h
[0.693s] -- Up-to-date: /home/kraken/kraken-nano/install/custom/include/custom/custom/msg/detail/euler__functions.h
[0.694s] -- Up-to-date: /home/kraken/kraken-nano/install/custom/include/custom/custom/msg/detail/task__functions.h
[0.694s] -- Up-to-date: /home/kraken/kraken-nano/install/custom/include/custom/custom/msg/detail/point__functions.c
[0.694s] -- Up-to-date: /home/kraken/kraken-nano/install/custom/include/custom/custom/msg/detail/pose_e__struct.h
[0.694s] -- Up-to-date: /home/kraken/kraken-nano/install/custom/include/custom/custom/msg/detail/point__functions.h
[0.694s] -- Up-to-date: /home/kraken/kraken-nano/install/custom/include/custom/custom/msg/detail/task__struct.h
[0.694s] -- Up-to-date: /home/kraken/kraken-nano/install/custom/include/custom/custom/msg/detail/euler__functions.c
[0.695s] -- Up-to-date: /home/kraken/kraken-nano/install/custom/include/custom/custom/msg/detail/pose_e__type_support.h
[0.695s] -- Up-to-date: /home/kraken/kraken-nano/install/custom/include/custom/custom/msg/point.h
[0.695s] -- Up-to-date: /home/kraken/kraken-nano/install/custom/include/custom/custom/msg/euler.h
[0.695s] -- Up-to-date: /home/kraken/kraken-nano/install/custom/include/custom/custom/msg/pose_e.h
[0.695s] -- Up-to-date: /home/kraken/kraken-nano/install/custom/share/custom/environment/library_path.sh
[0.696s] -- Up-to-date: /home/kraken/kraken-nano/install/custom/share/custom/environment/library_path.dsv
[0.696s] -- Up-to-date: /home/kraken/kraken-nano/install/custom/lib/libcustom__rosidl_generator_c.so
[0.696s] -- Up-to-date: /home/kraken/kraken-nano/install/custom/include/custom/custom
[0.696s] -- Up-to-date: /home/kraken/kraken-nano/install/custom/include/custom/custom/msg
[0.696s] -- Up-to-date: /home/kraken/kraken-nano/install/custom/include/custom/custom/msg/rosidl_typesupport_fastrtps_c__visibility_control.h
[0.697s] -- Up-to-date: /home/kraken/kraken-nano/install/custom/include/custom/custom/msg/detail
[0.697s] -- Up-to-date: /home/kraken/kraken-nano/install/custom/include/custom/custom/msg/detail/point__rosidl_typesupport_fastrtps_c.h
[0.697s] -- Up-to-date: /home/kraken/kraken-nano/install/custom/include/custom/custom/msg/detail/euler__rosidl_typesupport_fastrtps_c.h
[0.697s] -- Up-to-date: /home/kraken/kraken-nano/install/custom/include/custom/custom/msg/detail/pose_e__rosidl_typesupport_fastrtps_c.h
[0.697s] -- Up-to-date: /home/kraken/kraken-nano/install/custom/include/custom/custom/msg/detail/task__rosidl_typesupport_fastrtps_c.h
[0.697s] -- Up-to-date: /home/kraken/kraken-nano/install/custom/lib/libcustom__rosidl_typesupport_fastrtps_c.so
[0.698s] -- Up-to-date: /home/kraken/kraken-nano/install/custom/include/custom/custom
[0.698s] -- Up-to-date: /home/kraken/kraken-nano/install/custom/include/custom/custom/msg
[0.698s] -- Up-to-date: /home/kraken/kraken-nano/install/custom/include/custom/custom/msg/rosidl_typesupport_introspection_c__visibility_control.h
[0.698s] -- Up-to-date: /home/kraken/kraken-nano/install/custom/include/custom/custom/msg/detail
[0.698s] -- Up-to-date: /home/kraken/kraken-nano/install/custom/include/custom/custom/msg/detail/euler__type_support.c
[0.698s] -- Up-to-date: /home/kraken/kraken-nano/install/custom/include/custom/custom/msg/detail/pose_e__rosidl_typesupport_introspection_c.h
[0.699s] -- Up-to-date: /home/kraken/kraken-nano/install/custom/include/custom/custom/msg/detail/task__type_support.c
[0.699s] -- Up-to-date: /home/kraken/kraken-nano/install/custom/include/custom/custom/msg/detail/pose_e__type_support.c
[0.699s] -- Up-to-date: /home/kraken/kraken-nano/install/custom/include/custom/custom/msg/detail/task__rosidl_typesupport_introspection_c.h
[0.699s] -- Up-to-date: /home/kraken/kraken-nano/install/custom/include/custom/custom/msg/detail/point__rosidl_typesupport_introspection_c.h
[0.699s] -- Up-to-date: /home/kraken/kraken-nano/install/custom/include/custom/custom/msg/detail/point__type_support.c
[0.699s] -- Up-to-date: /home/kraken/kraken-nano/install/custom/include/custom/custom/msg/detail/euler__rosidl_typesupport_introspection_c.h
[0.700s] -- Up-to-date: /home/kraken/kraken-nano/install/custom/lib/libcustom__rosidl_typesupport_introspection_c.so
[0.700s] -- Up-to-date: /home/kraken/kraken-nano/install/custom/lib/libcustom__rosidl_typesupport_c.so
[0.700s] -- Up-to-date: /home/kraken/kraken-nano/install/custom/include/custom/custom
[0.700s] -- Up-to-date: /home/kraken/kraken-nano/install/custom/include/custom/custom/msg
[0.701s] -- Up-to-date: /home/kraken/kraken-nano/install/custom/include/custom/custom/msg/pose_e.hpp
[0.701s] -- Up-to-date: /home/kraken/kraken-nano/install/custom/include/custom/custom/msg/euler.hpp
[0.701s] -- Up-to-date: /home/kraken/kraken-nano/install/custom/include/custom/custom/msg/rosidl_generator_cpp__visibility_control.hpp
[0.701s] -- Up-to-date: /home/kraken/kraken-nano/install/custom/include/custom/custom/msg/point.hpp
[0.701s] -- Up-to-date: /home/kraken/kraken-nano/install/custom/include/custom/custom/msg/detail
[0.702s] -- Up-to-date: /home/kraken/kraken-nano/install/custom/include/custom/custom/msg/detail/pose_e__builder.hpp
[0.702s] -- Up-to-date: /home/kraken/kraken-nano/install/custom/include/custom/custom/msg/detail/euler__struct.hpp
[0.702s] -- Up-to-date: /home/kraken/kraken-nano/install/custom/include/custom/custom/msg/detail/point__struct.hpp
[0.702s] -- Up-to-date: /home/kraken/kraken-nano/install/custom/include/custom/custom/msg/detail/euler__type_support.hpp
[0.702s] -- Up-to-date: /home/kraken/kraken-nano/install/custom/include/custom/custom/msg/detail/task__struct.hpp
[0.702s] -- Up-to-date: /home/kraken/kraken-nano/install/custom/include/custom/custom/msg/detail/point__builder.hpp
[0.703s] -- Up-to-date: /home/kraken/kraken-nano/install/custom/include/custom/custom/msg/detail/pose_e__type_support.hpp
[0.703s] -- Up-to-date: /home/kraken/kraken-nano/install/custom/include/custom/custom/msg/detail/task__traits.hpp
[0.703s] -- Up-to-date: /home/kraken/kraken-nano/install/custom/include/custom/custom/msg/detail/point__traits.hpp
[0.703s] -- Up-to-date: /home/kraken/kraken-nano/install/custom/include/custom/custom/msg/detail/task__builder.hpp
[0.703s] -- Up-to-date: /home/kraken/kraken-nano/install/custom/include/custom/custom/msg/detail/euler__traits.hpp
[0.703s] -- Up-to-date: /home/kraken/kraken-nano/install/custom/include/custom/custom/msg/detail/task__type_support.hpp
[0.703s] -- Up-to-date: /home/kraken/kraken-nano/install/custom/include/custom/custom/msg/detail/pose_e__struct.hpp
[0.703s] -- Up-to-date: /home/kraken/kraken-nano/install/custom/include/custom/custom/msg/detail/point__type_support.hpp
[0.704s] -- Up-to-date: /home/kraken/kraken-nano/install/custom/include/custom/custom/msg/detail/euler__builder.hpp
[0.704s] -- Up-to-date: /home/kraken/kraken-nano/install/custom/include/custom/custom/msg/detail/pose_e__traits.hpp
[0.704s] -- Up-to-date: /home/kraken/kraken-nano/install/custom/include/custom/custom/msg/task.hpp
[0.704s] -- Up-to-date: /home/kraken/kraken-nano/install/custom/include/custom/custom
[0.704s] -- Up-to-date: /home/kraken/kraken-nano/install/custom/include/custom/custom/msg
[0.704s] -- Up-to-date: /home/kraken/kraken-nano/install/custom/include/custom/custom/msg/detail
[0.704s] -- Up-to-date: /home/kraken/kraken-nano/install/custom/include/custom/custom/msg/detail/task__rosidl_typesupport_fastrtps_cpp.hpp
[0.704s] -- Up-to-date: /home/kraken/kraken-nano/install/custom/include/custom/custom/msg/detail/pose_e__rosidl_typesupport_fastrtps_cpp.hpp
[0.705s] -- Up-to-date: /home/kraken/kraken-nano/install/custom/include/custom/custom/msg/detail/point__rosidl_typesupport_fastrtps_cpp.hpp
[0.705s] -- Up-to-date: /home/kraken/kraken-nano/install/custom/include/custom/custom/msg/detail/euler__rosidl_typesupport_fastrtps_cpp.hpp
[0.705s] -- Up-to-date: /home/kraken/kraken-nano/install/custom/include/custom/custom/msg/detail/dds_fastrtps
[0.705s] -- Up-to-date: /home/kraken/kraken-nano/install/custom/include/custom/custom/msg/rosidl_typesupport_fastrtps_cpp__visibility_control.h
[0.705s] -- Up-to-date: /home/kraken/kraken-nano/install/custom/lib/libcustom__rosidl_typesupport_fastrtps_cpp.so
[0.705s] -- Up-to-date: /home/kraken/kraken-nano/install/custom/include/custom/custom
[0.705s] -- Up-to-date: /home/kraken/kraken-nano/install/custom/include/custom/custom/msg
[0.705s] -- Up-to-date: /home/kraken/kraken-nano/install/custom/include/custom/custom/msg/detail
[0.706s] -- Up-to-date: /home/kraken/kraken-nano/install/custom/include/custom/custom/msg/detail/point__type_support.cpp
[0.706s] -- Up-to-date: /home/kraken/kraken-nano/install/custom/include/custom/custom/msg/detail/task__rosidl_typesupport_introspection_cpp.hpp
[0.706s] -- Up-to-date: /home/kraken/kraken-nano/install/custom/include/custom/custom/msg/detail/euler__rosidl_typesupport_introspection_cpp.hpp
[0.706s] -- Up-to-date: /home/kraken/kraken-nano/install/custom/include/custom/custom/msg/detail/point__rosidl_typesupport_introspection_cpp.hpp
[0.706s] -- Up-to-date: /home/kraken/kraken-nano/install/custom/include/custom/custom/msg/detail/task__type_support.cpp
[0.706s] -- Up-to-date: /home/kraken/kraken-nano/install/custom/include/custom/custom/msg/detail/euler__type_support.cpp
[0.706s] -- Up-to-date: /home/kraken/kraken-nano/install/custom/include/custom/custom/msg/detail/pose_e__rosidl_typesupport_introspection_cpp.hpp
[0.707s] -- Up-to-date: /home/kraken/kraken-nano/install/custom/include/custom/custom/msg/detail/pose_e__type_support.cpp
[0.707s] -- Up-to-date: /home/kraken/kraken-nano/install/custom/lib/libcustom__rosidl_typesupport_introspection_cpp.so
[0.707s] -- Up-to-date: /home/kraken/kraken-nano/install/custom/lib/libcustom__rosidl_typesupport_cpp.so
[0.707s] -- Up-to-date: /home/kraken/kraken-nano/install/custom/share/custom/environment/pythonpath.sh
[0.707s] -- Up-to-date: /home/kraken/kraken-nano/install/custom/share/custom/environment/pythonpath.dsv
[0.707s] -- Up-to-date: /home/kraken/kraken-nano/install/custom/local/lib/python3.10/dist-packages/custom-0.0.0-py3.10.egg-info
[0.707s] -- Installing: /home/kraken/kraken-nano/install/custom/local/lib/python3.10/dist-packages/custom-0.0.0-py3.10.egg-info/SOURCES.txt
[0.708s] -- Installing: /home/kraken/kraken-nano/install/custom/local/lib/python3.10/dist-packages/custom-0.0.0-py3.10.egg-info/PKG-INFO
[0.708s] -- Installing: /home/kraken/kraken-nano/install/custom/local/lib/python3.10/dist-packages/custom-0.0.0-py3.10.egg-info/dependency_links.txt
[0.708s] -- Installing: /home/kraken/kraken-nano/install/custom/local/lib/python3.10/dist-packages/custom-0.0.0-py3.10.egg-info/top_level.txt
[0.708s] -- Up-to-date: /home/kraken/kraken-nano/install/custom/local/lib/python3.10/dist-packages/custom
[0.708s] -- Up-to-date: /home/kraken/kraken-nano/install/custom/local/lib/python3.10/dist-packages/custom/libcustom__rosidl_generator_py.so
[0.708s] -- Up-to-date: /home/kraken/kraken-nano/install/custom/local/lib/python3.10/dist-packages/custom/_custom_s.ep.rosidl_typesupport_c.c
[0.708s] -- Up-to-date: /home/kraken/kraken-nano/install/custom/local/lib/python3.10/dist-packages/custom/_custom_s.ep.rosidl_typesupport_fastrtps_c.c
[0.708s] -- Up-to-date: /home/kraken/kraken-nano/install/custom/local/lib/python3.10/dist-packages/custom/msg
[0.709s] -- Up-to-date: /home/kraken/kraken-nano/install/custom/local/lib/python3.10/dist-packages/custom/msg/_point_s.c
[0.709s] -- Up-to-date: /home/kraken/kraken-nano/install/custom/local/lib/python3.10/dist-packages/custom/msg/_euler.py
[0.709s] -- Up-to-date: /home/kraken/kraken-nano/install/custom/local/lib/python3.10/dist-packages/custom/msg/_pose_e.py
[0.709s] -- Up-to-date: /home/kraken/kraken-nano/install/custom/local/lib/python3.10/dist-packages/custom/msg/_pose_e_s.c
[0.709s] -- Up-to-date: /home/kraken/kraken-nano/install/custom/local/lib/python3.10/dist-packages/custom/msg/_point.py
[0.709s] -- Up-to-date: /home/kraken/kraken-nano/install/custom/local/lib/python3.10/dist-packages/custom/msg/_task.py
[0.709s] -- Up-to-date: /home/kraken/kraken-nano/install/custom/local/lib/python3.10/dist-packages/custom/msg/_euler_s.c
[0.710s] -- Up-to-date: /home/kraken/kraken-nano/install/custom/local/lib/python3.10/dist-packages/custom/msg/_task_s.c
[0.710s] -- Up-to-date: /home/kraken/kraken-nano/install/custom/local/lib/python3.10/dist-packages/custom/msg/__init__.py
[0.710s] -- Up-to-date: /home/kraken/kraken-nano/install/custom/local/lib/python3.10/dist-packages/custom/custom_s__rosidl_typesupport_c.cpython-310-aarch64-linux-gnu.so
[0.710s] -- Up-to-date: /home/kraken/kraken-nano/install/custom/local/lib/python3.10/dist-packages/custom/custom_s__rosidl_typesupport_introspection_c.cpython-310-aarch64-linux-gnu.so
[0.710s] -- Up-to-date: /home/kraken/kraken-nano/install/custom/local/lib/python3.10/dist-packages/custom/custom_s__rosidl_typesupport_fastrtps_c.cpython-310-aarch64-linux-gnu.so
[0.710s] -- Up-to-date: /home/kraken/kraken-nano/install/custom/local/lib/python3.10/dist-packages/custom/__init__.py
[0.710s] -- Up-to-date: /home/kraken/kraken-nano/install/custom/local/lib/python3.10/dist-packages/custom/_custom_s.ep.rosidl_typesupport_introspection_c.c
[0.761s] Listing '/home/kraken/kraken-nano/install/custom/local/lib/python3.10/dist-packages/custom'...
[0.761s] Listing '/home/kraken/kraken-nano/install/custom/local/lib/python3.10/dist-packages/custom/msg'...
[0.770s] -- Up-to-date: /home/kraken/kraken-nano/install/custom/local/lib/python3.10/dist-packages/custom/custom_s__rosidl_typesupport_fastrtps_c.cpython-310-aarch64-linux-gnu.so
[0.771s] -- Up-to-date: /home/kraken/kraken-nano/install/custom/local/lib/python3.10/dist-packages/custom/custom_s__rosidl_typesupport_introspection_c.cpython-310-aarch64-linux-gnu.so
[0.771s] -- Up-to-date: /home/kraken/kraken-nano/install/custom/local/lib/python3.10/dist-packages/custom/custom_s__rosidl_typesupport_c.cpython-310-aarch64-linux-gnu.so
[0.771s] -- Up-to-date: /home/kraken/kraken-nano/install/custom/lib/libcustom__rosidl_generator_py.so
[0.772s] -- Up-to-date: /home/kraken/kraken-nano/install/custom/share/custom/msg/Task.idl
[0.772s] -- Up-to-date: /home/kraken/kraken-nano/install/custom/share/custom/msg/PoseE.idl
[0.772s] -- Up-to-date: /home/kraken/kraken-nano/install/custom/share/custom/msg/Point.idl
[0.772s] -- Up-to-date: /home/kraken/kraken-nano/install/custom/share/custom/msg/Euler.idl
[0.773s] -- Up-to-date: /home/kraken/kraken-nano/install/custom/share/custom/msg/Task.msg
[0.773s] -- Up-to-date: /home/kraken/kraken-nano/install/custom/share/custom/msg/PoseE.msg
[0.773s] -- Up-to-date: /home/kraken/kraken-nano/install/custom/share/custom/msg/Point.msg
[0.773s] -- Up-to-date: /home/kraken/kraken-nano/install/custom/share/custom/msg/Euler.msg
[0.773s] -- Up-to-date: /home/kraken/kraken-nano/install/custom/share/ament_index/resource_index/package_run_dependencies/custom
[0.773s] -- Up-to-date: /home/kraken/kraken-nano/install/custom/share/ament_index/resource_index/parent_prefix_path/custom
[0.774s] -- Up-to-date: /home/kraken/kraken-nano/install/custom/share/custom/environment/ament_prefix_path.sh
[0.774s] -- Up-to-date: /home/kraken/kraken-nano/install/custom/share/custom/environment/ament_prefix_path.dsv
[0.774s] -- Up-to-date: /home/kraken/kraken-nano/install/custom/share/custom/environment/path.sh
[0.774s] -- Up-to-date: /home/kraken/kraken-nano/install/custom/share/custom/environment/path.dsv
[0.774s] -- Up-to-date: /home/kraken/kraken-nano/install/custom/share/custom/local_setup.bash
[0.774s] -- Up-to-date: /home/kraken/kraken-nano/install/custom/share/custom/local_setup.sh
[0.774s] -- Up-to-date: /home/kraken/kraken-nano/install/custom/share/custom/local_setup.zsh
[0.775s] -- Up-to-date: /home/kraken/kraken-nano/install/custom/share/custom/local_setup.dsv
[0.775s] -- Installing: /home/kraken/kraken-nano/install/custom/share/custom/package.dsv
[0.775s] -- Up-to-date: /home/kraken/kraken-nano/install/custom/share/ament_index/resource_index/packages/custom
[0.775s] -- Up-to-date: /home/kraken/kraken-nano/install/custom/share/custom/cmake/export_custom__rosidl_generator_cExport.cmake
[0.775s] -- Up-to-date: /home/kraken/kraken-nano/install/custom/share/custom/cmake/export_custom__rosidl_generator_cExport-noconfig.cmake
[0.776s] -- Up-to-date: /home/kraken/kraken-nano/install/custom/share/custom/cmake/export_custom__rosidl_typesupport_fastrtps_cExport.cmake
[0.776s] -- Up-to-date: /home/kraken/kraken-nano/install/custom/share/custom/cmake/export_custom__rosidl_typesupport_fastrtps_cExport-noconfig.cmake
[0.776s] -- Up-to-date: /home/kraken/kraken-nano/install/custom/share/custom/cmake/custom__rosidl_typesupport_introspection_cExport.cmake
[0.776s] -- Up-to-date: /home/kraken/kraken-nano/install/custom/share/custom/cmake/custom__rosidl_typesupport_introspection_cExport-noconfig.cmake
[0.776s] -- Up-to-date: /home/kraken/kraken-nano/install/custom/share/custom/cmake/custom__rosidl_typesupport_cExport.cmake
[0.777s] -- Up-to-date: /home/kraken/kraken-nano/install/custom/share/custom/cmake/custom__rosidl_typesupport_cExport-noconfig.cmake
[0.777s] -- Up-to-date: /home/kraken/kraken-nano/install/custom/share/custom/cmake/export_custom__rosidl_generator_cppExport.cmake
[0.777s] -- Up-to-date: /home/kraken/kraken-nano/install/custom/share/custom/cmake/export_custom__rosidl_typesupport_fastrtps_cppExport.cmake
[0.777s] -- Up-to-date: /home/kraken/kraken-nano/install/custom/share/custom/cmake/export_custom__rosidl_typesupport_fastrtps_cppExport-noconfig.cmake
[0.777s] -- Up-to-date: /home/kraken/kraken-nano/install/custom/share/custom/cmake/custom__rosidl_typesupport_introspection_cppExport.cmake
[0.778s] -- Up-to-date: /home/kraken/kraken-nano/install/custom/share/custom/cmake/custom__rosidl_typesupport_introspection_cppExport-noconfig.cmake
[0.778s] -- Up-to-date: /home/kraken/kraken-nano/install/custom/share/custom/cmake/custom__rosidl_typesupport_cppExport.cmake
[0.778s] -- Up-to-date: /home/kraken/kraken-nano/install/custom/share/custom/cmake/custom__rosidl_typesupport_cppExport-noconfig.cmake
[0.778s] -- Up-to-date: /home/kraken/kraken-nano/install/custom/share/custom/cmake/export_custom__rosidl_generator_pyExport.cmake
[0.778s] -- Up-to-date: /home/kraken/kraken-nano/install/custom/share/custom/cmake/export_custom__rosidl_generator_pyExport-noconfig.cmake
[0.778s] -- Up-to-date: /home/kraken/kraken-nano/install/custom/share/custom/cmake/rosidl_cmake-extras.cmake
[0.778s] -- Up-to-date: /home/kraken/kraken-nano/install/custom/share/custom/cmake/ament_cmake_export_include_directories-extras.cmake
[0.779s] -- Up-to-date: /home/kraken/kraken-nano/install/custom/share/custom/cmake/ament_cmake_export_libraries-extras.cmake
[0.779s] -- Up-to-date: /home/kraken/kraken-nano/install/custom/share/custom/cmake/ament_cmake_export_targets-extras.cmake
[0.779s] -- Up-to-date: /home/kraken/kraken-nano/install/custom/share/custom/cmake/rosidl_cmake_export_typesupport_targets-extras.cmake
[0.779s] -- Up-to-date: /home/kraken/kraken-nano/install/custom/share/custom/cmake/ament_cmake_export_dependencies-extras.cmake
[0.779s] -- Up-to-date: /home/kraken/kraken-nano/install/custom/share/custom/cmake/rosidl_cmake_export_typesupport_libraries-extras.cmake
[0.779s] -- Up-to-date: /home/kraken/kraken-nano/install/custom/share/custom/cmake/customConfig.cmake
[0.779s] -- Up-to-date: /home/kraken/kraken-nano/install/custom/share/custom/cmake/customConfig-version.cmake
[0.780s] -- Up-to-date: /home/kraken/kraken-nano/install/custom/share/custom/package.xml
[0.784s] Invoked command in '/home/kraken/kraken-nano/build/custom' returned '0': /usr/bin/cmake --install /home/kraken/kraken-nano/build/custom
