[0.013s] Invoking command in '/home/kraken/kraken-nano/build/custom': CMAKE_PREFIX_PATH=/opt/ros/humble /usr/bin/cmake /home/kraken/kraken-nano/ROS/ws/src/custom -DCMAKE_INSTALL_PREFIX=/home/kraken/kraken-nano/install/custom
[0.549s] -- The C compiler identification is GNU 11.4.0
[0.981s] -- The CXX compiler identification is GNU 11.4.0
[1.015s] -- Detecting C compiler ABI info
[1.166s] -- Detecting C compiler ABI info - done
[1.195s] -- Check for working C compiler: /usr/bin/cc - skipped
[1.197s] -- Detecting C compile features
[1.200s] -- Detecting C compile features - done
[1.212s] -- Detecting CXX compiler ABI info
[1.369s] -- Detecting CXX compiler ABI info - done
[1.398s] -- Check for working CXX compiler: /usr/bin/c++ - skipped
[1.398s] -- Detecting CXX compile features
[1.399s] -- Detecting CXX compile features - done
[1.413s] -- Found ament_cmake: 1.3.12 (/opt/ros/humble/share/ament_cmake/cmake)
[1.758s] -- Found Python3: /usr/bin/python3 (found version "3.10.12") found components: Interpreter 
[2.006s] -- Found ament_lint_auto: 0.12.14 (/opt/ros/humble/share/ament_lint_auto/cmake)
[2.185s] -- Found rosidl_default_generators: 1.2.0 (/opt/ros/humble/share/rosidl_default_generators/cmake)
[2.196s] -- Using all available rosidl_typesupport_c: rosidl_typesupport_fastrtps_c;rosidl_typesupport_introspection_c
[2.219s] -- Found rosidl_adapter: 3.1.7 (/opt/ros/humble/share/rosidl_adapter/cmake)
[2.340s] -- Using all available rosidl_typesupport_cpp: rosidl_typesupport_fastrtps_cpp;rosidl_typesupport_introspection_cpp
[2.836s] -- Found ament_cmake_ros: 0.10.0 (/opt/ros/humble/share/ament_cmake_ros/cmake)
[3.289s] -- Using all available rosidl_typesupport_c: rosidl_typesupport_fastrtps_c;rosidl_typesupport_introspection_c
[3.856s] -- Using all available rosidl_typesupport_cpp: rosidl_typesupport_fastrtps_cpp;rosidl_typesupport_introspection_cpp
[3.919s] -- Found PythonInterp: /usr/bin/python3 (found suitable version "3.10.12", minimum required is "3.6") 
[3.922s] -- Found python_cmake_module: 0.10.0 (/opt/ros/humble/share/python_cmake_module/cmake)
[3.987s] -- Found PythonLibs: /usr/lib/aarch64-linux-gnu/libpython3.10.so (found suitable version "3.10.12", minimum required is "3.5") 
[3.988s] -- Using PYTHON_EXECUTABLE: /usr/bin/python3
[3.988s] -- Using PYTHON_INCLUDE_DIRS: /usr/include/python3.10
[3.988s] -- Using PYTHON_LIBRARIES: /usr/lib/aarch64-linux-gnu/libpython3.10.so
[4.034s] -- Found PythonExtra: .so  
[4.153s] -- Added test 'flake8' to check Python code syntax and style conventions
[4.156s] -- Added test 'lint_cmake' to check CMake code style
[4.159s] -- Added test 'pep257' to check Python code against some of the docstring style conventions in PEP 257
[4.168s] -- Added test 'xmllint' to check XML markup files
[4.191s] -- Configuring done
[4.267s] -- Generating done
[4.284s] -- Build files have been written to: /home/kraken/kraken-nano/build/custom
[4.298s] Invoked command in '/home/kraken/kraken-nano/build/custom' returned '0': CMAKE_PREFIX_PATH=/opt/ros/humble /usr/bin/cmake /home/kraken/kraken-nano/ROS/ws/src/custom -DCMAKE_INSTALL_PREFIX=/home/kraken/kraken-nano/install/custom
[4.302s] Invoking command in '/home/kraken/kraken-nano/build/custom': CMAKE_PREFIX_PATH=/opt/ros/humble /usr/bin/cmake --build /home/kraken/kraken-nano/build/custom -- -j6 -l6
[4.388s] [  1%] [34m[1mGenerating C code for ROS interfaces[0m
[4.405s] [  3%] [34m[1mGenerating C++ code for ROS interfaces[0m
[4.421s] [  3%] Built target ament_cmake_python_copy_custom
[4.907s] running egg_info
[4.908s] creating custom.egg-info
[4.908s] writing custom.egg-info/PKG-INFO
[4.909s] writing dependency_links to custom.egg-info/dependency_links.txt
[4.909s] writing top-level names to custom.egg-info/top_level.txt
[4.910s] writing manifest file 'custom.egg-info/SOURCES.txt'
[4.913s] reading manifest file 'custom.egg-info/SOURCES.txt'
[4.914s] writing manifest file 'custom.egg-info/SOURCES.txt'
[4.982s] [  3%] Built target ament_cmake_python_build_custom_egg
[5.183s] [  7%] [32mBuilding C object CMakeFiles/custom__rosidl_generator_c.dir/rosidl_generator_c/custom/msg/detail/pose_e__functions.c.o[0m
[5.183s] [  7%] [32mBuilding C object CMakeFiles/custom__rosidl_generator_c.dir/rosidl_generator_c/custom/msg/detail/task__functions.c.o[0m
[5.186s] [ 10%] [32mBuilding C object CMakeFiles/custom__rosidl_generator_c.dir/rosidl_generator_c/custom/msg/detail/point__functions.c.o[0m
[5.187s] [ 10%] [32mBuilding C object CMakeFiles/custom__rosidl_generator_c.dir/rosidl_generator_c/custom/msg/detail/euler__functions.c.o[0m
[5.189s] [ 10%] Built target custom__cpp
[5.205s] [ 14%] [34m[1mGenerating C++ type support for eProsima Fast-RTPS[0m
[5.206s] [ 14%] [34m[1mGenerating C++ type support dispatch for ROS interfaces[0m
[5.310s] [ 16%] [34m[1mGenerating C++ introspection for ROS interfaces[0m
[5.326s] [ 18%] [32m[1mLinking C shared library libcustom__rosidl_generator_c.so[0m
[5.396s] [ 18%] Built target custom__rosidl_generator_c
[5.414s] [ 23%] [34m[1mGenerating C type support for eProsima Fast-RTPS[0m
[5.414s] [ 23%] [34m[1mGenerating C introspection for ROS interfaces[0m
[5.415s] [ 23%] [34m[1mGenerating C type support dispatch for ROS interfaces[0m
[5.754s] [ 25%] [32mBuilding CXX object CMakeFiles/custom__rosidl_typesupport_cpp.dir/rosidl_typesupport_cpp/custom/msg/task__type_support.cpp.o[0m
[5.967s] [ 29%] [32mBuilding CXX object CMakeFiles/custom__rosidl_typesupport_fastrtps_cpp.dir/rosidl_typesupport_fastrtps_cpp/custom/msg/detail/dds_fastrtps/task__type_support.cpp.o[0m
[5.967s] [ 29%] [32mBuilding CXX object CMakeFiles/custom__rosidl_typesupport_introspection_cpp.dir/rosidl_typesupport_introspection_cpp/custom/msg/detail/task__type_support.cpp.o[0m
[6.002s] [ 30%] [32mBuilding CXX object CMakeFiles/custom__rosidl_typesupport_c.dir/rosidl_typesupport_c/custom/msg/task__type_support.cpp.o[0m
[6.057s] [ 32%] [32mBuilding CXX object CMakeFiles/custom__rosidl_typesupport_c.dir/rosidl_typesupport_c/custom/msg/pose_e__type_support.cpp.o[0m
[6.113s] [ 34%] [32mBuilding CXX object CMakeFiles/custom__rosidl_typesupport_c.dir/rosidl_typesupport_c/custom/msg/point__type_support.cpp.o[0m
[6.128s] [ 36%] [32mBuilding C object CMakeFiles/custom__rosidl_typesupport_introspection_c.dir/rosidl_typesupport_introspection_c/custom/msg/detail/task__type_support.c.o[0m
[6.133s] [ 38%] [32mBuilding CXX object CMakeFiles/custom__rosidl_typesupport_fastrtps_c.dir/rosidl_typesupport_fastrtps_c/custom/msg/detail/task__type_support_c.cpp.o[0m
[6.176s] [ 40%] [32mBuilding CXX object CMakeFiles/custom__rosidl_typesupport_c.dir/rosidl_typesupport_c/custom/msg/euler__type_support.cpp.o[0m
[6.192s] [ 41%] [32mBuilding C object CMakeFiles/custom__rosidl_typesupport_introspection_c.dir/rosidl_typesupport_introspection_c/custom/msg/detail/pose_e__type_support.c.o[0m
[6.233s] [ 43%] [32m[1mLinking CXX shared library libcustom__rosidl_typesupport_c.so[0m
[6.272s] [ 45%] [32mBuilding C object CMakeFiles/custom__rosidl_typesupport_introspection_c.dir/rosidl_typesupport_introspection_c/custom/msg/detail/point__type_support.c.o[0m
[6.301s] [ 45%] Built target custom__rosidl_typesupport_c
[6.316s] [ 47%] [32mBuilding C object CMakeFiles/custom__rosidl_typesupport_introspection_c.dir/rosidl_typesupport_introspection_c/custom/msg/detail/euler__type_support.c.o[0m
[6.343s] [ 49%] [32mBuilding CXX object CMakeFiles/custom__rosidl_typesupport_cpp.dir/rosidl_typesupport_cpp/custom/msg/pose_e__type_support.cpp.o[0m
[6.374s] [ 50%] [32m[1mLinking C shared library libcustom__rosidl_typesupport_introspection_c.so[0m
[6.426s] [ 50%] Built target custom__rosidl_typesupport_introspection_c
[6.443s] [ 52%] [32mBuilding CXX object CMakeFiles/custom__rosidl_typesupport_introspection_cpp.dir/rosidl_typesupport_introspection_cpp/custom/msg/detail/pose_e__type_support.cpp.o[0m
[6.452s] [ 54%] [32mBuilding CXX object CMakeFiles/custom__rosidl_typesupport_introspection_cpp.dir/rosidl_typesupport_introspection_cpp/custom/msg/detail/point__type_support.cpp.o[0m
[6.772s] [ 56%] [32mBuilding CXX object CMakeFiles/custom__rosidl_typesupport_cpp.dir/rosidl_typesupport_cpp/custom/msg/point__type_support.cpp.o[0m
[6.831s] [ 58%] [32mBuilding CXX object CMakeFiles/custom__rosidl_typesupport_fastrtps_cpp.dir/rosidl_typesupport_fastrtps_cpp/custom/msg/detail/dds_fastrtps/pose_e__type_support.cpp.o[0m
[6.893s] [ 60%] [32mBuilding CXX object CMakeFiles/custom__rosidl_typesupport_fastrtps_c.dir/rosidl_typesupport_fastrtps_c/custom/msg/detail/pose_e__type_support_c.cpp.o[0m
[6.898s] [ 61%] [32mBuilding CXX object CMakeFiles/custom__rosidl_typesupport_cpp.dir/rosidl_typesupport_cpp/custom/msg/euler__type_support.cpp.o[0m
[7.186s] [ 63%] [32mBuilding CXX object CMakeFiles/custom__rosidl_typesupport_introspection_cpp.dir/rosidl_typesupport_introspection_cpp/custom/msg/detail/euler__type_support.cpp.o[0m
[7.265s] [ 65%] [32mBuilding CXX object CMakeFiles/custom__rosidl_typesupport_fastrtps_cpp.dir/rosidl_typesupport_fastrtps_cpp/custom/msg/detail/dds_fastrtps/point__type_support.cpp.o[0m
[7.298s] [ 67%] [32mBuilding CXX object CMakeFiles/custom__rosidl_typesupport_fastrtps_c.dir/rosidl_typesupport_fastrtps_c/custom/msg/detail/point__type_support_c.cpp.o[0m
[7.442s] [ 69%] [32m[1mLinking CXX shared library libcustom__rosidl_typesupport_cpp.so[0m
[7.517s] [ 69%] Built target custom__rosidl_typesupport_cpp
[7.534s] [ 70%] [32mBuilding CXX object CMakeFiles/custom__rosidl_typesupport_fastrtps_cpp.dir/rosidl_typesupport_fastrtps_cpp/custom/msg/detail/dds_fastrtps/euler__type_support.cpp.o[0m
[7.614s] [ 72%] [32mBuilding CXX object CMakeFiles/custom__rosidl_typesupport_fastrtps_c.dir/rosidl_typesupport_fastrtps_c/custom/msg/detail/euler__type_support_c.cpp.o[0m
[7.926s] [ 74%] [32m[1mLinking CXX shared library libcustom__rosidl_typesupport_introspection_cpp.so[0m
[8.055s] [ 74%] Built target custom__rosidl_typesupport_introspection_cpp
[8.266s] [ 76%] [32m[1mLinking CXX shared library libcustom__rosidl_typesupport_fastrtps_c.so[0m
[8.306s] [ 78%] [32m[1mLinking CXX shared library libcustom__rosidl_typesupport_fastrtps_cpp.so[0m
[8.410s] [ 78%] Built target custom__rosidl_typesupport_fastrtps_c
[8.450s] [ 78%] Built target custom__rosidl_typesupport_fastrtps_cpp
[8.497s] [ 78%] Built target custom
[8.544s] [ 80%] [34m[1mGenerating Python code for ROS interfaces[0m
[9.505s] [ 80%] Built target custom__py
[9.548s] [ 85%] [32mBuilding C object CMakeFiles/custom__rosidl_generator_py.dir/rosidl_generator_py/custom/msg/_task_s.c.o[0m
[9.549s] [ 85%] [32mBuilding C object CMakeFiles/custom__rosidl_generator_py.dir/rosidl_generator_py/custom/msg/_pose_e_s.c.o[0m
[9.549s] [ 85%] [32mBuilding C object CMakeFiles/custom__rosidl_generator_py.dir/rosidl_generator_py/custom/msg/_euler_s.c.o[0m
[9.552s] [ 87%] [32mBuilding C object CMakeFiles/custom__rosidl_generator_py.dir/rosidl_generator_py/custom/msg/_point_s.c.o[0m
[9.797s] [ 89%] [32m[1mLinking C shared library rosidl_generator_py/custom/libcustom__rosidl_generator_py.so[0m
[9.883s] [ 89%] Built target custom__rosidl_generator_py
[9.925s] [ 90%] [32mBuilding C object CMakeFiles/custom__rosidl_typesupport_c__pyext.dir/rosidl_generator_py/custom/_custom_s.ep.rosidl_typesupport_c.c.o[0m
[9.926s] [ 92%] [32mBuilding C object CMakeFiles/custom__rosidl_typesupport_introspection_c__pyext.dir/rosidl_generator_py/custom/_custom_s.ep.rosidl_typesupport_introspection_c.c.o[0m
[9.926s] [ 94%] [32mBuilding C object CMakeFiles/custom__rosidl_typesupport_fastrtps_c__pyext.dir/rosidl_generator_py/custom/_custom_s.ep.rosidl_typesupport_fastrtps_c.c.o[0m
[10.106s] [ 96%] [32m[1mLinking C shared library rosidl_generator_py/custom/custom_s__rosidl_typesupport_c.cpython-310-aarch64-linux-gnu.so[0m
[10.110s] [ 98%] [32m[1mLinking C shared library rosidl_generator_py/custom/custom_s__rosidl_typesupport_introspection_c.cpython-310-aarch64-linux-gnu.so[0m
[10.112s] [100%] [32m[1mLinking C shared library rosidl_generator_py/custom/custom_s__rosidl_typesupport_fastrtps_c.cpython-310-aarch64-linux-gnu.so[0m
[10.168s] [100%] Built target custom__rosidl_typesupport_introspection_c__pyext
[10.168s] [100%] Built target custom__rosidl_typesupport_c__pyext
[10.177s] [100%] Built target custom__rosidl_typesupport_fastrtps_c__pyext
[10.209s] Invoked command in '/home/kraken/kraken-nano/build/custom' returned '0': CMAKE_PREFIX_PATH=/opt/ros/humble /usr/bin/cmake --build /home/kraken/kraken-nano/build/custom -- -j6 -l6
[10.235s] Invoking command in '/home/kraken/kraken-nano/build/custom': CMAKE_PREFIX_PATH=/opt/ros/humble /usr/bin/cmake --install /home/kraken/kraken-nano/build/custom
[10.256s] -- Install configuration: ""
[10.256s] -- Installing: /home/kraken/kraken-nano/install/custom/share/ament_index/resource_index/rosidl_interfaces/custom
[10.257s] -- Installing: /home/kraken/kraken-nano/install/custom/include/custom/custom
[10.258s] -- Installing: /home/kraken/kraken-nano/install/custom/include/custom/custom/msg
[10.258s] -- Installing: /home/kraken/kraken-nano/install/custom/include/custom/custom/msg/rosidl_generator_c__visibility_control.h
[10.259s] -- Installing: /home/kraken/kraken-nano/install/custom/include/custom/custom/msg/task.h
[10.259s] -- Installing: /home/kraken/kraken-nano/install/custom/include/custom/custom/msg/detail
[10.259s] -- Installing: /home/kraken/kraken-nano/install/custom/include/custom/custom/msg/detail/pose_e__functions.c
[10.260s] -- Installing: /home/kraken/kraken-nano/install/custom/include/custom/custom/msg/detail/task__functions.c
[10.260s] -- Installing: /home/kraken/kraken-nano/install/custom/include/custom/custom/msg/detail/euler__struct.h
[10.260s] -- Installing: /home/kraken/kraken-nano/install/custom/include/custom/custom/msg/detail/pose_e__functions.h
[10.261s] -- Installing: /home/kraken/kraken-nano/install/custom/include/custom/custom/msg/detail/task__type_support.h
[10.261s] -- Installing: /home/kraken/kraken-nano/install/custom/include/custom/custom/msg/detail/euler__type_support.h
[10.261s] -- Installing: /home/kraken/kraken-nano/install/custom/include/custom/custom/msg/detail/point__struct.h
[10.261s] -- Installing: /home/kraken/kraken-nano/install/custom/include/custom/custom/msg/detail/point__type_support.h
[10.262s] -- Installing: /home/kraken/kraken-nano/install/custom/include/custom/custom/msg/detail/euler__functions.h
[10.262s] -- Installing: /home/kraken/kraken-nano/install/custom/include/custom/custom/msg/detail/task__functions.h
[10.262s] -- Installing: /home/kraken/kraken-nano/install/custom/include/custom/custom/msg/detail/point__functions.c
[10.263s] -- Installing: /home/kraken/kraken-nano/install/custom/include/custom/custom/msg/detail/pose_e__struct.h
[10.263s] -- Installing: /home/kraken/kraken-nano/install/custom/include/custom/custom/msg/detail/point__functions.h
[10.263s] -- Installing: /home/kraken/kraken-nano/install/custom/include/custom/custom/msg/detail/task__struct.h
[10.264s] -- Installing: /home/kraken/kraken-nano/install/custom/include/custom/custom/msg/detail/euler__functions.c
[10.264s] -- Installing: /home/kraken/kraken-nano/install/custom/include/custom/custom/msg/detail/pose_e__type_support.h
[10.264s] -- Installing: /home/kraken/kraken-nano/install/custom/include/custom/custom/msg/point.h
[10.264s] -- Installing: /home/kraken/kraken-nano/install/custom/include/custom/custom/msg/euler.h
[10.265s] -- Installing: /home/kraken/kraken-nano/install/custom/include/custom/custom/msg/pose_e.h
[10.265s] -- Installing: /home/kraken/kraken-nano/install/custom/share/custom/environment/library_path.sh
[10.265s] -- Installing: /home/kraken/kraken-nano/install/custom/share/custom/environment/library_path.dsv
[10.266s] -- Installing: /home/kraken/kraken-nano/install/custom/lib/libcustom__rosidl_generator_c.so
[10.266s] -- Set runtime path of "/home/kraken/kraken-nano/install/custom/lib/libcustom__rosidl_generator_c.so" to ""
[10.266s] -- Up-to-date: /home/kraken/kraken-nano/install/custom/include/custom/custom
[10.266s] -- Up-to-date: /home/kraken/kraken-nano/install/custom/include/custom/custom/msg
[10.267s] -- Installing: /home/kraken/kraken-nano/install/custom/include/custom/custom/msg/rosidl_typesupport_fastrtps_c__visibility_control.h
[10.267s] -- Up-to-date: /home/kraken/kraken-nano/install/custom/include/custom/custom/msg/detail
[10.267s] -- Installing: /home/kraken/kraken-nano/install/custom/include/custom/custom/msg/detail/point__rosidl_typesupport_fastrtps_c.h
[10.268s] -- Installing: /home/kraken/kraken-nano/install/custom/include/custom/custom/msg/detail/euler__rosidl_typesupport_fastrtps_c.h
[10.269s] -- Installing: /home/kraken/kraken-nano/install/custom/include/custom/custom/msg/detail/pose_e__rosidl_typesupport_fastrtps_c.h
[10.269s] -- Installing: /home/kraken/kraken-nano/install/custom/include/custom/custom/msg/detail/task__rosidl_typesupport_fastrtps_c.h
[10.269s] -- Installing: /home/kraken/kraken-nano/install/custom/lib/libcustom__rosidl_typesupport_fastrtps_c.so
[10.270s] -- Set runtime path of "/home/kraken/kraken-nano/install/custom/lib/libcustom__rosidl_typesupport_fastrtps_c.so" to ""
[10.270s] -- Up-to-date: /home/kraken/kraken-nano/install/custom/include/custom/custom
[10.270s] -- Up-to-date: /home/kraken/kraken-nano/install/custom/include/custom/custom/msg
[10.270s] -- Installing: /home/kraken/kraken-nano/install/custom/include/custom/custom/msg/rosidl_typesupport_introspection_c__visibility_control.h
[10.271s] -- Up-to-date: /home/kraken/kraken-nano/install/custom/include/custom/custom/msg/detail
[10.271s] -- Installing: /home/kraken/kraken-nano/install/custom/include/custom/custom/msg/detail/euler__type_support.c
[10.271s] -- Installing: /home/kraken/kraken-nano/install/custom/include/custom/custom/msg/detail/pose_e__rosidl_typesupport_introspection_c.h
[10.272s] -- Installing: /home/kraken/kraken-nano/install/custom/include/custom/custom/msg/detail/task__type_support.c
[10.272s] -- Installing: /home/kraken/kraken-nano/install/custom/include/custom/custom/msg/detail/pose_e__type_support.c
[10.272s] -- Installing: /home/kraken/kraken-nano/install/custom/include/custom/custom/msg/detail/task__rosidl_typesupport_introspection_c.h
[10.272s] -- Installing: /home/kraken/kraken-nano/install/custom/include/custom/custom/msg/detail/point__rosidl_typesupport_introspection_c.h
[10.273s] -- Installing: /home/kraken/kraken-nano/install/custom/include/custom/custom/msg/detail/point__type_support.c
[10.273s] -- Installing: /home/kraken/kraken-nano/install/custom/include/custom/custom/msg/detail/euler__rosidl_typesupport_introspection_c.h
[10.273s] -- Installing: /home/kraken/kraken-nano/install/custom/lib/libcustom__rosidl_typesupport_introspection_c.so
[10.274s] -- Set runtime path of "/home/kraken/kraken-nano/install/custom/lib/libcustom__rosidl_typesupport_introspection_c.so" to ""
[10.274s] -- Installing: /home/kraken/kraken-nano/install/custom/lib/libcustom__rosidl_typesupport_c.so
[10.274s] -- Set runtime path of "/home/kraken/kraken-nano/install/custom/lib/libcustom__rosidl_typesupport_c.so" to ""
[10.275s] -- Up-to-date: /home/kraken/kraken-nano/install/custom/include/custom/custom
[10.275s] -- Up-to-date: /home/kraken/kraken-nano/install/custom/include/custom/custom/msg
[10.275s] -- Installing: /home/kraken/kraken-nano/install/custom/include/custom/custom/msg/pose_e.hpp
[10.276s] -- Installing: /home/kraken/kraken-nano/install/custom/include/custom/custom/msg/euler.hpp
[10.276s] -- Installing: /home/kraken/kraken-nano/install/custom/include/custom/custom/msg/rosidl_generator_cpp__visibility_control.hpp
[10.276s] -- Installing: /home/kraken/kraken-nano/install/custom/include/custom/custom/msg/point.hpp
[10.277s] -- Up-to-date: /home/kraken/kraken-nano/install/custom/include/custom/custom/msg/detail
[10.277s] -- Installing: /home/kraken/kraken-nano/install/custom/include/custom/custom/msg/detail/pose_e__builder.hpp
[10.277s] -- Installing: /home/kraken/kraken-nano/install/custom/include/custom/custom/msg/detail/euler__struct.hpp
[10.277s] -- Installing: /home/kraken/kraken-nano/install/custom/include/custom/custom/msg/detail/point__struct.hpp
[10.278s] -- Installing: /home/kraken/kraken-nano/install/custom/include/custom/custom/msg/detail/euler__type_support.hpp
[10.278s] -- Installing: /home/kraken/kraken-nano/install/custom/include/custom/custom/msg/detail/task__struct.hpp
[10.278s] -- Installing: /home/kraken/kraken-nano/install/custom/include/custom/custom/msg/detail/point__builder.hpp
[10.279s] -- Installing: /home/kraken/kraken-nano/install/custom/include/custom/custom/msg/detail/pose_e__type_support.hpp
[10.279s] -- Installing: /home/kraken/kraken-nano/install/custom/include/custom/custom/msg/detail/task__traits.hpp
[10.279s] -- Installing: /home/kraken/kraken-nano/install/custom/include/custom/custom/msg/detail/point__traits.hpp
[10.280s] -- Installing: /home/kraken/kraken-nano/install/custom/include/custom/custom/msg/detail/task__builder.hpp
[10.280s] -- Installing: /home/kraken/kraken-nano/install/custom/include/custom/custom/msg/detail/euler__traits.hpp
[10.280s] -- Installing: /home/kraken/kraken-nano/install/custom/include/custom/custom/msg/detail/task__type_support.hpp
[10.280s] -- Installing: /home/kraken/kraken-nano/install/custom/include/custom/custom/msg/detail/pose_e__struct.hpp
[10.281s] -- Installing: /home/kraken/kraken-nano/install/custom/include/custom/custom/msg/detail/point__type_support.hpp
[10.281s] -- Installing: /home/kraken/kraken-nano/install/custom/include/custom/custom/msg/detail/euler__builder.hpp
[10.281s] -- Installing: /home/kraken/kraken-nano/install/custom/include/custom/custom/msg/detail/pose_e__traits.hpp
[10.282s] -- Installing: /home/kraken/kraken-nano/install/custom/include/custom/custom/msg/task.hpp
[10.282s] -- Up-to-date: /home/kraken/kraken-nano/install/custom/include/custom/custom
[10.282s] -- Up-to-date: /home/kraken/kraken-nano/install/custom/include/custom/custom/msg
[10.282s] -- Up-to-date: /home/kraken/kraken-nano/install/custom/include/custom/custom/msg/detail
[10.283s] -- Installing: /home/kraken/kraken-nano/install/custom/include/custom/custom/msg/detail/task__rosidl_typesupport_fastrtps_cpp.hpp
[10.283s] -- Installing: /home/kraken/kraken-nano/install/custom/include/custom/custom/msg/detail/pose_e__rosidl_typesupport_fastrtps_cpp.hpp
[10.283s] -- Installing: /home/kraken/kraken-nano/install/custom/include/custom/custom/msg/detail/point__rosidl_typesupport_fastrtps_cpp.hpp
[10.284s] -- Installing: /home/kraken/kraken-nano/install/custom/include/custom/custom/msg/detail/euler__rosidl_typesupport_fastrtps_cpp.hpp
[10.284s] -- Installing: /home/kraken/kraken-nano/install/custom/include/custom/custom/msg/detail/dds_fastrtps
[10.284s] -- Installing: /home/kraken/kraken-nano/install/custom/include/custom/custom/msg/rosidl_typesupport_fastrtps_cpp__visibility_control.h
[10.285s] -- Installing: /home/kraken/kraken-nano/install/custom/lib/libcustom__rosidl_typesupport_fastrtps_cpp.so
[10.285s] -- Set runtime path of "/home/kraken/kraken-nano/install/custom/lib/libcustom__rosidl_typesupport_fastrtps_cpp.so" to ""
[10.285s] -- Up-to-date: /home/kraken/kraken-nano/install/custom/include/custom/custom
[10.286s] -- Up-to-date: /home/kraken/kraken-nano/install/custom/include/custom/custom/msg
[10.286s] -- Up-to-date: /home/kraken/kraken-nano/install/custom/include/custom/custom/msg/detail
[10.286s] -- Installing: /home/kraken/kraken-nano/install/custom/include/custom/custom/msg/detail/point__type_support.cpp
[10.286s] -- Installing: /home/kraken/kraken-nano/install/custom/include/custom/custom/msg/detail/task__rosidl_typesupport_introspection_cpp.hpp
[10.287s] -- Installing: /home/kraken/kraken-nano/install/custom/include/custom/custom/msg/detail/euler__rosidl_typesupport_introspection_cpp.hpp
[10.287s] -- Installing: /home/kraken/kraken-nano/install/custom/include/custom/custom/msg/detail/point__rosidl_typesupport_introspection_cpp.hpp
[10.287s] -- Installing: /home/kraken/kraken-nano/install/custom/include/custom/custom/msg/detail/task__type_support.cpp
[10.287s] -- Installing: /home/kraken/kraken-nano/install/custom/include/custom/custom/msg/detail/euler__type_support.cpp
[10.288s] -- Installing: /home/kraken/kraken-nano/install/custom/include/custom/custom/msg/detail/pose_e__rosidl_typesupport_introspection_cpp.hpp
[10.288s] -- Installing: /home/kraken/kraken-nano/install/custom/include/custom/custom/msg/detail/pose_e__type_support.cpp
[10.288s] -- Installing: /home/kraken/kraken-nano/install/custom/lib/libcustom__rosidl_typesupport_introspection_cpp.so
[10.288s] -- Set runtime path of "/home/kraken/kraken-nano/install/custom/lib/libcustom__rosidl_typesupport_introspection_cpp.so" to ""
[10.288s] -- Installing: /home/kraken/kraken-nano/install/custom/lib/libcustom__rosidl_typesupport_cpp.so
[10.289s] -- Set runtime path of "/home/kraken/kraken-nano/install/custom/lib/libcustom__rosidl_typesupport_cpp.so" to ""
[10.289s] -- Installing: /home/kraken/kraken-nano/install/custom/share/custom/environment/pythonpath.sh
[10.289s] -- Installing: /home/kraken/kraken-nano/install/custom/share/custom/environment/pythonpath.dsv
[10.289s] -- Installing: /home/kraken/kraken-nano/install/custom/local/lib/python3.10/dist-packages/custom-0.0.0-py3.10.egg-info
[10.290s] -- Installing: /home/kraken/kraken-nano/install/custom/local/lib/python3.10/dist-packages/custom-0.0.0-py3.10.egg-info/SOURCES.txt
[10.290s] -- Installing: /home/kraken/kraken-nano/install/custom/local/lib/python3.10/dist-packages/custom-0.0.0-py3.10.egg-info/PKG-INFO
[10.290s] -- Installing: /home/kraken/kraken-nano/install/custom/local/lib/python3.10/dist-packages/custom-0.0.0-py3.10.egg-info/dependency_links.txt
[10.290s] -- Installing: /home/kraken/kraken-nano/install/custom/local/lib/python3.10/dist-packages/custom-0.0.0-py3.10.egg-info/top_level.txt
[10.290s] -- Installing: /home/kraken/kraken-nano/install/custom/local/lib/python3.10/dist-packages/custom
[10.291s] -- Installing: /home/kraken/kraken-nano/install/custom/local/lib/python3.10/dist-packages/custom/libcustom__rosidl_generator_py.so
[10.291s] -- Installing: /home/kraken/kraken-nano/install/custom/local/lib/python3.10/dist-packages/custom/_custom_s.ep.rosidl_typesupport_c.c
[10.291s] -- Installing: /home/kraken/kraken-nano/install/custom/local/lib/python3.10/dist-packages/custom/_custom_s.ep.rosidl_typesupport_fastrtps_c.c
[10.291s] -- Installing: /home/kraken/kraken-nano/install/custom/local/lib/python3.10/dist-packages/custom/msg
[10.291s] -- Installing: /home/kraken/kraken-nano/install/custom/local/lib/python3.10/dist-packages/custom/msg/_point_s.c
[10.292s] -- Installing: /home/kraken/kraken-nano/install/custom/local/lib/python3.10/dist-packages/custom/msg/_euler.py
[10.292s] -- Installing: /home/kraken/kraken-nano/install/custom/local/lib/python3.10/dist-packages/custom/msg/_pose_e.py
[10.292s] -- Installing: /home/kraken/kraken-nano/install/custom/local/lib/python3.10/dist-packages/custom/msg/_pose_e_s.c
[10.292s] -- Installing: /home/kraken/kraken-nano/install/custom/local/lib/python3.10/dist-packages/custom/msg/_point.py
[10.293s] -- Installing: /home/kraken/kraken-nano/install/custom/local/lib/python3.10/dist-packages/custom/msg/_task.py
[10.293s] -- Installing: /home/kraken/kraken-nano/install/custom/local/lib/python3.10/dist-packages/custom/msg/_euler_s.c
[10.293s] -- Installing: /home/kraken/kraken-nano/install/custom/local/lib/python3.10/dist-packages/custom/msg/_task_s.c
[10.293s] -- Installing: /home/kraken/kraken-nano/install/custom/local/lib/python3.10/dist-packages/custom/msg/__init__.py
[10.293s] -- Installing: /home/kraken/kraken-nano/install/custom/local/lib/python3.10/dist-packages/custom/custom_s__rosidl_typesupport_c.cpython-310-aarch64-linux-gnu.so
[10.294s] -- Installing: /home/kraken/kraken-nano/install/custom/local/lib/python3.10/dist-packages/custom/custom_s__rosidl_typesupport_introspection_c.cpython-310-aarch64-linux-gnu.so
[10.294s] -- Installing: /home/kraken/kraken-nano/install/custom/local/lib/python3.10/dist-packages/custom/custom_s__rosidl_typesupport_fastrtps_c.cpython-310-aarch64-linux-gnu.so
[10.294s] -- Installing: /home/kraken/kraken-nano/install/custom/local/lib/python3.10/dist-packages/custom/__init__.py
[10.294s] -- Installing: /home/kraken/kraken-nano/install/custom/local/lib/python3.10/dist-packages/custom/_custom_s.ep.rosidl_typesupport_introspection_c.c
[10.360s] Listing '/home/kraken/kraken-nano/install/custom/local/lib/python3.10/dist-packages/custom'...
[10.361s] Compiling '/home/kraken/kraken-nano/install/custom/local/lib/python3.10/dist-packages/custom/__init__.py'...
[10.361s] Listing '/home/kraken/kraken-nano/install/custom/local/lib/python3.10/dist-packages/custom/msg'...
[10.361s] Compiling '/home/kraken/kraken-nano/install/custom/local/lib/python3.10/dist-packages/custom/msg/__init__.py'...
[10.361s] Compiling '/home/kraken/kraken-nano/install/custom/local/lib/python3.10/dist-packages/custom/msg/_euler.py'...
[10.362s] Compiling '/home/kraken/kraken-nano/install/custom/local/lib/python3.10/dist-packages/custom/msg/_point.py'...
[10.362s] Compiling '/home/kraken/kraken-nano/install/custom/local/lib/python3.10/dist-packages/custom/msg/_pose_e.py'...
[10.362s] Compiling '/home/kraken/kraken-nano/install/custom/local/lib/python3.10/dist-packages/custom/msg/_task.py'...
[10.371s] -- Installing: /home/kraken/kraken-nano/install/custom/local/lib/python3.10/dist-packages/custom/custom_s__rosidl_typesupport_fastrtps_c.cpython-310-aarch64-linux-gnu.so
[10.372s] -- Set runtime path of "/home/kraken/kraken-nano/install/custom/local/lib/python3.10/dist-packages/custom/custom_s__rosidl_typesupport_fastrtps_c.cpython-310-aarch64-linux-gnu.so" to ""
[10.372s] -- Installing: /home/kraken/kraken-nano/install/custom/local/lib/python3.10/dist-packages/custom/custom_s__rosidl_typesupport_introspection_c.cpython-310-aarch64-linux-gnu.so
[10.373s] -- Set runtime path of "/home/kraken/kraken-nano/install/custom/local/lib/python3.10/dist-packages/custom/custom_s__rosidl_typesupport_introspection_c.cpython-310-aarch64-linux-gnu.so" to ""
[10.373s] -- Installing: /home/kraken/kraken-nano/install/custom/local/lib/python3.10/dist-packages/custom/custom_s__rosidl_typesupport_c.cpython-310-aarch64-linux-gnu.so
[10.374s] -- Set runtime path of "/home/kraken/kraken-nano/install/custom/local/lib/python3.10/dist-packages/custom/custom_s__rosidl_typesupport_c.cpython-310-aarch64-linux-gnu.so" to ""
[10.374s] -- Installing: /home/kraken/kraken-nano/install/custom/lib/libcustom__rosidl_generator_py.so
[10.375s] -- Set runtime path of "/home/kraken/kraken-nano/install/custom/lib/libcustom__rosidl_generator_py.so" to ""
[10.375s] -- Installing: /home/kraken/kraken-nano/install/custom/share/custom/msg/Task.idl
[10.376s] -- Installing: /home/kraken/kraken-nano/install/custom/share/custom/msg/PoseE.idl
[10.376s] -- Installing: /home/kraken/kraken-nano/install/custom/share/custom/msg/Point.idl
[10.377s] -- Installing: /home/kraken/kraken-nano/install/custom/share/custom/msg/Euler.idl
[10.377s] -- Installing: /home/kraken/kraken-nano/install/custom/share/custom/msg/Task.msg
[10.377s] -- Installing: /home/kraken/kraken-nano/install/custom/share/custom/msg/PoseE.msg
[10.378s] -- Installing: /home/kraken/kraken-nano/install/custom/share/custom/msg/Point.msg
[10.378s] -- Installing: /home/kraken/kraken-nano/install/custom/share/custom/msg/Euler.msg
[10.378s] -- Installing: /home/kraken/kraken-nano/install/custom/share/ament_index/resource_index/package_run_dependencies/custom
[10.378s] -- Installing: /home/kraken/kraken-nano/install/custom/share/ament_index/resource_index/parent_prefix_path/custom
[10.379s] -- Installing: /home/kraken/kraken-nano/install/custom/share/custom/environment/ament_prefix_path.sh
[10.379s] -- Installing: /home/kraken/kraken-nano/install/custom/share/custom/environment/ament_prefix_path.dsv
[10.379s] -- Installing: /home/kraken/kraken-nano/install/custom/share/custom/environment/path.sh
[10.380s] -- Installing: /home/kraken/kraken-nano/install/custom/share/custom/environment/path.dsv
[10.380s] -- Installing: /home/kraken/kraken-nano/install/custom/share/custom/local_setup.bash
[10.380s] -- Installing: /home/kraken/kraken-nano/install/custom/share/custom/local_setup.sh
[10.381s] -- Installing: /home/kraken/kraken-nano/install/custom/share/custom/local_setup.zsh
[10.381s] -- Installing: /home/kraken/kraken-nano/install/custom/share/custom/local_setup.dsv
[10.381s] -- Installing: /home/kraken/kraken-nano/install/custom/share/custom/package.dsv
[10.382s] -- Installing: /home/kraken/kraken-nano/install/custom/share/ament_index/resource_index/packages/custom
[10.382s] -- Installing: /home/kraken/kraken-nano/install/custom/share/custom/cmake/export_custom__rosidl_generator_cExport.cmake
[10.382s] -- Installing: /home/kraken/kraken-nano/install/custom/share/custom/cmake/export_custom__rosidl_generator_cExport-noconfig.cmake
[10.382s] -- Installing: /home/kraken/kraken-nano/install/custom/share/custom/cmake/export_custom__rosidl_typesupport_fastrtps_cExport.cmake
[10.383s] -- Installing: /home/kraken/kraken-nano/install/custom/share/custom/cmake/export_custom__rosidl_typesupport_fastrtps_cExport-noconfig.cmake
[10.383s] -- Installing: /home/kraken/kraken-nano/install/custom/share/custom/cmake/custom__rosidl_typesupport_introspection_cExport.cmake
[10.383s] -- Installing: /home/kraken/kraken-nano/install/custom/share/custom/cmake/custom__rosidl_typesupport_introspection_cExport-noconfig.cmake
[10.384s] -- Installing: /home/kraken/kraken-nano/install/custom/share/custom/cmake/custom__rosidl_typesupport_cExport.cmake
[10.384s] -- Installing: /home/kraken/kraken-nano/install/custom/share/custom/cmake/custom__rosidl_typesupport_cExport-noconfig.cmake
[10.384s] -- Installing: /home/kraken/kraken-nano/install/custom/share/custom/cmake/export_custom__rosidl_generator_cppExport.cmake
[10.385s] -- Installing: /home/kraken/kraken-nano/install/custom/share/custom/cmake/export_custom__rosidl_typesupport_fastrtps_cppExport.cmake
[10.385s] -- Installing: /home/kraken/kraken-nano/install/custom/share/custom/cmake/export_custom__rosidl_typesupport_fastrtps_cppExport-noconfig.cmake
[10.385s] -- Installing: /home/kraken/kraken-nano/install/custom/share/custom/cmake/custom__rosidl_typesupport_introspection_cppExport.cmake
[10.386s] -- Installing: /home/kraken/kraken-nano/install/custom/share/custom/cmake/custom__rosidl_typesupport_introspection_cppExport-noconfig.cmake
[10.386s] -- Installing: /home/kraken/kraken-nano/install/custom/share/custom/cmake/custom__rosidl_typesupport_cppExport.cmake
[10.386s] -- Installing: /home/kraken/kraken-nano/install/custom/share/custom/cmake/custom__rosidl_typesupport_cppExport-noconfig.cmake
[10.387s] -- Installing: /home/kraken/kraken-nano/install/custom/share/custom/cmake/export_custom__rosidl_generator_pyExport.cmake
[10.387s] -- Installing: /home/kraken/kraken-nano/install/custom/share/custom/cmake/export_custom__rosidl_generator_pyExport-noconfig.cmake
[10.387s] -- Installing: /home/kraken/kraken-nano/install/custom/share/custom/cmake/rosidl_cmake-extras.cmake
[10.388s] -- Installing: /home/kraken/kraken-nano/install/custom/share/custom/cmake/ament_cmake_export_include_directories-extras.cmake
[10.388s] -- Installing: /home/kraken/kraken-nano/install/custom/share/custom/cmake/ament_cmake_export_libraries-extras.cmake
[10.389s] -- Installing: /home/kraken/kraken-nano/install/custom/share/custom/cmake/ament_cmake_export_targets-extras.cmake
[10.389s] -- Installing: /home/kraken/kraken-nano/install/custom/share/custom/cmake/rosidl_cmake_export_typesupport_targets-extras.cmake
[10.389s] -- Installing: /home/kraken/kraken-nano/install/custom/share/custom/cmake/ament_cmake_export_dependencies-extras.cmake
[10.389s] -- Installing: /home/kraken/kraken-nano/install/custom/share/custom/cmake/rosidl_cmake_export_typesupport_libraries-extras.cmake
[10.390s] -- Installing: /home/kraken/kraken-nano/install/custom/share/custom/cmake/customConfig.cmake
[10.390s] -- Installing: /home/kraken/kraken-nano/install/custom/share/custom/cmake/customConfig-version.cmake
[10.390s] -- Installing: /home/kraken/kraken-nano/install/custom/share/custom/package.xml
[10.398s] Invoked command in '/home/kraken/kraken-nano/build/custom' returned '0': CMAKE_PREFIX_PATH=/opt/ros/humble /usr/bin/cmake --install /home/kraken/kraken-nano/build/custom
