[1.207s] Invoking command in '/home/kraken/kraken-nano/ROS/ws/src/kraken': PYTHONPATH=/home/kraken/kraken-nano/ROS/ws/build/kraken/prefix_override:/usr/lib/python3/dist-packages/colcon_core/task/python/colcon_distutils_commands:/home/kraken/kraken-nano/ROS/ws/install/kraken/lib/python3.10/site-packages:${PYTHONPATH} /usr/bin/python3 -W ignore:setup.py install is deprecated -W ignore:easy_install command is deprecated setup.py egg_info --egg-base ../../build/kraken build --build-base /home/kraken/kraken-nano/ROS/ws/build/kraken/build install --record /home/kraken/kraken-nano/ROS/ws/build/kraken/install.log --single-version-externally-managed install_data
[1.674s] running egg_info
[1.677s] writing ../../build/kraken/kraken.egg-info/PKG-INFO
[1.678s] writing dependency_links to ../../build/kraken/kraken.egg-info/dependency_links.txt
[1.678s] writing entry points to ../../build/kraken/kraken.egg-info/entry_points.txt
[1.679s] writing requirements to ../../build/kraken/kraken.egg-info/requires.txt
[1.679s] writing top-level names to ../../build/kraken/kraken.egg-info/top_level.txt
[1.683s] reading manifest file '../../build/kraken/kraken.egg-info/SOURCES.txt'
[1.683s] adding license file 'LICENSE'
[1.684s] writing manifest file '../../build/kraken/kraken.egg-info/SOURCES.txt'
[1.685s] running build
[1.685s] running build_py
[1.686s] copying kraken/controller.py -> /home/kraken/kraken-nano/ROS/ws/build/kraken/build/lib/kraken
[1.686s] running install
[1.687s] running install_lib
[1.689s] copying /home/kraken/kraken-nano/ROS/ws/build/kraken/build/lib/kraken/controller.py -> /home/kraken/kraken-nano/ROS/ws/install/kraken/lib/python3.10/site-packages/kraken
[1.690s] byte-compiling /home/kraken/kraken-nano/ROS/ws/install/kraken/lib/python3.10/site-packages/kraken/controller.py to controller.cpython-310.pyc
[1.693s] running install_data
[1.694s] running install_egg_info
[1.697s] removing '/home/kraken/kraken-nano/ROS/ws/install/kraken/lib/python3.10/site-packages/kraken-0.0.0-py3.10.egg-info' (and everything under it)
[1.698s] Copying ../../build/kraken/kraken.egg-info to /home/kraken/kraken-nano/ROS/ws/install/kraken/lib/python3.10/site-packages/kraken-0.0.0-py3.10.egg-info
[1.699s] running install_scripts
[1.736s] Installing computer_vision script to /home/kraken/kraken-nano/ROS/ws/install/kraken/lib/kraken
[1.736s] Installing controller script to /home/kraken/kraken-nano/ROS/ws/install/kraken/lib/kraken
[1.736s] Installing controller_test script to /home/kraken/kraken-nano/ROS/ws/install/kraken/lib/kraken
[1.737s] Installing fsm_node script to /home/kraken/kraken-nano/ROS/ws/install/kraken/lib/kraken
[1.737s] Installing planner script to /home/kraken/kraken-nano/ROS/ws/install/kraken/lib/kraken
[1.737s] Installing planner_test script to /home/kraken/kraken-nano/ROS/ws/install/kraken/lib/kraken
[1.738s] Installing spinMotor script to /home/kraken/kraken-nano/ROS/ws/install/kraken/lib/kraken
[1.738s] Installing state_estimator script to /home/kraken/kraken-nano/ROS/ws/install/kraken/lib/kraken
[1.739s] writing list of installed files to '/home/kraken/kraken-nano/ROS/ws/build/kraken/install.log'
[1.805s] Invoked command in '/home/kraken/kraken-nano/ROS/ws/src/kraken' returned '0': PYTHONPATH=/home/kraken/kraken-nano/ROS/ws/build/kraken/prefix_override:/usr/lib/python3/dist-packages/colcon_core/task/python/colcon_distutils_commands:/home/kraken/kraken-nano/ROS/ws/install/kraken/lib/python3.10/site-packages:${PYTHONPATH} /usr/bin/python3 -W ignore:setup.py install is deprecated -W ignore:easy_install command is deprecated setup.py egg_info --egg-base ../../build/kraken build --build-base /home/kraken/kraken-nano/ROS/ws/build/kraken/build install --record /home/kraken/kraken-nano/ROS/ws/build/kraken/install.log --single-version-externally-managed install_data
