[0.017s] Invoking command in '/home/kraken/kraken-nano/ROS/ws/build/custom': CMAKE_PREFIX_PATH=${CMAKE_PREFIX_PATH}:/home/kraken/kraken-nano/ROS/ws/install/kraken:/home/kraken/kraken-nano/install/kraken:/opt/ros/humble /usr/bin/cmake --build /home/kraken/kraken-nano/ROS/ws/build/custom -- -j6 -l6
[0.104s] [  1%] Built target custom__cpp
[0.109s] [ 12%] Built target custom__rosidl_generator_c
[0.125s] [ 12%] Built target ament_cmake_python_copy_custom
[0.145s] [ 25%] Built target custom__rosidl_typesupport_cpp
[0.146s] [ 34%] Built target custom__rosidl_typesupport_fastrtps_cpp
[0.150s] [ 45%] Built target custom__rosidl_typesupport_introspection_cpp
[0.153s] [ 67%] Built target custom__rosidl_typesupport_fastrtps_c
[0.153s] [ 67%] Built target custom__rosidl_typesupport_introspection_c
[0.165s] [ 78%] Built target custom__rosidl_typesupport_c
[0.204s] [ 78%] Built target custom
[0.241s] [ 80%] Built target custom__py
[0.287s] [ 89%] Built target custom__rosidl_generator_py
[0.328s] [100%] Built target custom__rosidl_typesupport_introspection_c__pyext
[0.329s] [100%] Built target custom__rosidl_typesupport_fastrtps_c__pyext
[0.329s] [100%] Built target custom__rosidl_typesupport_c__pyext
[0.629s] running egg_info
[0.630s] writing custom.egg-info/PKG-INFO
[0.631s] writing dependency_links to custom.egg-info/dependency_links.txt
[0.631s] writing top-level names to custom.egg-info/top_level.txt
[0.637s] reading manifest file 'custom.egg-info/SOURCES.txt'
[0.638s] writing manifest file 'custom.egg-info/SOURCES.txt'
[0.711s] [100%] Built target ament_cmake_python_build_custom_egg
[0.734s] Invoked command in '/home/kraken/kraken-nano/ROS/ws/build/custom' returned '0': CMAKE_PREFIX_PATH=${CMAKE_PREFIX_PATH}:/home/kraken/kraken-nano/ROS/ws/install/kraken:/home/kraken/kraken-nano/install/kraken:/opt/ros/humble /usr/bin/cmake --build /home/kraken/kraken-nano/ROS/ws/build/custom -- -j6 -l6
[0.752s] Invoking command in '/home/kraken/kraken-nano/ROS/ws/build/custom': CMAKE_PREFIX_PATH=${CMAKE_PREFIX_PATH}:/home/kraken/kraken-nano/ROS/ws/install/kraken:/home/kraken/kraken-nano/install/kraken:/opt/ros/humble /usr/bin/cmake --install /home/kraken/kraken-nano/ROS/ws/build/custom
[0.767s] -- Install configuration: ""
[0.767s] -- Up-to-date: /home/kraken/kraken-nano/ROS/ws/install/custom/share/ament_index/resource_index/rosidl_interfaces/custom
[0.767s] -- Up-to-date: /home/kraken/kraken-nano/ROS/ws/install/custom/include/custom/custom
[0.767s] -- Up-to-date: /home/kraken/kraken-nano/ROS/ws/install/custom/include/custom/custom/msg
[0.768s] -- Up-to-date: /home/kraken/kraken-nano/ROS/ws/install/custom/include/custom/custom/msg/rosidl_generator_c__visibility_control.h
[0.768s] -- Up-to-date: /home/kraken/kraken-nano/ROS/ws/install/custom/include/custom/custom/msg/task.h
[0.768s] -- Up-to-date: /home/kraken/kraken-nano/ROS/ws/install/custom/include/custom/custom/msg/detail
[0.768s] -- Up-to-date: /home/kraken/kraken-nano/ROS/ws/install/custom/include/custom/custom/msg/detail/pose_e__functions.c
[0.768s] -- Up-to-date: /home/kraken/kraken-nano/ROS/ws/install/custom/include/custom/custom/msg/detail/task__functions.c
[0.769s] -- Up-to-date: /home/kraken/kraken-nano/ROS/ws/install/custom/include/custom/custom/msg/detail/euler__struct.h
[0.769s] -- Up-to-date: /home/kraken/kraken-nano/ROS/ws/install/custom/include/custom/custom/msg/detail/pose_e__functions.h
[0.769s] -- Up-to-date: /home/kraken/kraken-nano/ROS/ws/install/custom/include/custom/custom/msg/detail/task__type_support.h
[0.769s] -- Up-to-date: /home/kraken/kraken-nano/ROS/ws/install/custom/include/custom/custom/msg/detail/euler__type_support.h
[0.769s] -- Up-to-date: /home/kraken/kraken-nano/ROS/ws/install/custom/include/custom/custom/msg/detail/point__struct.h
[0.769s] -- Up-to-date: /home/kraken/kraken-nano/ROS/ws/install/custom/include/custom/custom/msg/detail/point__type_support.h
[0.770s] -- Up-to-date: /home/kraken/kraken-nano/ROS/ws/install/custom/include/custom/custom/msg/detail/euler__functions.h
[0.770s] -- Up-to-date: /home/kraken/kraken-nano/ROS/ws/install/custom/include/custom/custom/msg/detail/task__functions.h
[0.770s] -- Up-to-date: /home/kraken/kraken-nano/ROS/ws/install/custom/include/custom/custom/msg/detail/point__functions.c
[0.770s] -- Up-to-date: /home/kraken/kraken-nano/ROS/ws/install/custom/include/custom/custom/msg/detail/pose_e__struct.h
[0.770s] -- Up-to-date: /home/kraken/kraken-nano/ROS/ws/install/custom/include/custom/custom/msg/detail/point__functions.h
[0.770s] -- Up-to-date: /home/kraken/kraken-nano/ROS/ws/install/custom/include/custom/custom/msg/detail/task__struct.h
[0.771s] -- Up-to-date: /home/kraken/kraken-nano/ROS/ws/install/custom/include/custom/custom/msg/detail/euler__functions.c
[0.771s] -- Up-to-date: /home/kraken/kraken-nano/ROS/ws/install/custom/include/custom/custom/msg/detail/pose_e__type_support.h
[0.771s] -- Up-to-date: /home/kraken/kraken-nano/ROS/ws/install/custom/include/custom/custom/msg/point.h
[0.772s] -- Up-to-date: /home/kraken/kraken-nano/ROS/ws/install/custom/include/custom/custom/msg/euler.h
[0.772s] -- Up-to-date: /home/kraken/kraken-nano/ROS/ws/install/custom/include/custom/custom/msg/pose_e.h
[0.772s] -- Up-to-date: /home/kraken/kraken-nano/ROS/ws/install/custom/share/custom/environment/library_path.sh
[0.772s] -- Up-to-date: /home/kraken/kraken-nano/ROS/ws/install/custom/share/custom/environment/library_path.dsv
[0.772s] -- Up-to-date: /home/kraken/kraken-nano/ROS/ws/install/custom/lib/libcustom__rosidl_generator_c.so
[0.773s] -- Up-to-date: /home/kraken/kraken-nano/ROS/ws/install/custom/include/custom/custom
[0.773s] -- Up-to-date: /home/kraken/kraken-nano/ROS/ws/install/custom/include/custom/custom/msg
[0.773s] -- Up-to-date: /home/kraken/kraken-nano/ROS/ws/install/custom/include/custom/custom/msg/rosidl_typesupport_fastrtps_c__visibility_control.h
[0.773s] -- Up-to-date: /home/kraken/kraken-nano/ROS/ws/install/custom/include/custom/custom/msg/detail
[0.773s] -- Up-to-date: /home/kraken/kraken-nano/ROS/ws/install/custom/include/custom/custom/msg/detail/point__rosidl_typesupport_fastrtps_c.h
[0.773s] -- Up-to-date: /home/kraken/kraken-nano/ROS/ws/install/custom/include/custom/custom/msg/detail/euler__rosidl_typesupport_fastrtps_c.h
[0.774s] -- Up-to-date: /home/kraken/kraken-nano/ROS/ws/install/custom/include/custom/custom/msg/detail/pose_e__rosidl_typesupport_fastrtps_c.h
[0.774s] -- Up-to-date: /home/kraken/kraken-nano/ROS/ws/install/custom/include/custom/custom/msg/detail/task__rosidl_typesupport_fastrtps_c.h
[0.774s] -- Up-to-date: /home/kraken/kraken-nano/ROS/ws/install/custom/lib/libcustom__rosidl_typesupport_fastrtps_c.so
[0.774s] -- Up-to-date: /home/kraken/kraken-nano/ROS/ws/install/custom/include/custom/custom
[0.774s] -- Up-to-date: /home/kraken/kraken-nano/ROS/ws/install/custom/include/custom/custom/msg
[0.774s] -- Up-to-date: /home/kraken/kraken-nano/ROS/ws/install/custom/include/custom/custom/msg/rosidl_typesupport_introspection_c__visibility_control.h
[0.774s] -- Up-to-date: /home/kraken/kraken-nano/ROS/ws/install/custom/include/custom/custom/msg/detail
[0.775s] -- Up-to-date: /home/kraken/kraken-nano/ROS/ws/install/custom/include/custom/custom/msg/detail/euler__type_support.c
[0.775s] -- Up-to-date: /home/kraken/kraken-nano/ROS/ws/install/custom/include/custom/custom/msg/detail/pose_e__rosidl_typesupport_introspection_c.h
[0.775s] -- Up-to-date: /home/kraken/kraken-nano/ROS/ws/install/custom/include/custom/custom/msg/detail/task__type_support.c
[0.775s] -- Up-to-date: /home/kraken/kraken-nano/ROS/ws/install/custom/include/custom/custom/msg/detail/pose_e__type_support.c
[0.775s] -- Up-to-date: /home/kraken/kraken-nano/ROS/ws/install/custom/include/custom/custom/msg/detail/task__rosidl_typesupport_introspection_c.h
[0.776s] -- Up-to-date: /home/kraken/kraken-nano/ROS/ws/install/custom/include/custom/custom/msg/detail/point__rosidl_typesupport_introspection_c.h
[0.776s] -- Up-to-date: /home/kraken/kraken-nano/ROS/ws/install/custom/include/custom/custom/msg/detail/point__type_support.c
[0.776s] -- Up-to-date: /home/kraken/kraken-nano/ROS/ws/install/custom/include/custom/custom/msg/detail/euler__rosidl_typesupport_introspection_c.h
[0.776s] -- Up-to-date: /home/kraken/kraken-nano/ROS/ws/install/custom/lib/libcustom__rosidl_typesupport_introspection_c.so
[0.776s] -- Up-to-date: /home/kraken/kraken-nano/ROS/ws/install/custom/lib/libcustom__rosidl_typesupport_c.so
[0.776s] -- Up-to-date: /home/kraken/kraken-nano/ROS/ws/install/custom/include/custom/custom
[0.776s] -- Up-to-date: /home/kraken/kraken-nano/ROS/ws/install/custom/include/custom/custom/msg
[0.777s] -- Up-to-date: /home/kraken/kraken-nano/ROS/ws/install/custom/include/custom/custom/msg/pose_e.hpp
[0.777s] -- Up-to-date: /home/kraken/kraken-nano/ROS/ws/install/custom/include/custom/custom/msg/euler.hpp
[0.777s] -- Up-to-date: /home/kraken/kraken-nano/ROS/ws/install/custom/include/custom/custom/msg/rosidl_generator_cpp__visibility_control.hpp
[0.777s] -- Up-to-date: /home/kraken/kraken-nano/ROS/ws/install/custom/include/custom/custom/msg/point.hpp
[0.777s] -- Up-to-date: /home/kraken/kraken-nano/ROS/ws/install/custom/include/custom/custom/msg/detail
[0.777s] -- Up-to-date: /home/kraken/kraken-nano/ROS/ws/install/custom/include/custom/custom/msg/detail/pose_e__builder.hpp
[0.777s] -- Up-to-date: /home/kraken/kraken-nano/ROS/ws/install/custom/include/custom/custom/msg/detail/euler__struct.hpp
[0.777s] -- Up-to-date: /home/kraken/kraken-nano/ROS/ws/install/custom/include/custom/custom/msg/detail/point__struct.hpp
[0.777s] -- Up-to-date: /home/kraken/kraken-nano/ROS/ws/install/custom/include/custom/custom/msg/detail/euler__type_support.hpp
[0.778s] -- Up-to-date: /home/kraken/kraken-nano/ROS/ws/install/custom/include/custom/custom/msg/detail/task__struct.hpp
[0.778s] -- Up-to-date: /home/kraken/kraken-nano/ROS/ws/install/custom/include/custom/custom/msg/detail/point__builder.hpp
[0.778s] -- Up-to-date: /home/kraken/kraken-nano/ROS/ws/install/custom/include/custom/custom/msg/detail/pose_e__type_support.hpp
[0.778s] -- Up-to-date: /home/kraken/kraken-nano/ROS/ws/install/custom/include/custom/custom/msg/detail/task__traits.hpp
[0.778s] -- Up-to-date: /home/kraken/kraken-nano/ROS/ws/install/custom/include/custom/custom/msg/detail/point__traits.hpp
[0.778s] -- Up-to-date: /home/kraken/kraken-nano/ROS/ws/install/custom/include/custom/custom/msg/detail/task__builder.hpp
[0.778s] -- Up-to-date: /home/kraken/kraken-nano/ROS/ws/install/custom/include/custom/custom/msg/detail/euler__traits.hpp
[0.778s] -- Up-to-date: /home/kraken/kraken-nano/ROS/ws/install/custom/include/custom/custom/msg/detail/task__type_support.hpp
[0.778s] -- Up-to-date: /home/kraken/kraken-nano/ROS/ws/install/custom/include/custom/custom/msg/detail/pose_e__struct.hpp
[0.779s] -- Up-to-date: /home/kraken/kraken-nano/ROS/ws/install/custom/include/custom/custom/msg/detail/point__type_support.hpp
[0.779s] -- Up-to-date: /home/kraken/kraken-nano/ROS/ws/install/custom/include/custom/custom/msg/detail/euler__builder.hpp
[0.779s] -- Up-to-date: /home/kraken/kraken-nano/ROS/ws/install/custom/include/custom/custom/msg/detail/pose_e__traits.hpp
[0.779s] -- Up-to-date: /home/kraken/kraken-nano/ROS/ws/install/custom/include/custom/custom/msg/task.hpp
[0.779s] -- Up-to-date: /home/kraken/kraken-nano/ROS/ws/install/custom/include/custom/custom
[0.779s] -- Up-to-date: /home/kraken/kraken-nano/ROS/ws/install/custom/include/custom/custom/msg
[0.779s] -- Up-to-date: /home/kraken/kraken-nano/ROS/ws/install/custom/include/custom/custom/msg/detail
[0.779s] -- Up-to-date: /home/kraken/kraken-nano/ROS/ws/install/custom/include/custom/custom/msg/detail/task__rosidl_typesupport_fastrtps_cpp.hpp
[0.779s] -- Up-to-date: /home/kraken/kraken-nano/ROS/ws/install/custom/include/custom/custom/msg/detail/pose_e__rosidl_typesupport_fastrtps_cpp.hpp
[0.780s] -- Up-to-date: /home/kraken/kraken-nano/ROS/ws/install/custom/include/custom/custom/msg/detail/point__rosidl_typesupport_fastrtps_cpp.hpp
[0.780s] -- Up-to-date: /home/kraken/kraken-nano/ROS/ws/install/custom/include/custom/custom/msg/detail/euler__rosidl_typesupport_fastrtps_cpp.hpp
[0.780s] -- Up-to-date: /home/kraken/kraken-nano/ROS/ws/install/custom/include/custom/custom/msg/detail/dds_fastrtps
[0.780s] -- Up-to-date: /home/kraken/kraken-nano/ROS/ws/install/custom/include/custom/custom/msg/rosidl_typesupport_fastrtps_cpp__visibility_control.h
[0.780s] -- Up-to-date: /home/kraken/kraken-nano/ROS/ws/install/custom/lib/libcustom__rosidl_typesupport_fastrtps_cpp.so
[0.780s] -- Up-to-date: /home/kraken/kraken-nano/ROS/ws/install/custom/include/custom/custom
[0.780s] -- Up-to-date: /home/kraken/kraken-nano/ROS/ws/install/custom/include/custom/custom/msg
[0.780s] -- Up-to-date: /home/kraken/kraken-nano/ROS/ws/install/custom/include/custom/custom/msg/detail
[0.780s] -- Up-to-date: /home/kraken/kraken-nano/ROS/ws/install/custom/include/custom/custom/msg/detail/point__type_support.cpp
[0.781s] -- Up-to-date: /home/kraken/kraken-nano/ROS/ws/install/custom/include/custom/custom/msg/detail/task__rosidl_typesupport_introspection_cpp.hpp
[0.781s] -- Up-to-date: /home/kraken/kraken-nano/ROS/ws/install/custom/include/custom/custom/msg/detail/euler__rosidl_typesupport_introspection_cpp.hpp
[0.781s] -- Up-to-date: /home/kraken/kraken-nano/ROS/ws/install/custom/include/custom/custom/msg/detail/point__rosidl_typesupport_introspection_cpp.hpp
[0.781s] -- Up-to-date: /home/kraken/kraken-nano/ROS/ws/install/custom/include/custom/custom/msg/detail/task__type_support.cpp
[0.781s] -- Up-to-date: /home/kraken/kraken-nano/ROS/ws/install/custom/include/custom/custom/msg/detail/euler__type_support.cpp
[0.781s] -- Up-to-date: /home/kraken/kraken-nano/ROS/ws/install/custom/include/custom/custom/msg/detail/pose_e__rosidl_typesupport_introspection_cpp.hpp
[0.781s] -- Up-to-date: /home/kraken/kraken-nano/ROS/ws/install/custom/include/custom/custom/msg/detail/pose_e__type_support.cpp
[0.781s] -- Up-to-date: /home/kraken/kraken-nano/ROS/ws/install/custom/lib/libcustom__rosidl_typesupport_introspection_cpp.so
[0.781s] -- Up-to-date: /home/kraken/kraken-nano/ROS/ws/install/custom/lib/libcustom__rosidl_typesupport_cpp.so
[0.782s] -- Up-to-date: /home/kraken/kraken-nano/ROS/ws/install/custom/share/custom/environment/pythonpath.sh
[0.782s] -- Up-to-date: /home/kraken/kraken-nano/ROS/ws/install/custom/share/custom/environment/pythonpath.dsv
[0.782s] -- Up-to-date: /home/kraken/kraken-nano/ROS/ws/install/custom/local/lib/python3.10/dist-packages/custom-0.0.0-py3.10.egg-info
[0.782s] -- Installing: /home/kraken/kraken-nano/ROS/ws/install/custom/local/lib/python3.10/dist-packages/custom-0.0.0-py3.10.egg-info/SOURCES.txt
[0.782s] -- Installing: /home/kraken/kraken-nano/ROS/ws/install/custom/local/lib/python3.10/dist-packages/custom-0.0.0-py3.10.egg-info/PKG-INFO
[0.782s] -- Installing: /home/kraken/kraken-nano/ROS/ws/install/custom/local/lib/python3.10/dist-packages/custom-0.0.0-py3.10.egg-info/dependency_links.txt
[0.782s] -- Installing: /home/kraken/kraken-nano/ROS/ws/install/custom/local/lib/python3.10/dist-packages/custom-0.0.0-py3.10.egg-info/top_level.txt
[0.782s] -- Up-to-date: /home/kraken/kraken-nano/ROS/ws/install/custom/local/lib/python3.10/dist-packages/custom
[0.782s] -- Up-to-date: /home/kraken/kraken-nano/ROS/ws/install/custom/local/lib/python3.10/dist-packages/custom/libcustom__rosidl_generator_py.so
[0.783s] -- Up-to-date: /home/kraken/kraken-nano/ROS/ws/install/custom/local/lib/python3.10/dist-packages/custom/_custom_s.ep.rosidl_typesupport_c.c
[0.783s] -- Up-to-date: /home/kraken/kraken-nano/ROS/ws/install/custom/local/lib/python3.10/dist-packages/custom/_custom_s.ep.rosidl_typesupport_fastrtps_c.c
[0.783s] -- Up-to-date: /home/kraken/kraken-nano/ROS/ws/install/custom/local/lib/python3.10/dist-packages/custom/msg
[0.783s] -- Up-to-date: /home/kraken/kraken-nano/ROS/ws/install/custom/local/lib/python3.10/dist-packages/custom/msg/_point_s.c
[0.783s] -- Up-to-date: /home/kraken/kraken-nano/ROS/ws/install/custom/local/lib/python3.10/dist-packages/custom/msg/_euler.py
[0.783s] -- Up-to-date: /home/kraken/kraken-nano/ROS/ws/install/custom/local/lib/python3.10/dist-packages/custom/msg/_pose_e.py
[0.784s] -- Up-to-date: /home/kraken/kraken-nano/ROS/ws/install/custom/local/lib/python3.10/dist-packages/custom/msg/_pose_e_s.c
[0.784s] -- Up-to-date: /home/kraken/kraken-nano/ROS/ws/install/custom/local/lib/python3.10/dist-packages/custom/msg/_point.py
[0.784s] -- Up-to-date: /home/kraken/kraken-nano/ROS/ws/install/custom/local/lib/python3.10/dist-packages/custom/msg/_task.py
[0.784s] -- Up-to-date: /home/kraken/kraken-nano/ROS/ws/install/custom/local/lib/python3.10/dist-packages/custom/msg/_euler_s.c
[0.784s] -- Up-to-date: /home/kraken/kraken-nano/ROS/ws/install/custom/local/lib/python3.10/dist-packages/custom/msg/_task_s.c
[0.784s] -- Up-to-date: /home/kraken/kraken-nano/ROS/ws/install/custom/local/lib/python3.10/dist-packages/custom/msg/__init__.py
[0.784s] -- Up-to-date: /home/kraken/kraken-nano/ROS/ws/install/custom/local/lib/python3.10/dist-packages/custom/custom_s__rosidl_typesupport_c.cpython-310-aarch64-linux-gnu.so
[0.784s] -- Up-to-date: /home/kraken/kraken-nano/ROS/ws/install/custom/local/lib/python3.10/dist-packages/custom/custom_s__rosidl_typesupport_introspection_c.cpython-310-aarch64-linux-gnu.so
[0.785s] -- Up-to-date: /home/kraken/kraken-nano/ROS/ws/install/custom/local/lib/python3.10/dist-packages/custom/custom_s__rosidl_typesupport_fastrtps_c.cpython-310-aarch64-linux-gnu.so
[0.785s] -- Up-to-date: /home/kraken/kraken-nano/ROS/ws/install/custom/local/lib/python3.10/dist-packages/custom/__init__.py
[0.785s] -- Up-to-date: /home/kraken/kraken-nano/ROS/ws/install/custom/local/lib/python3.10/dist-packages/custom/_custom_s.ep.rosidl_typesupport_introspection_c.c
[0.835s] Listing '/home/kraken/kraken-nano/ROS/ws/install/custom/local/lib/python3.10/dist-packages/custom'...
[0.836s] Listing '/home/kraken/kraken-nano/ROS/ws/install/custom/local/lib/python3.10/dist-packages/custom/msg'...
[0.844s] -- Up-to-date: /home/kraken/kraken-nano/ROS/ws/install/custom/local/lib/python3.10/dist-packages/custom/custom_s__rosidl_typesupport_fastrtps_c.cpython-310-aarch64-linux-gnu.so
[0.844s] -- Up-to-date: /home/kraken/kraken-nano/ROS/ws/install/custom/local/lib/python3.10/dist-packages/custom/custom_s__rosidl_typesupport_introspection_c.cpython-310-aarch64-linux-gnu.so
[0.845s] -- Up-to-date: /home/kraken/kraken-nano/ROS/ws/install/custom/local/lib/python3.10/dist-packages/custom/custom_s__rosidl_typesupport_c.cpython-310-aarch64-linux-gnu.so
[0.845s] -- Up-to-date: /home/kraken/kraken-nano/ROS/ws/install/custom/lib/libcustom__rosidl_generator_py.so
[0.845s] -- Up-to-date: /home/kraken/kraken-nano/ROS/ws/install/custom/share/custom/msg/Task.idl
[0.846s] -- Up-to-date: /home/kraken/kraken-nano/ROS/ws/install/custom/share/custom/msg/PoseE.idl
[0.846s] -- Up-to-date: /home/kraken/kraken-nano/ROS/ws/install/custom/share/custom/msg/Point.idl
[0.846s] -- Up-to-date: /home/kraken/kraken-nano/ROS/ws/install/custom/share/custom/msg/Euler.idl
[0.846s] -- Up-to-date: /home/kraken/kraken-nano/ROS/ws/install/custom/share/custom/msg/Task.msg
[0.847s] -- Up-to-date: /home/kraken/kraken-nano/ROS/ws/install/custom/share/custom/msg/PoseE.msg
[0.847s] -- Up-to-date: /home/kraken/kraken-nano/ROS/ws/install/custom/share/custom/msg/Point.msg
[0.847s] -- Up-to-date: /home/kraken/kraken-nano/ROS/ws/install/custom/share/custom/msg/Euler.msg
[0.847s] -- Up-to-date: /home/kraken/kraken-nano/ROS/ws/install/custom/share/ament_index/resource_index/package_run_dependencies/custom
[0.847s] -- Up-to-date: /home/kraken/kraken-nano/ROS/ws/install/custom/share/ament_index/resource_index/parent_prefix_path/custom
[0.847s] -- Up-to-date: /home/kraken/kraken-nano/ROS/ws/install/custom/share/custom/environment/ament_prefix_path.sh
[0.847s] -- Up-to-date: /home/kraken/kraken-nano/ROS/ws/install/custom/share/custom/environment/ament_prefix_path.dsv
[0.848s] -- Up-to-date: /home/kraken/kraken-nano/ROS/ws/install/custom/share/custom/environment/path.sh
[0.848s] -- Up-to-date: /home/kraken/kraken-nano/ROS/ws/install/custom/share/custom/environment/path.dsv
[0.848s] -- Up-to-date: /home/kraken/kraken-nano/ROS/ws/install/custom/share/custom/local_setup.bash
[0.848s] -- Up-to-date: /home/kraken/kraken-nano/ROS/ws/install/custom/share/custom/local_setup.sh
[0.848s] -- Up-to-date: /home/kraken/kraken-nano/ROS/ws/install/custom/share/custom/local_setup.zsh
[0.849s] -- Up-to-date: /home/kraken/kraken-nano/ROS/ws/install/custom/share/custom/local_setup.dsv
[0.849s] -- Installing: /home/kraken/kraken-nano/ROS/ws/install/custom/share/custom/package.dsv
[0.849s] -- Up-to-date: /home/kraken/kraken-nano/ROS/ws/install/custom/share/ament_index/resource_index/packages/custom
[0.849s] -- Up-to-date: /home/kraken/kraken-nano/ROS/ws/install/custom/share/custom/cmake/export_custom__rosidl_generator_cExport.cmake
[0.850s] -- Up-to-date: /home/kraken/kraken-nano/ROS/ws/install/custom/share/custom/cmake/export_custom__rosidl_generator_cExport-noconfig.cmake
[0.850s] -- Up-to-date: /home/kraken/kraken-nano/ROS/ws/install/custom/share/custom/cmake/export_custom__rosidl_typesupport_fastrtps_cExport.cmake
[0.850s] -- Up-to-date: /home/kraken/kraken-nano/ROS/ws/install/custom/share/custom/cmake/export_custom__rosidl_typesupport_fastrtps_cExport-noconfig.cmake
[0.850s] -- Up-to-date: /home/kraken/kraken-nano/ROS/ws/install/custom/share/custom/cmake/custom__rosidl_typesupport_introspection_cExport.cmake
[0.850s] -- Up-to-date: /home/kraken/kraken-nano/ROS/ws/install/custom/share/custom/cmake/custom__rosidl_typesupport_introspection_cExport-noconfig.cmake
[0.850s] -- Up-to-date: /home/kraken/kraken-nano/ROS/ws/install/custom/share/custom/cmake/custom__rosidl_typesupport_cExport.cmake
[0.851s] -- Up-to-date: /home/kraken/kraken-nano/ROS/ws/install/custom/share/custom/cmake/custom__rosidl_typesupport_cExport-noconfig.cmake
[0.851s] -- Up-to-date: /home/kraken/kraken-nano/ROS/ws/install/custom/share/custom/cmake/export_custom__rosidl_generator_cppExport.cmake
[0.851s] -- Up-to-date: /home/kraken/kraken-nano/ROS/ws/install/custom/share/custom/cmake/export_custom__rosidl_typesupport_fastrtps_cppExport.cmake
[0.851s] -- Up-to-date: /home/kraken/kraken-nano/ROS/ws/install/custom/share/custom/cmake/export_custom__rosidl_typesupport_fastrtps_cppExport-noconfig.cmake
[0.851s] -- Up-to-date: /home/kraken/kraken-nano/ROS/ws/install/custom/share/custom/cmake/custom__rosidl_typesupport_introspection_cppExport.cmake
[0.851s] -- Up-to-date: /home/kraken/kraken-nano/ROS/ws/install/custom/share/custom/cmake/custom__rosidl_typesupport_introspection_cppExport-noconfig.cmake
[0.851s] -- Up-to-date: /home/kraken/kraken-nano/ROS/ws/install/custom/share/custom/cmake/custom__rosidl_typesupport_cppExport.cmake
[0.852s] -- Up-to-date: /home/kraken/kraken-nano/ROS/ws/install/custom/share/custom/cmake/custom__rosidl_typesupport_cppExport-noconfig.cmake
[0.852s] -- Up-to-date: /home/kraken/kraken-nano/ROS/ws/install/custom/share/custom/cmake/export_custom__rosidl_generator_pyExport.cmake
[0.852s] -- Up-to-date: /home/kraken/kraken-nano/ROS/ws/install/custom/share/custom/cmake/export_custom__rosidl_generator_pyExport-noconfig.cmake
[0.852s] -- Up-to-date: /home/kraken/kraken-nano/ROS/ws/install/custom/share/custom/cmake/rosidl_cmake-extras.cmake
[0.852s] -- Up-to-date: /home/kraken/kraken-nano/ROS/ws/install/custom/share/custom/cmake/ament_cmake_export_include_directories-extras.cmake
[0.852s] -- Up-to-date: /home/kraken/kraken-nano/ROS/ws/install/custom/share/custom/cmake/ament_cmake_export_libraries-extras.cmake
[0.852s] -- Up-to-date: /home/kraken/kraken-nano/ROS/ws/install/custom/share/custom/cmake/ament_cmake_export_targets-extras.cmake
[0.852s] -- Up-to-date: /home/kraken/kraken-nano/ROS/ws/install/custom/share/custom/cmake/rosidl_cmake_export_typesupport_targets-extras.cmake
[0.852s] -- Up-to-date: /home/kraken/kraken-nano/ROS/ws/install/custom/share/custom/cmake/ament_cmake_export_dependencies-extras.cmake
[0.853s] -- Up-to-date: /home/kraken/kraken-nano/ROS/ws/install/custom/share/custom/cmake/rosidl_cmake_export_typesupport_libraries-extras.cmake
[0.853s] -- Up-to-date: /home/kraken/kraken-nano/ROS/ws/install/custom/share/custom/cmake/customConfig.cmake
[0.853s] -- Up-to-date: /home/kraken/kraken-nano/ROS/ws/install/custom/share/custom/cmake/customConfig-version.cmake
[0.853s] -- Up-to-date: /home/kraken/kraken-nano/ROS/ws/install/custom/share/custom/package.xml
[0.855s] Invoked command in '/home/kraken/kraken-nano/ROS/ws/build/custom' returned '0': CMAKE_PREFIX_PATH=${CMAKE_PREFIX_PATH}:/home/kraken/kraken-nano/ROS/ws/install/kraken:/home/kraken/kraken-nano/install/kraken:/opt/ros/humble /usr/bin/cmake --install /home/kraken/kraken-nano/ROS/ws/build/custom
