-- The C compiler identification is GNU 11.4.0
-- The CXX compiler identification is GNU 11.4.0
-- Detecting C compiler ABI info
-- Detecting C compiler ABI info - done
-- Check for working C compiler: /usr/bin/cc - skipped
-- Detecting C compile features
-- Detecting C compile features - done
-- Detecting CXX compiler ABI info
-- Detecting CXX compiler ABI info - done
-- Check for working CXX compiler: /usr/bin/c++ - skipped
-- Detecting CXX compile features
-- Detecting CXX compile features - done
-- Found ament_cmake: 1.3.12 (/opt/ros/humble/share/ament_cmake/cmake)
-- Found Python3: /usr/bin/python3 (found version "3.10.12") found components: Interpreter 
-- Found ament_lint_auto: 0.12.14 (/opt/ros/humble/share/ament_lint_auto/cmake)
-- Found rosidl_default_generators: 1.2.0 (/opt/ros/humble/share/rosidl_default_generators/cmake)
-- Using all available rosidl_typesupport_c: rosidl_typesupport_fastrtps_c;rosidl_typesupport_introspection_c
-- Found rosidl_adapter: 3.1.7 (/opt/ros/humble/share/rosidl_adapter/cmake)
-- Using all available rosidl_typesupport_cpp: rosidl_typesupport_fastrtps_cpp;rosidl_typesupport_introspection_cpp
-- Found ament_cmake_ros: 0.10.0 (/opt/ros/humble/share/ament_cmake_ros/cmake)
-- Using all available rosidl_typesupport_c: rosidl_typesupport_fastrtps_c;rosidl_typesupport_introspection_c
-- Using all available rosidl_typesupport_cpp: rosidl_typesupport_fastrtps_cpp;rosidl_typesupport_introspection_cpp
-- Found PythonInterp: /usr/bin/python3 (found suitable version "3.10.12", minimum required is "3.6") 
-- Found python_cmake_module: 0.10.0 (/opt/ros/humble/share/python_cmake_module/cmake)
-- Found PythonLibs: /usr/lib/aarch64-linux-gnu/libpython3.10.so (found suitable version "3.10.12", minimum required is "3.5") 
-- Using PYTHON_EXECUTABLE: /usr/bin/python3
-- Using PYTHON_INCLUDE_DIRS: /usr/include/python3.10
-- Using PYTHON_LIBRARIES: /usr/lib/aarch64-linux-gnu/libpython3.10.so
-- Found PythonExtra: .so  
-- Added test 'flake8' to check Python code syntax and style conventions
-- Added test 'lint_cmake' to check CMake code style
-- Added test 'pep257' to check Python code against some of the docstring style conventions in PEP 257
-- Added test 'xmllint' to check XML markup files
-- Configuring done
-- Generating done
-- Build files have been written to: /home/kraken/kraken-nano/ROS/ws/build/custom
[  1%] [34m[1mGenerating C code for ROS interfaces[0m
[  3%] [34m[1mGenerating C++ code for ROS interfaces[0m
[  3%] Built target ament_cmake_python_copy_custom
running egg_info
creating custom.egg-info
writing custom.egg-info/PKG-INFO
writing dependency_links to custom.egg-info/dependency_links.txt
writing top-level names to custom.egg-info/top_level.txt
writing manifest file 'custom.egg-info/SOURCES.txt'
reading manifest file 'custom.egg-info/SOURCES.txt'
writing manifest file 'custom.egg-info/SOURCES.txt'
[  3%] Built target ament_cmake_python_build_custom_egg
[  3%] Built target custom__cpp
[  9%] [34m[1mGenerating C++ introspection for ROS interfaces[0m
[  9%] [34m[1mGenerating C++ type support dispatch for ROS interfaces[0m
[  9%] [34m[1mGenerating C++ type support for eProsima Fast-RTPS[0m
[ 12%] [32mBuilding C object CMakeFiles/custom__rosidl_generator_c.dir/rosidl_generator_c/custom/msg/detail/pose_e__functions.c.o[0m
[ 12%] [32mBuilding C object CMakeFiles/custom__rosidl_generator_c.dir/rosidl_generator_c/custom/msg/detail/task__functions.c.o[0m
[ 14%] [32mBuilding C object CMakeFiles/custom__rosidl_generator_c.dir/rosidl_generator_c/custom/msg/detail/point__functions.c.o[0m
[ 16%] [32mBuilding C object CMakeFiles/custom__rosidl_generator_c.dir/rosidl_generator_c/custom/msg/detail/euler__functions.c.o[0m
[ 18%] [32m[1mLinking C shared library libcustom__rosidl_generator_c.so[0m
[ 18%] Built target custom__rosidl_generator_c
[ 21%] [34m[1mGenerating C type support for eProsima Fast-RTPS[0m
[ 21%] [34m[1mGenerating C introspection for ROS interfaces[0m
[ 23%] [34m[1mGenerating C type support dispatch for ROS interfaces[0m
[ 25%] [32mBuilding CXX object CMakeFiles/custom__rosidl_typesupport_cpp.dir/rosidl_typesupport_cpp/custom/msg/task__type_support.cpp.o[0m
[ 27%] [32mBuilding CXX object CMakeFiles/custom__rosidl_typesupport_introspection_cpp.dir/rosidl_typesupport_introspection_cpp/custom/msg/detail/task__type_support.cpp.o[0m
[ 29%] [32mBuilding CXX object CMakeFiles/custom__rosidl_typesupport_c.dir/rosidl_typesupport_c/custom/msg/task__type_support.cpp.o[0m
[ 30%] [32mBuilding CXX object CMakeFiles/custom__rosidl_typesupport_c.dir/rosidl_typesupport_c/custom/msg/pose_e__type_support.cpp.o[0m
[ 32%] [32mBuilding CXX object CMakeFiles/custom__rosidl_typesupport_fastrtps_cpp.dir/rosidl_typesupport_fastrtps_cpp/custom/msg/detail/dds_fastrtps/task__type_support.cpp.o[0m
[ 34%] [32mBuilding CXX object CMakeFiles/custom__rosidl_typesupport_c.dir/rosidl_typesupport_c/custom/msg/point__type_support.cpp.o[0m
[ 36%] [32mBuilding C object CMakeFiles/custom__rosidl_typesupport_introspection_c.dir/rosidl_typesupport_introspection_c/custom/msg/detail/task__type_support.c.o[0m
[ 38%] [32mBuilding CXX object CMakeFiles/custom__rosidl_typesupport_c.dir/rosidl_typesupport_c/custom/msg/euler__type_support.cpp.o[0m
[ 40%] [32mBuilding CXX object CMakeFiles/custom__rosidl_typesupport_cpp.dir/rosidl_typesupport_cpp/custom/msg/pose_e__type_support.cpp.o[0m
[ 41%] [32mBuilding CXX object CMakeFiles/custom__rosidl_typesupport_fastrtps_c.dir/rosidl_typesupport_fastrtps_c/custom/msg/detail/task__type_support_c.cpp.o[0m
[ 43%] [32mBuilding C object CMakeFiles/custom__rosidl_typesupport_introspection_c.dir/rosidl_typesupport_introspection_c/custom/msg/detail/pose_e__type_support.c.o[0m
[ 45%] [32mBuilding C object CMakeFiles/custom__rosidl_typesupport_introspection_c.dir/rosidl_typesupport_introspection_c/custom/msg/detail/point__type_support.c.o[0m
[ 47%] [32m[1mLinking CXX shared library libcustom__rosidl_typesupport_c.so[0m
[ 49%] [32mBuilding C object CMakeFiles/custom__rosidl_typesupport_introspection_c.dir/rosidl_typesupport_introspection_c/custom/msg/detail/euler__type_support.c.o[0m
[ 49%] Built target custom__rosidl_typesupport_c
[ 50%] [32mBuilding CXX object CMakeFiles/custom__rosidl_typesupport_cpp.dir/rosidl_typesupport_cpp/custom/msg/point__type_support.cpp.o[0m
[ 52%] [32m[1mLinking C shared library libcustom__rosidl_typesupport_introspection_c.so[0m
[ 52%] Built target custom__rosidl_typesupport_introspection_c
[ 54%] [32mBuilding CXX object CMakeFiles/custom__rosidl_typesupport_cpp.dir/rosidl_typesupport_cpp/custom/msg/euler__type_support.cpp.o[0m
[ 56%] [32mBuilding CXX object CMakeFiles/custom__rosidl_typesupport_introspection_cpp.dir/rosidl_typesupport_introspection_cpp/custom/msg/detail/pose_e__type_support.cpp.o[0m
[ 58%] [32mBuilding CXX object CMakeFiles/custom__rosidl_typesupport_introspection_cpp.dir/rosidl_typesupport_introspection_cpp/custom/msg/detail/point__type_support.cpp.o[0m
[ 60%] [32mBuilding CXX object CMakeFiles/custom__rosidl_typesupport_fastrtps_c.dir/rosidl_typesupport_fastrtps_c/custom/msg/detail/pose_e__type_support_c.cpp.o[0m
[ 61%] [32mBuilding CXX object CMakeFiles/custom__rosidl_typesupport_introspection_cpp.dir/rosidl_typesupport_introspection_cpp/custom/msg/detail/euler__type_support.cpp.o[0m
[ 63%] [32mBuilding CXX object CMakeFiles/custom__rosidl_typesupport_fastrtps_cpp.dir/rosidl_typesupport_fastrtps_cpp/custom/msg/detail/dds_fastrtps/pose_e__type_support.cpp.o[0m
[ 65%] [32m[1mLinking CXX shared library libcustom__rosidl_typesupport_cpp.so[0m
[ 65%] Built target custom__rosidl_typesupport_cpp
[ 67%] [32mBuilding CXX object CMakeFiles/custom__rosidl_typesupport_fastrtps_c.dir/rosidl_typesupport_fastrtps_c/custom/msg/detail/point__type_support_c.cpp.o[0m
[ 69%] [32mBuilding CXX object CMakeFiles/custom__rosidl_typesupport_fastrtps_c.dir/rosidl_typesupport_fastrtps_c/custom/msg/detail/euler__type_support_c.cpp.o[0m
[ 70%] [32mBuilding CXX object CMakeFiles/custom__rosidl_typesupport_fastrtps_cpp.dir/rosidl_typesupport_fastrtps_cpp/custom/msg/detail/dds_fastrtps/point__type_support.cpp.o[0m
[ 72%] [32mBuilding CXX object CMakeFiles/custom__rosidl_typesupport_fastrtps_cpp.dir/rosidl_typesupport_fastrtps_cpp/custom/msg/detail/dds_fastrtps/euler__type_support.cpp.o[0m
[ 74%] [32m[1mLinking CXX shared library libcustom__rosidl_typesupport_introspection_cpp.so[0m
[ 74%] Built target custom__rosidl_typesupport_introspection_cpp
[ 76%] [32m[1mLinking CXX shared library libcustom__rosidl_typesupport_fastrtps_c.so[0m
[ 76%] Built target custom__rosidl_typesupport_fastrtps_c
[ 78%] [32m[1mLinking CXX shared library libcustom__rosidl_typesupport_fastrtps_cpp.so[0m
[ 78%] Built target custom__rosidl_typesupport_fastrtps_cpp
[ 78%] Built target custom
[ 80%] [34m[1mGenerating Python code for ROS interfaces[0m
[ 80%] Built target custom__py
[ 83%] [32mBuilding C object CMakeFiles/custom__rosidl_generator_py.dir/rosidl_generator_py/custom/msg/_task_s.c.o[0m
[ 83%] [32mBuilding C object CMakeFiles/custom__rosidl_generator_py.dir/rosidl_generator_py/custom/msg/_pose_e_s.c.o[0m
[ 85%] [32mBuilding C object CMakeFiles/custom__rosidl_generator_py.dir/rosidl_generator_py/custom/msg/_point_s.c.o[0m
[ 87%] [32mBuilding C object CMakeFiles/custom__rosidl_generator_py.dir/rosidl_generator_py/custom/msg/_euler_s.c.o[0m
[ 89%] [32m[1mLinking C shared library rosidl_generator_py/custom/libcustom__rosidl_generator_py.so[0m
[ 89%] Built target custom__rosidl_generator_py
[ 94%] [32mBuilding C object CMakeFiles/custom__rosidl_typesupport_fastrtps_c__pyext.dir/rosidl_generator_py/custom/_custom_s.ep.rosidl_typesupport_fastrtps_c.c.o[0m
[ 94%] [32mBuilding C object CMakeFiles/custom__rosidl_typesupport_introspection_c__pyext.dir/rosidl_generator_py/custom/_custom_s.ep.rosidl_typesupport_introspection_c.c.o[0m
[ 94%] [32mBuilding C object CMakeFiles/custom__rosidl_typesupport_c__pyext.dir/rosidl_generator_py/custom/_custom_s.ep.rosidl_typesupport_c.c.o[0m
[ 98%] [32m[1mLinking C shared library rosidl_generator_py/custom/custom_s__rosidl_typesupport_introspection_c.cpython-310-aarch64-linux-gnu.so[0m
[ 98%] [32m[1mLinking C shared library rosidl_generator_py/custom/custom_s__rosidl_typesupport_c.cpython-310-aarch64-linux-gnu.so[0m
[100%] [32m[1mLinking C shared library rosidl_generator_py/custom/custom_s__rosidl_typesupport_fastrtps_c.cpython-310-aarch64-linux-gnu.so[0m
[100%] Built target custom__rosidl_typesupport_c__pyext
[100%] Built target custom__rosidl_typesupport_introspection_c__pyext
[100%] Built target custom__rosidl_typesupport_fastrtps_c__pyext
-- Install configuration: ""
-- Installing: /home/kraken/kraken-nano/ROS/ws/install/custom/share/ament_index/resource_index/rosidl_interfaces/custom
-- Installing: /home/kraken/kraken-nano/ROS/ws/install/custom/include/custom/custom
-- Installing: /home/kraken/kraken-nano/ROS/ws/install/custom/include/custom/custom/msg
-- Installing: /home/kraken/kraken-nano/ROS/ws/install/custom/include/custom/custom/msg/rosidl_generator_c__visibility_control.h
-- Installing: /home/kraken/kraken-nano/ROS/ws/install/custom/include/custom/custom/msg/task.h
-- Installing: /home/kraken/kraken-nano/ROS/ws/install/custom/include/custom/custom/msg/detail
-- Installing: /home/kraken/kraken-nano/ROS/ws/install/custom/include/custom/custom/msg/detail/pose_e__functions.c
-- Installing: /home/kraken/kraken-nano/ROS/ws/install/custom/include/custom/custom/msg/detail/task__functions.c
-- Installing: /home/kraken/kraken-nano/ROS/ws/install/custom/include/custom/custom/msg/detail/euler__struct.h
-- Installing: /home/kraken/kraken-nano/ROS/ws/install/custom/include/custom/custom/msg/detail/pose_e__functions.h
-- Installing: /home/kraken/kraken-nano/ROS/ws/install/custom/include/custom/custom/msg/detail/task__type_support.h
-- Installing: /home/kraken/kraken-nano/ROS/ws/install/custom/include/custom/custom/msg/detail/euler__type_support.h
-- Installing: /home/kraken/kraken-nano/ROS/ws/install/custom/include/custom/custom/msg/detail/point__struct.h
-- Installing: /home/kraken/kraken-nano/ROS/ws/install/custom/include/custom/custom/msg/detail/point__type_support.h
-- Installing: /home/kraken/kraken-nano/ROS/ws/install/custom/include/custom/custom/msg/detail/euler__functions.h
-- Installing: /home/kraken/kraken-nano/ROS/ws/install/custom/include/custom/custom/msg/detail/task__functions.h
-- Installing: /home/kraken/kraken-nano/ROS/ws/install/custom/include/custom/custom/msg/detail/point__functions.c
-- Installing: /home/kraken/kraken-nano/ROS/ws/install/custom/include/custom/custom/msg/detail/pose_e__struct.h
-- Installing: /home/kraken/kraken-nano/ROS/ws/install/custom/include/custom/custom/msg/detail/point__functions.h
-- Installing: /home/kraken/kraken-nano/ROS/ws/install/custom/include/custom/custom/msg/detail/task__struct.h
-- Installing: /home/kraken/kraken-nano/ROS/ws/install/custom/include/custom/custom/msg/detail/euler__functions.c
-- Installing: /home/kraken/kraken-nano/ROS/ws/install/custom/include/custom/custom/msg/detail/pose_e__type_support.h
-- Installing: /home/kraken/kraken-nano/ROS/ws/install/custom/include/custom/custom/msg/point.h
-- Installing: /home/kraken/kraken-nano/ROS/ws/install/custom/include/custom/custom/msg/euler.h
-- Installing: /home/kraken/kraken-nano/ROS/ws/install/custom/include/custom/custom/msg/pose_e.h
-- Installing: /home/kraken/kraken-nano/ROS/ws/install/custom/share/custom/environment/library_path.sh
-- Installing: /home/kraken/kraken-nano/ROS/ws/install/custom/share/custom/environment/library_path.dsv
-- Installing: /home/kraken/kraken-nano/ROS/ws/install/custom/lib/libcustom__rosidl_generator_c.so
-- Set runtime path of "/home/kraken/kraken-nano/ROS/ws/install/custom/lib/libcustom__rosidl_generator_c.so" to ""
-- Up-to-date: /home/kraken/kraken-nano/ROS/ws/install/custom/include/custom/custom
-- Up-to-date: /home/kraken/kraken-nano/ROS/ws/install/custom/include/custom/custom/msg
-- Installing: /home/kraken/kraken-nano/ROS/ws/install/custom/include/custom/custom/msg/rosidl_typesupport_fastrtps_c__visibility_control.h
-- Up-to-date: /home/kraken/kraken-nano/ROS/ws/install/custom/include/custom/custom/msg/detail
-- Installing: /home/kraken/kraken-nano/ROS/ws/install/custom/include/custom/custom/msg/detail/point__rosidl_typesupport_fastrtps_c.h
-- Installing: /home/kraken/kraken-nano/ROS/ws/install/custom/include/custom/custom/msg/detail/euler__rosidl_typesupport_fastrtps_c.h
-- Installing: /home/kraken/kraken-nano/ROS/ws/install/custom/include/custom/custom/msg/detail/pose_e__rosidl_typesupport_fastrtps_c.h
-- Installing: /home/kraken/kraken-nano/ROS/ws/install/custom/include/custom/custom/msg/detail/task__rosidl_typesupport_fastrtps_c.h
-- Installing: /home/kraken/kraken-nano/ROS/ws/install/custom/lib/libcustom__rosidl_typesupport_fastrtps_c.so
-- Set runtime path of "/home/kraken/kraken-nano/ROS/ws/install/custom/lib/libcustom__rosidl_typesupport_fastrtps_c.so" to ""
-- Up-to-date: /home/kraken/kraken-nano/ROS/ws/install/custom/include/custom/custom
-- Up-to-date: /home/kraken/kraken-nano/ROS/ws/install/custom/include/custom/custom/msg
-- Installing: /home/kraken/kraken-nano/ROS/ws/install/custom/include/custom/custom/msg/rosidl_typesupport_introspection_c__visibility_control.h
-- Up-to-date: /home/kraken/kraken-nano/ROS/ws/install/custom/include/custom/custom/msg/detail
-- Installing: /home/kraken/kraken-nano/ROS/ws/install/custom/include/custom/custom/msg/detail/euler__type_support.c
-- Installing: /home/kraken/kraken-nano/ROS/ws/install/custom/include/custom/custom/msg/detail/pose_e__rosidl_typesupport_introspection_c.h
-- Installing: /home/kraken/kraken-nano/ROS/ws/install/custom/include/custom/custom/msg/detail/task__type_support.c
-- Installing: /home/kraken/kraken-nano/ROS/ws/install/custom/include/custom/custom/msg/detail/pose_e__type_support.c
-- Installing: /home/kraken/kraken-nano/ROS/ws/install/custom/include/custom/custom/msg/detail/task__rosidl_typesupport_introspection_c.h
-- Installing: /home/kraken/kraken-nano/ROS/ws/install/custom/include/custom/custom/msg/detail/point__rosidl_typesupport_introspection_c.h
-- Installing: /home/kraken/kraken-nano/ROS/ws/install/custom/include/custom/custom/msg/detail/point__type_support.c
-- Installing: /home/kraken/kraken-nano/ROS/ws/install/custom/include/custom/custom/msg/detail/euler__rosidl_typesupport_introspection_c.h
-- Installing: /home/kraken/kraken-nano/ROS/ws/install/custom/lib/libcustom__rosidl_typesupport_introspection_c.so
-- Set runtime path of "/home/kraken/kraken-nano/ROS/ws/install/custom/lib/libcustom__rosidl_typesupport_introspection_c.so" to ""
-- Installing: /home/kraken/kraken-nano/ROS/ws/install/custom/lib/libcustom__rosidl_typesupport_c.so
-- Set runtime path of "/home/kraken/kraken-nano/ROS/ws/install/custom/lib/libcustom__rosidl_typesupport_c.so" to ""
-- Up-to-date: /home/kraken/kraken-nano/ROS/ws/install/custom/include/custom/custom
-- Up-to-date: /home/kraken/kraken-nano/ROS/ws/install/custom/include/custom/custom/msg
-- Installing: /home/kraken/kraken-nano/ROS/ws/install/custom/include/custom/custom/msg/pose_e.hpp
-- Installing: /home/kraken/kraken-nano/ROS/ws/install/custom/include/custom/custom/msg/euler.hpp
-- Installing: /home/kraken/kraken-nano/ROS/ws/install/custom/include/custom/custom/msg/rosidl_generator_cpp__visibility_control.hpp
-- Installing: /home/kraken/kraken-nano/ROS/ws/install/custom/include/custom/custom/msg/point.hpp
-- Up-to-date: /home/kraken/kraken-nano/ROS/ws/install/custom/include/custom/custom/msg/detail
-- Installing: /home/kraken/kraken-nano/ROS/ws/install/custom/include/custom/custom/msg/detail/pose_e__builder.hpp
-- Installing: /home/kraken/kraken-nano/ROS/ws/install/custom/include/custom/custom/msg/detail/euler__struct.hpp
-- Installing: /home/kraken/kraken-nano/ROS/ws/install/custom/include/custom/custom/msg/detail/point__struct.hpp
-- Installing: /home/kraken/kraken-nano/ROS/ws/install/custom/include/custom/custom/msg/detail/euler__type_support.hpp
-- Installing: /home/kraken/kraken-nano/ROS/ws/install/custom/include/custom/custom/msg/detail/task__struct.hpp
-- Installing: /home/kraken/kraken-nano/ROS/ws/install/custom/include/custom/custom/msg/detail/point__builder.hpp
-- Installing: /home/kraken/kraken-nano/ROS/ws/install/custom/include/custom/custom/msg/detail/pose_e__type_support.hpp
-- Installing: /home/kraken/kraken-nano/ROS/ws/install/custom/include/custom/custom/msg/detail/task__traits.hpp
-- Installing: /home/kraken/kraken-nano/ROS/ws/install/custom/include/custom/custom/msg/detail/point__traits.hpp
-- Installing: /home/kraken/kraken-nano/ROS/ws/install/custom/include/custom/custom/msg/detail/task__builder.hpp
-- Installing: /home/kraken/kraken-nano/ROS/ws/install/custom/include/custom/custom/msg/detail/euler__traits.hpp
-- Installing: /home/kraken/kraken-nano/ROS/ws/install/custom/include/custom/custom/msg/detail/task__type_support.hpp
-- Installing: /home/kraken/kraken-nano/ROS/ws/install/custom/include/custom/custom/msg/detail/pose_e__struct.hpp
-- Installing: /home/kraken/kraken-nano/ROS/ws/install/custom/include/custom/custom/msg/detail/point__type_support.hpp
-- Installing: /home/kraken/kraken-nano/ROS/ws/install/custom/include/custom/custom/msg/detail/euler__builder.hpp
-- Installing: /home/kraken/kraken-nano/ROS/ws/install/custom/include/custom/custom/msg/detail/pose_e__traits.hpp
-- Installing: /home/kraken/kraken-nano/ROS/ws/install/custom/include/custom/custom/msg/task.hpp
-- Up-to-date: /home/kraken/kraken-nano/ROS/ws/install/custom/include/custom/custom
-- Up-to-date: /home/kraken/kraken-nano/ROS/ws/install/custom/include/custom/custom/msg
-- Up-to-date: /home/kraken/kraken-nano/ROS/ws/install/custom/include/custom/custom/msg/detail
-- Installing: /home/kraken/kraken-nano/ROS/ws/install/custom/include/custom/custom/msg/detail/task__rosidl_typesupport_fastrtps_cpp.hpp
-- Installing: /home/kraken/kraken-nano/ROS/ws/install/custom/include/custom/custom/msg/detail/pose_e__rosidl_typesupport_fastrtps_cpp.hpp
-- Installing: /home/kraken/kraken-nano/ROS/ws/install/custom/include/custom/custom/msg/detail/point__rosidl_typesupport_fastrtps_cpp.hpp
-- Installing: /home/kraken/kraken-nano/ROS/ws/install/custom/include/custom/custom/msg/detail/euler__rosidl_typesupport_fastrtps_cpp.hpp
-- Installing: /home/kraken/kraken-nano/ROS/ws/install/custom/include/custom/custom/msg/detail/dds_fastrtps
-- Installing: /home/kraken/kraken-nano/ROS/ws/install/custom/include/custom/custom/msg/rosidl_typesupport_fastrtps_cpp__visibility_control.h
-- Installing: /home/kraken/kraken-nano/ROS/ws/install/custom/lib/libcustom__rosidl_typesupport_fastrtps_cpp.so
-- Set runtime path of "/home/kraken/kraken-nano/ROS/ws/install/custom/lib/libcustom__rosidl_typesupport_fastrtps_cpp.so" to ""
-- Up-to-date: /home/kraken/kraken-nano/ROS/ws/install/custom/include/custom/custom
-- Up-to-date: /home/kraken/kraken-nano/ROS/ws/install/custom/include/custom/custom/msg
-- Up-to-date: /home/kraken/kraken-nano/ROS/ws/install/custom/include/custom/custom/msg/detail
-- Installing: /home/kraken/kraken-nano/ROS/ws/install/custom/include/custom/custom/msg/detail/point__type_support.cpp
-- Installing: /home/kraken/kraken-nano/ROS/ws/install/custom/include/custom/custom/msg/detail/task__rosidl_typesupport_introspection_cpp.hpp
-- Installing: /home/kraken/kraken-nano/ROS/ws/install/custom/include/custom/custom/msg/detail/euler__rosidl_typesupport_introspection_cpp.hpp
-- Installing: /home/kraken/kraken-nano/ROS/ws/install/custom/include/custom/custom/msg/detail/point__rosidl_typesupport_introspection_cpp.hpp
-- Installing: /home/kraken/kraken-nano/ROS/ws/install/custom/include/custom/custom/msg/detail/task__type_support.cpp
-- Installing: /home/kraken/kraken-nano/ROS/ws/install/custom/include/custom/custom/msg/detail/euler__type_support.cpp
-- Installing: /home/kraken/kraken-nano/ROS/ws/install/custom/include/custom/custom/msg/detail/pose_e__rosidl_typesupport_introspection_cpp.hpp
-- Installing: /home/kraken/kraken-nano/ROS/ws/install/custom/include/custom/custom/msg/detail/pose_e__type_support.cpp
-- Installing: /home/kraken/kraken-nano/ROS/ws/install/custom/lib/libcustom__rosidl_typesupport_introspection_cpp.so
-- Set runtime path of "/home/kraken/kraken-nano/ROS/ws/install/custom/lib/libcustom__rosidl_typesupport_introspection_cpp.so" to ""
-- Installing: /home/kraken/kraken-nano/ROS/ws/install/custom/lib/libcustom__rosidl_typesupport_cpp.so
-- Set runtime path of "/home/kraken/kraken-nano/ROS/ws/install/custom/lib/libcustom__rosidl_typesupport_cpp.so" to ""
-- Installing: /home/kraken/kraken-nano/ROS/ws/install/custom/share/custom/environment/pythonpath.sh
-- Installing: /home/kraken/kraken-nano/ROS/ws/install/custom/share/custom/environment/pythonpath.dsv
-- Installing: /home/kraken/kraken-nano/ROS/ws/install/custom/local/lib/python3.10/dist-packages/custom-0.0.0-py3.10.egg-info
-- Installing: /home/kraken/kraken-nano/ROS/ws/install/custom/local/lib/python3.10/dist-packages/custom-0.0.0-py3.10.egg-info/SOURCES.txt
-- Installing: /home/kraken/kraken-nano/ROS/ws/install/custom/local/lib/python3.10/dist-packages/custom-0.0.0-py3.10.egg-info/PKG-INFO
-- Installing: /home/kraken/kraken-nano/ROS/ws/install/custom/local/lib/python3.10/dist-packages/custom-0.0.0-py3.10.egg-info/dependency_links.txt
-- Installing: /home/kraken/kraken-nano/ROS/ws/install/custom/local/lib/python3.10/dist-packages/custom-0.0.0-py3.10.egg-info/top_level.txt
-- Installing: /home/kraken/kraken-nano/ROS/ws/install/custom/local/lib/python3.10/dist-packages/custom
-- Installing: /home/kraken/kraken-nano/ROS/ws/install/custom/local/lib/python3.10/dist-packages/custom/libcustom__rosidl_generator_py.so
-- Installing: /home/kraken/kraken-nano/ROS/ws/install/custom/local/lib/python3.10/dist-packages/custom/_custom_s.ep.rosidl_typesupport_c.c
-- Installing: /home/kraken/kraken-nano/ROS/ws/install/custom/local/lib/python3.10/dist-packages/custom/_custom_s.ep.rosidl_typesupport_fastrtps_c.c
-- Installing: /home/kraken/kraken-nano/ROS/ws/install/custom/local/lib/python3.10/dist-packages/custom/msg
-- Installing: /home/kraken/kraken-nano/ROS/ws/install/custom/local/lib/python3.10/dist-packages/custom/msg/_point_s.c
-- Installing: /home/kraken/kraken-nano/ROS/ws/install/custom/local/lib/python3.10/dist-packages/custom/msg/_euler.py
-- Installing: /home/kraken/kraken-nano/ROS/ws/install/custom/local/lib/python3.10/dist-packages/custom/msg/_pose_e.py
-- Installing: /home/kraken/kraken-nano/ROS/ws/install/custom/local/lib/python3.10/dist-packages/custom/msg/_pose_e_s.c
-- Installing: /home/kraken/kraken-nano/ROS/ws/install/custom/local/lib/python3.10/dist-packages/custom/msg/_point.py
-- Installing: /home/kraken/kraken-nano/ROS/ws/install/custom/local/lib/python3.10/dist-packages/custom/msg/_task.py
-- Installing: /home/kraken/kraken-nano/ROS/ws/install/custom/local/lib/python3.10/dist-packages/custom/msg/_euler_s.c
-- Installing: /home/kraken/kraken-nano/ROS/ws/install/custom/local/lib/python3.10/dist-packages/custom/msg/_task_s.c
-- Installing: /home/kraken/kraken-nano/ROS/ws/install/custom/local/lib/python3.10/dist-packages/custom/msg/__init__.py
-- Installing: /home/kraken/kraken-nano/ROS/ws/install/custom/local/lib/python3.10/dist-packages/custom/custom_s__rosidl_typesupport_c.cpython-310-aarch64-linux-gnu.so
-- Installing: /home/kraken/kraken-nano/ROS/ws/install/custom/local/lib/python3.10/dist-packages/custom/custom_s__rosidl_typesupport_introspection_c.cpython-310-aarch64-linux-gnu.so
-- Installing: /home/kraken/kraken-nano/ROS/ws/install/custom/local/lib/python3.10/dist-packages/custom/custom_s__rosidl_typesupport_fastrtps_c.cpython-310-aarch64-linux-gnu.so
-- Installing: /home/kraken/kraken-nano/ROS/ws/install/custom/local/lib/python3.10/dist-packages/custom/__init__.py
-- Installing: /home/kraken/kraken-nano/ROS/ws/install/custom/local/lib/python3.10/dist-packages/custom/_custom_s.ep.rosidl_typesupport_introspection_c.c
Listing '/home/kraken/kraken-nano/ROS/ws/install/custom/local/lib/python3.10/dist-packages/custom'...
Compiling '/home/kraken/kraken-nano/ROS/ws/install/custom/local/lib/python3.10/dist-packages/custom/__init__.py'...
Listing '/home/kraken/kraken-nano/ROS/ws/install/custom/local/lib/python3.10/dist-packages/custom/msg'...
Compiling '/home/kraken/kraken-nano/ROS/ws/install/custom/local/lib/python3.10/dist-packages/custom/msg/__init__.py'...
Compiling '/home/kraken/kraken-nano/ROS/ws/install/custom/local/lib/python3.10/dist-packages/custom/msg/_euler.py'...
Compiling '/home/kraken/kraken-nano/ROS/ws/install/custom/local/lib/python3.10/dist-packages/custom/msg/_point.py'...
Compiling '/home/kraken/kraken-nano/ROS/ws/install/custom/local/lib/python3.10/dist-packages/custom/msg/_pose_e.py'...
Compiling '/home/kraken/kraken-nano/ROS/ws/install/custom/local/lib/python3.10/dist-packages/custom/msg/_task.py'...
-- Installing: /home/kraken/kraken-nano/ROS/ws/install/custom/local/lib/python3.10/dist-packages/custom/custom_s__rosidl_typesupport_fastrtps_c.cpython-310-aarch64-linux-gnu.so
-- Set runtime path of "/home/kraken/kraken-nano/ROS/ws/install/custom/local/lib/python3.10/dist-packages/custom/custom_s__rosidl_typesupport_fastrtps_c.cpython-310-aarch64-linux-gnu.so" to ""
-- Installing: /home/kraken/kraken-nano/ROS/ws/install/custom/local/lib/python3.10/dist-packages/custom/custom_s__rosidl_typesupport_introspection_c.cpython-310-aarch64-linux-gnu.so
-- Set runtime path of "/home/kraken/kraken-nano/ROS/ws/install/custom/local/lib/python3.10/dist-packages/custom/custom_s__rosidl_typesupport_introspection_c.cpython-310-aarch64-linux-gnu.so" to ""
-- Installing: /home/kraken/kraken-nano/ROS/ws/install/custom/local/lib/python3.10/dist-packages/custom/custom_s__rosidl_typesupport_c.cpython-310-aarch64-linux-gnu.so
-- Set runtime path of "/home/kraken/kraken-nano/ROS/ws/install/custom/local/lib/python3.10/dist-packages/custom/custom_s__rosidl_typesupport_c.cpython-310-aarch64-linux-gnu.so" to ""
-- Installing: /home/kraken/kraken-nano/ROS/ws/install/custom/lib/libcustom__rosidl_generator_py.so
-- Set runtime path of "/home/kraken/kraken-nano/ROS/ws/install/custom/lib/libcustom__rosidl_generator_py.so" to ""
-- Installing: /home/kraken/kraken-nano/ROS/ws/install/custom/share/custom/msg/Task.idl
-- Installing: /home/kraken/kraken-nano/ROS/ws/install/custom/share/custom/msg/PoseE.idl
-- Installing: /home/kraken/kraken-nano/ROS/ws/install/custom/share/custom/msg/Point.idl
-- Installing: /home/kraken/kraken-nano/ROS/ws/install/custom/share/custom/msg/Euler.idl
-- Installing: /home/kraken/kraken-nano/ROS/ws/install/custom/share/custom/msg/Task.msg
-- Installing: /home/kraken/kraken-nano/ROS/ws/install/custom/share/custom/msg/PoseE.msg
-- Installing: /home/kraken/kraken-nano/ROS/ws/install/custom/share/custom/msg/Point.msg
-- Installing: /home/kraken/kraken-nano/ROS/ws/install/custom/share/custom/msg/Euler.msg
-- Installing: /home/kraken/kraken-nano/ROS/ws/install/custom/share/ament_index/resource_index/package_run_dependencies/custom
-- Installing: /home/kraken/kraken-nano/ROS/ws/install/custom/share/ament_index/resource_index/parent_prefix_path/custom
-- Installing: /home/kraken/kraken-nano/ROS/ws/install/custom/share/custom/environment/ament_prefix_path.sh
-- Installing: /home/kraken/kraken-nano/ROS/ws/install/custom/share/custom/environment/ament_prefix_path.dsv
-- Installing: /home/kraken/kraken-nano/ROS/ws/install/custom/share/custom/environment/path.sh
-- Installing: /home/kraken/kraken-nano/ROS/ws/install/custom/share/custom/environment/path.dsv
-- Installing: /home/kraken/kraken-nano/ROS/ws/install/custom/share/custom/local_setup.bash
-- Installing: /home/kraken/kraken-nano/ROS/ws/install/custom/share/custom/local_setup.sh
-- Installing: /home/kraken/kraken-nano/ROS/ws/install/custom/share/custom/local_setup.zsh
-- Installing: /home/kraken/kraken-nano/ROS/ws/install/custom/share/custom/local_setup.dsv
-- Installing: /home/kraken/kraken-nano/ROS/ws/install/custom/share/custom/package.dsv
-- Installing: /home/kraken/kraken-nano/ROS/ws/install/custom/share/ament_index/resource_index/packages/custom
-- Installing: /home/kraken/kraken-nano/ROS/ws/install/custom/share/custom/cmake/export_custom__rosidl_generator_cExport.cmake
-- Installing: /home/kraken/kraken-nano/ROS/ws/install/custom/share/custom/cmake/export_custom__rosidl_generator_cExport-noconfig.cmake
-- Installing: /home/kraken/kraken-nano/ROS/ws/install/custom/share/custom/cmake/export_custom__rosidl_typesupport_fastrtps_cExport.cmake
-- Installing: /home/kraken/kraken-nano/ROS/ws/install/custom/share/custom/cmake/export_custom__rosidl_typesupport_fastrtps_cExport-noconfig.cmake
-- Installing: /home/kraken/kraken-nano/ROS/ws/install/custom/share/custom/cmake/custom__rosidl_typesupport_introspection_cExport.cmake
-- Installing: /home/kraken/kraken-nano/ROS/ws/install/custom/share/custom/cmake/custom__rosidl_typesupport_introspection_cExport-noconfig.cmake
-- Installing: /home/kraken/kraken-nano/ROS/ws/install/custom/share/custom/cmake/custom__rosidl_typesupport_cExport.cmake
-- Installing: /home/kraken/kraken-nano/ROS/ws/install/custom/share/custom/cmake/custom__rosidl_typesupport_cExport-noconfig.cmake
-- Installing: /home/kraken/kraken-nano/ROS/ws/install/custom/share/custom/cmake/export_custom__rosidl_generator_cppExport.cmake
-- Installing: /home/kraken/kraken-nano/ROS/ws/install/custom/share/custom/cmake/export_custom__rosidl_typesupport_fastrtps_cppExport.cmake
-- Installing: /home/kraken/kraken-nano/ROS/ws/install/custom/share/custom/cmake/export_custom__rosidl_typesupport_fastrtps_cppExport-noconfig.cmake
-- Installing: /home/kraken/kraken-nano/ROS/ws/install/custom/share/custom/cmake/custom__rosidl_typesupport_introspection_cppExport.cmake
-- Installing: /home/kraken/kraken-nano/ROS/ws/install/custom/share/custom/cmake/custom__rosidl_typesupport_introspection_cppExport-noconfig.cmake
-- Installing: /home/kraken/kraken-nano/ROS/ws/install/custom/share/custom/cmake/custom__rosidl_typesupport_cppExport.cmake
-- Installing: /home/kraken/kraken-nano/ROS/ws/install/custom/share/custom/cmake/custom__rosidl_typesupport_cppExport-noconfig.cmake
-- Installing: /home/kraken/kraken-nano/ROS/ws/install/custom/share/custom/cmake/export_custom__rosidl_generator_pyExport.cmake
-- Installing: /home/kraken/kraken-nano/ROS/ws/install/custom/share/custom/cmake/export_custom__rosidl_generator_pyExport-noconfig.cmake
-- Installing: /home/kraken/kraken-nano/ROS/ws/install/custom/share/custom/cmake/rosidl_cmake-extras.cmake
-- Installing: /home/kraken/kraken-nano/ROS/ws/install/custom/share/custom/cmake/ament_cmake_export_include_directories-extras.cmake
-- Installing: /home/kraken/kraken-nano/ROS/ws/install/custom/share/custom/cmake/ament_cmake_export_libraries-extras.cmake
-- Installing: /home/kraken/kraken-nano/ROS/ws/install/custom/share/custom/cmake/ament_cmake_export_targets-extras.cmake
-- Installing: /home/kraken/kraken-nano/ROS/ws/install/custom/share/custom/cmake/rosidl_cmake_export_typesupport_targets-extras.cmake
-- Installing: /home/kraken/kraken-nano/ROS/ws/install/custom/share/custom/cmake/ament_cmake_export_dependencies-extras.cmake
-- Installing: /home/kraken/kraken-nano/ROS/ws/install/custom/share/custom/cmake/rosidl_cmake_export_typesupport_libraries-extras.cmake
-- Installing: /home/kraken/kraken-nano/ROS/ws/install/custom/share/custom/cmake/customConfig.cmake
-- Installing: /home/kraken/kraken-nano/ROS/ws/install/custom/share/custom/cmake/customConfig-version.cmake
-- Installing: /home/kraken/kraken-nano/ROS/ws/install/custom/share/custom/package.xml
