[0.018s] Invoking command in '/home/kraken/kraken-nano/ROS/ws/build/custom': CMAKE_PREFIX_PATH=/opt/ros/humble /usr/bin/cmake /home/kraken/kraken-nano/ROS/ws/src/custom -DCMAKE_INSTALL_PREFIX=/home/kraken/kraken-nano/ROS/ws/install/custom
[0.133s] -- The C compiler identification is GNU 11.4.0
[0.258s] -- The CXX compiler identification is GNU 11.4.0
[0.285s] -- Detecting C compiler ABI info
[0.420s] -- Detecting C compiler ABI info - done
[0.431s] -- Check for working C compiler: /usr/bin/cc - skipped
[0.433s] -- Detecting C compile features
[0.435s] -- Detecting C compile features - done
[0.440s] -- Detecting CXX compiler ABI info
[0.579s] -- Detecting CXX compiler ABI info - done
[0.604s] -- Check for working CXX compiler: /usr/bin/c++ - skipped
[0.605s] -- Detecting CXX compile features
[0.606s] -- Detecting CXX compile features - done
[0.613s] -- Found ament_cmake: 1.3.12 (/opt/ros/humble/share/ament_cmake/cmake)
[0.903s] -- Found Python3: /usr/bin/python3 (found version "3.10.12") found components: Interpreter 
[1.082s] -- Found ament_lint_auto: 0.12.14 (/opt/ros/humble/share/ament_lint_auto/cmake)
[1.213s] -- Found rosidl_default_generators: 1.2.0 (/opt/ros/humble/share/rosidl_default_generators/cmake)
[1.220s] -- Using all available rosidl_typesupport_c: rosidl_typesupport_fastrtps_c;rosidl_typesupport_introspection_c
[1.233s] -- Found rosidl_adapter: 3.1.7 (/opt/ros/humble/share/rosidl_adapter/cmake)
[1.296s] -- Using all available rosidl_typesupport_cpp: rosidl_typesupport_fastrtps_cpp;rosidl_typesupport_introspection_cpp
[1.719s] -- Found ament_cmake_ros: 0.10.0 (/opt/ros/humble/share/ament_cmake_ros/cmake)
[2.103s] -- Using all available rosidl_typesupport_c: rosidl_typesupport_fastrtps_c;rosidl_typesupport_introspection_c
[2.604s] -- Using all available rosidl_typesupport_cpp: rosidl_typesupport_fastrtps_cpp;rosidl_typesupport_introspection_cpp
[2.653s] -- Found PythonInterp: /usr/bin/python3 (found suitable version "3.10.12", minimum required is "3.6") 
[2.656s] -- Found python_cmake_module: 0.10.0 (/opt/ros/humble/share/python_cmake_module/cmake)
[2.713s] -- Found PythonLibs: /usr/lib/aarch64-linux-gnu/libpython3.10.so (found suitable version "3.10.12", minimum required is "3.5") 
[2.713s] -- Using PYTHON_EXECUTABLE: /usr/bin/python3
[2.713s] -- Using PYTHON_INCLUDE_DIRS: /usr/include/python3.10
[2.714s] -- Using PYTHON_LIBRARIES: /usr/lib/aarch64-linux-gnu/libpython3.10.so
[2.760s] -- Found PythonExtra: .so  
[2.827s] -- Added test 'flake8' to check Python code syntax and style conventions
[2.828s] -- Added test 'lint_cmake' to check CMake code style
[2.830s] -- Added test 'pep257' to check Python code against some of the docstring style conventions in PEP 257
[2.833s] -- Added test 'xmllint' to check XML markup files
[2.842s] -- Configuring done
[2.901s] -- Generating done
[2.919s] -- Build files have been written to: /home/kraken/kraken-nano/ROS/ws/build/custom
[2.934s] Invoked command in '/home/kraken/kraken-nano/ROS/ws/build/custom' returned '0': CMAKE_PREFIX_PATH=/opt/ros/humble /usr/bin/cmake /home/kraken/kraken-nano/ROS/ws/src/custom -DCMAKE_INSTALL_PREFIX=/home/kraken/kraken-nano/ROS/ws/install/custom
[2.938s] Invoking command in '/home/kraken/kraken-nano/ROS/ws/build/custom': CMAKE_PREFIX_PATH=/opt/ros/humble /usr/bin/cmake --build /home/kraken/kraken-nano/ROS/ws/build/custom -- -j6 -l6
[3.006s] [  1%] [34m[1mGenerating C code for ROS interfaces[0m
[3.023s] [  3%] [34m[1mGenerating C++ code for ROS interfaces[0m
[3.039s] [  3%] Built target ament_cmake_python_copy_custom
[3.493s] running egg_info
[3.494s] creating custom.egg-info
[3.494s] writing custom.egg-info/PKG-INFO
[3.495s] writing dependency_links to custom.egg-info/dependency_links.txt
[3.495s] writing top-level names to custom.egg-info/top_level.txt
[3.495s] writing manifest file 'custom.egg-info/SOURCES.txt'
[3.499s] reading manifest file 'custom.egg-info/SOURCES.txt'
[3.500s] writing manifest file 'custom.egg-info/SOURCES.txt'
[3.568s] [  3%] Built target ament_cmake_python_build_custom_egg
[3.760s] [  3%] Built target custom__cpp
[3.777s] [  9%] [34m[1mGenerating C++ introspection for ROS interfaces[0m
[3.777s] [  9%] [34m[1mGenerating C++ type support dispatch for ROS interfaces[0m
[3.778s] [  9%] [34m[1mGenerating C++ type support for eProsima Fast-RTPS[0m
[3.811s] [ 12%] [32mBuilding C object CMakeFiles/custom__rosidl_generator_c.dir/rosidl_generator_c/custom/msg/detail/pose_e__functions.c.o[0m
[3.812s] [ 12%] [32mBuilding C object CMakeFiles/custom__rosidl_generator_c.dir/rosidl_generator_c/custom/msg/detail/task__functions.c.o[0m
[3.825s] [ 14%] [32mBuilding C object CMakeFiles/custom__rosidl_generator_c.dir/rosidl_generator_c/custom/msg/detail/point__functions.c.o[0m
[3.927s] [ 16%] [32mBuilding C object CMakeFiles/custom__rosidl_generator_c.dir/rosidl_generator_c/custom/msg/detail/euler__functions.c.o[0m
[4.015s] [ 18%] [32m[1mLinking C shared library libcustom__rosidl_generator_c.so[0m
[4.077s] [ 18%] Built target custom__rosidl_generator_c
[4.094s] [ 21%] [34m[1mGenerating C type support for eProsima Fast-RTPS[0m
[4.094s] [ 21%] [34m[1mGenerating C introspection for ROS interfaces[0m
[4.108s] [ 23%] [34m[1mGenerating C type support dispatch for ROS interfaces[0m
[4.337s] [ 25%] [32mBuilding CXX object CMakeFiles/custom__rosidl_typesupport_cpp.dir/rosidl_typesupport_cpp/custom/msg/task__type_support.cpp.o[0m
[4.622s] [ 27%] [32mBuilding CXX object CMakeFiles/custom__rosidl_typesupport_introspection_cpp.dir/rosidl_typesupport_introspection_cpp/custom/msg/detail/task__type_support.cpp.o[0m
[4.660s] [ 29%] [32mBuilding CXX object CMakeFiles/custom__rosidl_typesupport_c.dir/rosidl_typesupport_c/custom/msg/task__type_support.cpp.o[0m
[4.717s] [ 30%] [32mBuilding CXX object CMakeFiles/custom__rosidl_typesupport_c.dir/rosidl_typesupport_c/custom/msg/pose_e__type_support.cpp.o[0m
[4.730s] [ 32%] [32mBuilding CXX object CMakeFiles/custom__rosidl_typesupport_fastrtps_cpp.dir/rosidl_typesupport_fastrtps_cpp/custom/msg/detail/dds_fastrtps/task__type_support.cpp.o[0m
[4.796s] [ 34%] [32mBuilding CXX object CMakeFiles/custom__rosidl_typesupport_c.dir/rosidl_typesupport_c/custom/msg/point__type_support.cpp.o[0m
[4.856s] [ 36%] [32mBuilding C object CMakeFiles/custom__rosidl_typesupport_introspection_c.dir/rosidl_typesupport_introspection_c/custom/msg/detail/task__type_support.c.o[0m
[4.896s] [ 38%] [32mBuilding CXX object CMakeFiles/custom__rosidl_typesupport_c.dir/rosidl_typesupport_c/custom/msg/euler__type_support.cpp.o[0m
[4.911s] [ 40%] [32mBuilding CXX object CMakeFiles/custom__rosidl_typesupport_cpp.dir/rosidl_typesupport_cpp/custom/msg/pose_e__type_support.cpp.o[0m
[4.913s] [ 41%] [32mBuilding CXX object CMakeFiles/custom__rosidl_typesupport_fastrtps_c.dir/rosidl_typesupport_fastrtps_c/custom/msg/detail/task__type_support_c.cpp.o[0m
[4.930s] [ 43%] [32mBuilding C object CMakeFiles/custom__rosidl_typesupport_introspection_c.dir/rosidl_typesupport_introspection_c/custom/msg/detail/pose_e__type_support.c.o[0m
[4.993s] [ 45%] [32mBuilding C object CMakeFiles/custom__rosidl_typesupport_introspection_c.dir/rosidl_typesupport_introspection_c/custom/msg/detail/point__type_support.c.o[0m
[5.035s] [ 47%] [32m[1mLinking CXX shared library libcustom__rosidl_typesupport_c.so[0m
[5.096s] [ 49%] [32mBuilding C object CMakeFiles/custom__rosidl_typesupport_introspection_c.dir/rosidl_typesupport_introspection_c/custom/msg/detail/euler__type_support.c.o[0m
[5.105s] [ 49%] Built target custom__rosidl_typesupport_c
[5.121s] [ 50%] [32mBuilding CXX object CMakeFiles/custom__rosidl_typesupport_cpp.dir/rosidl_typesupport_cpp/custom/msg/point__type_support.cpp.o[0m
[5.231s] [ 52%] [32m[1mLinking C shared library libcustom__rosidl_typesupport_introspection_c.so[0m
[5.353s] [ 52%] Built target custom__rosidl_typesupport_introspection_c
[5.378s] [ 54%] [32mBuilding CXX object CMakeFiles/custom__rosidl_typesupport_cpp.dir/rosidl_typesupport_cpp/custom/msg/euler__type_support.cpp.o[0m
[5.390s] [ 56%] [32mBuilding CXX object CMakeFiles/custom__rosidl_typesupport_introspection_cpp.dir/rosidl_typesupport_introspection_cpp/custom/msg/detail/pose_e__type_support.cpp.o[0m
[5.553s] [ 58%] [32mBuilding CXX object CMakeFiles/custom__rosidl_typesupport_introspection_cpp.dir/rosidl_typesupport_introspection_cpp/custom/msg/detail/point__type_support.cpp.o[0m
[5.625s] [ 60%] [32mBuilding CXX object CMakeFiles/custom__rosidl_typesupport_fastrtps_c.dir/rosidl_typesupport_fastrtps_c/custom/msg/detail/pose_e__type_support_c.cpp.o[0m
[5.640s] [ 61%] [32mBuilding CXX object CMakeFiles/custom__rosidl_typesupport_introspection_cpp.dir/rosidl_typesupport_introspection_cpp/custom/msg/detail/euler__type_support.cpp.o[0m
[5.666s] [ 63%] [32mBuilding CXX object CMakeFiles/custom__rosidl_typesupport_fastrtps_cpp.dir/rosidl_typesupport_fastrtps_cpp/custom/msg/detail/dds_fastrtps/pose_e__type_support.cpp.o[0m
[5.919s] [ 65%] [32m[1mLinking CXX shared library libcustom__rosidl_typesupport_cpp.so[0m
[6.087s] [ 65%] Built target custom__rosidl_typesupport_cpp
[6.103s] [ 67%] [32mBuilding CXX object CMakeFiles/custom__rosidl_typesupport_fastrtps_c.dir/rosidl_typesupport_fastrtps_c/custom/msg/detail/point__type_support_c.cpp.o[0m
[6.183s] [ 69%] [32mBuilding CXX object CMakeFiles/custom__rosidl_typesupport_fastrtps_c.dir/rosidl_typesupport_fastrtps_c/custom/msg/detail/euler__type_support_c.cpp.o[0m
[6.344s] [ 70%] [32mBuilding CXX object CMakeFiles/custom__rosidl_typesupport_fastrtps_cpp.dir/rosidl_typesupport_fastrtps_cpp/custom/msg/detail/dds_fastrtps/point__type_support.cpp.o[0m
[6.381s] [ 72%] [32mBuilding CXX object CMakeFiles/custom__rosidl_typesupport_fastrtps_cpp.dir/rosidl_typesupport_fastrtps_cpp/custom/msg/detail/dds_fastrtps/euler__type_support.cpp.o[0m
[6.530s] [ 74%] [32m[1mLinking CXX shared library libcustom__rosidl_typesupport_introspection_cpp.so[0m
[6.652s] [ 74%] Built target custom__rosidl_typesupport_introspection_cpp
[6.920s] [ 76%] [32m[1mLinking CXX shared library libcustom__rosidl_typesupport_fastrtps_c.so[0m
[7.068s] [ 76%] Built target custom__rosidl_typesupport_fastrtps_c
[7.241s] [ 78%] [32m[1mLinking CXX shared library libcustom__rosidl_typesupport_fastrtps_cpp.so[0m
[7.396s] [ 78%] Built target custom__rosidl_typesupport_fastrtps_cpp
[7.439s] [ 78%] Built target custom
[7.487s] [ 80%] [34m[1mGenerating Python code for ROS interfaces[0m
[8.425s] [ 80%] Built target custom__py
[8.471s] [ 83%] [32mBuilding C object CMakeFiles/custom__rosidl_generator_py.dir/rosidl_generator_py/custom/msg/_task_s.c.o[0m
[8.472s] [ 83%] [32mBuilding C object CMakeFiles/custom__rosidl_generator_py.dir/rosidl_generator_py/custom/msg/_pose_e_s.c.o[0m
[8.472s] [ 85%] [32mBuilding C object CMakeFiles/custom__rosidl_generator_py.dir/rosidl_generator_py/custom/msg/_point_s.c.o[0m
[8.472s] [ 87%] [32mBuilding C object CMakeFiles/custom__rosidl_generator_py.dir/rosidl_generator_py/custom/msg/_euler_s.c.o[0m
[8.679s] [ 89%] [32m[1mLinking C shared library rosidl_generator_py/custom/libcustom__rosidl_generator_py.so[0m
[8.752s] [ 89%] Built target custom__rosidl_generator_py
[8.791s] [ 94%] [32mBuilding C object CMakeFiles/custom__rosidl_typesupport_fastrtps_c__pyext.dir/rosidl_generator_py/custom/_custom_s.ep.rosidl_typesupport_fastrtps_c.c.o[0m
[8.792s] [ 94%] [32mBuilding C object CMakeFiles/custom__rosidl_typesupport_introspection_c__pyext.dir/rosidl_generator_py/custom/_custom_s.ep.rosidl_typesupport_introspection_c.c.o[0m
[8.792s] [ 94%] [32mBuilding C object CMakeFiles/custom__rosidl_typesupport_c__pyext.dir/rosidl_generator_py/custom/_custom_s.ep.rosidl_typesupport_c.c.o[0m
[8.972s] [ 98%] [32m[1mLinking C shared library rosidl_generator_py/custom/custom_s__rosidl_typesupport_introspection_c.cpython-310-aarch64-linux-gnu.so[0m
[8.972s] [ 98%] [32m[1mLinking C shared library rosidl_generator_py/custom/custom_s__rosidl_typesupport_c.cpython-310-aarch64-linux-gnu.so[0m
[8.998s] [100%] [32m[1mLinking C shared library rosidl_generator_py/custom/custom_s__rosidl_typesupport_fastrtps_c.cpython-310-aarch64-linux-gnu.so[0m
[9.035s] [100%] Built target custom__rosidl_typesupport_c__pyext
[9.035s] [100%] Built target custom__rosidl_typesupport_introspection_c__pyext
[9.070s] [100%] Built target custom__rosidl_typesupport_fastrtps_c__pyext
[9.101s] Invoked command in '/home/kraken/kraken-nano/ROS/ws/build/custom' returned '0': CMAKE_PREFIX_PATH=/opt/ros/humble /usr/bin/cmake --build /home/kraken/kraken-nano/ROS/ws/build/custom -- -j6 -l6
[9.123s] Invoking command in '/home/kraken/kraken-nano/ROS/ws/build/custom': CMAKE_PREFIX_PATH=/opt/ros/humble /usr/bin/cmake --install /home/kraken/kraken-nano/ROS/ws/build/custom
[9.139s] -- Install configuration: ""
[9.140s] -- Installing: /home/kraken/kraken-nano/ROS/ws/install/custom/share/ament_index/resource_index/rosidl_interfaces/custom
[9.140s] -- Installing: /home/kraken/kraken-nano/ROS/ws/install/custom/include/custom/custom
[9.140s] -- Installing: /home/kraken/kraken-nano/ROS/ws/install/custom/include/custom/custom/msg
[9.141s] -- Installing: /home/kraken/kraken-nano/ROS/ws/install/custom/include/custom/custom/msg/rosidl_generator_c__visibility_control.h
[9.141s] -- Installing: /home/kraken/kraken-nano/ROS/ws/install/custom/include/custom/custom/msg/task.h
[9.141s] -- Installing: /home/kraken/kraken-nano/ROS/ws/install/custom/include/custom/custom/msg/detail
[9.141s] -- Installing: /home/kraken/kraken-nano/ROS/ws/install/custom/include/custom/custom/msg/detail/pose_e__functions.c
[9.142s] -- Installing: /home/kraken/kraken-nano/ROS/ws/install/custom/include/custom/custom/msg/detail/task__functions.c
[9.142s] -- Installing: /home/kraken/kraken-nano/ROS/ws/install/custom/include/custom/custom/msg/detail/euler__struct.h
[9.142s] -- Installing: /home/kraken/kraken-nano/ROS/ws/install/custom/include/custom/custom/msg/detail/pose_e__functions.h
[9.142s] -- Installing: /home/kraken/kraken-nano/ROS/ws/install/custom/include/custom/custom/msg/detail/task__type_support.h
[9.143s] -- Installing: /home/kraken/kraken-nano/ROS/ws/install/custom/include/custom/custom/msg/detail/euler__type_support.h
[9.143s] -- Installing: /home/kraken/kraken-nano/ROS/ws/install/custom/include/custom/custom/msg/detail/point__struct.h
[9.143s] -- Installing: /home/kraken/kraken-nano/ROS/ws/install/custom/include/custom/custom/msg/detail/point__type_support.h
[9.143s] -- Installing: /home/kraken/kraken-nano/ROS/ws/install/custom/include/custom/custom/msg/detail/euler__functions.h
[9.144s] -- Installing: /home/kraken/kraken-nano/ROS/ws/install/custom/include/custom/custom/msg/detail/task__functions.h
[9.144s] -- Installing: /home/kraken/kraken-nano/ROS/ws/install/custom/include/custom/custom/msg/detail/point__functions.c
[9.144s] -- Installing: /home/kraken/kraken-nano/ROS/ws/install/custom/include/custom/custom/msg/detail/pose_e__struct.h
[9.144s] -- Installing: /home/kraken/kraken-nano/ROS/ws/install/custom/include/custom/custom/msg/detail/point__functions.h
[9.145s] -- Installing: /home/kraken/kraken-nano/ROS/ws/install/custom/include/custom/custom/msg/detail/task__struct.h
[9.145s] -- Installing: /home/kraken/kraken-nano/ROS/ws/install/custom/include/custom/custom/msg/detail/euler__functions.c
[9.145s] -- Installing: /home/kraken/kraken-nano/ROS/ws/install/custom/include/custom/custom/msg/detail/pose_e__type_support.h
[9.145s] -- Installing: /home/kraken/kraken-nano/ROS/ws/install/custom/include/custom/custom/msg/point.h
[9.146s] -- Installing: /home/kraken/kraken-nano/ROS/ws/install/custom/include/custom/custom/msg/euler.h
[9.146s] -- Installing: /home/kraken/kraken-nano/ROS/ws/install/custom/include/custom/custom/msg/pose_e.h
[9.147s] -- Installing: /home/kraken/kraken-nano/ROS/ws/install/custom/share/custom/environment/library_path.sh
[9.147s] -- Installing: /home/kraken/kraken-nano/ROS/ws/install/custom/share/custom/environment/library_path.dsv
[9.147s] -- Installing: /home/kraken/kraken-nano/ROS/ws/install/custom/lib/libcustom__rosidl_generator_c.so
[9.148s] -- Set runtime path of "/home/kraken/kraken-nano/ROS/ws/install/custom/lib/libcustom__rosidl_generator_c.so" to ""
[9.148s] -- Up-to-date: /home/kraken/kraken-nano/ROS/ws/install/custom/include/custom/custom
[9.148s] -- Up-to-date: /home/kraken/kraken-nano/ROS/ws/install/custom/include/custom/custom/msg
[9.149s] -- Installing: /home/kraken/kraken-nano/ROS/ws/install/custom/include/custom/custom/msg/rosidl_typesupport_fastrtps_c__visibility_control.h
[9.149s] -- Up-to-date: /home/kraken/kraken-nano/ROS/ws/install/custom/include/custom/custom/msg/detail
[9.149s] -- Installing: /home/kraken/kraken-nano/ROS/ws/install/custom/include/custom/custom/msg/detail/point__rosidl_typesupport_fastrtps_c.h
[9.149s] -- Installing: /home/kraken/kraken-nano/ROS/ws/install/custom/include/custom/custom/msg/detail/euler__rosidl_typesupport_fastrtps_c.h
[9.149s] -- Installing: /home/kraken/kraken-nano/ROS/ws/install/custom/include/custom/custom/msg/detail/pose_e__rosidl_typesupport_fastrtps_c.h
[9.149s] -- Installing: /home/kraken/kraken-nano/ROS/ws/install/custom/include/custom/custom/msg/detail/task__rosidl_typesupport_fastrtps_c.h
[9.150s] -- Installing: /home/kraken/kraken-nano/ROS/ws/install/custom/lib/libcustom__rosidl_typesupport_fastrtps_c.so
[9.150s] -- Set runtime path of "/home/kraken/kraken-nano/ROS/ws/install/custom/lib/libcustom__rosidl_typesupport_fastrtps_c.so" to ""
[9.150s] -- Up-to-date: /home/kraken/kraken-nano/ROS/ws/install/custom/include/custom/custom
[9.150s] -- Up-to-date: /home/kraken/kraken-nano/ROS/ws/install/custom/include/custom/custom/msg
[9.151s] -- Installing: /home/kraken/kraken-nano/ROS/ws/install/custom/include/custom/custom/msg/rosidl_typesupport_introspection_c__visibility_control.h
[9.151s] -- Up-to-date: /home/kraken/kraken-nano/ROS/ws/install/custom/include/custom/custom/msg/detail
[9.151s] -- Installing: /home/kraken/kraken-nano/ROS/ws/install/custom/include/custom/custom/msg/detail/euler__type_support.c
[9.151s] -- Installing: /home/kraken/kraken-nano/ROS/ws/install/custom/include/custom/custom/msg/detail/pose_e__rosidl_typesupport_introspection_c.h
[9.151s] -- Installing: /home/kraken/kraken-nano/ROS/ws/install/custom/include/custom/custom/msg/detail/task__type_support.c
[9.151s] -- Installing: /home/kraken/kraken-nano/ROS/ws/install/custom/include/custom/custom/msg/detail/pose_e__type_support.c
[9.152s] -- Installing: /home/kraken/kraken-nano/ROS/ws/install/custom/include/custom/custom/msg/detail/task__rosidl_typesupport_introspection_c.h
[9.152s] -- Installing: /home/kraken/kraken-nano/ROS/ws/install/custom/include/custom/custom/msg/detail/point__rosidl_typesupport_introspection_c.h
[9.152s] -- Installing: /home/kraken/kraken-nano/ROS/ws/install/custom/include/custom/custom/msg/detail/point__type_support.c
[9.152s] -- Installing: /home/kraken/kraken-nano/ROS/ws/install/custom/include/custom/custom/msg/detail/euler__rosidl_typesupport_introspection_c.h
[9.153s] -- Installing: /home/kraken/kraken-nano/ROS/ws/install/custom/lib/libcustom__rosidl_typesupport_introspection_c.so
[9.153s] -- Set runtime path of "/home/kraken/kraken-nano/ROS/ws/install/custom/lib/libcustom__rosidl_typesupport_introspection_c.so" to ""
[9.153s] -- Installing: /home/kraken/kraken-nano/ROS/ws/install/custom/lib/libcustom__rosidl_typesupport_c.so
[9.154s] -- Set runtime path of "/home/kraken/kraken-nano/ROS/ws/install/custom/lib/libcustom__rosidl_typesupport_c.so" to ""
[9.154s] -- Up-to-date: /home/kraken/kraken-nano/ROS/ws/install/custom/include/custom/custom
[9.154s] -- Up-to-date: /home/kraken/kraken-nano/ROS/ws/install/custom/include/custom/custom/msg
[9.154s] -- Installing: /home/kraken/kraken-nano/ROS/ws/install/custom/include/custom/custom/msg/pose_e.hpp
[9.155s] -- Installing: /home/kraken/kraken-nano/ROS/ws/install/custom/include/custom/custom/msg/euler.hpp
[9.155s] -- Installing: /home/kraken/kraken-nano/ROS/ws/install/custom/include/custom/custom/msg/rosidl_generator_cpp__visibility_control.hpp
[9.155s] -- Installing: /home/kraken/kraken-nano/ROS/ws/install/custom/include/custom/custom/msg/point.hpp
[9.155s] -- Up-to-date: /home/kraken/kraken-nano/ROS/ws/install/custom/include/custom/custom/msg/detail
[9.155s] -- Installing: /home/kraken/kraken-nano/ROS/ws/install/custom/include/custom/custom/msg/detail/pose_e__builder.hpp
[9.155s] -- Installing: /home/kraken/kraken-nano/ROS/ws/install/custom/include/custom/custom/msg/detail/euler__struct.hpp
[9.156s] -- Installing: /home/kraken/kraken-nano/ROS/ws/install/custom/include/custom/custom/msg/detail/point__struct.hpp
[9.156s] -- Installing: /home/kraken/kraken-nano/ROS/ws/install/custom/include/custom/custom/msg/detail/euler__type_support.hpp
[9.156s] -- Installing: /home/kraken/kraken-nano/ROS/ws/install/custom/include/custom/custom/msg/detail/task__struct.hpp
[9.156s] -- Installing: /home/kraken/kraken-nano/ROS/ws/install/custom/include/custom/custom/msg/detail/point__builder.hpp
[9.156s] -- Installing: /home/kraken/kraken-nano/ROS/ws/install/custom/include/custom/custom/msg/detail/pose_e__type_support.hpp
[9.157s] -- Installing: /home/kraken/kraken-nano/ROS/ws/install/custom/include/custom/custom/msg/detail/task__traits.hpp
[9.157s] -- Installing: /home/kraken/kraken-nano/ROS/ws/install/custom/include/custom/custom/msg/detail/point__traits.hpp
[9.157s] -- Installing: /home/kraken/kraken-nano/ROS/ws/install/custom/include/custom/custom/msg/detail/task__builder.hpp
[9.157s] -- Installing: /home/kraken/kraken-nano/ROS/ws/install/custom/include/custom/custom/msg/detail/euler__traits.hpp
[9.157s] -- Installing: /home/kraken/kraken-nano/ROS/ws/install/custom/include/custom/custom/msg/detail/task__type_support.hpp
[9.158s] -- Installing: /home/kraken/kraken-nano/ROS/ws/install/custom/include/custom/custom/msg/detail/pose_e__struct.hpp
[9.158s] -- Installing: /home/kraken/kraken-nano/ROS/ws/install/custom/include/custom/custom/msg/detail/point__type_support.hpp
[9.158s] -- Installing: /home/kraken/kraken-nano/ROS/ws/install/custom/include/custom/custom/msg/detail/euler__builder.hpp
[9.158s] -- Installing: /home/kraken/kraken-nano/ROS/ws/install/custom/include/custom/custom/msg/detail/pose_e__traits.hpp
[9.158s] -- Installing: /home/kraken/kraken-nano/ROS/ws/install/custom/include/custom/custom/msg/task.hpp
[9.159s] -- Up-to-date: /home/kraken/kraken-nano/ROS/ws/install/custom/include/custom/custom
[9.159s] -- Up-to-date: /home/kraken/kraken-nano/ROS/ws/install/custom/include/custom/custom/msg
[9.159s] -- Up-to-date: /home/kraken/kraken-nano/ROS/ws/install/custom/include/custom/custom/msg/detail
[9.159s] -- Installing: /home/kraken/kraken-nano/ROS/ws/install/custom/include/custom/custom/msg/detail/task__rosidl_typesupport_fastrtps_cpp.hpp
[9.159s] -- Installing: /home/kraken/kraken-nano/ROS/ws/install/custom/include/custom/custom/msg/detail/pose_e__rosidl_typesupport_fastrtps_cpp.hpp
[9.159s] -- Installing: /home/kraken/kraken-nano/ROS/ws/install/custom/include/custom/custom/msg/detail/point__rosidl_typesupport_fastrtps_cpp.hpp
[9.159s] -- Installing: /home/kraken/kraken-nano/ROS/ws/install/custom/include/custom/custom/msg/detail/euler__rosidl_typesupport_fastrtps_cpp.hpp
[9.160s] -- Installing: /home/kraken/kraken-nano/ROS/ws/install/custom/include/custom/custom/msg/detail/dds_fastrtps
[9.160s] -- Installing: /home/kraken/kraken-nano/ROS/ws/install/custom/include/custom/custom/msg/rosidl_typesupport_fastrtps_cpp__visibility_control.h
[9.160s] -- Installing: /home/kraken/kraken-nano/ROS/ws/install/custom/lib/libcustom__rosidl_typesupport_fastrtps_cpp.so
[9.161s] -- Set runtime path of "/home/kraken/kraken-nano/ROS/ws/install/custom/lib/libcustom__rosidl_typesupport_fastrtps_cpp.so" to ""
[9.161s] -- Up-to-date: /home/kraken/kraken-nano/ROS/ws/install/custom/include/custom/custom
[9.161s] -- Up-to-date: /home/kraken/kraken-nano/ROS/ws/install/custom/include/custom/custom/msg
[9.161s] -- Up-to-date: /home/kraken/kraken-nano/ROS/ws/install/custom/include/custom/custom/msg/detail
[9.161s] -- Installing: /home/kraken/kraken-nano/ROS/ws/install/custom/include/custom/custom/msg/detail/point__type_support.cpp
[9.161s] -- Installing: /home/kraken/kraken-nano/ROS/ws/install/custom/include/custom/custom/msg/detail/task__rosidl_typesupport_introspection_cpp.hpp
[9.162s] -- Installing: /home/kraken/kraken-nano/ROS/ws/install/custom/include/custom/custom/msg/detail/euler__rosidl_typesupport_introspection_cpp.hpp
[9.162s] -- Installing: /home/kraken/kraken-nano/ROS/ws/install/custom/include/custom/custom/msg/detail/point__rosidl_typesupport_introspection_cpp.hpp
[9.162s] -- Installing: /home/kraken/kraken-nano/ROS/ws/install/custom/include/custom/custom/msg/detail/task__type_support.cpp
[9.162s] -- Installing: /home/kraken/kraken-nano/ROS/ws/install/custom/include/custom/custom/msg/detail/euler__type_support.cpp
[9.162s] -- Installing: /home/kraken/kraken-nano/ROS/ws/install/custom/include/custom/custom/msg/detail/pose_e__rosidl_typesupport_introspection_cpp.hpp
[9.162s] -- Installing: /home/kraken/kraken-nano/ROS/ws/install/custom/include/custom/custom/msg/detail/pose_e__type_support.cpp
[9.163s] -- Installing: /home/kraken/kraken-nano/ROS/ws/install/custom/lib/libcustom__rosidl_typesupport_introspection_cpp.so
[9.163s] -- Set runtime path of "/home/kraken/kraken-nano/ROS/ws/install/custom/lib/libcustom__rosidl_typesupport_introspection_cpp.so" to ""
[9.163s] -- Installing: /home/kraken/kraken-nano/ROS/ws/install/custom/lib/libcustom__rosidl_typesupport_cpp.so
[9.164s] -- Set runtime path of "/home/kraken/kraken-nano/ROS/ws/install/custom/lib/libcustom__rosidl_typesupport_cpp.so" to ""
[9.164s] -- Installing: /home/kraken/kraken-nano/ROS/ws/install/custom/share/custom/environment/pythonpath.sh
[9.164s] -- Installing: /home/kraken/kraken-nano/ROS/ws/install/custom/share/custom/environment/pythonpath.dsv
[9.164s] -- Installing: /home/kraken/kraken-nano/ROS/ws/install/custom/local/lib/python3.10/dist-packages/custom-0.0.0-py3.10.egg-info
[9.165s] -- Installing: /home/kraken/kraken-nano/ROS/ws/install/custom/local/lib/python3.10/dist-packages/custom-0.0.0-py3.10.egg-info/SOURCES.txt
[9.165s] -- Installing: /home/kraken/kraken-nano/ROS/ws/install/custom/local/lib/python3.10/dist-packages/custom-0.0.0-py3.10.egg-info/PKG-INFO
[9.165s] -- Installing: /home/kraken/kraken-nano/ROS/ws/install/custom/local/lib/python3.10/dist-packages/custom-0.0.0-py3.10.egg-info/dependency_links.txt
[9.165s] -- Installing: /home/kraken/kraken-nano/ROS/ws/install/custom/local/lib/python3.10/dist-packages/custom-0.0.0-py3.10.egg-info/top_level.txt
[9.166s] -- Installing: /home/kraken/kraken-nano/ROS/ws/install/custom/local/lib/python3.10/dist-packages/custom
[9.166s] -- Installing: /home/kraken/kraken-nano/ROS/ws/install/custom/local/lib/python3.10/dist-packages/custom/libcustom__rosidl_generator_py.so
[9.166s] -- Installing: /home/kraken/kraken-nano/ROS/ws/install/custom/local/lib/python3.10/dist-packages/custom/_custom_s.ep.rosidl_typesupport_c.c
[9.166s] -- Installing: /home/kraken/kraken-nano/ROS/ws/install/custom/local/lib/python3.10/dist-packages/custom/_custom_s.ep.rosidl_typesupport_fastrtps_c.c
[9.166s] -- Installing: /home/kraken/kraken-nano/ROS/ws/install/custom/local/lib/python3.10/dist-packages/custom/msg
[9.167s] -- Installing: /home/kraken/kraken-nano/ROS/ws/install/custom/local/lib/python3.10/dist-packages/custom/msg/_point_s.c
[9.167s] -- Installing: /home/kraken/kraken-nano/ROS/ws/install/custom/local/lib/python3.10/dist-packages/custom/msg/_euler.py
[9.167s] -- Installing: /home/kraken/kraken-nano/ROS/ws/install/custom/local/lib/python3.10/dist-packages/custom/msg/_pose_e.py
[9.167s] -- Installing: /home/kraken/kraken-nano/ROS/ws/install/custom/local/lib/python3.10/dist-packages/custom/msg/_pose_e_s.c
[9.167s] -- Installing: /home/kraken/kraken-nano/ROS/ws/install/custom/local/lib/python3.10/dist-packages/custom/msg/_point.py
[9.168s] -- Installing: /home/kraken/kraken-nano/ROS/ws/install/custom/local/lib/python3.10/dist-packages/custom/msg/_task.py
[9.168s] -- Installing: /home/kraken/kraken-nano/ROS/ws/install/custom/local/lib/python3.10/dist-packages/custom/msg/_euler_s.c
[9.168s] -- Installing: /home/kraken/kraken-nano/ROS/ws/install/custom/local/lib/python3.10/dist-packages/custom/msg/_task_s.c
[9.168s] -- Installing: /home/kraken/kraken-nano/ROS/ws/install/custom/local/lib/python3.10/dist-packages/custom/msg/__init__.py
[9.169s] -- Installing: /home/kraken/kraken-nano/ROS/ws/install/custom/local/lib/python3.10/dist-packages/custom/custom_s__rosidl_typesupport_c.cpython-310-aarch64-linux-gnu.so
[9.169s] -- Installing: /home/kraken/kraken-nano/ROS/ws/install/custom/local/lib/python3.10/dist-packages/custom/custom_s__rosidl_typesupport_introspection_c.cpython-310-aarch64-linux-gnu.so
[9.169s] -- Installing: /home/kraken/kraken-nano/ROS/ws/install/custom/local/lib/python3.10/dist-packages/custom/custom_s__rosidl_typesupport_fastrtps_c.cpython-310-aarch64-linux-gnu.so
[9.169s] -- Installing: /home/kraken/kraken-nano/ROS/ws/install/custom/local/lib/python3.10/dist-packages/custom/__init__.py
[9.169s] -- Installing: /home/kraken/kraken-nano/ROS/ws/install/custom/local/lib/python3.10/dist-packages/custom/_custom_s.ep.rosidl_typesupport_introspection_c.c
[9.237s] Listing '/home/kraken/kraken-nano/ROS/ws/install/custom/local/lib/python3.10/dist-packages/custom'...
[9.237s] Compiling '/home/kraken/kraken-nano/ROS/ws/install/custom/local/lib/python3.10/dist-packages/custom/__init__.py'...
[9.238s] Listing '/home/kraken/kraken-nano/ROS/ws/install/custom/local/lib/python3.10/dist-packages/custom/msg'...
[9.238s] Compiling '/home/kraken/kraken-nano/ROS/ws/install/custom/local/lib/python3.10/dist-packages/custom/msg/__init__.py'...
[9.238s] Compiling '/home/kraken/kraken-nano/ROS/ws/install/custom/local/lib/python3.10/dist-packages/custom/msg/_euler.py'...
[9.238s] Compiling '/home/kraken/kraken-nano/ROS/ws/install/custom/local/lib/python3.10/dist-packages/custom/msg/_point.py'...
[9.238s] Compiling '/home/kraken/kraken-nano/ROS/ws/install/custom/local/lib/python3.10/dist-packages/custom/msg/_pose_e.py'...
[9.238s] Compiling '/home/kraken/kraken-nano/ROS/ws/install/custom/local/lib/python3.10/dist-packages/custom/msg/_task.py'...
[9.248s] -- Installing: /home/kraken/kraken-nano/ROS/ws/install/custom/local/lib/python3.10/dist-packages/custom/custom_s__rosidl_typesupport_fastrtps_c.cpython-310-aarch64-linux-gnu.so
[9.249s] -- Set runtime path of "/home/kraken/kraken-nano/ROS/ws/install/custom/local/lib/python3.10/dist-packages/custom/custom_s__rosidl_typesupport_fastrtps_c.cpython-310-aarch64-linux-gnu.so" to ""
[9.249s] -- Installing: /home/kraken/kraken-nano/ROS/ws/install/custom/local/lib/python3.10/dist-packages/custom/custom_s__rosidl_typesupport_introspection_c.cpython-310-aarch64-linux-gnu.so
[9.250s] -- Set runtime path of "/home/kraken/kraken-nano/ROS/ws/install/custom/local/lib/python3.10/dist-packages/custom/custom_s__rosidl_typesupport_introspection_c.cpython-310-aarch64-linux-gnu.so" to ""
[9.250s] -- Installing: /home/kraken/kraken-nano/ROS/ws/install/custom/local/lib/python3.10/dist-packages/custom/custom_s__rosidl_typesupport_c.cpython-310-aarch64-linux-gnu.so
[9.251s] -- Set runtime path of "/home/kraken/kraken-nano/ROS/ws/install/custom/local/lib/python3.10/dist-packages/custom/custom_s__rosidl_typesupport_c.cpython-310-aarch64-linux-gnu.so" to ""
[9.251s] -- Installing: /home/kraken/kraken-nano/ROS/ws/install/custom/lib/libcustom__rosidl_generator_py.so
[9.252s] -- Set runtime path of "/home/kraken/kraken-nano/ROS/ws/install/custom/lib/libcustom__rosidl_generator_py.so" to ""
[9.252s] -- Installing: /home/kraken/kraken-nano/ROS/ws/install/custom/share/custom/msg/Task.idl
[9.252s] -- Installing: /home/kraken/kraken-nano/ROS/ws/install/custom/share/custom/msg/PoseE.idl
[9.252s] -- Installing: /home/kraken/kraken-nano/ROS/ws/install/custom/share/custom/msg/Point.idl
[9.253s] -- Installing: /home/kraken/kraken-nano/ROS/ws/install/custom/share/custom/msg/Euler.idl
[9.253s] -- Installing: /home/kraken/kraken-nano/ROS/ws/install/custom/share/custom/msg/Task.msg
[9.253s] -- Installing: /home/kraken/kraken-nano/ROS/ws/install/custom/share/custom/msg/PoseE.msg
[9.253s] -- Installing: /home/kraken/kraken-nano/ROS/ws/install/custom/share/custom/msg/Point.msg
[9.254s] -- Installing: /home/kraken/kraken-nano/ROS/ws/install/custom/share/custom/msg/Euler.msg
[9.254s] -- Installing: /home/kraken/kraken-nano/ROS/ws/install/custom/share/ament_index/resource_index/package_run_dependencies/custom
[9.254s] -- Installing: /home/kraken/kraken-nano/ROS/ws/install/custom/share/ament_index/resource_index/parent_prefix_path/custom
[9.255s] -- Installing: /home/kraken/kraken-nano/ROS/ws/install/custom/share/custom/environment/ament_prefix_path.sh
[9.255s] -- Installing: /home/kraken/kraken-nano/ROS/ws/install/custom/share/custom/environment/ament_prefix_path.dsv
[9.255s] -- Installing: /home/kraken/kraken-nano/ROS/ws/install/custom/share/custom/environment/path.sh
[9.256s] -- Installing: /home/kraken/kraken-nano/ROS/ws/install/custom/share/custom/environment/path.dsv
[9.256s] -- Installing: /home/kraken/kraken-nano/ROS/ws/install/custom/share/custom/local_setup.bash
[9.256s] -- Installing: /home/kraken/kraken-nano/ROS/ws/install/custom/share/custom/local_setup.sh
[9.256s] -- Installing: /home/kraken/kraken-nano/ROS/ws/install/custom/share/custom/local_setup.zsh
[9.257s] -- Installing: /home/kraken/kraken-nano/ROS/ws/install/custom/share/custom/local_setup.dsv
[9.257s] -- Installing: /home/kraken/kraken-nano/ROS/ws/install/custom/share/custom/package.dsv
[9.257s] -- Installing: /home/kraken/kraken-nano/ROS/ws/install/custom/share/ament_index/resource_index/packages/custom
[9.258s] -- Installing: /home/kraken/kraken-nano/ROS/ws/install/custom/share/custom/cmake/export_custom__rosidl_generator_cExport.cmake
[9.258s] -- Installing: /home/kraken/kraken-nano/ROS/ws/install/custom/share/custom/cmake/export_custom__rosidl_generator_cExport-noconfig.cmake
[9.258s] -- Installing: /home/kraken/kraken-nano/ROS/ws/install/custom/share/custom/cmake/export_custom__rosidl_typesupport_fastrtps_cExport.cmake
[9.259s] -- Installing: /home/kraken/kraken-nano/ROS/ws/install/custom/share/custom/cmake/export_custom__rosidl_typesupport_fastrtps_cExport-noconfig.cmake
[9.259s] -- Installing: /home/kraken/kraken-nano/ROS/ws/install/custom/share/custom/cmake/custom__rosidl_typesupport_introspection_cExport.cmake
[9.259s] -- Installing: /home/kraken/kraken-nano/ROS/ws/install/custom/share/custom/cmake/custom__rosidl_typesupport_introspection_cExport-noconfig.cmake
[9.260s] -- Installing: /home/kraken/kraken-nano/ROS/ws/install/custom/share/custom/cmake/custom__rosidl_typesupport_cExport.cmake
[9.260s] -- Installing: /home/kraken/kraken-nano/ROS/ws/install/custom/share/custom/cmake/custom__rosidl_typesupport_cExport-noconfig.cmake
[9.260s] -- Installing: /home/kraken/kraken-nano/ROS/ws/install/custom/share/custom/cmake/export_custom__rosidl_generator_cppExport.cmake
[9.261s] -- Installing: /home/kraken/kraken-nano/ROS/ws/install/custom/share/custom/cmake/export_custom__rosidl_typesupport_fastrtps_cppExport.cmake
[9.261s] -- Installing: /home/kraken/kraken-nano/ROS/ws/install/custom/share/custom/cmake/export_custom__rosidl_typesupport_fastrtps_cppExport-noconfig.cmake
[9.261s] -- Installing: /home/kraken/kraken-nano/ROS/ws/install/custom/share/custom/cmake/custom__rosidl_typesupport_introspection_cppExport.cmake
[9.261s] -- Installing: /home/kraken/kraken-nano/ROS/ws/install/custom/share/custom/cmake/custom__rosidl_typesupport_introspection_cppExport-noconfig.cmake
[9.262s] -- Installing: /home/kraken/kraken-nano/ROS/ws/install/custom/share/custom/cmake/custom__rosidl_typesupport_cppExport.cmake
[9.262s] -- Installing: /home/kraken/kraken-nano/ROS/ws/install/custom/share/custom/cmake/custom__rosidl_typesupport_cppExport-noconfig.cmake
[9.262s] -- Installing: /home/kraken/kraken-nano/ROS/ws/install/custom/share/custom/cmake/export_custom__rosidl_generator_pyExport.cmake
[9.263s] -- Installing: /home/kraken/kraken-nano/ROS/ws/install/custom/share/custom/cmake/export_custom__rosidl_generator_pyExport-noconfig.cmake
[9.263s] -- Installing: /home/kraken/kraken-nano/ROS/ws/install/custom/share/custom/cmake/rosidl_cmake-extras.cmake
[9.263s] -- Installing: /home/kraken/kraken-nano/ROS/ws/install/custom/share/custom/cmake/ament_cmake_export_include_directories-extras.cmake
[9.263s] -- Installing: /home/kraken/kraken-nano/ROS/ws/install/custom/share/custom/cmake/ament_cmake_export_libraries-extras.cmake
[9.264s] -- Installing: /home/kraken/kraken-nano/ROS/ws/install/custom/share/custom/cmake/ament_cmake_export_targets-extras.cmake
[9.264s] -- Installing: /home/kraken/kraken-nano/ROS/ws/install/custom/share/custom/cmake/rosidl_cmake_export_typesupport_targets-extras.cmake
[9.264s] -- Installing: /home/kraken/kraken-nano/ROS/ws/install/custom/share/custom/cmake/ament_cmake_export_dependencies-extras.cmake
[9.264s] -- Installing: /home/kraken/kraken-nano/ROS/ws/install/custom/share/custom/cmake/rosidl_cmake_export_typesupport_libraries-extras.cmake
[9.265s] -- Installing: /home/kraken/kraken-nano/ROS/ws/install/custom/share/custom/cmake/customConfig.cmake
[9.265s] -- Installing: /home/kraken/kraken-nano/ROS/ws/install/custom/share/custom/cmake/customConfig-version.cmake
[9.265s] -- Installing: /home/kraken/kraken-nano/ROS/ws/install/custom/share/custom/package.xml
[9.272s] Invoked command in '/home/kraken/kraken-nano/ROS/ws/build/custom' returned '0': CMAKE_PREFIX_PATH=/opt/ros/humble /usr/bin/cmake --install /home/kraken/kraken-nano/ROS/ws/build/custom
