[1.259s] Invoking command in '/home/kraken/kraken-nano/ROS/ws/src/kraken': PYTHONPATH=/home/kraken/kraken-nano/ROS/ws/build/kraken/prefix_override:/usr/lib/python3/dist-packages/colcon_core/task/python/colcon_distutils_commands:/home/kraken/kraken-nano/ROS/ws/install/kraken/lib/python3.10/site-packages:${PYTHONPATH} /usr/bin/python3 -W ignore:setup.py install is deprecated -W ignore:easy_install command is deprecated setup.py egg_info --egg-base ../../build/kraken build --build-base /home/kraken/kraken-nano/ROS/ws/build/kraken/build install --record /home/kraken/kraken-nano/ROS/ws/build/kraken/install.log --single-version-externally-managed install_data
[1.729s] running egg_info
[1.731s] writing ../../build/kraken/kraken.egg-info/PKG-INFO
[1.732s] writing dependency_links to ../../build/kraken/kraken.egg-info/dependency_links.txt
[1.732s] writing entry points to ../../build/kraken/kraken.egg-info/entry_points.txt
[1.733s] writing requirements to ../../build/kraken/kraken.egg-info/requires.txt
[1.733s] writing top-level names to ../../build/kraken/kraken.egg-info/top_level.txt
[1.736s] reading manifest file '../../build/kraken/kraken.egg-info/SOURCES.txt'
[1.737s] adding license file 'LICENSE'
[1.738s] writing manifest file '../../build/kraken/kraken.egg-info/SOURCES.txt'
[1.738s] running build
[1.740s] running build_py
[1.741s] copying kraken/state_estimator.py -> /home/kraken/kraken-nano/ROS/ws/build/kraken/build/lib/kraken
[1.741s] copying kraken/controller.py -> /home/kraken/kraken-nano/ROS/ws/build/kraken/build/lib/kraken
[1.741s] running install
[1.741s] running install_lib
[1.744s] copying /home/kraken/kraken-nano/ROS/ws/build/kraken/build/lib/kraken/state_estimator.py -> /home/kraken/kraken-nano/ROS/ws/install/kraken/lib/python3.10/site-packages/kraken
[1.744s] copying /home/kraken/kraken-nano/ROS/ws/build/kraken/build/lib/kraken/controller.py -> /home/kraken/kraken-nano/ROS/ws/install/kraken/lib/python3.10/site-packages/kraken
[1.744s] byte-compiling /home/kraken/kraken-nano/ROS/ws/install/kraken/lib/python3.10/site-packages/kraken/state_estimator.py to state_estimator.cpython-310.pyc
[1.745s] byte-compiling /home/kraken/kraken-nano/ROS/ws/install/kraken/lib/python3.10/site-packages/kraken/controller.py to controller.cpython-310.pyc
[1.748s] running install_data
[1.748s] running install_egg_info
[1.751s] removing '/home/kraken/kraken-nano/ROS/ws/install/kraken/lib/python3.10/site-packages/kraken-0.0.0-py3.10.egg-info' (and everything under it)
[1.752s] Copying ../../build/kraken/kraken.egg-info to /home/kraken/kraken-nano/ROS/ws/install/kraken/lib/python3.10/site-packages/kraken-0.0.0-py3.10.egg-info
[1.753s] running install_scripts
[1.789s] Installing computer_vision script to /home/kraken/kraken-nano/ROS/ws/install/kraken/lib/kraken
[1.790s] Installing controller script to /home/kraken/kraken-nano/ROS/ws/install/kraken/lib/kraken
[1.790s] Installing controller_test script to /home/kraken/kraken-nano/ROS/ws/install/kraken/lib/kraken
[1.791s] Installing fsm_node script to /home/kraken/kraken-nano/ROS/ws/install/kraken/lib/kraken
[1.791s] Installing planner script to /home/kraken/kraken-nano/ROS/ws/install/kraken/lib/kraken
[1.791s] Installing planner_test script to /home/kraken/kraken-nano/ROS/ws/install/kraken/lib/kraken
[1.792s] Installing spinMotor script to /home/kraken/kraken-nano/ROS/ws/install/kraken/lib/kraken
[1.792s] Installing state_estimator script to /home/kraken/kraken-nano/ROS/ws/install/kraken/lib/kraken
[1.793s] writing list of installed files to '/home/kraken/kraken-nano/ROS/ws/build/kraken/install.log'
[1.866s] Invoked command in '/home/kraken/kraken-nano/ROS/ws/src/kraken' returned '0': PYTHONPATH=/home/kraken/kraken-nano/ROS/ws/build/kraken/prefix_override:/usr/lib/python3/dist-packages/colcon_core/task/python/colcon_distutils_commands:/home/kraken/kraken-nano/ROS/ws/install/kraken/lib/python3.10/site-packages:${PYTHONPATH} /usr/bin/python3 -W ignore:setup.py install is deprecated -W ignore:easy_install command is deprecated setup.py egg_info --egg-base ../../build/kraken build --build-base /home/kraken/kraken-nano/ROS/ws/build/kraken/build install --record /home/kraken/kraken-nano/ROS/ws/build/kraken/install.log --single-version-externally-managed install_data
