[0.021s] Invoking command in '/home/kraken/kraken-nano/build/custom': CMAKE_PREFIX_PATH=${CMAKE_PREFIX_PATH}:/home/kraken/kraken-nano/install/kraken:/opt/ros/humble /usr/bin/cmake --build /home/kraken/kraken-nano/build/custom -- -j6 -l6
[0.116s] [  1%] Built target custom__cpp
[0.120s] [ 12%] Built target custom__rosidl_generator_c
[0.135s] [ 12%] Built target ament_cmake_python_copy_custom
[0.158s] [ 25%] Built target custom__rosidl_typesupport_introspection_c
[0.160s] [ 45%] Built target custom__rosidl_typesupport_fastrtps_cpp
[0.160s] [ 47%] Built target custom__rosidl_typesupport_introspection_cpp
[0.163s] [ 56%] Built target custom__rosidl_typesupport_cpp
[0.163s] [ 67%] Built target custom__rosidl_typesupport_fastrtps_c
[0.179s] [ 78%] Built target custom__rosidl_typesupport_c
[0.220s] [ 78%] Built target custom
[0.253s] [ 80%] Built target custom__py
[0.290s] [ 89%] Built target custom__rosidl_generator_py
[0.326s] [ 96%] Built target custom__rosidl_typesupport_fastrtps_c__pyext
[0.326s] [ 96%] Built target custom__rosidl_typesupport_c__pyext
[0.334s] [100%] Built target custom__rosidl_typesupport_introspection_c__pyext
[0.651s] running egg_info
[0.652s] writing custom.egg-info/PKG-INFO
[0.653s] writing dependency_links to custom.egg-info/dependency_links.txt
[0.653s] writing top-level names to custom.egg-info/top_level.txt
[0.658s] reading manifest file 'custom.egg-info/SOURCES.txt'
[0.659s] writing manifest file 'custom.egg-info/SOURCES.txt'
[0.728s] [100%] Built target ament_cmake_python_build_custom_egg
[0.758s] Invoked command in '/home/kraken/kraken-nano/build/custom' returned '0': CMAKE_PREFIX_PATH=${CMAKE_PREFIX_PATH}:/home/kraken/kraken-nano/install/kraken:/opt/ros/humble /usr/bin/cmake --build /home/kraken/kraken-nano/build/custom -- -j6 -l6
[0.790s] Invoking command in '/home/kraken/kraken-nano/build/custom': CMAKE_PREFIX_PATH=${CMAKE_PREFIX_PATH}:/home/kraken/kraken-nano/install/kraken:/opt/ros/humble /usr/bin/cmake --install /home/kraken/kraken-nano/build/custom
[0.816s] -- Install configuration: ""
[0.816s] -- Up-to-date: /home/kraken/kraken-nano/install/custom/share/ament_index/resource_index/rosidl_interfaces/custom
[0.816s] -- Up-to-date: /home/kraken/kraken-nano/install/custom/include/custom/custom
[0.817s] -- Up-to-date: /home/kraken/kraken-nano/install/custom/include/custom/custom/msg
[0.817s] -- Up-to-date: /home/kraken/kraken-nano/install/custom/include/custom/custom/msg/rosidl_generator_c__visibility_control.h
[0.817s] -- Up-to-date: /home/kraken/kraken-nano/install/custom/include/custom/custom/msg/task.h
[0.817s] -- Up-to-date: /home/kraken/kraken-nano/install/custom/include/custom/custom/msg/detail
[0.817s] -- Up-to-date: /home/kraken/kraken-nano/install/custom/include/custom/custom/msg/detail/pose_e__functions.c
[0.817s] -- Up-to-date: /home/kraken/kraken-nano/install/custom/include/custom/custom/msg/detail/task__functions.c
[0.818s] -- Up-to-date: /home/kraken/kraken-nano/install/custom/include/custom/custom/msg/detail/euler__struct.h
[0.818s] -- Up-to-date: /home/kraken/kraken-nano/install/custom/include/custom/custom/msg/detail/pose_e__functions.h
[0.818s] -- Up-to-date: /home/kraken/kraken-nano/install/custom/include/custom/custom/msg/detail/task__type_support.h
[0.818s] -- Up-to-date: /home/kraken/kraken-nano/install/custom/include/custom/custom/msg/detail/euler__type_support.h
[0.818s] -- Up-to-date: /home/kraken/kraken-nano/install/custom/include/custom/custom/msg/detail/point__struct.h
[0.818s] -- Up-to-date: /home/kraken/kraken-nano/install/custom/include/custom/custom/msg/detail/point__type_support.h
[0.819s] -- Up-to-date: /home/kraken/kraken-nano/install/custom/include/custom/custom/msg/detail/euler__functions.h
[0.819s] -- Up-to-date: /home/kraken/kraken-nano/install/custom/include/custom/custom/msg/detail/task__functions.h
[0.819s] -- Up-to-date: /home/kraken/kraken-nano/install/custom/include/custom/custom/msg/detail/point__functions.c
[0.819s] -- Up-to-date: /home/kraken/kraken-nano/install/custom/include/custom/custom/msg/detail/pose_e__struct.h
[0.819s] -- Up-to-date: /home/kraken/kraken-nano/install/custom/include/custom/custom/msg/detail/point__functions.h
[0.820s] -- Up-to-date: /home/kraken/kraken-nano/install/custom/include/custom/custom/msg/detail/task__struct.h
[0.820s] -- Up-to-date: /home/kraken/kraken-nano/install/custom/include/custom/custom/msg/detail/euler__functions.c
[0.820s] -- Up-to-date: /home/kraken/kraken-nano/install/custom/include/custom/custom/msg/detail/pose_e__type_support.h
[0.820s] -- Up-to-date: /home/kraken/kraken-nano/install/custom/include/custom/custom/msg/point.h
[0.820s] -- Up-to-date: /home/kraken/kraken-nano/install/custom/include/custom/custom/msg/euler.h
[0.820s] -- Up-to-date: /home/kraken/kraken-nano/install/custom/include/custom/custom/msg/pose_e.h
[0.821s] -- Up-to-date: /home/kraken/kraken-nano/install/custom/share/custom/environment/library_path.sh
[0.821s] -- Up-to-date: /home/kraken/kraken-nano/install/custom/share/custom/environment/library_path.dsv
[0.821s] -- Up-to-date: /home/kraken/kraken-nano/install/custom/lib/libcustom__rosidl_generator_c.so
[0.822s] -- Up-to-date: /home/kraken/kraken-nano/install/custom/include/custom/custom
[0.822s] -- Up-to-date: /home/kraken/kraken-nano/install/custom/include/custom/custom/msg
[0.822s] -- Up-to-date: /home/kraken/kraken-nano/install/custom/include/custom/custom/msg/rosidl_typesupport_fastrtps_c__visibility_control.h
[0.822s] -- Up-to-date: /home/kraken/kraken-nano/install/custom/include/custom/custom/msg/detail
[0.822s] -- Up-to-date: /home/kraken/kraken-nano/install/custom/include/custom/custom/msg/detail/point__rosidl_typesupport_fastrtps_c.h
[0.822s] -- Up-to-date: /home/kraken/kraken-nano/install/custom/include/custom/custom/msg/detail/euler__rosidl_typesupport_fastrtps_c.h
[0.823s] -- Up-to-date: /home/kraken/kraken-nano/install/custom/include/custom/custom/msg/detail/pose_e__rosidl_typesupport_fastrtps_c.h
[0.823s] -- Up-to-date: /home/kraken/kraken-nano/install/custom/include/custom/custom/msg/detail/task__rosidl_typesupport_fastrtps_c.h
[0.823s] -- Up-to-date: /home/kraken/kraken-nano/install/custom/lib/libcustom__rosidl_typesupport_fastrtps_c.so
[0.823s] -- Up-to-date: /home/kraken/kraken-nano/install/custom/include/custom/custom
[0.824s] -- Up-to-date: /home/kraken/kraken-nano/install/custom/include/custom/custom/msg
[0.824s] -- Up-to-date: /home/kraken/kraken-nano/install/custom/include/custom/custom/msg/rosidl_typesupport_introspection_c__visibility_control.h
[0.824s] -- Up-to-date: /home/kraken/kraken-nano/install/custom/include/custom/custom/msg/detail
[0.824s] -- Up-to-date: /home/kraken/kraken-nano/install/custom/include/custom/custom/msg/detail/euler__type_support.c
[0.824s] -- Up-to-date: /home/kraken/kraken-nano/install/custom/include/custom/custom/msg/detail/pose_e__rosidl_typesupport_introspection_c.h
[0.824s] -- Up-to-date: /home/kraken/kraken-nano/install/custom/include/custom/custom/msg/detail/task__type_support.c
[0.825s] -- Up-to-date: /home/kraken/kraken-nano/install/custom/include/custom/custom/msg/detail/pose_e__type_support.c
[0.825s] -- Up-to-date: /home/kraken/kraken-nano/install/custom/include/custom/custom/msg/detail/task__rosidl_typesupport_introspection_c.h
[0.825s] -- Up-to-date: /home/kraken/kraken-nano/install/custom/include/custom/custom/msg/detail/point__rosidl_typesupport_introspection_c.h
[0.825s] -- Up-to-date: /home/kraken/kraken-nano/install/custom/include/custom/custom/msg/detail/point__type_support.c
[0.826s] -- Up-to-date: /home/kraken/kraken-nano/install/custom/include/custom/custom/msg/detail/euler__rosidl_typesupport_introspection_c.h
[0.826s] -- Up-to-date: /home/kraken/kraken-nano/install/custom/lib/libcustom__rosidl_typesupport_introspection_c.so
[0.826s] -- Up-to-date: /home/kraken/kraken-nano/install/custom/lib/libcustom__rosidl_typesupport_c.so
[0.826s] -- Up-to-date: /home/kraken/kraken-nano/install/custom/include/custom/custom
[0.826s] -- Up-to-date: /home/kraken/kraken-nano/install/custom/include/custom/custom/msg
[0.826s] -- Up-to-date: /home/kraken/kraken-nano/install/custom/include/custom/custom/msg/pose_e.hpp
[0.827s] -- Up-to-date: /home/kraken/kraken-nano/install/custom/include/custom/custom/msg/euler.hpp
[0.827s] -- Up-to-date: /home/kraken/kraken-nano/install/custom/include/custom/custom/msg/rosidl_generator_cpp__visibility_control.hpp
[0.827s] -- Up-to-date: /home/kraken/kraken-nano/install/custom/include/custom/custom/msg/point.hpp
[0.827s] -- Up-to-date: /home/kraken/kraken-nano/install/custom/include/custom/custom/msg/detail
[0.827s] -- Up-to-date: /home/kraken/kraken-nano/install/custom/include/custom/custom/msg/detail/pose_e__builder.hpp
[0.827s] -- Up-to-date: /home/kraken/kraken-nano/install/custom/include/custom/custom/msg/detail/euler__struct.hpp
[0.827s] -- Up-to-date: /home/kraken/kraken-nano/install/custom/include/custom/custom/msg/detail/point__struct.hpp
[0.827s] -- Up-to-date: /home/kraken/kraken-nano/install/custom/include/custom/custom/msg/detail/euler__type_support.hpp
[0.828s] -- Up-to-date: /home/kraken/kraken-nano/install/custom/include/custom/custom/msg/detail/task__struct.hpp
[0.828s] -- Up-to-date: /home/kraken/kraken-nano/install/custom/include/custom/custom/msg/detail/point__builder.hpp
[0.828s] -- Up-to-date: /home/kraken/kraken-nano/install/custom/include/custom/custom/msg/detail/pose_e__type_support.hpp
[0.828s] -- Up-to-date: /home/kraken/kraken-nano/install/custom/include/custom/custom/msg/detail/task__traits.hpp
[0.828s] -- Up-to-date: /home/kraken/kraken-nano/install/custom/include/custom/custom/msg/detail/point__traits.hpp
[0.828s] -- Up-to-date: /home/kraken/kraken-nano/install/custom/include/custom/custom/msg/detail/task__builder.hpp
[0.828s] -- Up-to-date: /home/kraken/kraken-nano/install/custom/include/custom/custom/msg/detail/euler__traits.hpp
[0.828s] -- Up-to-date: /home/kraken/kraken-nano/install/custom/include/custom/custom/msg/detail/task__type_support.hpp
[0.829s] -- Up-to-date: /home/kraken/kraken-nano/install/custom/include/custom/custom/msg/detail/pose_e__struct.hpp
[0.829s] -- Up-to-date: /home/kraken/kraken-nano/install/custom/include/custom/custom/msg/detail/point__type_support.hpp
[0.829s] -- Up-to-date: /home/kraken/kraken-nano/install/custom/include/custom/custom/msg/detail/euler__builder.hpp
[0.829s] -- Up-to-date: /home/kraken/kraken-nano/install/custom/include/custom/custom/msg/detail/pose_e__traits.hpp
[0.829s] -- Up-to-date: /home/kraken/kraken-nano/install/custom/include/custom/custom/msg/task.hpp
[0.829s] -- Up-to-date: /home/kraken/kraken-nano/install/custom/include/custom/custom
[0.830s] -- Up-to-date: /home/kraken/kraken-nano/install/custom/include/custom/custom/msg
[0.830s] -- Up-to-date: /home/kraken/kraken-nano/install/custom/include/custom/custom/msg/detail
[0.830s] -- Up-to-date: /home/kraken/kraken-nano/install/custom/include/custom/custom/msg/detail/task__rosidl_typesupport_fastrtps_cpp.hpp
[0.830s] -- Up-to-date: /home/kraken/kraken-nano/install/custom/include/custom/custom/msg/detail/pose_e__rosidl_typesupport_fastrtps_cpp.hpp
[0.830s] -- Up-to-date: /home/kraken/kraken-nano/install/custom/include/custom/custom/msg/detail/point__rosidl_typesupport_fastrtps_cpp.hpp
[0.830s] -- Up-to-date: /home/kraken/kraken-nano/install/custom/include/custom/custom/msg/detail/euler__rosidl_typesupport_fastrtps_cpp.hpp
[0.830s] -- Up-to-date: /home/kraken/kraken-nano/install/custom/include/custom/custom/msg/detail/dds_fastrtps
[0.831s] -- Up-to-date: /home/kraken/kraken-nano/install/custom/include/custom/custom/msg/rosidl_typesupport_fastrtps_cpp__visibility_control.h
[0.831s] -- Up-to-date: /home/kraken/kraken-nano/install/custom/lib/libcustom__rosidl_typesupport_fastrtps_cpp.so
[0.831s] -- Up-to-date: /home/kraken/kraken-nano/install/custom/include/custom/custom
[0.831s] -- Up-to-date: /home/kraken/kraken-nano/install/custom/include/custom/custom/msg
[0.831s] -- Up-to-date: /home/kraken/kraken-nano/install/custom/include/custom/custom/msg/detail
[0.831s] -- Up-to-date: /home/kraken/kraken-nano/install/custom/include/custom/custom/msg/detail/point__type_support.cpp
[0.831s] -- Up-to-date: /home/kraken/kraken-nano/install/custom/include/custom/custom/msg/detail/task__rosidl_typesupport_introspection_cpp.hpp
[0.832s] -- Up-to-date: /home/kraken/kraken-nano/install/custom/include/custom/custom/msg/detail/euler__rosidl_typesupport_introspection_cpp.hpp
[0.832s] -- Up-to-date: /home/kraken/kraken-nano/install/custom/include/custom/custom/msg/detail/point__rosidl_typesupport_introspection_cpp.hpp
[0.832s] -- Up-to-date: /home/kraken/kraken-nano/install/custom/include/custom/custom/msg/detail/task__type_support.cpp
[0.832s] -- Up-to-date: /home/kraken/kraken-nano/install/custom/include/custom/custom/msg/detail/euler__type_support.cpp
[0.832s] -- Up-to-date: /home/kraken/kraken-nano/install/custom/include/custom/custom/msg/detail/pose_e__rosidl_typesupport_introspection_cpp.hpp
[0.832s] -- Up-to-date: /home/kraken/kraken-nano/install/custom/include/custom/custom/msg/detail/pose_e__type_support.cpp
[0.833s] -- Up-to-date: /home/kraken/kraken-nano/install/custom/lib/libcustom__rosidl_typesupport_introspection_cpp.so
[0.833s] -- Up-to-date: /home/kraken/kraken-nano/install/custom/lib/libcustom__rosidl_typesupport_cpp.so
[0.833s] -- Up-to-date: /home/kraken/kraken-nano/install/custom/share/custom/environment/pythonpath.sh
[0.833s] -- Up-to-date: /home/kraken/kraken-nano/install/custom/share/custom/environment/pythonpath.dsv
[0.833s] -- Up-to-date: /home/kraken/kraken-nano/install/custom/local/lib/python3.10/dist-packages/custom-0.0.0-py3.10.egg-info
[0.833s] -- Installing: /home/kraken/kraken-nano/install/custom/local/lib/python3.10/dist-packages/custom-0.0.0-py3.10.egg-info/SOURCES.txt
[0.833s] -- Installing: /home/kraken/kraken-nano/install/custom/local/lib/python3.10/dist-packages/custom-0.0.0-py3.10.egg-info/PKG-INFO
[0.834s] -- Installing: /home/kraken/kraken-nano/install/custom/local/lib/python3.10/dist-packages/custom-0.0.0-py3.10.egg-info/dependency_links.txt
[0.834s] -- Installing: /home/kraken/kraken-nano/install/custom/local/lib/python3.10/dist-packages/custom-0.0.0-py3.10.egg-info/top_level.txt
[0.834s] -- Up-to-date: /home/kraken/kraken-nano/install/custom/local/lib/python3.10/dist-packages/custom
[0.834s] -- Up-to-date: /home/kraken/kraken-nano/install/custom/local/lib/python3.10/dist-packages/custom/libcustom__rosidl_generator_py.so
[0.834s] -- Up-to-date: /home/kraken/kraken-nano/install/custom/local/lib/python3.10/dist-packages/custom/_custom_s.ep.rosidl_typesupport_c.c
[0.834s] -- Up-to-date: /home/kraken/kraken-nano/install/custom/local/lib/python3.10/dist-packages/custom/_custom_s.ep.rosidl_typesupport_fastrtps_c.c
[0.834s] -- Up-to-date: /home/kraken/kraken-nano/install/custom/local/lib/python3.10/dist-packages/custom/msg
[0.835s] -- Up-to-date: /home/kraken/kraken-nano/install/custom/local/lib/python3.10/dist-packages/custom/msg/_point_s.c
[0.835s] -- Up-to-date: /home/kraken/kraken-nano/install/custom/local/lib/python3.10/dist-packages/custom/msg/_euler.py
[0.835s] -- Up-to-date: /home/kraken/kraken-nano/install/custom/local/lib/python3.10/dist-packages/custom/msg/_pose_e.py
[0.835s] -- Up-to-date: /home/kraken/kraken-nano/install/custom/local/lib/python3.10/dist-packages/custom/msg/_pose_e_s.c
[0.835s] -- Up-to-date: /home/kraken/kraken-nano/install/custom/local/lib/python3.10/dist-packages/custom/msg/_point.py
[0.835s] -- Up-to-date: /home/kraken/kraken-nano/install/custom/local/lib/python3.10/dist-packages/custom/msg/_task.py
[0.835s] -- Up-to-date: /home/kraken/kraken-nano/install/custom/local/lib/python3.10/dist-packages/custom/msg/_euler_s.c
[0.836s] -- Up-to-date: /home/kraken/kraken-nano/install/custom/local/lib/python3.10/dist-packages/custom/msg/_task_s.c
[0.836s] -- Up-to-date: /home/kraken/kraken-nano/install/custom/local/lib/python3.10/dist-packages/custom/msg/__init__.py
[0.836s] -- Up-to-date: /home/kraken/kraken-nano/install/custom/local/lib/python3.10/dist-packages/custom/custom_s__rosidl_typesupport_c.cpython-310-aarch64-linux-gnu.so
[0.836s] -- Up-to-date: /home/kraken/kraken-nano/install/custom/local/lib/python3.10/dist-packages/custom/custom_s__rosidl_typesupport_introspection_c.cpython-310-aarch64-linux-gnu.so
[0.836s] -- Up-to-date: /home/kraken/kraken-nano/install/custom/local/lib/python3.10/dist-packages/custom/custom_s__rosidl_typesupport_fastrtps_c.cpython-310-aarch64-linux-gnu.so
[0.836s] -- Up-to-date: /home/kraken/kraken-nano/install/custom/local/lib/python3.10/dist-packages/custom/__init__.py
[0.836s] -- Up-to-date: /home/kraken/kraken-nano/install/custom/local/lib/python3.10/dist-packages/custom/_custom_s.ep.rosidl_typesupport_introspection_c.c
[0.894s] Listing '/home/kraken/kraken-nano/install/custom/local/lib/python3.10/dist-packages/custom'...
[0.894s] Listing '/home/kraken/kraken-nano/install/custom/local/lib/python3.10/dist-packages/custom/msg'...
[0.903s] -- Up-to-date: /home/kraken/kraken-nano/install/custom/local/lib/python3.10/dist-packages/custom/custom_s__rosidl_typesupport_fastrtps_c.cpython-310-aarch64-linux-gnu.so
[0.903s] -- Up-to-date: /home/kraken/kraken-nano/install/custom/local/lib/python3.10/dist-packages/custom/custom_s__rosidl_typesupport_introspection_c.cpython-310-aarch64-linux-gnu.so
[0.904s] -- Up-to-date: /home/kraken/kraken-nano/install/custom/local/lib/python3.10/dist-packages/custom/custom_s__rosidl_typesupport_c.cpython-310-aarch64-linux-gnu.so
[0.904s] -- Up-to-date: /home/kraken/kraken-nano/install/custom/lib/libcustom__rosidl_generator_py.so
[0.905s] -- Up-to-date: /home/kraken/kraken-nano/install/custom/share/custom/msg/Task.idl
[0.905s] -- Up-to-date: /home/kraken/kraken-nano/install/custom/share/custom/msg/PoseE.idl
[0.906s] -- Up-to-date: /home/kraken/kraken-nano/install/custom/share/custom/msg/Point.idl
[0.906s] -- Up-to-date: /home/kraken/kraken-nano/install/custom/share/custom/msg/Euler.idl
[0.906s] -- Up-to-date: /home/kraken/kraken-nano/install/custom/share/custom/msg/Task.msg
[0.907s] -- Up-to-date: /home/kraken/kraken-nano/install/custom/share/custom/msg/PoseE.msg
[0.907s] -- Up-to-date: /home/kraken/kraken-nano/install/custom/share/custom/msg/Point.msg
[0.907s] -- Up-to-date: /home/kraken/kraken-nano/install/custom/share/custom/msg/Euler.msg
[0.908s] -- Up-to-date: /home/kraken/kraken-nano/install/custom/share/ament_index/resource_index/package_run_dependencies/custom
[0.908s] -- Up-to-date: /home/kraken/kraken-nano/install/custom/share/ament_index/resource_index/parent_prefix_path/custom
[0.909s] -- Up-to-date: /home/kraken/kraken-nano/install/custom/share/custom/environment/ament_prefix_path.sh
[0.909s] -- Up-to-date: /home/kraken/kraken-nano/install/custom/share/custom/environment/ament_prefix_path.dsv
[0.909s] -- Up-to-date: /home/kraken/kraken-nano/install/custom/share/custom/environment/path.sh
[0.910s] -- Up-to-date: /home/kraken/kraken-nano/install/custom/share/custom/environment/path.dsv
[0.910s] -- Up-to-date: /home/kraken/kraken-nano/install/custom/share/custom/local_setup.bash
[0.910s] -- Up-to-date: /home/kraken/kraken-nano/install/custom/share/custom/local_setup.sh
[0.911s] -- Up-to-date: /home/kraken/kraken-nano/install/custom/share/custom/local_setup.zsh
[0.911s] -- Up-to-date: /home/kraken/kraken-nano/install/custom/share/custom/local_setup.dsv
[0.911s] -- Installing: /home/kraken/kraken-nano/install/custom/share/custom/package.dsv
[0.911s] -- Up-to-date: /home/kraken/kraken-nano/install/custom/share/ament_index/resource_index/packages/custom
[0.911s] -- Up-to-date: /home/kraken/kraken-nano/install/custom/share/custom/cmake/export_custom__rosidl_generator_cExport.cmake
[0.912s] -- Up-to-date: /home/kraken/kraken-nano/install/custom/share/custom/cmake/export_custom__rosidl_generator_cExport-noconfig.cmake
[0.912s] -- Up-to-date: /home/kraken/kraken-nano/install/custom/share/custom/cmake/export_custom__rosidl_typesupport_fastrtps_cExport.cmake
[0.912s] -- Up-to-date: /home/kraken/kraken-nano/install/custom/share/custom/cmake/export_custom__rosidl_typesupport_fastrtps_cExport-noconfig.cmake
[0.912s] -- Up-to-date: /home/kraken/kraken-nano/install/custom/share/custom/cmake/custom__rosidl_typesupport_introspection_cExport.cmake
[0.913s] -- Up-to-date: /home/kraken/kraken-nano/install/custom/share/custom/cmake/custom__rosidl_typesupport_introspection_cExport-noconfig.cmake
[0.913s] -- Up-to-date: /home/kraken/kraken-nano/install/custom/share/custom/cmake/custom__rosidl_typesupport_cExport.cmake
[0.913s] -- Up-to-date: /home/kraken/kraken-nano/install/custom/share/custom/cmake/custom__rosidl_typesupport_cExport-noconfig.cmake
[0.913s] -- Up-to-date: /home/kraken/kraken-nano/install/custom/share/custom/cmake/export_custom__rosidl_generator_cppExport.cmake
[0.914s] -- Up-to-date: /home/kraken/kraken-nano/install/custom/share/custom/cmake/export_custom__rosidl_typesupport_fastrtps_cppExport.cmake
[0.915s] -- Up-to-date: /home/kraken/kraken-nano/install/custom/share/custom/cmake/export_custom__rosidl_typesupport_fastrtps_cppExport-noconfig.cmake
[0.917s] -- Up-to-date: /home/kraken/kraken-nano/install/custom/share/custom/cmake/custom__rosidl_typesupport_introspection_cppExport.cmake
[0.917s] -- Up-to-date: /home/kraken/kraken-nano/install/custom/share/custom/cmake/custom__rosidl_typesupport_introspection_cppExport-noconfig.cmake
[0.918s] -- Up-to-date: /home/kraken/kraken-nano/install/custom/share/custom/cmake/custom__rosidl_typesupport_cppExport.cmake
[0.918s] -- Up-to-date: /home/kraken/kraken-nano/install/custom/share/custom/cmake/custom__rosidl_typesupport_cppExport-noconfig.cmake
[0.919s] -- Up-to-date: /home/kraken/kraken-nano/install/custom/share/custom/cmake/export_custom__rosidl_generator_pyExport.cmake
[0.919s] -- Up-to-date: /home/kraken/kraken-nano/install/custom/share/custom/cmake/export_custom__rosidl_generator_pyExport-noconfig.cmake
[0.920s] -- Up-to-date: /home/kraken/kraken-nano/install/custom/share/custom/cmake/rosidl_cmake-extras.cmake
[0.920s] -- Up-to-date: /home/kraken/kraken-nano/install/custom/share/custom/cmake/ament_cmake_export_include_directories-extras.cmake
[0.921s] -- Up-to-date: /home/kraken/kraken-nano/install/custom/share/custom/cmake/ament_cmake_export_libraries-extras.cmake
[0.921s] -- Up-to-date: /home/kraken/kraken-nano/install/custom/share/custom/cmake/ament_cmake_export_targets-extras.cmake
[0.922s] -- Up-to-date: /home/kraken/kraken-nano/install/custom/share/custom/cmake/rosidl_cmake_export_typesupport_targets-extras.cmake
[0.922s] -- Up-to-date: /home/kraken/kraken-nano/install/custom/share/custom/cmake/ament_cmake_export_dependencies-extras.cmake
[0.922s] -- Up-to-date: /home/kraken/kraken-nano/install/custom/share/custom/cmake/rosidl_cmake_export_typesupport_libraries-extras.cmake
[0.923s] -- Up-to-date: /home/kraken/kraken-nano/install/custom/share/custom/cmake/customConfig.cmake
[0.924s] -- Up-to-date: /home/kraken/kraken-nano/install/custom/share/custom/cmake/customConfig-version.cmake
[0.925s] -- Up-to-date: /home/kraken/kraken-nano/install/custom/share/custom/package.xml
[0.926s] Invoked command in '/home/kraken/kraken-nano/build/custom' returned '0': CMAKE_PREFIX_PATH=${CMAKE_PREFIX_PATH}:/home/kraken/kraken-nano/install/kraken:/opt/ros/humble /usr/bin/cmake --install /home/kraken/kraken-nano/build/custom
