[0.224s] [34mcolcon[0m [1;30mDEBUG[0m [32mCommand line arguments: ['/usr/bin/colcon', 'build'][0m
[0.224s] [34mcolcon[0m [1;30mDEBUG[0m [32mParsed command line arguments: Namespace(log_base=None, log_level=None, verb_name='build', build_base='build', install_base='install', merge_install=False, symlink_install=False, test_result_base=None, continue_on_error=False, executor='parallel', parallel_workers=6, event_handlers=None, ignore_user_meta=False, metas=['./colcon.meta'], base_paths=['.'], packages_ignore=None, packages_ignore_regex=None, paths=None, packages_up_to=None, packages_up_to_regex=None, packages_above=None, packages_above_and_dependencies=None, packages_above_depth=None, packages_select_by_dep=None, packages_skip_by_dep=None, packages_skip_up_to=None, packages_select_build_failed=False, packages_skip_build_finished=False, packages_select_test_failures=False, packages_skip_test_passed=False, packages_select=None, packages_skip=None, packages_select_regex=None, packages_skip_regex=None, packages_start=None, packages_end=None, allow_overriding=[], cmake_args=None, cmake_target=None, cmake_target_skip_unavailable=False, cmake_clean_cache=False, cmake_clean_first=False, cmake_force_configure=False, ament_cmake_args=None, catkin_cmake_args=None, catkin_skip_building_tests=False, mixin_files=None, mixin=None, verb_parser=<colcon_mixin.mixin.mixin_argument.MixinArgumentDecorator object at 0xffffa7cd4a30>, verb_extension=<colcon_core.verb.build.BuildVerb object at 0xffffa7cd4580>, main=<bound method BuildVerb.main of <colcon_core.verb.build.BuildVerb object at 0xffffa7cd4580>>, mixin_verb=('build',))[0m
[0.557s] [34mcolcon.colcon_core.package_discovery[0m [1;30mLevel 1[0m discover_packages(colcon_meta) check parameters
[0.557s] [34mcolcon.colcon_core.package_discovery[0m [1;30mLevel 1[0m discover_packages(recursive) check parameters
[0.557s] [34mcolcon.colcon_core.package_discovery[0m [1;30mLevel 1[0m discover_packages(ignore) check parameters
[0.558s] [34mcolcon.colcon_core.package_discovery[0m [1;30mLevel 1[0m discover_packages(path) check parameters
[0.558s] [34mcolcon.colcon_core.package_discovery[0m [1;30mLevel 1[0m discover_packages(colcon_meta) discover
[0.558s] [34mcolcon.colcon_core.package_discovery[0m [1;30mLevel 1[0m discover_packages(recursive) discover
[0.558s] [34mcolcon.colcon_core.package_discovery[0m [1;30mINFO[0m Crawling recursively for packages in '/home/kraken/kraken-nano/ROS'
[0.558s] [34mcolcon.colcon_core.package_identification[0m [1;30mLevel 1[0m _identify(.) by extensions ['ignore', 'ignore_ament_install']
[0.558s] [34mcolcon.colcon_core.package_identification[0m [1;30mLevel 1[0m _identify(.) by extension 'ignore'
[0.558s] [34mcolcon.colcon_core.package_identification[0m [1;30mLevel 1[0m _identify(.) by extension 'ignore_ament_install'
[0.559s] [34mcolcon.colcon_core.package_identification[0m [1;30mLevel 1[0m _identify(.) by extensions ['colcon_pkg']
[0.559s] [34mcolcon.colcon_core.package_identification[0m [1;30mLevel 1[0m _identify(.) by extension 'colcon_pkg'
[0.559s] [34mcolcon.colcon_core.package_identification[0m [1;30mLevel 1[0m _identify(.) by extensions ['colcon_meta']
[0.559s] [34mcolcon.colcon_core.package_identification[0m [1;30mLevel 1[0m _identify(.) by extension 'colcon_meta'
[0.559s] [34mcolcon.colcon_core.package_identification[0m [1;30mLevel 1[0m _identify(.) by extensions ['ros']
[0.559s] [34mcolcon.colcon_core.package_identification[0m [1;30mLevel 1[0m _identify(.) by extension 'ros'
[0.579s] [34mcolcon.colcon_core.package_identification[0m [1;30mLevel 1[0m _identify(.) by extensions ['cmake', 'python']
[0.579s] [34mcolcon.colcon_core.package_identification[0m [1;30mLevel 1[0m _identify(.) by extension 'cmake'
[0.579s] [34mcolcon.colcon_core.package_identification[0m [1;30mLevel 1[0m _identify(.) by extension 'python'
[0.580s] [34mcolcon.colcon_core.package_identification[0m [1;30mLevel 1[0m _identify(.) by extensions ['python_setup_py']
[0.580s] [34mcolcon.colcon_core.package_identification[0m [1;30mLevel 1[0m _identify(.) by extension 'python_setup_py'
[0.580s] [34mcolcon.colcon_core.package_identification[0m [1;30mLevel 1[0m _identify(build) by extensions ['ignore', 'ignore_ament_install']
[0.580s] [34mcolcon.colcon_core.package_identification[0m [1;30mLevel 1[0m _identify(build) by extension 'ignore'
[0.580s] [34mcolcon.colcon_core.package_identification[0m [1;30mLevel 1[0m _identify(build) ignored
[0.580s] [34mcolcon.colcon_core.package_identification[0m [1;30mLevel 1[0m _identify(install) by extensions ['ignore', 'ignore_ament_install']
[0.581s] [34mcolcon.colcon_core.package_identification[0m [1;30mLevel 1[0m _identify(install) by extension 'ignore'
[0.581s] [34mcolcon.colcon_core.package_identification[0m [1;30mLevel 1[0m _identify(install) ignored
[0.581s] [34mcolcon.colcon_core.package_identification[0m [1;30mLevel 1[0m _identify(log) by extensions ['ignore', 'ignore_ament_install']
[0.581s] [34mcolcon.colcon_core.package_identification[0m [1;30mLevel 1[0m _identify(log) by extension 'ignore'
[0.581s] [34mcolcon.colcon_core.package_identification[0m [1;30mLevel 1[0m _identify(log) ignored
[0.581s] [34mcolcon.colcon_core.package_identification[0m [1;30mLevel 1[0m _identify(ws) by extensions ['ignore', 'ignore_ament_install']
[0.582s] [34mcolcon.colcon_core.package_identification[0m [1;30mLevel 1[0m _identify(ws) by extension 'ignore'
[0.582s] [34mcolcon.colcon_core.package_identification[0m [1;30mLevel 1[0m _identify(ws) by extension 'ignore_ament_install'
[0.582s] [34mcolcon.colcon_core.package_identification[0m [1;30mLevel 1[0m _identify(ws) by extensions ['colcon_pkg']
[0.582s] [34mcolcon.colcon_core.package_identification[0m [1;30mLevel 1[0m _identify(ws) by extension 'colcon_pkg'
[0.582s] [34mcolcon.colcon_core.package_identification[0m [1;30mLevel 1[0m _identify(ws) by extensions ['colcon_meta']
[0.582s] [34mcolcon.colcon_core.package_identification[0m [1;30mLevel 1[0m _identify(ws) by extension 'colcon_meta'
[0.582s] [34mcolcon.colcon_core.package_identification[0m [1;30mLevel 1[0m _identify(ws) by extensions ['ros']
[0.582s] [34mcolcon.colcon_core.package_identification[0m [1;30mLevel 1[0m _identify(ws) by extension 'ros'
[0.582s] [34mcolcon.colcon_core.package_identification[0m [1;30mLevel 1[0m _identify(ws) by extensions ['cmake', 'python']
[0.582s] [34mcolcon.colcon_core.package_identification[0m [1;30mLevel 1[0m _identify(ws) by extension 'cmake'
[0.582s] [34mcolcon.colcon_core.package_identification[0m [1;30mLevel 1[0m _identify(ws) by extension 'python'
[0.582s] [34mcolcon.colcon_core.package_identification[0m [1;30mLevel 1[0m _identify(ws) by extensions ['python_setup_py']
[0.583s] [34mcolcon.colcon_core.package_identification[0m [1;30mLevel 1[0m _identify(ws) by extension 'python_setup_py'
[0.583s] [34mcolcon.colcon_core.package_identification[0m [1;30mLevel 1[0m _identify(ws/build) by extensions ['ignore', 'ignore_ament_install']
[0.583s] [34mcolcon.colcon_core.package_identification[0m [1;30mLevel 1[0m _identify(ws/build) by extension 'ignore'
[0.583s] [34mcolcon.colcon_core.package_identification[0m [1;30mLevel 1[0m _identify(ws/build) ignored
[0.583s] [34mcolcon.colcon_core.package_identification[0m [1;30mLevel 1[0m _identify(ws/install) by extensions ['ignore', 'ignore_ament_install']
[0.583s] [34mcolcon.colcon_core.package_identification[0m [1;30mLevel 1[0m _identify(ws/install) by extension 'ignore'
[0.583s] [34mcolcon.colcon_core.package_identification[0m [1;30mLevel 1[0m _identify(ws/install) ignored
[0.584s] [34mcolcon.colcon_core.package_identification[0m [1;30mLevel 1[0m _identify(ws/log) by extensions ['ignore', 'ignore_ament_install']
[0.584s] [34mcolcon.colcon_core.package_identification[0m [1;30mLevel 1[0m _identify(ws/log) by extension 'ignore'
[0.584s] [34mcolcon.colcon_core.package_identification[0m [1;30mLevel 1[0m _identify(ws/log) ignored
[0.584s] [34mcolcon.colcon_core.package_identification[0m [1;30mLevel 1[0m _identify(ws/src) by extensions ['ignore', 'ignore_ament_install']
[0.584s] [34mcolcon.colcon_core.package_identification[0m [1;30mLevel 1[0m _identify(ws/src) by extension 'ignore'
[0.584s] [34mcolcon.colcon_core.package_identification[0m [1;30mLevel 1[0m _identify(ws/src) by extension 'ignore_ament_install'
[0.584s] [34mcolcon.colcon_core.package_identification[0m [1;30mLevel 1[0m _identify(ws/src) by extensions ['colcon_pkg']
[0.584s] [34mcolcon.colcon_core.package_identification[0m [1;30mLevel 1[0m _identify(ws/src) by extension 'colcon_pkg'
[0.584s] [34mcolcon.colcon_core.package_identification[0m [1;30mLevel 1[0m _identify(ws/src) by extensions ['colcon_meta']
[0.585s] [34mcolcon.colcon_core.package_identification[0m [1;30mLevel 1[0m _identify(ws/src) by extension 'colcon_meta'
[0.585s] [34mcolcon.colcon_core.package_identification[0m [1;30mLevel 1[0m _identify(ws/src) by extensions ['ros']
[0.585s] [34mcolcon.colcon_core.package_identification[0m [1;30mLevel 1[0m _identify(ws/src) by extension 'ros'
[0.585s] [34mcolcon.colcon_core.package_identification[0m [1;30mLevel 1[0m _identify(ws/src) by extensions ['cmake', 'python']
[0.585s] [34mcolcon.colcon_core.package_identification[0m [1;30mLevel 1[0m _identify(ws/src) by extension 'cmake'
[0.585s] [34mcolcon.colcon_core.package_identification[0m [1;30mLevel 1[0m _identify(ws/src) by extension 'python'
[0.585s] [34mcolcon.colcon_core.package_identification[0m [1;30mLevel 1[0m _identify(ws/src) by extensions ['python_setup_py']
[0.585s] [34mcolcon.colcon_core.package_identification[0m [1;30mLevel 1[0m _identify(ws/src) by extension 'python_setup_py'
[0.585s] [34mcolcon.colcon_core.package_identification[0m [1;30mLevel 1[0m _identify(ws/src/build) by extensions ['ignore', 'ignore_ament_install']
[0.585s] [34mcolcon.colcon_core.package_identification[0m [1;30mLevel 1[0m _identify(ws/src/build) by extension 'ignore'
[0.586s] [34mcolcon.colcon_core.package_identification[0m [1;30mLevel 1[0m _identify(ws/src/build) ignored
[0.586s] [34mcolcon.colcon_core.package_identification[0m [1;30mLevel 1[0m _identify(ws/src/custom) by extensions ['ignore', 'ignore_ament_install']
[0.586s] [34mcolcon.colcon_core.package_identification[0m [1;30mLevel 1[0m _identify(ws/src/custom) by extension 'ignore'
[0.586s] [34mcolcon.colcon_core.package_identification[0m [1;30mLevel 1[0m _identify(ws/src/custom) by extension 'ignore_ament_install'
[0.586s] [34mcolcon.colcon_core.package_identification[0m [1;30mLevel 1[0m _identify(ws/src/custom) by extensions ['colcon_pkg']
[0.586s] [34mcolcon.colcon_core.package_identification[0m [1;30mLevel 1[0m _identify(ws/src/custom) by extension 'colcon_pkg'
[0.586s] [34mcolcon.colcon_core.package_identification[0m [1;30mLevel 1[0m _identify(ws/src/custom) by extensions ['colcon_meta']
[0.586s] [34mcolcon.colcon_core.package_identification[0m [1;30mLevel 1[0m _identify(ws/src/custom) by extension 'colcon_meta'
[0.586s] [34mcolcon.colcon_core.package_identification[0m [1;30mLevel 1[0m _identify(ws/src/custom) by extensions ['ros']
[0.586s] [34mcolcon.colcon_core.package_identification[0m [1;30mLevel 1[0m _identify(ws/src/custom) by extension 'ros'
[0.591s] [34mcolcon.colcon_core.package_identification[0m [1;30mDEBUG[0m [32mPackage 'ws/src/custom' with type 'ros.ament_cmake' and name 'custom'[0m
[0.591s] [34mcolcon.colcon_core.package_identification[0m [1;30mLevel 1[0m _identify(ws/src/install) by extensions ['ignore', 'ignore_ament_install']
[0.591s] [34mcolcon.colcon_core.package_identification[0m [1;30mLevel 1[0m _identify(ws/src/install) by extension 'ignore'
[0.591s] [34mcolcon.colcon_core.package_identification[0m [1;30mLevel 1[0m _identify(ws/src/install) ignored
[0.592s] [34mcolcon.colcon_core.package_identification[0m [1;30mLevel 1[0m _identify(ws/src/kraken) by extensions ['ignore', 'ignore_ament_install']
[0.592s] [34mcolcon.colcon_core.package_identification[0m [1;30mLevel 1[0m _identify(ws/src/kraken) by extension 'ignore'
[0.592s] [34mcolcon.colcon_core.package_identification[0m [1;30mLevel 1[0m _identify(ws/src/kraken) by extension 'ignore_ament_install'
[0.592s] [34mcolcon.colcon_core.package_identification[0m [1;30mLevel 1[0m _identify(ws/src/kraken) by extensions ['colcon_pkg']
[0.592s] [34mcolcon.colcon_core.package_identification[0m [1;30mLevel 1[0m _identify(ws/src/kraken) by extension 'colcon_pkg'
[0.592s] [34mcolcon.colcon_core.package_identification[0m [1;30mLevel 1[0m _identify(ws/src/kraken) by extensions ['colcon_meta']
[0.592s] [34mcolcon.colcon_core.package_identification[0m [1;30mLevel 1[0m _identify(ws/src/kraken) by extension 'colcon_meta'
[0.592s] [34mcolcon.colcon_core.package_identification[0m [1;30mLevel 1[0m _identify(ws/src/kraken) by extensions ['ros']
[0.592s] [34mcolcon.colcon_core.package_identification[0m [1;30mLevel 1[0m _identify(ws/src/kraken) by extension 'ros'
[0.593s] [34mcolcon.colcon_core.package_identification[0m [1;30mDEBUG[0m [32mPackage 'ws/src/kraken' with type 'ros.ament_python' and name 'kraken'[0m
[0.594s] [34mcolcon.colcon_core.package_identification[0m [1;30mLevel 1[0m _identify(ws/src/log) by extensions ['ignore', 'ignore_ament_install']
[0.597s] [34mcolcon.colcon_core.package_identification[0m [1;30mLevel 1[0m _identify(ws/src/log) by extension 'ignore'
[0.597s] [34mcolcon.colcon_core.package_identification[0m [1;30mLevel 1[0m _identify(ws/src/log) ignored
[0.597s] [34mcolcon.colcon_core.package_discovery[0m [1;30mLevel 1[0m discover_packages(recursive) using defaults
[0.597s] [34mcolcon.colcon_core.package_discovery[0m [1;30mLevel 1[0m discover_packages(ignore) discover
[0.597s] [34mcolcon.colcon_core.package_discovery[0m [1;30mLevel 1[0m discover_packages(ignore) using defaults
[0.597s] [34mcolcon.colcon_core.package_discovery[0m [1;30mLevel 1[0m discover_packages(path) discover
[0.597s] [34mcolcon.colcon_core.package_discovery[0m [1;30mLevel 1[0m discover_packages(path) using defaults
[0.654s] [34mcolcon.colcon_core.package_discovery[0m [1;30mLevel 1[0m discover_packages(prefix_path) check parameters
[0.654s] [34mcolcon.colcon_core.package_discovery[0m [1;30mLevel 1[0m discover_packages(prefix_path) discover
[0.657s] [34mcolcon.colcon_installed_package_information.package_discovery[0m [1;30mDEBUG[0m [32mFound 2 installed packages in /home/kraken/kraken-nano/install[0m
[0.659s] [34mcolcon.colcon_installed_package_information.package_discovery[0m [1;30mDEBUG[0m [32mFound 271 installed packages in /opt/ros/humble[0m
[0.662s] [34mcolcon.colcon_core.package_discovery[0m [1;30mLevel 1[0m discover_packages(prefix_path) using defaults
[0.727s] [34mcolcon.colcon_core.verb[0m [1;30mLevel 5[0m set package 'custom' build argument 'cmake_args' from command line to 'None'
[0.727s] [34mcolcon.colcon_core.verb[0m [1;30mLevel 5[0m set package 'custom' build argument 'cmake_target' from command line to 'None'
[0.727s] [34mcolcon.colcon_core.verb[0m [1;30mLevel 5[0m set package 'custom' build argument 'cmake_target_skip_unavailable' from command line to 'False'
[0.727s] [34mcolcon.colcon_core.verb[0m [1;30mLevel 5[0m set package 'custom' build argument 'cmake_clean_cache' from command line to 'False'
[0.727s] [34mcolcon.colcon_core.verb[0m [1;30mLevel 5[0m set package 'custom' build argument 'cmake_clean_first' from command line to 'False'
[0.727s] [34mcolcon.colcon_core.verb[0m [1;30mLevel 5[0m set package 'custom' build argument 'cmake_force_configure' from command line to 'False'
[0.727s] [34mcolcon.colcon_core.verb[0m [1;30mLevel 5[0m set package 'custom' build argument 'ament_cmake_args' from command line to 'None'
[0.727s] [34mcolcon.colcon_core.verb[0m [1;30mLevel 5[0m set package 'custom' build argument 'catkin_cmake_args' from command line to 'None'
[0.727s] [34mcolcon.colcon_core.verb[0m [1;30mLevel 5[0m set package 'custom' build argument 'catkin_skip_building_tests' from command line to 'False'
[0.727s] [34mcolcon.colcon_core.verb[0m [1;30mDEBUG[0m [32mBuilding package 'custom' with the following arguments: {'ament_cmake_args': None, 'build_base': '/home/kraken/kraken-nano/ROS/build/custom', 'catkin_cmake_args': None, 'catkin_skip_building_tests': False, 'cmake_args': None, 'cmake_clean_cache': False, 'cmake_clean_first': False, 'cmake_force_configure': False, 'cmake_target': None, 'cmake_target_skip_unavailable': False, 'install_base': '/home/kraken/kraken-nano/ROS/install/custom', 'merge_install': False, 'path': '/home/kraken/kraken-nano/ROS/ws/src/custom', 'symlink_install': False, 'test_result_base': None}[0m
[0.728s] [34mcolcon.colcon_core.verb[0m [1;30mLevel 5[0m set package 'kraken' build argument 'cmake_args' from command line to 'None'
[0.728s] [34mcolcon.colcon_core.verb[0m [1;30mLevel 5[0m set package 'kraken' build argument 'cmake_target' from command line to 'None'
[0.728s] [34mcolcon.colcon_core.verb[0m [1;30mLevel 5[0m set package 'kraken' build argument 'cmake_target_skip_unavailable' from command line to 'False'
[0.728s] [34mcolcon.colcon_core.verb[0m [1;30mLevel 5[0m set package 'kraken' build argument 'cmake_clean_cache' from command line to 'False'
[0.728s] [34mcolcon.colcon_core.verb[0m [1;30mLevel 5[0m set package 'kraken' build argument 'cmake_clean_first' from command line to 'False'
[0.728s] [34mcolcon.colcon_core.verb[0m [1;30mLevel 5[0m set package 'kraken' build argument 'cmake_force_configure' from command line to 'False'
[0.728s] [34mcolcon.colcon_core.verb[0m [1;30mLevel 5[0m set package 'kraken' build argument 'ament_cmake_args' from command line to 'None'
[0.728s] [34mcolcon.colcon_core.verb[0m [1;30mLevel 5[0m set package 'kraken' build argument 'catkin_cmake_args' from command line to 'None'
[0.728s] [34mcolcon.colcon_core.verb[0m [1;30mLevel 5[0m set package 'kraken' build argument 'catkin_skip_building_tests' from command line to 'False'
[0.728s] [34mcolcon.colcon_core.verb[0m [1;30mDEBUG[0m [32mBuilding package 'kraken' with the following arguments: {'ament_cmake_args': None, 'build_base': '/home/kraken/kraken-nano/ROS/build/kraken', 'catkin_cmake_args': None, 'catkin_skip_building_tests': False, 'cmake_args': None, 'cmake_clean_cache': False, 'cmake_clean_first': False, 'cmake_force_configure': False, 'cmake_target': None, 'cmake_target_skip_unavailable': False, 'install_base': '/home/kraken/kraken-nano/ROS/install/kraken', 'merge_install': False, 'path': '/home/kraken/kraken-nano/ROS/ws/src/kraken', 'symlink_install': False, 'test_result_base': None}[0m
[0.729s] [34mcolcon.colcon_core.executor[0m [1;30mINFO[0m Executing jobs using 'parallel' executor
[0.731s] [34mcolcon.colcon_parallel_executor.executor.parallel[0m [1;30mDEBUG[0m [32mrun_until_complete[0m
[0.731s] [34mcolcon.colcon_ros.task.ament_cmake.build[0m [1;30mINFO[0m Building ROS package in '/home/kraken/kraken-nano/ROS/ws/src/custom' with build type 'ament_cmake'
[0.731s] [34mcolcon.colcon_cmake.task.cmake.build[0m [1;30mINFO[0m Building CMake package in '/home/kraken/kraken-nano/ROS/ws/src/custom'
[0.735s] [34mcolcon.colcon_core.plugin_system[0m [1;30mINFO[0m Skipping extension 'colcon_core.shell.bat': Not used on non-Windows systems
[0.735s] [34mcolcon.colcon_core.shell[0m [1;30mINFO[0m Skip shell extension 'powershell' for command environment: Not usable outside of PowerShell
[0.735s] [34mcolcon.colcon_core.shell[0m [1;30mDEBUG[0m [32mSkip shell extension 'dsv' for command environment[0m
[0.746s] [34mcolcon.colcon_core.event_handler.log_command[0m [1;30mDEBUG[0m [32mInvoking command in '/home/kraken/kraken-nano/ROS/build/custom': CMAKE_PREFIX_PATH=${CMAKE_PREFIX_PATH}:/home/kraken/kraken-nano/install/kraken:/opt/ros/humble /usr/bin/cmake /home/kraken/kraken-nano/ROS/ws/src/custom -DCMAKE_INSTALL_PREFIX=/home/kraken/kraken-nano/ROS/install/custom[0m
[4.178s] [34mcolcon.colcon_core.event_handler.log_command[0m [1;30mDEBUG[0m [32mInvoked command in '/home/kraken/kraken-nano/ROS/build/custom' returned '0': CMAKE_PREFIX_PATH=${CMAKE_PREFIX_PATH}:/home/kraken/kraken-nano/install/kraken:/opt/ros/humble /usr/bin/cmake /home/kraken/kraken-nano/ROS/ws/src/custom -DCMAKE_INSTALL_PREFIX=/home/kraken/kraken-nano/ROS/install/custom[0m
[4.186s] [34mcolcon.colcon_core.event_handler.log_command[0m [1;30mDEBUG[0m [32mInvoking command in '/home/kraken/kraken-nano/ROS/build/custom': CMAKE_PREFIX_PATH=${CMAKE_PREFIX_PATH}:/home/kraken/kraken-nano/install/kraken:/opt/ros/humble /usr/bin/cmake --build /home/kraken/kraken-nano/ROS/build/custom -- -j6 -l6[0m
[10.110s] [34mcolcon.colcon_core.event_handler.log_command[0m [1;30mDEBUG[0m [32mInvoked command in '/home/kraken/kraken-nano/ROS/build/custom' returned '0': CMAKE_PREFIX_PATH=${CMAKE_PREFIX_PATH}:/home/kraken/kraken-nano/install/kraken:/opt/ros/humble /usr/bin/cmake --build /home/kraken/kraken-nano/ROS/build/custom -- -j6 -l6[0m
[10.139s] [34mcolcon.colcon_core.event_handler.log_command[0m [1;30mDEBUG[0m [32mInvoking command in '/home/kraken/kraken-nano/ROS/build/custom': CMAKE_PREFIX_PATH=${CMAKE_PREFIX_PATH}:/home/kraken/kraken-nano/install/kraken:/opt/ros/humble /usr/bin/cmake --install /home/kraken/kraken-nano/ROS/build/custom[0m
[10.299s] [34mcolcon.colcon_core.environment[0m [1;30mLevel 1[0m create_environment_scripts_only(custom)
[10.301s] [34mcolcon.colcon_core.event_handler.log_command[0m [1;30mDEBUG[0m [32mInvoked command in '/home/kraken/kraken-nano/ROS/build/custom' returned '0': CMAKE_PREFIX_PATH=${CMAKE_PREFIX_PATH}:/home/kraken/kraken-nano/install/kraken:/opt/ros/humble /usr/bin/cmake --install /home/kraken/kraken-nano/ROS/build/custom[0m
[10.311s] [34mcolcon.colcon_core.environment[0m [1;30mLevel 1[0m checking '/home/kraken/kraken-nano/ROS/install/custom' for CMake module files
[10.314s] [34mcolcon.colcon_core.environment[0m [1;30mLevel 1[0m checking '/home/kraken/kraken-nano/ROS/install/custom' for CMake config files
[10.317s] [34mcolcon.colcon_core.shell[0m [1;30mLevel 1[0m create_environment_hook('custom', 'cmake_prefix_path')
[10.318s] [34mcolcon.colcon_core.shell[0m [1;30mINFO[0m Creating environment hook '/home/kraken/kraken-nano/ROS/install/custom/share/custom/hook/cmake_prefix_path.ps1'
[10.323s] [34mcolcon.colcon_core.shell[0m [1;30mINFO[0m Creating environment descriptor '/home/kraken/kraken-nano/ROS/install/custom/share/custom/hook/cmake_prefix_path.dsv'
[10.325s] [34mcolcon.colcon_core.shell[0m [1;30mINFO[0m Creating environment hook '/home/kraken/kraken-nano/ROS/install/custom/share/custom/hook/cmake_prefix_path.sh'
[10.330s] [34mcolcon.colcon_core.environment[0m [1;30mLevel 1[0m checking '/home/kraken/kraken-nano/ROS/install/custom/lib'
[10.331s] [34mcolcon.colcon_core.shell[0m [1;30mLevel 1[0m create_environment_hook('custom', 'ld_library_path_lib')
[10.332s] [34mcolcon.colcon_core.shell[0m [1;30mINFO[0m Creating environment hook '/home/kraken/kraken-nano/ROS/install/custom/share/custom/hook/ld_library_path_lib.ps1'
[10.334s] [34mcolcon.colcon_core.shell[0m [1;30mINFO[0m Creating environment descriptor '/home/kraken/kraken-nano/ROS/install/custom/share/custom/hook/ld_library_path_lib.dsv'
[10.335s] [34mcolcon.colcon_core.shell[0m [1;30mINFO[0m Creating environment hook '/home/kraken/kraken-nano/ROS/install/custom/share/custom/hook/ld_library_path_lib.sh'
[10.336s] [34mcolcon.colcon_core.environment[0m [1;30mLevel 1[0m checking '/home/kraken/kraken-nano/ROS/install/custom/bin'
[10.337s] [34mcolcon.colcon_core.environment[0m [1;30mLevel 1[0m checking '/home/kraken/kraken-nano/ROS/install/custom/lib/pkgconfig/custom.pc'
[10.338s] [34mcolcon.colcon_core.environment[0m [1;30mLevel 1[0m checking '/home/kraken/kraken-nano/ROS/install/custom/lib/python3.10/site-packages'
[10.339s] [34mcolcon.colcon_core.environment[0m [1;30mLevel 1[0m checking '/home/kraken/kraken-nano/ROS/install/custom/bin'
[10.340s] [34mcolcon.colcon_core.shell[0m [1;30mINFO[0m Creating package script '/home/kraken/kraken-nano/ROS/install/custom/share/custom/package.ps1'
[10.344s] [34mcolcon.colcon_core.shell[0m [1;30mINFO[0m Creating package descriptor '/home/kraken/kraken-nano/ROS/install/custom/share/custom/package.dsv'
[10.347s] [34mcolcon.colcon_core.shell[0m [1;30mINFO[0m Creating package script '/home/kraken/kraken-nano/ROS/install/custom/share/custom/package.sh'
[10.350s] [34mcolcon.colcon_core.shell[0m [1;30mINFO[0m Creating package script '/home/kraken/kraken-nano/ROS/install/custom/share/custom/package.bash'
[10.352s] [34mcolcon.colcon_core.shell[0m [1;30mINFO[0m Creating package script '/home/kraken/kraken-nano/ROS/install/custom/share/custom/package.zsh'
[10.356s] [34mcolcon.colcon_core.environment[0m [1;30mLevel 1[0m create_file_with_runtime_dependencies(/home/kraken/kraken-nano/ROS/install/custom/share/colcon-core/packages/custom)
[10.360s] [34mcolcon.colcon_core.environment[0m [1;30mLevel 1[0m create_environment_scripts_only(custom)
[10.361s] [34mcolcon.colcon_core.environment[0m [1;30mLevel 1[0m checking '/home/kraken/kraken-nano/ROS/install/custom' for CMake module files
[10.363s] [34mcolcon.colcon_core.environment[0m [1;30mLevel 1[0m checking '/home/kraken/kraken-nano/ROS/install/custom' for CMake config files
[10.366s] [34mcolcon.colcon_core.shell[0m [1;30mLevel 1[0m create_environment_hook('custom', 'cmake_prefix_path')
[10.366s] [34mcolcon.colcon_core.shell[0m [1;30mINFO[0m Creating environment hook '/home/kraken/kraken-nano/ROS/install/custom/share/custom/hook/cmake_prefix_path.ps1'
[10.369s] [34mcolcon.colcon_core.shell[0m [1;30mINFO[0m Creating environment descriptor '/home/kraken/kraken-nano/ROS/install/custom/share/custom/hook/cmake_prefix_path.dsv'
[10.370s] [34mcolcon.colcon_core.shell[0m [1;30mINFO[0m Creating environment hook '/home/kraken/kraken-nano/ROS/install/custom/share/custom/hook/cmake_prefix_path.sh'
[10.372s] [34mcolcon.colcon_core.environment[0m [1;30mLevel 1[0m checking '/home/kraken/kraken-nano/ROS/install/custom/lib'
[10.372s] [34mcolcon.colcon_core.shell[0m [1;30mLevel 1[0m create_environment_hook('custom', 'ld_library_path_lib')
[10.373s] [34mcolcon.colcon_core.shell[0m [1;30mINFO[0m Creating environment hook '/home/kraken/kraken-nano/ROS/install/custom/share/custom/hook/ld_library_path_lib.ps1'
[10.374s] [34mcolcon.colcon_core.shell[0m [1;30mINFO[0m Creating environment descriptor '/home/kraken/kraken-nano/ROS/install/custom/share/custom/hook/ld_library_path_lib.dsv'
[10.375s] [34mcolcon.colcon_core.shell[0m [1;30mINFO[0m Creating environment hook '/home/kraken/kraken-nano/ROS/install/custom/share/custom/hook/ld_library_path_lib.sh'
[10.376s] [34mcolcon.colcon_core.environment[0m [1;30mLevel 1[0m checking '/home/kraken/kraken-nano/ROS/install/custom/bin'
[10.376s] [34mcolcon.colcon_core.environment[0m [1;30mLevel 1[0m checking '/home/kraken/kraken-nano/ROS/install/custom/lib/pkgconfig/custom.pc'
[10.378s] [34mcolcon.colcon_core.environment[0m [1;30mLevel 1[0m checking '/home/kraken/kraken-nano/ROS/install/custom/lib/python3.10/site-packages'
[10.378s] [34mcolcon.colcon_core.environment[0m [1;30mLevel 1[0m checking '/home/kraken/kraken-nano/ROS/install/custom/bin'
[10.379s] [34mcolcon.colcon_core.shell[0m [1;30mINFO[0m Creating package script '/home/kraken/kraken-nano/ROS/install/custom/share/custom/package.ps1'
[10.382s] [34mcolcon.colcon_core.shell[0m [1;30mINFO[0m Creating package descriptor '/home/kraken/kraken-nano/ROS/install/custom/share/custom/package.dsv'
[10.383s] [34mcolcon.colcon_core.shell[0m [1;30mINFO[0m Creating package script '/home/kraken/kraken-nano/ROS/install/custom/share/custom/package.sh'
[10.385s] [34mcolcon.colcon_core.shell[0m [1;30mINFO[0m Creating package script '/home/kraken/kraken-nano/ROS/install/custom/share/custom/package.bash'
[10.387s] [34mcolcon.colcon_core.shell[0m [1;30mINFO[0m Creating package script '/home/kraken/kraken-nano/ROS/install/custom/share/custom/package.zsh'
[10.388s] [34mcolcon.colcon_core.environment[0m [1;30mLevel 1[0m create_file_with_runtime_dependencies(/home/kraken/kraken-nano/ROS/install/custom/share/colcon-core/packages/custom)
[10.390s] [34mcolcon.colcon_ros.task.ament_python.build[0m [1;30mINFO[0m Building ROS package in '/home/kraken/kraken-nano/ROS/ws/src/kraken' with build type 'ament_python'
[10.391s] [34mcolcon.colcon_core.shell[0m [1;30mLevel 1[0m create_environment_hook('kraken', 'ament_prefix_path')
[10.392s] [34mcolcon.colcon_core.shell[0m [1;30mINFO[0m Creating environment hook '/home/kraken/kraken-nano/ROS/install/kraken/share/kraken/hook/ament_prefix_path.ps1'
[10.396s] [34mcolcon.colcon_core.shell[0m [1;30mINFO[0m Creating environment descriptor '/home/kraken/kraken-nano/ROS/install/kraken/share/kraken/hook/ament_prefix_path.dsv'
[10.397s] [34mcolcon.colcon_core.shell[0m [1;30mINFO[0m Creating environment hook '/home/kraken/kraken-nano/ROS/install/kraken/share/kraken/hook/ament_prefix_path.sh'
[10.398s] [34mcolcon.colcon_core.shell[0m [1;30mINFO[0m Skip shell extension 'powershell' for command environment: Not usable outside of PowerShell
[10.398s] [34mcolcon.colcon_core.shell[0m [1;30mDEBUG[0m [32mSkip shell extension 'dsv' for command environment[0m
[10.939s] [34mcolcon.colcon_core.task.python.build[0m [1;30mINFO[0m Building Python package in '/home/kraken/kraken-nano/ROS/ws/src/kraken'
[10.940s] [34mcolcon.colcon_core.shell[0m [1;30mINFO[0m Skip shell extension 'powershell' for command environment: Not usable outside of PowerShell
[10.940s] [34mcolcon.colcon_core.shell[0m [1;30mDEBUG[0m [32mSkip shell extension 'dsv' for command environment[0m
[11.633s] [34mcolcon.colcon_core.event_handler.log_command[0m [1;30mDEBUG[0m [32mInvoking command in '/home/kraken/kraken-nano/ROS/ws/src/kraken': AMENT_PREFIX_PATH=/home/kraken/kraken-nano/ROS/install/custom:${AMENT_PREFIX_PATH} CMAKE_PREFIX_PATH=/home/kraken/kraken-nano/ROS/install/custom:${CMAKE_PREFIX_PATH} LD_LIBRARY_PATH=/home/kraken/kraken-nano/ROS/install/custom/lib:${LD_LIBRARY_PATH} PYTHONPATH=/home/kraken/kraken-nano/ROS/build/kraken/prefix_override:/usr/lib/python3/dist-packages/colcon_core/task/python/colcon_distutils_commands:/home/kraken/kraken-nano/ROS/install/kraken/lib/python3.10/site-packages:/home/kraken/kraken-nano/ROS/install/custom/local/lib/python3.10/dist-packages:${PYTHONPATH} /usr/bin/python3 -W ignore:setup.py install is deprecated -W ignore:easy_install command is deprecated setup.py egg_info --egg-base ../../../build/kraken build --build-base /home/kraken/kraken-nano/ROS/build/kraken/build install --record /home/kraken/kraken-nano/ROS/build/kraken/install.log --single-version-externally-managed install_data[0m
[12.237s] [34mcolcon.colcon_core.environment[0m [1;30mLevel 1[0m checking '/home/kraken/kraken-nano/ROS/install/kraken' for CMake module files
[12.238s] [34mcolcon.colcon_core.event_handler.log_command[0m [1;30mDEBUG[0m [32mInvoked command in '/home/kraken/kraken-nano/ROS/ws/src/kraken' returned '0': AMENT_PREFIX_PATH=/home/kraken/kraken-nano/ROS/install/custom:${AMENT_PREFIX_PATH} CMAKE_PREFIX_PATH=/home/kraken/kraken-nano/ROS/install/custom:${CMAKE_PREFIX_PATH} LD_LIBRARY_PATH=/home/kraken/kraken-nano/ROS/install/custom/lib:${LD_LIBRARY_PATH} PYTHONPATH=/home/kraken/kraken-nano/ROS/build/kraken/prefix_override:/usr/lib/python3/dist-packages/colcon_core/task/python/colcon_distutils_commands:/home/kraken/kraken-nano/ROS/install/kraken/lib/python3.10/site-packages:/home/kraken/kraken-nano/ROS/install/custom/local/lib/python3.10/dist-packages:${PYTHONPATH} /usr/bin/python3 -W ignore:setup.py install is deprecated -W ignore:easy_install command is deprecated setup.py egg_info --egg-base ../../../build/kraken build --build-base /home/kraken/kraken-nano/ROS/build/kraken/build install --record /home/kraken/kraken-nano/ROS/build/kraken/install.log --single-version-externally-managed install_data[0m
[12.239s] [34mcolcon.colcon_core.environment[0m [1;30mLevel 1[0m checking '/home/kraken/kraken-nano/ROS/install/kraken' for CMake config files
[12.241s] [34mcolcon.colcon_core.environment[0m [1;30mLevel 1[0m checking '/home/kraken/kraken-nano/ROS/install/kraken/lib'
[12.241s] [34mcolcon.colcon_core.environment[0m [1;30mLevel 1[0m checking '/home/kraken/kraken-nano/ROS/install/kraken/bin'
[12.242s] [34mcolcon.colcon_core.environment[0m [1;30mLevel 1[0m checking '/home/kraken/kraken-nano/ROS/install/kraken/lib/pkgconfig/kraken.pc'
[12.243s] [34mcolcon.colcon_core.environment[0m [1;30mLevel 1[0m checking '/home/kraken/kraken-nano/ROS/install/kraken/lib/python3.10/site-packages'
[12.243s] [34mcolcon.colcon_core.shell[0m [1;30mLevel 1[0m create_environment_hook('kraken', 'pythonpath')
[12.244s] [34mcolcon.colcon_core.shell[0m [1;30mINFO[0m Creating environment hook '/home/kraken/kraken-nano/ROS/install/kraken/share/kraken/hook/pythonpath.ps1'
[12.245s] [34mcolcon.colcon_core.shell[0m [1;30mINFO[0m Creating environment descriptor '/home/kraken/kraken-nano/ROS/install/kraken/share/kraken/hook/pythonpath.dsv'
[12.247s] [34mcolcon.colcon_core.shell[0m [1;30mINFO[0m Creating environment hook '/home/kraken/kraken-nano/ROS/install/kraken/share/kraken/hook/pythonpath.sh'
[12.249s] [34mcolcon.colcon_core.environment[0m [1;30mLevel 1[0m checking '/home/kraken/kraken-nano/ROS/install/kraken/bin'
[12.249s] [34mcolcon.colcon_core.environment[0m [1;30mLevel 1[0m create_environment_scripts_only(kraken)
[12.251s] [34mcolcon.colcon_core.shell[0m [1;30mINFO[0m Creating package script '/home/kraken/kraken-nano/ROS/install/kraken/share/kraken/package.ps1'
[12.253s] [34mcolcon.colcon_core.shell[0m [1;30mINFO[0m Creating package descriptor '/home/kraken/kraken-nano/ROS/install/kraken/share/kraken/package.dsv'
[12.255s] [34mcolcon.colcon_core.shell[0m [1;30mINFO[0m Creating package script '/home/kraken/kraken-nano/ROS/install/kraken/share/kraken/package.sh'
[12.257s] [34mcolcon.colcon_core.shell[0m [1;30mINFO[0m Creating package script '/home/kraken/kraken-nano/ROS/install/kraken/share/kraken/package.bash'
[12.259s] [34mcolcon.colcon_core.shell[0m [1;30mINFO[0m Creating package script '/home/kraken/kraken-nano/ROS/install/kraken/share/kraken/package.zsh'
[12.260s] [34mcolcon.colcon_core.environment[0m [1;30mLevel 1[0m create_file_with_runtime_dependencies(/home/kraken/kraken-nano/ROS/install/kraken/share/colcon-core/packages/kraken)
[12.263s] [34mcolcon.colcon_parallel_executor.executor.parallel[0m [1;30mDEBUG[0m [32mclosing loop[0m
[12.265s] [34mcolcon.colcon_parallel_executor.executor.parallel[0m [1;30mDEBUG[0m [32mloop closed[0m
[12.266s] [34mcolcon.colcon_parallel_executor.executor.parallel[0m [1;30mDEBUG[0m [32mrun_until_complete finished with '0'[0m
[12.266s] [34mcolcon.colcon_core.event_reactor[0m [1;30mDEBUG[0m [32mjoining thread[0m
[12.298s] [34mcolcon.colcon_core.plugin_system[0m [1;30mINFO[0m Skipping extension 'colcon_notification.desktop_notification.terminal_notifier': Not used on non-Darwin systems
[12.299s] [34mcolcon.colcon_core.plugin_system[0m [1;30mINFO[0m Skipping extension 'colcon_notification.desktop_notification.win32': Not used on non-Windows systems
[12.299s] [34mcolcon.colcon_notification.desktop_notification[0m [1;30mINFO[0m Sending desktop notification using 'notify2'
[12.330s] [34mcolcon.colcon_notification.desktop_notification.notify2[0m [1;30mDEBUG[0m [32mFailed to initialize notify2: org.freedesktop.DBus.Error.Spawn.ChildExited: Process org.freedesktop.Notifications exited with status 1[0m
[12.330s] [34mcolcon.colcon_core.event_reactor[0m [1;30mDEBUG[0m [32mjoined thread[0m
[12.331s] [34mcolcon.colcon_core.shell[0m [1;30mINFO[0m Creating prefix script '/home/kraken/kraken-nano/ROS/install/local_setup.ps1'
[12.333s] [34mcolcon.colcon_core.shell[0m [1;30mINFO[0m Creating prefix util module '/home/kraken/kraken-nano/ROS/install/_local_setup_util_ps1.py'
[12.338s] [34mcolcon.colcon_core.shell[0m [1;30mINFO[0m Creating prefix chain script '/home/kraken/kraken-nano/ROS/install/setup.ps1'
[12.343s] [34mcolcon.colcon_core.shell[0m [1;30mINFO[0m Creating prefix script '/home/kraken/kraken-nano/ROS/install/local_setup.sh'
[12.345s] [34mcolcon.colcon_core.shell[0m [1;30mINFO[0m Creating prefix util module '/home/kraken/kraken-nano/ROS/install/_local_setup_util_sh.py'
[12.347s] [34mcolcon.colcon_core.shell[0m [1;30mINFO[0m Creating prefix chain script '/home/kraken/kraken-nano/ROS/install/setup.sh'
[12.351s] [34mcolcon.colcon_core.shell[0m [1;30mINFO[0m Creating prefix script '/home/kraken/kraken-nano/ROS/install/local_setup.bash'
[12.353s] [34mcolcon.colcon_core.shell[0m [1;30mINFO[0m Creating prefix chain script '/home/kraken/kraken-nano/ROS/install/setup.bash'
[12.357s] [34mcolcon.colcon_core.shell[0m [1;30mINFO[0m Creating prefix script '/home/kraken/kraken-nano/ROS/install/local_setup.zsh'
[12.359s] [34mcolcon.colcon_core.shell[0m [1;30mINFO[0m Creating prefix chain script '/home/kraken/kraken-nano/ROS/install/setup.zsh'
