[1.220s] Invoking command in '/home/kraken/kraken-nano/ROS/ws/src/kraken': PYTHONPATH=/home/kraken/kraken-nano/build/kraken/prefix_override:/usr/lib/python3/dist-packages/colcon_core/task/python/colcon_distutils_commands:/home/kraken/kraken-nano/install/kraken/lib/python3.10/site-packages:${PYTHONPATH} /usr/bin/python3 -W ignore:setup.py install is deprecated -W ignore:easy_install command is deprecated setup.py egg_info --egg-base ../../../../build/kraken build --build-base /home/kraken/kraken-nano/build/kraken/build install --record /home/kraken/kraken-nano/build/kraken/install.log --single-version-externally-managed install_data
[1.671s] running egg_info
[1.674s] writing ../../../../build/kraken/kraken.egg-info/PKG-INFO
[1.675s] writing dependency_links to ../../../../build/kraken/kraken.egg-info/dependency_links.txt
[1.675s] writing entry points to ../../../../build/kraken/kraken.egg-info/entry_points.txt
[1.675s] writing requirements to ../../../../build/kraken/kraken.egg-info/requires.txt
[1.676s] writing top-level names to ../../../../build/kraken/kraken.egg-info/top_level.txt
[1.679s] reading manifest file '../../../../build/kraken/kraken.egg-info/SOURCES.txt'
[1.680s] adding license file 'LICENSE'
[1.681s] writing manifest file '../../../../build/kraken/kraken.egg-info/SOURCES.txt'
[1.681s] running build
[1.681s] running build_py
[1.682s] copying kraken/controller.py -> /home/kraken/kraken-nano/build/kraken/build/lib/kraken
[1.683s] running install
[1.683s] running install_lib
[1.685s] copying /home/kraken/kraken-nano/build/kraken/build/lib/kraken/controller.py -> /home/kraken/kraken-nano/install/kraken/lib/python3.10/site-packages/kraken
[1.686s] byte-compiling /home/kraken/kraken-nano/install/kraken/lib/python3.10/site-packages/kraken/controller.py to controller.cpython-310.pyc
[1.689s] running install_data
[1.689s] running install_egg_info
[1.693s] removing '/home/kraken/kraken-nano/install/kraken/lib/python3.10/site-packages/kraken-0.0.0-py3.10.egg-info' (and everything under it)
[1.693s] Copying ../../../../build/kraken/kraken.egg-info to /home/kraken/kraken-nano/install/kraken/lib/python3.10/site-packages/kraken-0.0.0-py3.10.egg-info
[1.695s] running install_scripts
[1.730s] Installing computer_vision script to /home/kraken/kraken-nano/install/kraken/lib/kraken
[1.731s] Installing controller script to /home/kraken/kraken-nano/install/kraken/lib/kraken
[1.731s] Installing controller_test script to /home/kraken/kraken-nano/install/kraken/lib/kraken
[1.731s] Installing fsm_node script to /home/kraken/kraken-nano/install/kraken/lib/kraken
[1.731s] Installing planner script to /home/kraken/kraken-nano/install/kraken/lib/kraken
[1.731s] Installing planner_test script to /home/kraken/kraken-nano/install/kraken/lib/kraken
[1.732s] Installing spinMotor script to /home/kraken/kraken-nano/install/kraken/lib/kraken
[1.732s] Installing state_estimator script to /home/kraken/kraken-nano/install/kraken/lib/kraken
[1.733s] writing list of installed files to '/home/kraken/kraken-nano/build/kraken/install.log'
[1.797s] Invoked command in '/home/kraken/kraken-nano/ROS/ws/src/kraken' returned '0': PYTHONPATH=/home/kraken/kraken-nano/build/kraken/prefix_override:/usr/lib/python3/dist-packages/colcon_core/task/python/colcon_distutils_commands:/home/kraken/kraken-nano/install/kraken/lib/python3.10/site-packages:${PYTHONPATH} /usr/bin/python3 -W ignore:setup.py install is deprecated -W ignore:easy_install command is deprecated setup.py egg_info --egg-base ../../../../build/kraken build --build-base /home/kraken/kraken-nano/build/kraken/build install --record /home/kraken/kraken-nano/build/kraken/install.log --single-version-externally-managed install_data
